******************************************************************************
                  TI ARM Linker Unix v16.9.4                   
******************************************************************************
>> Linked Tue Oct 17 19:04:38 2017

OUTPUT FILE NAME:   <CSRobot_01.out>
ENTRY POINT SYMBOL: "_c_int00"  address: 00006bf9


MEMORY CONFIGURATION

         name            origin    length      used     unused   attr    fill
----------------------  --------  ---------  --------  --------  ----  --------
  MAIN                  00000000   00040000  0000c06e  00033f92  R  X
  INFO                  00200000   00004000  00000000  00004000  R  X
  SRAM_CODE             01000000   00010000  00000000  00010000  RW X
  SRAM_DATA             20000000   00010000  00005668  0000a998  RW  


SEGMENT ALLOCATION MAP

run origin  load origin   length   init length attrs members
----------  ----------- ---------- ----------- ----- -------
00000000    00000000    0000c078   0000c078    r-x
  00000000    00000000    0000003c   0000003c    r-- .resetVecs
  00000040    00000040    0000935a   0000935a    r-x .text
  0000939c    0000939c    000029d8   000029d8    r-- .const
  0000bd78    0000bd78    00000300   00000300    r-- .cinit
20000000    20000000    00005368   00000000    rw-
  20000000    20000000    00000140   00000000    rw- .vecs
  20000140    20000140    00004b00   00000000    rw- .bss
  20004c40    20004c40    00000728   00000000    rw- .data
2000fd00    2000fd00    00000300   00000000    rw-
  2000fd00    2000fd00    00000300   00000000    rw- .stack


SECTION ALLOCATION MAP

 output                                  attributes/
section   page    origin      length       input sections
--------  ----  ----------  ----------   ----------------
.text      0    00000040    0000935a     
                  00000040    0000113e     rtsv7M4_T_le_v4SPD16_eabi.lib : _printfi.obj (.text)
                  0000117e    00000492     string.obj (.text:Graphics_drawString)
                  00001610    00000430     sysbios.aem4f : BIOS.obj (.text:ti_sysbios_family_arm_m3_Hwi_excDumpRegs__I)
                  00001a40    0000034c     ti.targets.arm.rtsarm.aem4f : System.oem4f (.text:xdc_runtime_System_doPrint__I)
                  00001d8c    00000004     msp432p4xx_driverlib.lib : cpu.o (.text:CPU_wfi)
                  00001d90    000002b0     sysbios.aem4f : BIOS.obj (.text:ti_sysbios_knl_Semaphore_pend__E)
                  00002040    00000264     drivers_MSP432P401R.aem4f : PowerMSP432.oem4f (.text:Power_sleep)
                  000022a4    00000004     msp432p4xx_driverlib.lib : spi.o (.text:EUSCI_A_SPI_transmitData)
                  000022a8    00000258     sysbios.aem4f : BIOS.obj (.text:ti_sysbios_heaps_HeapMem_free__E)
                  00002500    00000248                   : BIOS.obj (.text:ti_sysbios_heaps_HeapMem_alloc__E)
                  00002748    000001fc                   : BIOS.obj (.text:ti_sysbios_family_arm_m3_Hwi_excHandlerMax__I)
                  00002944    000001f4     rtsv7M4_T_le_v4SPD16_eabi.lib : ull_div_t2.obj (.text)
                  00002b38    000001e4     screenTask.obj (.text:screenTaskFxn)
                  00002d1c    00000004     msp432p4xx_driverlib.lib : spi.o (.text:EUSCI_B_SPI_transmitData)
                  00002d20    000001c4     sysbios.aem4f : BIOS.obj (.text:ti_sysbios_knl_Task_sleep__E)
                  00002ee4    000001b6     rtsv7M4_T_le_v4SPD16_eabi.lib : fd_add_t2.obj (.text)
                  0000309a    000001a0     msp432p4xx_driverlib.lib : pcm.o (.text:__PCM_setPowerStateAdvanced)
                  0000323a    00000002     power_tirtos_MSP432P401R.aem4f : PowerMSP432_tirtos.oem4f (.text:PowerMSP432_initPolicy)
                  0000323c    00000178     drivers_MSP432P401R.aem4f : I2CMSP432.oem4f (.text:I2CMSP432_open)
                  000033b4    00000004     tirtosport.aem4f : HwiP_tirtos.oem4f (.text:HwiP_disable)
                  000033b8    00000174     sysbios.aem4f : BIOS.obj (.text:ti_sysbios_family_arm_m3_Hwi_excBusFault__I)
                  0000352c    00000004     msp432p4xx_driverlib.lib : i2c.o (.text:I2C_setSlaveAddress)
                  00003530    00000164     sysbios.aem4f : BIOS.obj (.text:ti_sysbios_family_arm_m3_Hwi_excUsageFault__I)
                  00003694    00000158     Sharp96x96.obj (.text:Sharp96x96_RectFill)
                  000037ec    00000004     drivers_MSP432P401R.aem4f : List.oem4f (.text:List_head)
                  000037f0    00000148     sysbios.aem4f : BIOS.obj (.text:ti_sysbios_family_arm_m3_Hwi_excMemFault__I)
                  00003938    00000140     drivers_MSP432P401R.aem4f : GPIOMSP432.oem4f (.text:GPIO_setConfig)
                  00003a78    0000013c     sysbios.aem4f : BIOS.obj (.text:ti_sysbios_heaps_HeapMem_Instance_init__E)
                  00003bb4    00000138     Sharp96x96.obj (.text:Sharp96x96_LineDrawH)
                  00003cec    00000136     rtsv7M4_T_le_v4SPD16_eabi.lib : fd_div_t2.obj (.text)
                  00003e22    00000118     drivers_MSP432P401R.aem4f : I2CMSP432.oem4f (.text:I2CMSP432_hwiIntFxn)
                  00003f3a    00000002     rtsv7M4_T_le_v4SPD16_eabi.lib : i_div0.obj (.text)
                  00003f3c    00000118     ti.targets.arm.rtsarm.aem4f : Error.oem4f (.text:xdc_runtime_Error_policyDefault__E)
                  00004054    0000010a     sensorTask.obj (.text:sensorTaskFxn)
                  0000415e    00000002     Robot_pem4f.oem4f (.text:ti_sysbios_BIOS_nullFunc__I)
                  00004160    00000100     ti.targets.arm.rtsarm.aem4f : Core-mem.oem4f (.text:xdc_runtime_Core_createObject__I)
                  00004260    000000fc     rtsv7M4_T_le_v4SPD16_eabi.lib : fd_mul_t2.obj (.text)
                  0000435c    000000fc                                   : s_scalbn.obj (.text)
                  00004458    000000f8     ti.targets.arm.rtsarm.aem4f : Startup.oem4f (.text:xdc_runtime_Startup_startMods__I)
                  00004550    000000f8     Robot_pem4f.oem4f (.text:xdc_runtime_System_printfExtend__I)
                  00004648    000000f0     drivers_MSP432P401R.aem4f : PowerMSP432.oem4f (.text:initPerfControl)
                  00004738    000000ec     sysbios.aem4f : m3_Hwi_asm.obj (.text:ti_sysbios_family_arm_m3_Hwi_dispatch__I)
                  00004824    00000004     drivers_MSP432P401R.aem4f : List.oem4f (.text:List_next)
                  00004828    000000ec     sysbios.aem4f : BIOS.obj (.text:ti_sysbios_knl_Semaphore_post__E)
                  00004914    000000e2     drivers_MSP432P401R.aem4f : PWMTimerMSP432.oem4f (.text:initHw)
                  000049f6    00000002     --HOLE-- [fill = 0]
                  000049f8    000000e0     msp432p4xx_driverlib.lib : cs.o (.text:CS_initClockSignal)
                  00004ad8    000000dc                              : pcm.o (.text:__PCM_setPowerModeAdvanced)
                  00004bb4    000000d8     Sharp96x96.obj (.text:Sharp96x96_Flush)
                  00004c8c    000000d4     main.obj (.text:main)
                  00004d60    000000cc     ti.targets.arm.rtsarm.aem4f : Core-smem.oem4f (.text:xdc_runtime_Core_constructObject__I)
                  00004e2c    00000004     drivers_MSP432P401R.aem4f : PowerMSP432.oem4f (.text:PowerMSP432_getNumPerfLevels)
                  00004e30    000000bc     sysbios.aem4f : BIOS.obj (.text:ti_sysbios_family_arm_m3_Hwi_excDebugMon__I)
                  00004eec    00000004     Robot_pem4f.oem4f (.text:ti_sysbios_BIOS_RtsGateProxy_enter__E)
                  00004ef0    000000bc     sysbios.aem4f : BIOS.obj (.text:ti_sysbios_family_arm_m3_Hwi_excHardFault__I)
                  00004fac    00000004     Robot_pem4f.oem4f (.text:ti_sysbios_BIOS_RtsGateProxy_leave__E)
                  00004fb0    000000b4     sysbios.aem4f : BIOS.obj (.text:ti_sysbios_gates_GateMutex_enter__E)
                  00005064    00000004     Robot_pem4f.oem4f (.text:ti_sysbios_family_arm_m3_Hwi_destruct)
                  00005068    000000b4     sysbios.aem4f : BIOS.obj (.text:ti_sysbios_knl_Task_checkStacks__E)
                  0000511c    000000b2     msp432p4xx_driverlib.lib : timer_a.o (.text:privateTimer_AProcessClockSourceDivider)
                  000051ce    00000002     --HOLE-- [fill = 0]
                  000051d0    000000b0                              : pcm.o (.text:__PCM_setCoreVoltageLevelAdvanced)
                  00005280    000000ac     drivers_MSP432P401R.aem4f : PWMTimerMSP432.oem4f (.text:PWMTimerMSP432_open)
                  0000532c    00000004     Robot_pem4f.oem4f (.text:ti_sysbios_family_arm_m3_TaskSupport_Module__startupDone__S)
                  00005330    000000a8     sysbios.aem4f : BIOS.obj (.text:ti_sysbios_family_arm_msp432_Timer_periodicStub__E)
                  000053d8    000000a4     line.obj (.text:Graphics_drawLineH)
                  0000547c    000000a0     auto_init.aem4f : auto_init.oem4f (.text)
                  0000551c    000000a0     ti.targets.arm.rtsarm.aem4f : Text.oem4f (.text:xdc_runtime_Text_putMod__E)
                  000055bc    0000009c     rtsv7M4_T_le_v4SPD16_eabi.lib : memcpy_t2.obj (.text)
                  00005658    0000009c     sysbios.aem4f : BIOS.obj (.text:ti_sysbios_knl_Semaphore_Instance_init__E)
                  000056f4    00000004     Robot_pem4f.oem4f (.text:ti_sysbios_heaps_HeapMem_Module_GateProxy_enter__E)
                  000056f8    0000009c     sysbios.aem4f : BIOS.obj (.text:ti_sysbios_knl_Task_postInit__I)
                  00005794    0000009a     ti.targets.arm.rtsarm.aem4f : Text.oem4f (.text:xdc_runtime_Text_putSite__E)
                  0000582e    00000002     --HOLE-- [fill = 0]
                  00005830    00000094     sysbios.aem4f : BIOS.obj (.text:ti_sysbios_family_arm_m3_Hwi_Instance_init__E)
                  000058c4    00000004     Robot_pem4f.oem4f (.text:ti_sysbios_heaps_HeapMem_Module_GateProxy_leave__E)
                  000058c8    00000094     sysbios.aem4f : BIOS.obj (.text:ti_sysbios_family_arm_m3_Hwi_initNVIC__E)
                  0000595c    00000092     drivers_MSP432P401R.aem4f : I2CMSP432.oem4f (.text:I2CMSP432_cancel)
                  000059ee    00000092                               : PWMTimerMSP432.oem4f (.text:PWMTimerMSP432_setPeriod)
                  00005a80    00000090     Sharp96x96.obj (.text:Sharp96x96_LineDrawV)
                  00005b10    0000008c     drivers_MSP432P401R.aem4f : I2CMSP432.oem4f (.text:I2CMSP432_transfer)
                  00005b9c    0000008c     sysbios.aem4f : m3_TaskSupport_asm.obj (.text:ti_sysbios_family_arm_m3_TaskSupport_buildTaskStack)
                  00005c28    00000088     msp432p4xx_driverlib.lib : spi.o (.text:SPI_initMaster)
                  00005cb0    00000088     sysbios.aem4f : BIOS.obj (.text:ti_sysbios_family_arm_msp432_Timer_Module_startup__E)
                  00005d38    00000086     rtsv7M4_T_le_v4SPD16_eabi.lib : fd_cmp_t2.obj (.text:__aeabi_cdcmple)
                  00005dbe    00000086                                   : fd_cmp_t2.obj (.text:__aeabi_cdrcmple)
                  00005e44    00000084     drivers_MSP432P401R.aem4f : PWMTimerMSP432.oem4f (.text:PWMTimerMSP432_setDuty)
                  00005ec8    00000084     sysbios.aem4f : BIOS.obj (.text:ti_sysbios_family_arm_m3_Hwi_postInit__I)
                  00005f4c    00000080     Sharp96x96.obj (.text:Sharp96x96_SendToggleVCOMCommand)
                  00005fcc    0000007c     msp432p4xx_driverlib.lib : pcm.o (.text:PCM_gotoLPM3)
                  00006048    0000007c     Sharp96x96.obj (.text:Sharp96x96_ClearScreen)
                  000060c4    0000007c     Sharp96x96.obj (.text:Sharp96x96_DrawMultiple)
                  00006140    0000007a     rtsv7M4_T_le_v4SPD16_eabi.lib : memset_t2.obj (.text)
                  000061ba    00000006     drivers_MSP432P401R.aem4f : I2CMSP432.oem4f (.text:I2CMSP432_control)
                  000061c0    00000070     sysbios.aem4f : BIOS.obj (.text:ti_sysbios_knl_Task_exit__E)
                  00006230    0000006d     ti.targets.arm.rtsarm.aem4f : System.oem4f (.text:xdc_runtime_System_formatNum__I)
                  0000629d    00000003     --HOLE-- [fill = 0]
                  000062a0    0000006c     sysbios.aem4f : BIOS.obj (.text:ti_sysbios_knl_Clock_workFunc__E)
                  0000630c    00000004     Robot_pem4f.oem4f (.text:ti_sysbios_knl_Clock_TimerProxy_getMaxTicks__E)
                  00006310    0000006c     sysbios.aem4f : BIOS.obj (.text:ti_sysbios_knl_Swi_restoreHwi__E)
                  0000637c    0000006c     ti.targets.arm.rtsarm.aem4f : Error.oem4f (.text:xdc_runtime_Error_print__E)
                  000063e8    0000006c                                 : Memory.oem4f (.text:xdc_runtime_Memory_alloc__E)
                  00006454    00000068     Sharp96x96.obj (.text:Sharp96x96_PixelDraw)
                  000064bc    00000068     rtsv7M4_T_le_v4SPD16_eabi.lib : copy_decompress_lzss.obj (.text:decompress:lzss)
                  00006524    00000068     drivers_MSP432P401R.aem4f : I2CMSP432.oem4f (.text:primeTransfer)
                  0000658c    00000068     rtsv7M4_T_le_v4SPD16_eabi.lib : trgmsg.obj (.text)
                  000065f4    00000066     drivers_MSP432P401R.aem4f : I2CMSP432.oem4f (.text:I2CMSP432_close)
                  0000665a    00000066     ti.targets.arm.rtsarm.aem4f : Core-mem.oem4f (.text:xdc_runtime_Core_deleteObject__I)
                  000066c0    00000064     rtsv7M4_T_le_v4SPD16_eabi.lib : s_frexp.obj (.text)
                  00006724    00000004     Robot_pem4f.oem4f (.text:ti_sysbios_knl_Queue_destruct)
                  00006728    00000064     sysbios.aem4f : BIOS.obj (.text:ti_sysbios_family_arm_m3_Hwi_dispatchC__I)
                  0000678c    00000062     tirtosport.aem4f : HwiP_tirtos.oem4f (.text:HwiP_create)
                  000067ee    00000062     Sharp96x96utils.obj (.text:reverse)
                  00006850    00000060     rtsv7M4_T_le_v4SPD16_eabi.lib : sprintf.obj (.text)
                  000068b0    00000060     sysbios.aem4f : BIOS.obj (.text:ti_sysbios_knl_Task_schedule__I)
                  00006910    0000005c     drivers_MSP432P401R.aem4f : GPIOMSP432.oem4f (.text:GPIO_init)
                  0000696c    00000004     Robot_pem4f.oem4f (.text:ti_sysbios_knl_Semaphore_destruct)
                  00006970    0000005c     sysbios.aem4f : BIOS.obj (.text:ti_sysbios_knl_Swi_run__I)
                  000069cc    00000004     ti.targets.arm.rtsarm.aem4f : Error.oem4f (.text:xdc_runtime_Error_getSite__E)
                  000069d0    0000005c     sysbios.aem4f : BIOS.obj (.text:ti_sysbios_knl_Swi_schedule__I)
                  00006a2c    00000004     Robot_pem4f.oem4f (.text:xdc_runtime_System_Module_GateProxy_enter__E)
                  00006a30    0000005c     sysbios.aem4f : BIOS.obj (.text:ti_sysbios_knl_Task_Module_startup__E)
                  00006a8c    00000004     Robot_pem4f.oem4f (.text:xdc_runtime_System_Module_GateProxy_leave__E)
                  00006a90    0000005c     sysbios.aem4f : BIOS.obj (.text:ti_sysbios_knl_Task_startCore__E)
                  00006aec    0000005b     ti.targets.arm.rtsarm.aem4f : Text.oem4f (.text:xdc_runtime_Text_putLab__E)
                  00006b47    00000001     --HOLE-- [fill = 0]
                  00006b48    00000058     tirtosport.aem4f : SemaphoreP_tirtos.oem4f (.text:SemaphoreP_create)
                  00006ba0    00000058     Sharp96x96.obj (.text:Sharp96x96_InitializeDisplayBuffer)
                  00006bf8    00000058     boot.aem4f : boot.oem4f (.text)
                  00006c50    00000058     rtsv7M4_T_le_v4SPD16_eabi.lib : hostwrite.obj (.text)
                  00006ca8    00000058     Robot_pem4f.oem4f (.text:ti_sysbios_family_arm_m3_Hwi_construct)
                  00006d00    00000058     sysbios.aem4f : m3_Hwi_asm_switch.obj (.text:ti_sysbios_family_arm_m3_Hwi_initStacks__E)
                  00006d58    00000054     drivers_MSP432P401R.aem4f : GPIOMSP432.oem4f (.text:GPIO_hwiIntFxn)
                  00006dac    00000054                               : GPIOMSP432.oem4f (.text:GPIO_setCallback)
                  00006e00    00000054                               : PWMTimerMSP432.oem4f (.text:PWMTimerMSP432_stop)
                  00006e54    00000054     Sharp96x96.obj (.text:Sharp96x96_LCDInit)
                  00006ea8    00000054     drivers_MSP432P401R.aem4f : I2CMSP432.oem4f (.text:initHw)
                  00006efc    00000054     rtsv7M4_T_le_v4SPD16_eabi.lib : exit.obj (.text)
                  00006f50    00000054                                   : ltoa.obj (.text)
                  00006fa4    00000004     ti.targets.arm.rtsarm.aem4f : System.oem4f (.text:xdc_runtime_System_aprintf_va__F)
                  00006fa8    00000054     sysbios.aem4f : BIOS.obj (.text:ti_sysbios_family_arm_msp432_Timer_initDevice__I)
                  00006ffc    00000004     ti.targets.arm.rtsarm.aem4f : System.oem4f (.text:xdc_runtime_System_printf_va__F)
                  00007000    00000054     sysbios.aem4f : BIOS.obj (.text:ti_sysbios_family_arm_msp432_init_Boot_configureClocksHigh)
                  00007054    00000054     ti.targets.arm.rtsarm.aem4f : Assert.oem4f (.text:xdc_runtime_Assert_raise__I)
                  000070a8    00000050     drivers_MSP432P401R.aem4f : GPIOMSP432.oem4f (.text:GPIO_write)
                  000070f8    00000050     msp432p4xx_driverlib.lib : pcm.o (.text:PCM_shutdownDevice)
                  00007148    00000050     drivers_MSP432P401R.aem4f : PWMTimerMSP432.oem4f (.text:PWMTimerMSP432_close)
                  00007198    00000050     sysbios.aem4f : BIOS.obj (.text:ti_sysbios_family_arm_m3_Hwi_Module_startup__E)
                  000071e8    00000050     ti.targets.arm.rtsarm.aem4f : Startup.oem4f (.text:xdc_runtime_Startup_exec__E)
                  00007238    00000050                                 : Text.oem4f (.text:xdc_runtime_Text_visitRope2__I)
                  00007288    0000004c     msp432p4xx_driverlib.lib : gpio.o (.text:GPIO_setAsPeripheralModuleFunctionOutputPin)
                  000072d4    0000004c     rtsv7M4_T_le_v4SPD16_eabi.lib : atoi.obj (.text)
                  00007320    0000004c                                   : cpy_tbl.obj (.text)
                  0000736c    00000004     --HOLE-- [fill = 0]
                  00007370    0000004c     sysbios.aem4f : BIOS.obj (.text:ti_sysbios_family_arm_msp432_Timer_start__E)
                  000073bc    00000004     --HOLE-- [fill = 0]
                  000073c0    0000004c                   : BIOS.obj (.text:ti_sysbios_heaps_HeapMem_getStats__E)
                  0000740c    00000004     --HOLE-- [fill = 0]
                  00007410    0000004c                   : BIOS.obj (.text:ti_sysbios_knl_Swi_runLoop__I)
                  0000745c    00000004     --HOLE-- [fill = 0]
                  00007460    0000004c                   : BIOS.obj (.text:ti_sysbios_knl_Task_allBlockedFunction__I)
                  000074ac    0000004a     context.obj (.text:Graphics_initContext)
                  000074f6    00000048     msp432p4xx_driverlib.lib : timer_a.o (.text:Timer_A_generatePWM)
                  0000753e    00000048     rtsv7M4_T_le_v4SPD16_eabi.lib : fd_toi_t2.obj (.text)
                  00007586    00000002     --HOLE-- [fill = 0]
                  00007588    00000048     sysbios.aem4f : BIOS.obj (.text:ti_sysbios_family_arm_m3_Hwi_disableInterrupt__E)
                  000075d0    00000048                   : BIOS.obj (.text:ti_sysbios_family_arm_m3_Hwi_enableInterrupt__E)
                  00007618    00000048                   : BIOS.obj (.text:ti_sysbios_family_arm_m3_Hwi_excReserved__I)
                  00007660    00000046     ti.targets.arm.rtsarm.aem4f : Core-params.oem4f (.text:xdc_runtime_Core_assignParams__I)
                  000076a6    00000002     --HOLE-- [fill = 0]
                  000076a8    00000044     MSP_EXP432P401R.obj (.text:MSP_EXP432P401R_initPWM)
                  000076ec    00000044     drivers_MSP432P401R.aem4f : PowerMSP432.oem4f (.text:Power_init)
                  00007730    00000044     sysbios.aem4f : BIOS.obj (.text:ti_sysbios_family_arm_m3_Hwi_getStackInfo__E)
                  00007774    00000004     --HOLE-- [fill = 0]
                  00007778    00000044                   : BIOS.obj (.text:ti_sysbios_knl_Swi_post__E)
                  000077bc    00000044     ti.targets.arm.rtsarm.aem4f : Error.oem4f (.text:xdc_runtime_Error_setX__E)
                  00007800    00000044                                 : SysMin.oem4f (.text:xdc_runtime_SysMin_flush__E)
                  00007844    00000044                                 : Text.oem4f (.text:xdc_runtime_Text_xprintf__I)
                  00007888    00000042     drivers_MSP432P401R.aem4f : I2CMSP432.oem4f (.text:completeTransfer)
                  000078ca    00000002     --HOLE-- [fill = 0]
                  000078cc    00000040     msp432p4xx_driverlib.lib : flash.o (.text:FlashCtl_disableReadBuffering)
                  0000790c    00000040     string.obj (.text:Graphics_getNumberOfLeadingZeros)
                  0000794c    00000040     msp432p4xx_driverlib.lib : i2c.o (.text:I2C_masterSendMultiByteFinish)
                  0000798c    00000040     drivers_MSP432P401R.aem4f : PWMTimerMSP432.oem4f (.text:PWMTimerMSP432_start)
                  000079cc    00000040                               : PowerMSP432.oem4f (.text:notify)
                  00007a0c    00000040     rtsv7M4_T_le_v4SPD16_eabi.lib : u_divt2.obj (.text)
                  00007a4c    00000004     --HOLE-- [fill = 0]
                  00007a50    00000040     sysbios.aem4f : BIOS.obj (.text:ti_sysbios_family_arm_msp432_Timer_startup__E)
                  00007a90    0000003e     msp432p4xx_driverlib.lib : i2c.o (.text:I2C_initMaster)
                  00007ace    00000002     --HOLE-- [fill = 0]
                  00007ad0    0000003c     MSP_EXP432P401R.obj (.text:MSP_EXP432P401R_initI2C)
                  00007b0c    0000003c     power_tirtos_MSP432P401R.aem4f : PowerMSP432_tirtos.oem4f (.text:PowerMSP432_sleepPolicy)
                  00007b48    0000003c     drivers_MSP432P401R.aem4f : PWMTimerMSP432.oem4f (.text:getPeriodCounts)
                  00007b84    00000004     --HOLE-- [fill = 0]
                  00007b88    0000003c     sysbios.aem4f : BIOS.obj (.text:ti_sysbios_family_arm_m3_Hwi_excSvCall__I)
                  00007bc4    00000004     --HOLE-- [fill = 0]
                  00007bc8    0000003c                   : BIOS.obj (.text:ti_sysbios_heaps_HeapMem_init__I)
                  00007c04    00000004     --HOLE-- [fill = 0]
                  00007c08    0000003c                   : BIOS.obj (.text:ti_sysbios_knl_Swi_restore__E)
                  00007c44    00000038     drivers_MSP432P401R.aem4f : I2C.oem4f (.text:I2C_init)
                  00007c7c    00000038                               : PWM.oem4f (.text:PWM_init)
                  00007cb4    00000038                               : PWMTimerMSP432.oem4f (.text:getDutyCounts)
                  00007cec    00000038                               : I2CMSP432.oem4f (.text:perfChangeNotifyFxn)
                  00007d24    00000004     --HOLE-- [fill = 0]
                  00007d28    00000038     sysbios.aem4f : BIOS.obj (.text:ti_sysbios_family_arm_m3_Hwi_excNoIsr__I)
                  00007d60    00000038                   : BIOS.obj (.text:ti_sysbios_knl_Task_processVitalTaskFlag__I)
                  00007d98    00000038     ti.targets.arm.rtsarm.aem4f : SysMin.oem4f (.text:xdc_runtime_SysMin_putch__E)
                  00007dd0    00000038                                 : System.oem4f (.text:xdc_runtime_System_atexit__E)
                  00007e08    00000034     msp432p4xx_driverlib.lib : flash.o (.text:FlashCtl_enableReadBuffering)
                  00007e3c    00000004     --HOLE-- [fill = 0]
                  00007e40    00000034     sysbios.aem4f : BIOS.obj (.text:ti_sysbios_family_arm_m3_Hwi_Instance_finalize__E)
                  00007e74    00000004     --HOLE-- [fill = 0]
                  00007e78    00000034                   : BIOS.obj (.text:ti_sysbios_family_arm_m3_Hwi_excNmi__I)
                  00007eac    00000004     --HOLE-- [fill = 0]
                  00007eb0    00000034                   : BIOS.obj (.text:ti_sysbios_hal_Hwi_checkStack)
                  00007ee4    00000034     ti.targets.arm.rtsarm.aem4f : Core-label.oem4f (.text:xdc_runtime_Core_assignLabel__I)
                  00007f18    00000033                                 : Text.oem4f (.text:xdc_runtime_Text_printVisFxn__I)
                  00007f4b    00000005     --HOLE-- [fill = 0]
                  00007f50    00000032     sysbios.aem4f : BIOS.obj (.text:ti_sysbios_hal_Hwi_initStack)
                  00007f82    00000002     --HOLE-- [fill = 0]
                  00007f84    00000030     msp432p4xx_driverlib.lib : gpio.o (.text:GPIO_getEnabledInterruptStatus)
                  00007fb4    00000030                              : gpio.o (.text:GPIO_setAsInputPinWithPullDownResistor)
                  00007fe4    00000030                              : gpio.o (.text:GPIO_setAsInputPinWithPullUpResistor)
                  00008014    00000030     drivers_MSP432P401R.aem4f : I2C.oem4f (.text:I2C_open)
                  00008044    00000030     msp432p4xx_driverlib.lib : spi.o (.text:is_A_Module)
                  00008074    00000030     Robot_pem4f.oem4f (.text:ti_sysbios_BIOS_atExitFunc__I)
                  000080a4    00000030     Robot_pem4f.oem4f (.text:ti_sysbios_BIOS_startFunc__I)
                  000080d4    00000004     --HOLE-- [fill = 0]
                  000080d8    00000030     sysbios.aem4f : BIOS.obj (.text:ti_sysbios_family_arm_m3_TaskSupport_start__E)
                  00008108    00000030     Robot_pem4f.oem4f (.text:ti_sysbios_gates_GateHwi_Object__create__S)
                  00008138    00000030     Robot_pem4f.oem4f (.text:ti_sysbios_gates_GateMutex_Object__create__S)
                  00008168    00000030     Robot_pem4f.oem4f (.text:ti_sysbios_heaps_HeapMem_Object__create__S)
                  00008198    00000030     Robot_pem4f.oem4f (.text:ti_sysbios_knl_Semaphore_construct)
                  000081c8    00000030     sysbios.aem4f : BIOS.obj (.text:ti_sysbios_knl_Semaphore_pendTimeout__I)
                  000081f8    00000030                   : BIOS.obj (.text:ti_sysbios_knl_Task_unblockI__E)
                  00008228    00000030     ti.targets.arm.rtsarm.aem4f : SysMin.oem4f (.text:xdc_runtime_SysMin_abort__E)
                  00008258    00000030                                 : System.oem4f (.text:xdc_runtime_System_processAtExit__E)
                  00008288    0000002e     rtsv7M4_T_le_v4SPD16_eabi.lib : i_tofd_t2.obj (.text)
                  000082b6    00000002     --HOLE-- [fill = 0]
                  000082b8    0000002c     msp432p4xx_driverlib.lib : gpio.o (.text:GPIO_setAsInputPin)
                  000082e4    0000002c                              : pcm.o (.text:PCM_getCoreVoltageLevel)
                  00008310    0000002c     power_tirtos_MSP432P401R.aem4f : PowerMSP432_tirtos.oem4f (.text:PowerMSP432_updateFreqs)
                  0000833c    0000002c     drivers_MSP432P401R.aem4f : PowerMSP432.oem4f (.text:Power_releaseConstraint)
                  00008368    0000002c                               : PowerMSP432.oem4f (.text:Power_setConstraint)
                  00008394    0000002c     Robot_pem4f.oem4f (.text:ti_sysbios_knl_Clock_doTick__I)
                  000083c0    0000002c     Robot_pem4f.oem4f (.text:ti_sysbios_knl_Queue_construct)
                  000083ec    00000004     --HOLE-- [fill = 0]
                  000083f0    0000002c     sysbios.aem4f : BIOS.obj (.text:ti_sysbios_knl_Task_restore__E)
                  0000841c    0000002c     ti.targets.arm.rtsarm.aem4f : Text.oem4f (.text:xdc_runtime_Text_cordText__E)
                  00008448    0000002a     msp432p4xx_driverlib.lib : pcm.o (.text:PCM_getPowerMode)
                  00008472    0000002a     ti.targets.arm.rtsarm.aem4f : System.oem4f (.text:xdc_runtime_System_putchar__I)
                  0000849c    00000028     msp432p4xx_driverlib.lib : flash.o (.text:FlashCtl_setWaitState)
                  000084c4    00000028     drivers_MSP432P401R.aem4f : GPIOMSP432.oem4f (.text:GPIO_enableInt)
                  000084ec    00000028     msp432p4xx_driverlib.lib : pcm.o (.text:PCM_gotoLPM0)
                  00008514    00000004     --HOLE-- [fill = 0]
                  00008518    00000028     sysbios.aem4f : BIOS.obj (.text:ti_sysbios_knl_Clock_addI__E)
                  00008540    00000028                   : BIOS.obj (.text:ti_sysbios_knl_Swi_Module_startup__E)
                  00008568    00000026     drivers_MSP432P401R.aem4f : List.oem4f (.text:List_put)
                  0000858e    00000026     sysbios.aem4f : m3_Hwi_asm.obj (.text:ti_sysbios_family_arm_m3_Hwi_pendSV__I)
                  000085b4    00000026     ti.targets.arm.rtsarm.aem4f : System.oem4f (.text:xdc_runtime_System_avprintf__E)
                  000085da    00000002     --HOLE-- [fill = 0]
                  000085dc    00000024     msp432p4xx_driverlib.lib : cs.o (.text:CS_setDCOCenteredFrequency)
                  00008600    00000024                              : gpio.o (.text:GPIO_setAsOutputPin)
                  00008624    00000024                              : i2c.o (.text:I2C_masterSendMultiByteNext)
                  00008648    00000024                              : rtc_c.o (.text:RTC_C_holdClock)
                  0000866c    00000024                              : rtc_c.o (.text:RTC_C_startClock)
                  00008690    00000024     Robot_pem4f.oem4f (.text:ti_sysbios_BIOS_errorRaiseHook__I)
                  000086b4    00000024     Robot_pem4f.oem4f (.text:ti_sysbios_BIOS_registerRTSLock__I)
                  000086d8    00000024     Robot_pem4f.oem4f (.text:ti_sysbios_BIOS_removeRTSLock__I)
                  000086fc    00000004     --HOLE-- [fill = 0]
                  00008700    00000024     sysbios.aem4f : BIOS.obj (.text:ti_sysbios_family_arm_msp432_ClockFreqs_setFrequency__E)
                  00008724    00000024     Robot_pem4f.oem4f (.text:ti_sysbios_gates_GateMutex_Object__delete__S)
                  00008748    00000024     sysbios.aem4f : BIOS.obj (.text:ti_sysbios_knl_Clock_Module_startup__E)
                  0000876c    00000004     --HOLE-- [fill = 0]
                  00008770    00000024                   : BIOS.obj (.text:ti_sysbios_knl_Task_restoreHwi__E)
                  00008794    00000024     ti.targets.arm.rtsarm.aem4f : System.oem4f (.text:xdc_runtime_System_vprintf__E)
                  000087b8    00000022     Robot_pem4f.oem4f (.text:xdc_runtime_SysMin_output__I)
                  000087da    00000002     --HOLE-- [fill = 0]
                  000087dc    00000020     msp432p4xx_driverlib.lib : gpio.o (.text:GPIO_interruptEdgeSelect)
                  000087fc    00000020     drivers_MSP432P401R.aem4f : PowerMSP432.oem4f (.text:PowerMSP432_getFreqs)
                  0000881c    00000020                               : PowerMSP432.oem4f (.text:Power_unregisterNotify)
                  0000883c    00000020     msp432p4xx_driverlib.lib : spi.o (.text:SPI_transmitData)
                  0000885c    00000020     Robot_pem4f.oem4f (.text:ti_sysbios_BIOS_rtsLock__I)
                  0000887c    00000020     sysbios.aem4f : m3_Hwi_asm.obj (.text:ti_sysbios_family_arm_m3_Hwi_excHandlerAsm__I)
                  0000889c    00000004     --HOLE-- [fill = 0]
                  000088a0    00000020                   : BIOS.obj (.text:ti_sysbios_family_arm_m3_Hwi_excHandler__I)
                  000088c0    00000020     Robot_pem4f.oem4f (.text:ti_sysbios_gates_GateHwi_Object__delete__S)
                  000088e0    00000020     Robot_pem4f.oem4f (.text:ti_sysbios_heaps_HeapMem_Object__delete__S)
                  00008900    00000020     sysbios.aem4f : BIOS.obj (.text:ti_sysbios_knl_Idle_run__E)
                  00008920    00000020     Robot_pem4f.oem4f (.text:ti_sysbios_knl_Semaphore_Object__destruct__S)
                  00008940    00000020     ti.targets.arm.rtsarm.aem4f : Registry.oem4f (.text:xdc_runtime_Registry_findById__E)
                  00008960    00000020                                 : SysMin.oem4f (.text:xdc_runtime_SysMin_Module_startup__E)
                  00008980    0000001e     drivers_MSP432P401R.aem4f : PWMTimerMSP432.oem4f (.text:corroboratePeriod)
                  0000899e    0000001e     sysbios.aem4f : m3_Hwi_asm_switch.obj (.text:ti_sysbios_family_xxx_Hwi_switchAndRunFunc)
                  000089bc    0000001c     msp432p4xx_driverlib.lib : spi.o (.text:EUSCI_B_SPI_isBusy)
                  000089d8    0000001c                              : pcm.o (.text:PCM_enableRudeMode)
                  000089f4    0000001c     drivers_MSP432P401R.aem4f : PowerMSP432.oem4f (.text:Power_registerNotify)
                  00008a10    0000001c     rtsv7M4_T_le_v4SPD16_eabi.lib : memccpy.obj (.text)
                  00008a2c    0000001c     Robot_pem4f.oem4f (.text:ti_sysbios_family_arm_m3_Hwi_Object__destruct__S)
                  00008a48    0000001c     sysbios.aem4f : BIOS.obj (.text:ti_sysbios_gates_GateMutex_Instance_init__E)
                  00008a64    0000001c     Robot_pem4f.oem4f (.text:ti_sysbios_knl_Queue_Object__destruct__S)
                  00008a80    0000001c     sysbios.aem4f : BIOS.obj (.text:ti_sysbios_knl_Queue_put__E)
                  00008a9c    00000004     --HOLE-- [fill = 0]
                  00008aa0    0000001c                   : BIOS.obj (.text:ti_sysbios_knl_Task_enter__I)
                  00008abc    0000001c     ti.targets.arm.rtsarm.aem4f : Error.oem4f (.text:xdc_runtime_Error_raiseX__E)
                  00008ad8    0000001c                                 : Memory.oem4f (.text:xdc_runtime_Memory_valloc__E)
                  00008af4    0000001c                                 : SysMin.oem4f (.text:xdc_runtime_SysMin_exit__E)
                  00008b10    0000001c                                 : System.oem4f (.text:xdc_runtime_System_abort__E)
                  00008b2c    0000001a     drivers_MSP432P401R.aem4f : List.oem4f (.text:List_remove)
                  00008b46    0000001a     msp432p4xx_driverlib.lib : spi.o (.text:SPI_enableModule)
                  00008b60    0000001a     Robot_pem4f.oem4f (.text:ti_sysbios_family_arm_m3_Hwi_Handle__label__S)
                  00008b7a    0000001a     Robot_pem4f.oem4f (.text:ti_sysbios_gates_GateHwi_Handle__label__S)
                  00008b94    0000001a     Robot_pem4f.oem4f (.text:ti_sysbios_gates_GateMutex_Handle__label__S)
                  00008bae    0000001a     Robot_pem4f.oem4f (.text:ti_sysbios_heaps_HeapMem_Handle__label__S)
                  00008bc8    0000001a     Robot_pem4f.oem4f (.text:ti_sysbios_knl_Swi_Handle__label__S)
                  00008be2    0000001a     Robot_pem4f.oem4f (.text:ti_sysbios_knl_Task_Handle__label__S)
                  00008bfc    0000001a     Robot_pem4f.oem4f (.text:xdc_runtime_System_aprintf__E)
                  00008c16    0000001a     Robot_pem4f.oem4f (.text:xdc_runtime_System_printf__E)
                  00008c30    00000018     msp432p4xx_driverlib.lib : gpio.o (.text:GPIO_clearInterruptFlag)
                  00008c48    00000018                              : gpio.o (.text:GPIO_setDriveStrengthLow)
                  00008c60    00000018                              : gpio.o (.text:GPIO_setOutputLowOnPin)
                  00008c78    00000018                              : i2c.o (.text:I2C_masterIsStartSent)
                  00008c90    00000018                              : wdt_a.o (.text:WDT_A_holdTimer)
                  00008ca8    00000018     drivers_MSP432P401R.aem4f : PWMTimerMSP432.oem4f (.text:corroborateDuty)
                  00008cc0    00000018     rtsv7M4_T_le_v4SPD16_eabi.lib : args_main.obj (.text)
                  00008cd8    00000018     Robot_pem4f.oem4f (.text:ti_sysbios_BIOS_rtsUnlock__I)
                  00008cf0    00000018     Robot_pem4f.oem4f (.text:ti_sysbios_family_arm_m3_Hwi_Module__startupDone__F)
                  00008d08    00000018     sysbios.aem4f : m3_TaskSupport_asm.obj (.text:ti_sysbios_family_arm_m3_TaskSupport_swap__E)
                  00008d20    00000018     Robot_pem4f.oem4f (.text:ti_sysbios_family_arm_msp432_Timer_Module__startupDone__F)
                  00008d38    00000018     sysbios.aem4f : BIOS.obj (.text:ti_sysbios_gates_GateMutex_leave__E)
                  00008d50    00000018                   : BIOS.obj (.text:ti_sysbios_knl_Task_sleepTimeout__I)
                  00008d68    00000018     ti.targets.arm.rtsarm.aem4f : Error.oem4f (.text:xdc_runtime_Error_check__E)
                  00008d80    00000018                                 : System.oem4f (.text:xdc_runtime_System_exit__E)
                  00008d98    00000018                                 : Text.oem4f (.text:xdc_runtime_Text_ropeText__E)
                  00008db0    00000016     tirtosport.aem4f : HwiP_tirtos.oem4f (.text:HwiP_delete)
                  00008dc6    00000016                      : SemaphoreP_tirtos.oem4f (.text:SemaphoreP_delete)
                  00008ddc    00000016     rtsv7M4_T_le_v4SPD16_eabi.lib : strchr.obj (.text)
                  00008df2    00000016     Robot_pem4f.oem4f (.text:ti_sysbios_BIOS_exitFunc__I)
                  00008e08    00000014     msp432p4xx_driverlib.lib : gpio.o (.text:GPIO_enableInterrupt)
                  00008e1c    00000014                              : gpio.o (.text:GPIO_setDriveStrengthHigh)
                  00008e30    00000014                              : gpio.o (.text:GPIO_setOutputHighOnPin)
                  00008e44    00000014     drivers_MSP432P401R.aem4f : PowerMSP432.oem4f (.text:Power_idleFunc)
                  00008e58    00000014     Sharp96x96.obj (.text:Sharp96x96_ClearBuffer)
                  00008e6c    00000014     msp432p4xx_driverlib.lib : wdt_a.o (.text:WDT_A_startTimer)
                  00008e80    00000014     buttons.obj (.text:gpioButtonFxn0)
                  00008e94    00000014     buttons.obj (.text:gpioButtonFxn1)
                  00008ea8    00000014     rtsv7M4_T_le_v4SPD16_eabi.lib : _lock.obj (.text)
                  00008ebc    00000014                                   : s_copysign.obj (.text)
                  00008ed0    00000014                                   : strlen.obj (.text)
                  00008ee4    00000014     Robot_pem4f.oem4f (.text:ti_sysbios_family_arm_m3_Hwi_Object__get__S)
                  00008ef8    00000014     sysbios.aem4f : BIOS.obj (.text:ti_sysbios_family_arm_m3_Hwi_switchFromBootStack__E)
                  00008f0c    00000014     Robot_pem4f.oem4f (.text:ti_sysbios_heaps_HeapMem_Object__get__S)
                  00008f20    00000014     Robot_pem4f.oem4f (.text:ti_sysbios_knl_Swi_Object__get__S)
                  00008f34    00000012     tirtosport.aem4f : SemaphoreP_tirtos.oem4f (.text:SemaphoreP_pend)
                  00008f46    00000012     Sharp96x96.obj (.text:Sharp96x96_ColorTranslate)
                  00008f58    00000012     heartBeatTask.obj (.text:heartBeatTaskFxn)
                  00008f6a    00000006     msp432p4xx_driverlib.lib : i2c.o (.text:I2C_getEnabledInterruptStatus)
                  00008f70    00000012     sysbios.aem4f : BIOS.obj (.text:ti_sysbios_hal_Hwi_Module_startup__E)
                  00008f82    00000012     Robot_pem4f.oem4f (.text:xdc_runtime_Startup_exec__I)
                  00008f94    00000010     msp432p4xx_driverlib.lib : gpio.o (.text:GPIO_getInterruptStatus)
                  00008fa4    00000010     drivers_MSP432P401R.aem4f : I2C.oem4f (.text:I2C_Params_init)
                  00008fb4    00000010     msp432p4xx_driverlib.lib : i2c.o (.text:I2C_masterReceiveMultiByteStop)
                  00008fc4    00000010                              : i2c.o (.text:I2C_masterReceiveStart)
                  00008fd4    00000010                              : i2c.o (.text:I2C_masterSendStart)
                  00008fe4    00000010                              : pcm.o (.text:PCM_gotoLPM4)
                  00008ff4    00000004     --HOLE-- [fill = 0]
                  00008ff8    00000010     sysbios.aem4f : BIOS.obj (.text:ti_sysbios_BIOS_setCpuFreq__E)
                  00009008    00000010                   : BIOS.obj (.text:ti_sysbios_BIOS_setThreadType__E)
                  00009018    00000010                   : BIOS.obj (.text:ti_sysbios_BIOS_start__E)
                  00009028    00000010                   : m3_TaskSupport_asm.obj (.text:ti_sysbios_family_arm_m3_TaskSupport_glue)
                  00009038    00000010                   : BIOS.obj (.text:ti_sysbios_family_arm_msp432_init_Boot_disableWatchdog)
                  00009048    00000010                   : BIOS.obj (.text:ti_sysbios_gates_GateMutex_Instance_finalize__E)
                  00009058    00000010                   : BIOS.obj (.text:ti_sysbios_knl_Semaphore_Instance_finalize__E)
                  00009068    00000010                   : BIOS.obj (.text:ti_sysbios_knl_Swi_disable__E)
                  00009078    00000010     Robot_pem4f.oem4f (.text:ti_sysbios_knl_Task_Object__get__S)
                  00009088    00000010     sysbios.aem4f : BIOS.obj (.text:ti_sysbios_knl_Task_disable__E)
                  00009098    00000010     ti.targets.arm.rtsarm.aem4f : Gate.oem4f (.text:xdc_runtime_Gate_leaveSystem__E)
                  000090a8    00000010                                 : Memory.oem4f (.text:xdc_runtime_Memory_free__E)
                  000090b8    00000010                                 : SysMin.oem4f (.text:xdc_runtime_SysMin_ready__E)
                  000090c8    00000010                                 : System.oem4f (.text:xdc_runtime_System_vsnprintf__E)
                  000090d8    00000010     Robot_pem4f.oem4f (.text:xdc_runtime_Text_visitRope__I)
                  000090e8    0000000e     tirtosport.aem4f : HwiP_tirtos.oem4f (.text:HwiP_Params_init)
                  000090f6    0000000e     msp432p4xx_driverlib.lib : i2c.o (.text:I2C_clearInterruptFlag)
                  00009104    0000000e                              : i2c.o (.text:I2C_disableInterrupt)
                  00009112    0000000e                              : i2c.o (.text:I2C_setMode)
                  00009120    0000000e                              : timer_a.o (.text:Timer_A_setCompareValue)
                  0000912e    0000000e     rtsv7M4_T_le_v4SPD16_eabi.lib : copy_decompress_none.obj (.text:decompress:none)
                  0000913c    00000004     --HOLE-- [fill = 0]
                  00009140    0000000e     sysbios.aem4f : BIOS.obj (.text:ti_sysbios_knl_Idle_loop__E)
                  0000914e    00000002     --HOLE-- [fill = 0]
                  00009150    0000000e                   : BIOS.obj (.text:ti_sysbios_knl_Queue_empty__E)
                  0000915e    0000000c     Robot_pem4f.oem4f (.text:.bootCodeSection:ti_sysbios_family_arm_msp432_init_Boot_init__I)
                  0000916a    0000000c     msp432p4xx_driverlib.lib : cpu.o (.text:CPU_cpsid)
                  00009176    0000000c                              : cpu.o (.text:CPU_cpsie)
                  00009182    0000000c                              : spi.o (.text:EUSCI_A_SPI_enable)
                  0000918e    0000000c                              : spi.o (.text:EUSCI_B_SPI_enable)
                  0000919a    0000000c                              : i2c.o (.text:I2C_disableModule)
                  000091a6    0000000c                              : i2c.o (.text:I2C_enableModule)
                  000091b2    00000002     --HOLE-- [fill = 0]
                  000091b4    0000000c                              : pcm.o (.text:PCM_getPowerState)
                  000091c0    0000000c     drivers_MSP432P401R.aem4f : PowerMSP432.oem4f (.text:Power_getConstraintMask)
                  000091cc    0000000c                               : PowerMSP432.oem4f (.text:Power_getPerformanceLevel)
                  000091d8    0000000c     msp432p4xx_driverlib.lib : timer_a.o (.text:Timer_A_stopTimer)
                  000091e4    0000000c     rtsv7M4_T_le_v4SPD16_eabi.lib : copy_zero_init.obj (.text:decompress:ZI)
                  000091f0    0000000c     Robot_pem4f.oem4f (.text:ti_sysbios_family_arm_m3_Hwi_Params__init__S)
                  000091fc    00000004     --HOLE-- [fill = 0]
                  00009200    0000000c     sysbios.aem4f : BIOS.obj (.text:ti_sysbios_family_arm_m3_Hwi_disableFxn__E)
                  0000920c    00000004     --HOLE-- [fill = 0]
                  00009210    0000000c                   : BIOS.obj (.text:ti_sysbios_family_arm_m3_TaskSupport_checkStack__E)
                  0000921c    00000004     --HOLE-- [fill = 0]
                  00009220    0000000c                   : BIOS.obj (.text:ti_sysbios_family_arm_msp432_Timer_getMaxTicks__E)
                  0000922c    00000004     --HOLE-- [fill = 0]
                  00009230    0000000c                   : BIOS.obj (.text:ti_sysbios_gates_GateHwi_enter__E)
                  0000923c    0000000c     Robot_pem4f.oem4f (.text:ti_sysbios_knl_Queue_Object__get__S)
                  00009248    0000000c     Robot_pem4f.oem4f (.text:ti_sysbios_knl_Semaphore_Params__init__S)
                  00009254    0000000c     ti.targets.arm.rtsarm.aem4f : Error.oem4f (.text:xdc_runtime_Error_init__E)
                  00009260    0000000c                                 : Gate.oem4f (.text:xdc_runtime_Gate_enterSystem__E)
                  0000926c    0000000c                                 : Memory.oem4f (.text:xdc_runtime_Memory_calloc__E)
                  00009278    0000000c                                 : Memory.oem4f (.text:xdc_runtime_Memory_getMaxDefaultTypeAlign__E)
                  00009284    0000000c                                 : Startup.oem4f (.text:xdc_runtime_Startup_rtsDone__E)
                  00009290    0000000a     drivers_MSP432P401R.aem4f : I2CMSP432.oem4f (.text:I2CMSP432_init)
                  0000929a    0000000a                               : I2C.oem4f (.text:I2C_close)
                  000092a4    0000000a                               : I2C.oem4f (.text:I2C_transfer)
                  000092ae    0000000a     tirtosport.aem4f : SemaphoreP_tirtos.oem4f (.text:SemaphoreP_post)
                  000092b8    0000000a     Robot_pem4f.oem4f (.text:xdc_runtime_IHeap_alloc)
                  000092c2    0000000a     Robot_pem4f.oem4f (.text:xdc_runtime_IHeap_free)
                  000092cc    00000008     msp432p4xx_driverlib.lib : i2c.o (.text:I2C_enableInterrupt)
                  000092d4    00000008     MSP_EXP432P401R.obj (.text:MSP_EXP432P401R_initGPIO)
                  000092dc    00000008     MSP_EXP432P401R.obj (.text:MSP_EXP432P401R_initGeneral)
                  000092e4    00000008     msp432p4xx_driverlib.lib : pcm.o (.text:PCM_setPowerMode)
                  000092ec    00000008                              : pcm.o (.text:PCM_setPowerState)
                  000092f4    00000008     drivers_MSP432P401R.aem4f : PWMTimerMSP432.oem4f (.text:PWMTimerMSP432_init)
                  000092fc    00000008     tirtosport.aem4f : SemaphoreP_tirtos.oem4f (.text:SemaphoreP_Params_init)
                  00009304    00000008     msp432p4xx_driverlib.lib : timer_a.o (.text:Timer_A_startCounter)
                  0000930c    00000008     drivers_MSP432P401R.aem4f : I2CMSP432.oem4f (.text:blockingTransferCallback)
                  00009314    00000004     --HOLE-- [fill = 0]
                  00009318    00000008     sysbios.aem4f : BIOS.obj (.text:ti_sysbios_family_arm_m3_Hwi_doSwiRestore__I)
                  00009320    00000008                   : BIOS.obj (.text:ti_sysbios_family_arm_m3_Hwi_startup__E)
                  00009328    00000006     msp432p4xx_driverlib.lib : i2c.o (.text:I2C_getInterruptStatus)
                  0000932e    00000006                              : i2c.o (.text:I2C_masterReceiveMultiByteNext)
                  00009334    00000006     drivers_MSP432P401R.aem4f : PWMTimerMSP432.oem4f (.text:PWMTimerMSP432_control)
                  0000933a    00000006     ti.targets.arm.rtsarm.aem4f : System.oem4f (.text:xdc_runtime_System_Module_startup__E)
                  00009340    00000006     sysbios.aem4f : BIOS.obj (.text:ti_sysbios_family_arm_m3_Hwi_doTaskRestore__I)
                  00009346    00000002     --HOLE-- [fill = 0]
                  00009348    00000006                   : BIOS.obj (.text:ti_sysbios_family_arm_m3_Hwi_restoreFxn__E)
                  0000934e    00000002     --HOLE-- [fill = 0]
                  00009350    00000006                   : BIOS.obj (.text:ti_sysbios_gates_GateHwi_leave__E)
                  00009356    00000002     --HOLE-- [fill = 0]
                  00009358    00000006                   : BIOS.obj (.text:ti_sysbios_heaps_HeapMem_isBlocking__E)
                  0000935e    00000002     --HOLE-- [fill = 0]
                  00009360    00000006                   : BIOS.obj (.text:ti_sysbios_knl_Queue_Instance_init__E)
                  00009366    00000002     --HOLE-- [fill = 0]
                  00009368    00000006                   : BIOS.obj (.text:ti_sysbios_knl_Swi_startup__E)
                  0000936e    00000002     --HOLE-- [fill = 0]
                  00009370    00000004                   : BIOS.obj (.text:ti_sysbios_gates_GateHwi_query__E)
                  00009374    00000004     --HOLE-- [fill = 0]
                  00009378    00000004                   : BIOS.obj (.text:ti_sysbios_gates_GateMutex_query__E)
                  0000937c    00000004     --HOLE-- [fill = 0]
                  00009380    00000004                   : BIOS.obj (.text:ti_sysbios_knl_Task_startup__E)
                  00009384    00000004     --HOLE-- [fill = 0]
                  00009388    00000002                   : BIOS.obj (.text:ti_sysbios_BIOS_linkedWithIncorrectBootLibrary__E)
                  0000938a    00000006     --HOLE-- [fill = 0]
                  00009390    00000002                   : BIOS.obj (.text:ti_sysbios_gates_GateHwi_Instance_init__E)
                  00009392    00000006     --HOLE-- [fill = 0]
                  00009398    00000002                   : BIOS.obj (.text:ti_sysbios_knl_Clock_logTick__E)

.const     0    0000939c    000029d8     
                  0000939c    0000183f     Robot_pem4f.oem4f (.const:xdc_runtime_Text_charTab__A)
                  0000abdb    0000094d     fontcm20b.obj (.const:.string:g_pucCm20bData)
                  0000b528    00000101     rtsv7M4_T_le_v4SPD16_eabi.lib : ctype.obj (.const:.string:_ctypes_)
                  0000b629    00000001     Robot_pem4f.oem4f (.const:xdc_runtime_Error_policy__C)
                  0000b62a    00000002     Robot_pem4f.oem4f (.const:ti_sysbios_family_arm_m3_Hwi_Module__id__C)
                  0000b62c    000000c8     fontcm20b.obj (.const:g_sFontCm20b)
                  0000b6f4    000000b0     Robot_pem4f.oem4f (.const:xdc_runtime_Text_nodeTab__A)
                  0000b7a4    00000048     Robot_pem4f.oem4f (.const:.string)
                  0000b7ec    0000003c     MSP_EXP432P401R.obj (.const:PWM_config)
                  0000b828    00000030     MSP_EXP432P401R.obj (.const:I2C_config)
                  0000b858    00000030     Sharp96x96.obj (.const:g_sharp96x96LCD)
                  0000b888    00000030     MSP_EXP432P401R.obj (.const:i2cMSP432HWAttrs)
                  0000b8b8    00000030     MSP_EXP432P401R.obj (.const:pwmTimerMSP432HWAttrs)
                  0000b8e8    00000030     Robot_pem4f.oem4f (.const:ti_sysbios_family_arm_m3_Hwi_Object__PARAMS__C)
                  0000b918    00000028     drivers_MSP432P401R.aem4f : PWMTimerMSP432.oem4f (.const)
                  0000b940    00000028     Robot_pem4f.oem4f (.const:ti_sysbios_heaps_HeapMem_Module__FXNS__C)
                  0000b968    00000024     Robot_pem4f.oem4f (.const:ti_sysbios_gates_GateHwi_Module__FXNS__C)
                  0000b98c    00000024     Robot_pem4f.oem4f (.const:ti_sysbios_gates_GateMutex_Module__FXNS__C)
                  0000b9b0    00000024     Robot_pem4f.oem4f (.const:ti_sysbios_heaps_HeapMem_Object__PARAMS__C)
                  0000b9d4    00000024     Robot_pem4f.oem4f (.const:ti_sysbios_knl_Semaphore_Object__PARAMS__C)
                  0000b9f8    00000020     drivers_MSP432P401R.aem4f : I2CMSP432.oem4f (.const)
                  0000ba18    00000020     Robot_pem4f.oem4f (.const:ti_sysbios_family_arm_m3_Hwi_Object__DESC__C)
                  0000ba38    00000020     Robot_pem4f.oem4f (.const:ti_sysbios_gates_GateHwi_Object__DESC__C)
                  0000ba58    00000020     Robot_pem4f.oem4f (.const:ti_sysbios_gates_GateMutex_Object__DESC__C)
                  0000ba78    00000020     Robot_pem4f.oem4f (.const:ti_sysbios_heaps_HeapMem_Object__DESC__C)
                  0000ba98    00000020     Robot_pem4f.oem4f (.const:ti_sysbios_knl_Queue_Object__DESC__C)
                  0000bab8    00000020     Robot_pem4f.oem4f (.const:ti_sysbios_knl_Semaphore_Object__DESC__C)
                  0000bad8    00000020     Robot_pem4f.oem4f (.const:xdc_runtime_Startup_sfxnTab__A)
                  0000baf8    0000001c     Sharp96x96.obj (.const:$P$T0$1)
                  0000bb14    00000018     Robot_pem4f.oem4f (.const:ti_sysbios_gates_GateHwi_Object__PARAMS__C)
                  0000bb2c    00000018     Robot_pem4f.oem4f (.const:ti_sysbios_gates_GateMutex_Object__PARAMS__C)
                  0000bb44    00000018     Robot_pem4f.oem4f (.const:ti_sysbios_knl_Queue_Object__PARAMS__C)
                  0000bb5c    00000014     MSP_EXP432P401R.obj (.const:GPIOMSP432_config)
                  0000bb70    00000010     MSP_EXP432P401R.obj (.const:PowerMSP432_config)
                  0000bb80    00000010     drivers_MSP432P401R.aem4f : I2C.oem4f (.const)
                  0000bb90    00000010     Robot_pem4f.oem4f (.const:xdc_runtime_Startup_sfxnRts__A)
                  0000bba0    0000000c     drivers_MSP432P401R.aem4f : GPIOMSP432.oem4f (.const:.string)
                  0000bbac    0000000c     Robot_pem4f.oem4f (.const:xdc_runtime_Startup_firstFxns__A)
                  0000bbb8    00000008     MSP_EXP432P401R.obj (.const:.string:$P$T0$1)
                  0000bbc0    00000008     Robot_pem4f.oem4f (.const:ti_sysbios_family_arm_m3_Hwi_excHookFuncs__A)
                  0000bbc8    00000008     Robot_pem4f.oem4f (.const:ti_sysbios_knl_Idle_funcList__A)
                  0000bbd0    00000008     Robot_pem4f.oem4f (.const:ti_sysbios_knl_Idle_funcList__C)
                  0000bbd8    00000008     Robot_pem4f.oem4f (.const:xdc_runtime_Startup_firstFxns__C)
                  0000bbe0    00000008     Robot_pem4f.oem4f (.const:xdc_runtime_Startup_lastFxns__C)
                  0000bbe8    00000004     Robot_pem4f.oem4f (.const:ti_sysbios_family_arm_m3_Hwi_E_NMI__C)
                  0000bbec    00000004     Robot_pem4f.oem4f (.const:ti_sysbios_family_arm_m3_Hwi_E_alreadyDefined__C)
                  0000bbf0    00000004     Robot_pem4f.oem4f (.const:ti_sysbios_family_arm_m3_Hwi_E_busFault__C)
                  0000bbf4    00000004     Robot_pem4f.oem4f (.const:ti_sysbios_family_arm_m3_Hwi_E_debugMon__C)
                  0000bbf8    00000004     Robot_pem4f.oem4f (.const:ti_sysbios_family_arm_m3_Hwi_E_hardFault__C)
                  0000bbfc    00000004     Robot_pem4f.oem4f (.const:ti_sysbios_family_arm_m3_Hwi_E_memFault__C)
                  0000bc00    00000004     Robot_pem4f.oem4f (.const:ti_sysbios_family_arm_m3_Hwi_E_noIsr__C)
                  0000bc04    00000004     Robot_pem4f.oem4f (.const:ti_sysbios_family_arm_m3_Hwi_E_reserved__C)
                  0000bc08    00000004     Robot_pem4f.oem4f (.const:ti_sysbios_family_arm_m3_Hwi_E_svCall__C)
                  0000bc0c    00000004     Robot_pem4f.oem4f (.const:ti_sysbios_family_arm_m3_Hwi_E_usageFault__C)
                  0000bc10    00000004     Robot_pem4f.oem4f (.const:ti_sysbios_family_arm_m3_Hwi_NUM_INTERRUPTS__C)
                  0000bc14    00000004     Robot_pem4f.oem4f (.const:ti_sysbios_family_arm_m3_Hwi_Object__count__C)
                  0000bc18    00000004     Robot_pem4f.oem4f (.const:ti_sysbios_family_arm_m3_Hwi_ccr__C)
                  0000bc1c    00000004     Robot_pem4f.oem4f (.const:ti_sysbios_family_arm_m3_Hwi_excHandlerFunc__C)
                  0000bc20    00000004     Robot_pem4f.oem4f (.const:ti_sysbios_family_arm_m3_Hwi_excHookFuncs__C)
                  0000bc24    00000004     Robot_pem4f.oem4f (.const:ti_sysbios_family_arm_m3_Hwi_nullIsrFunc__C)
                  0000bc28    00000004     Robot_pem4f.oem4f (.const:ti_sysbios_family_arm_m3_Hwi_priGroup__C)
                  0000bc2c    00000004     Robot_pem4f.oem4f (.const:ti_sysbios_family_arm_msp432_Timer_numTimerDevices__C)
                  0000bc30    00000004     Robot_pem4f.oem4f (.const:ti_sysbios_family_arm_msp432_Timer_startupNeeded__C)
                  0000bc34    00000004     Robot_pem4f.oem4f (.const:ti_sysbios_gates_GateMutex_A_badContext__C)
                  0000bc38    00000004     Robot_pem4f.oem4f (.const:ti_sysbios_gates_GateMutex_Instance_State_sem__O)
                  0000bc3c    00000004     Robot_pem4f.oem4f (.const:ti_sysbios_gates_GateMutex_Module__diagsEnabled__C)
                  0000bc40    00000004     Robot_pem4f.oem4f (.const:ti_sysbios_gates_GateMutex_Module__diagsIncluded__C)
                  0000bc44    00000004     Robot_pem4f.oem4f (.const:ti_sysbios_gates_GateMutex_Module__diagsMask__C)
                  0000bc48    00000004     Robot_pem4f.oem4f (.const:ti_sysbios_hal_Hwi_E_stackOverflow__C)
                  0000bc4c    00000004     Robot_pem4f.oem4f (.const:ti_sysbios_heaps_HeapMem_A_align__C)
                  0000bc50    00000004     Robot_pem4f.oem4f (.const:ti_sysbios_heaps_HeapMem_A_heapSize__C)
                  0000bc54    00000004     Robot_pem4f.oem4f (.const:ti_sysbios_heaps_HeapMem_A_invalidFree__C)
                  0000bc58    00000004     Robot_pem4f.oem4f (.const:ti_sysbios_heaps_HeapMem_A_zeroBlock__C)
                  0000bc5c    00000004     Robot_pem4f.oem4f (.const:ti_sysbios_heaps_HeapMem_E_memory__C)
                  0000bc60    00000004     Robot_pem4f.oem4f (.const:ti_sysbios_heaps_HeapMem_Module__diagsEnabled__C)
                  0000bc64    00000004     Robot_pem4f.oem4f (.const:ti_sysbios_heaps_HeapMem_Module__diagsIncluded__C)
                  0000bc68    00000004     Robot_pem4f.oem4f (.const:ti_sysbios_heaps_HeapMem_Module__diagsMask__C)
                  0000bc6c    00000004     Robot_pem4f.oem4f (.const:ti_sysbios_heaps_HeapMem_Module__gateObj__C)
                  0000bc70    00000004     Robot_pem4f.oem4f (.const:ti_sysbios_heaps_HeapMem_Object__count__C)
                  0000bc74    00000004     Robot_pem4f.oem4f (.const:ti_sysbios_heaps_HeapMem_reqAlign__C)
                  0000bc78    00000004     Robot_pem4f.oem4f (.const:ti_sysbios_knl_Clock_Module_State_clockQ__O)
                  0000bc7c    00000004     Robot_pem4f.oem4f (.const:ti_sysbios_knl_Semaphore_A_badContext__C)
                  0000bc80    00000004     Robot_pem4f.oem4f (.const:ti_sysbios_knl_Semaphore_A_noEvents__C)
                  0000bc84    00000004     Robot_pem4f.oem4f (.const:ti_sysbios_knl_Semaphore_A_overflow__C)
                  0000bc88    00000004     Robot_pem4f.oem4f (.const:ti_sysbios_knl_Semaphore_A_pendTaskDisabled__C)
                  0000bc8c    00000004     Robot_pem4f.oem4f (.const:ti_sysbios_knl_Semaphore_Instance_State_pendQ__O)
                  0000bc90    00000004     Robot_pem4f.oem4f (.const:ti_sysbios_knl_Semaphore_Module__diagsEnabled__C)
                  0000bc94    00000004     Robot_pem4f.oem4f (.const:ti_sysbios_knl_Semaphore_Module__diagsIncluded__C)
                  0000bc98    00000004     Robot_pem4f.oem4f (.const:ti_sysbios_knl_Semaphore_Module__diagsMask__C)
                  0000bc9c    00000004     Robot_pem4f.oem4f (.const:ti_sysbios_knl_Swi_Object__count__C)
                  0000bca0    00000004     Robot_pem4f.oem4f (.const:ti_sysbios_knl_Task_A_badTimeout__C)
                  0000bca4    00000004     Robot_pem4f.oem4f (.const:ti_sysbios_knl_Task_A_sleepTaskDisabled__C)
                  0000bca8    00000004     Robot_pem4f.oem4f (.const:ti_sysbios_knl_Task_E_spOutOfBounds__C)
                  0000bcac    00000004     Robot_pem4f.oem4f (.const:ti_sysbios_knl_Task_E_stackOverflow__C)
                  0000bcb0    00000004     Robot_pem4f.oem4f (.const:ti_sysbios_knl_Task_Module_State_inactiveQ__O)
                  0000bcb4    00000004     Robot_pem4f.oem4f (.const:ti_sysbios_knl_Task_Module__diagsEnabled__C)
                  0000bcb8    00000004     Robot_pem4f.oem4f (.const:ti_sysbios_knl_Task_Module__diagsIncluded__C)
                  0000bcbc    00000004     Robot_pem4f.oem4f (.const:ti_sysbios_knl_Task_Module__diagsMask__C)
                  0000bcc0    00000004     Robot_pem4f.oem4f (.const:ti_sysbios_knl_Task_Object__count__C)
                  0000bcc4    00000004     Robot_pem4f.oem4f (.const:ti_sysbios_knl_Task_allBlockedFunc__C)
                  0000bcc8    00000004     Robot_pem4f.oem4f (.const:ti_sysbios_knl_Task_numConstructedTasks__C)
                  0000bccc    00000004     Robot_pem4f.oem4f (.const:xdc_runtime_Assert_E_assertFailed__C)
                  0000bcd0    00000004     Robot_pem4f.oem4f (.const:xdc_runtime_Core_A_initializedParams__C)
                  0000bcd4    00000004     Robot_pem4f.oem4f (.const:xdc_runtime_Core_Module__diagsEnabled__C)
                  0000bcd8    00000004     Robot_pem4f.oem4f (.const:xdc_runtime_Core_Module__diagsIncluded__C)
                  0000bcdc    00000004     Robot_pem4f.oem4f (.const:xdc_runtime_Core_Module__diagsMask__C)
                  0000bce0    00000004     Robot_pem4f.oem4f (.const:xdc_runtime_Error_E_memory__C)
                  0000bce4    00000004     Robot_pem4f.oem4f (.const:xdc_runtime_Error_Module__diagsEnabled__C)
                  0000bce8    00000004     Robot_pem4f.oem4f (.const:xdc_runtime_Error_Module__diagsIncluded__C)
                  0000bcec    00000004     Robot_pem4f.oem4f (.const:xdc_runtime_Error_Module__diagsMask__C)
                  0000bcf0    00000004     Robot_pem4f.oem4f (.const:xdc_runtime_Error_Module__loggerFxn8__C)
                  0000bcf4    00000004     Robot_pem4f.oem4f (.const:xdc_runtime_Error_Module__loggerObj__C)
                  0000bcf8    00000004     Robot_pem4f.oem4f (.const:xdc_runtime_Error_policyFxn__C)
                  0000bcfc    00000004     Robot_pem4f.oem4f (.const:xdc_runtime_Error_raiseHook__C)
                  0000bd00    00000004     Robot_pem4f.oem4f (.const:xdc_runtime_IGateProvider_Interface__BASE__C)
                  0000bd04    00000004     Robot_pem4f.oem4f (.const:xdc_runtime_IHeap_Interface__BASE__C)
                  0000bd08    00000004     Robot_pem4f.oem4f (.const:xdc_runtime_IModule_Interface__BASE__C)
                  0000bd0c    00000004     Robot_pem4f.oem4f (.const:xdc_runtime_Log_L_error__C)
                  0000bd10    00000004     Robot_pem4f.oem4f (.const:xdc_runtime_Memory_defaultHeapInstance__C)
                  0000bd14    00000004     Robot_pem4f.oem4f (.const:xdc_runtime_Startup_execImpl__C)
                  0000bd18    00000004     Robot_pem4f.oem4f (.const:xdc_runtime_Startup_maxPasses__C)
                  0000bd1c    00000004     Robot_pem4f.oem4f (.const:xdc_runtime_Startup_sfxnRts__C)
                  0000bd20    00000004     Robot_pem4f.oem4f (.const:xdc_runtime_Startup_sfxnTab__C)
                  0000bd24    00000004     Robot_pem4f.oem4f (.const:xdc_runtime_SysMin_bufSize__C)
                  0000bd28    00000004     Robot_pem4f.oem4f (.const:xdc_runtime_SysMin_outputFunc__C)
                  0000bd2c    00000004     Robot_pem4f.oem4f (.const:xdc_runtime_System_Module__gateObj__C)
                  0000bd30    00000004     Robot_pem4f.oem4f (.const:xdc_runtime_System_abortFxn__C)
                  0000bd34    00000004     Robot_pem4f.oem4f (.const:xdc_runtime_System_exitFxn__C)
                  0000bd38    00000004     Robot_pem4f.oem4f (.const:xdc_runtime_System_extendFxn__C)
                  0000bd3c    00000004     Robot_pem4f.oem4f (.const:xdc_runtime_System_maxAtexitHandlers__C)
                  0000bd40    00000004     Robot_pem4f.oem4f (.const:xdc_runtime_Text_charTab__C)
                  0000bd44    00000004     Robot_pem4f.oem4f (.const:xdc_runtime_Text_nameEmpty__C)
                  0000bd48    00000004     Robot_pem4f.oem4f (.const:xdc_runtime_Text_nameStatic__C)
                  0000bd4c    00000004     Robot_pem4f.oem4f (.const:xdc_runtime_Text_nameUnknown__C)
                  0000bd50    00000004     Robot_pem4f.oem4f (.const:xdc_runtime_Text_nodeTab__C)
                  0000bd54    00000004     Robot_pem4f.oem4f (.const:xdc_runtime_Text_visitRopeFxn__C)
                  0000bd58    00000002     Robot_pem4f.oem4f (.const:ti_sysbios_gates_GateMutex_Module__id__C)
                  0000bd5a    00000002     Robot_pem4f.oem4f (.const:ti_sysbios_hal_Hwi_Module__id__C)
                  0000bd5c    00000002     Robot_pem4f.oem4f (.const:ti_sysbios_heaps_HeapMem_Module__id__C)
                  0000bd5e    00000002     Robot_pem4f.oem4f (.const:ti_sysbios_knl_Semaphore_Module__id__C)
                  0000bd60    00000002     Robot_pem4f.oem4f (.const:ti_sysbios_knl_Task_Module__id__C)
                  0000bd62    00000002     Robot_pem4f.oem4f (.const:xdc_runtime_Core_Module__id__C)
                  0000bd64    00000002     Robot_pem4f.oem4f (.const:xdc_runtime_Error_Module__loggerDefined__C)
                  0000bd66    00000002     Robot_pem4f.oem4f (.const:xdc_runtime_Error_maxDepth__C)
                  0000bd68    00000002     Robot_pem4f.oem4f (.const:xdc_runtime_Memory_Module__id__C)
                  0000bd6a    00000002     Robot_pem4f.oem4f (.const:xdc_runtime_SysMin_flushAtExit__C)
                  0000bd6c    00000002     Robot_pem4f.oem4f (.const:xdc_runtime_Text_charCnt__C)
                  0000bd6e    00000002     Robot_pem4f.oem4f (.const:xdc_runtime_Text_isLoaded__C)
                  0000bd70    00000002     Robot_pem4f.oem4f (.const:xdc_runtime_Text_registryModsLastId__C)
                  0000bd72    00000002     Robot_pem4f.oem4f (.const:xdc_runtime_Text_unnamedModsLastId__C)

.cinit     0    0000bd78    00000300     
                  0000bd78    000002c5     (.cinit..data.load) [load image, compression = lzss]
                  0000c03d    00000003     --HOLE-- [fill = 0]
                  0000c040    0000000c     (__TI_handler_table)
                  0000c04c    00000004     --HOLE-- [fill = 0]
                  0000c050    00000008     (.cinit..bss.load) [load image, compression = zero_init]
                  0000c058    00000008     (.cinit..vecs.load) [load image, compression = zero_init]
                  0000c060    00000018     (__TI_cinit_table)

.resetVecs 
*          0    00000000    0000003c     
                  00000000    0000003c     Robot_pem4f.oem4f (.resetVecs)

.bss       0    20000140    00004b00     UNINITIALIZED
                  20000140    00002ee0     (.common:DisplayBuffer)
                  20003020    00001400     Robot_pem4f.oem4f (.bss:taskStackSection)
                  20004420    00000400     (.common:ti_sysbios_heaps_HeapMem_Instance_State_0_buf__A)
                  20004820    00000140     (.common:ti_sysbios_family_arm_m3_Hwi_dispatchTable)
                  20004960    00000120     rtsv7M4_T_le_v4SPD16_eabi.lib : trgmsg.obj (.bss:_CIOBUF_)
                  20004a80    000000d8     (.common:i2cMSP432Objects)
                  20004b58    00000080     (.common:xdc_runtime_SysMin_Module_State_0_outbuf__A)
                  20004bd8    00000030     drivers_MSP432P401R.aem4f : GPIOMSP432.oem4f (.bss:gpioCallbackInfo)
                  20004c08    00000030     (.common:pwmTimerMSP432Objects)
                  20004c38    00000008     (.common:parmbuf)

.data      0    20004c40    00000728     UNINITIALIZED
                  20004c40    00000130     Robot_pem4f.oem4f (.data:ti_sysbios_knl_Task_Object__table__V)
                  20004d70    0000009c     drivers_MSP432P401R.aem4f : PowerMSP432.oem4f (.data:PowerMSP432_perfLevels)
                  20004e0c    00000080                               : PWMTimerMSP432.oem4f (.data:pwmTimerStatus)
                  20004e8c    00000080     Robot_pem4f.oem4f (.data:ti_sysbios_knl_Swi_Module_State_0_readyQ__A)
                  20004f0c    00000080     Robot_pem4f.oem4f (.data:ti_sysbios_knl_Task_Module_State_0_readyQ__A)
                  20004f8c    0000006c     MSP_EXP432P401R.obj (.data:gpioCallbackFunctions)
                  20004ff8    0000006c     MSP_EXP432P401R.obj (.data:gpioPinConfigs)
                  20005064    0000004c     Robot_pem4f.oem4f (.data:ti_sysbios_family_arm_msp432_Timer_Object__table__V)
                  200050b0    00000044     Robot_pem4f.oem4f (.data:ti_sysbios_knl_Task_Module__state__V)
                  200050f4    00000038     Robot_pem4f.oem4f (.data:ti_sysbios_gates_GateMutex_Object__table__V)
                  2000512c    00000034     Robot_pem4f.oem4f (.data:ti_sysbios_family_arm_m3_Hwi_Module__state__V)
                  20005160    00000030     msp432p4xx_driverlib.lib : gpio.o (.data:GPIO_PORT_TO_BASE)
                  20005190    00000030     Robot_pem4f.oem4f (.data:ti_sysbios_knl_Swi_Object__table__V)
                  200051c0    0000002c     Robot_pem4f.oem4f (.data:ti_sysbios_knl_Clock_Module__state__V)
                  200051ec    00000028     drivers_MSP432P401R.aem4f : PowerMSP432.oem4f (.data:PowerMSP432_module)
                  20005214    00000024     Robot_pem4f.oem4f (.data:ti_sysbios_BIOS_Module__state__V)
                  20005238    00000020     Robot_pem4f.oem4f (.data:ti_sysbios_family_arm_msp432_Timer_Module_State_0_device__A)
                  20005258    0000001c     Robot_pem4f.oem4f (.data:ti_sysbios_knl_Swi_Module__state__V)
                  20005274    00000018     Robot_pem4f.oem4f (.data:ti_sysbios_family_arm_m3_Hwi_Object__table__V)
                  2000528c    00000018     Robot_pem4f.oem4f (.data:ti_sysbios_heaps_HeapMem_Object__table__V)
                  200052a4    00000010     Robot_pem4f.oem4f (.data:ti_sysbios_family_arm_msp432_Timer_Module_State_0_handles__A)
                  200052b4    0000000c     rtsv7M4_T_le_v4SPD16_eabi.lib : exit.obj (.data:$O1$$)
                  200052c0    0000000c     Robot_pem4f.oem4f (.data:ti_sysbios_family_arm_msp432_ClockFreqs_Module__state__V)
                  200052cc    0000000c     Robot_pem4f.oem4f (.data:ti_sysbios_family_arm_msp432_Timer_Module__state__V)
                  200052d8    0000000c     Robot_pem4f.oem4f (.data:xdc_runtime_SysMin_Module__state__V)
                  200052e4    00000008     rtsv7M4_T_le_v4SPD16_eabi.lib : _lock.obj (.data:$O1$$)
                  200052ec    00000008     Robot_pem4f.oem4f (.data:ti_sysbios_family_arm_m3_Hwi_Module__root__V)
                  200052f4    00000008     Robot_pem4f.oem4f (.data:ti_sysbios_gates_GateHwi_Module__root__V)
                  200052fc    00000008     Robot_pem4f.oem4f (.data:ti_sysbios_gates_GateMutex_Module__root__V)
                  20005304    00000008     Robot_pem4f.oem4f (.data:ti_sysbios_heaps_HeapMem_Module__root__V)
                  2000530c    00000008     Robot_pem4f.oem4f (.data:ti_sysbios_knl_Queue_Module__root__V)
                  20005314    00000008     Robot_pem4f.oem4f (.data:ti_sysbios_knl_Semaphore_Module__root__V)
                  2000531c    00000008     Robot_pem4f.oem4f (.data:xdc_runtime_Registry_Module__state__V)
                  20005324    00000008     Robot_pem4f.oem4f (.data:xdc_runtime_Startup_Module__state__V)
                  2000532c    00000008     Robot_pem4f.oem4f (.data:xdc_runtime_System_Module_State_0_atexitHandlers__A)
                  20005334    00000008     Robot_pem4f.oem4f (.data:xdc_runtime_System_Module__state__V)
                  2000533c    00000004     drivers_MSP432P401R.aem4f : I2C.oem4f (.data)
                  20005340    00000004                               : PWM.oem4f (.data)
                  20005344    00000004     rtsv7M4_T_le_v4SPD16_eabi.lib : errno.obj (.data)
                  20005348    00000004                                   : stkdepth_vars.obj (.data)
                  2000534c    00000004     Robot_pem4f.oem4f (.data:ti_sysbios_family_arm_m3_Hwi_Module_State_0_excContext__A)
                  20005350    00000004     Robot_pem4f.oem4f (.data:ti_sysbios_family_arm_m3_Hwi_Module_State_0_excStack__A)
                  20005354    00000004     Robot_pem4f.oem4f (.data:ti_sysbios_gates_GateHwi_Object__table__V)
                  20005358    00000004     Robot_pem4f.oem4f (.data:ti_sysbios_knl_Task_Module_State_0_idleTask__A)
                  2000535c    00000004     Robot_pem4f.oem4f (.data:xdc_runtime_Memory_Module__state__V)
                  20005360    00000002     Sharp96x96.obj (.data)
                  20005362    00000002     Robot_pem4f.oem4f (.data:ti_sysbios_family_arm_m3_Hwi_Module_State_0_excActive__A)
                  20005364    00000002     Robot_pem4f.oem4f (.data:xdc_runtime_Error_Module__state__V)
                  20005366    00000001     drivers_MSP432P401R.aem4f : GPIOMSP432.oem4f (.data)
                  20005367    00000001     main.obj (.data)

.stack     0    2000fd00    00000300     UNINITIALIZED
                  2000fd00    00000300     --HOLE--

.bootVecs 
*          0    00000000    00000008     DSECT
                  00000000    00000008     boot.aem4f : boot.oem4f (.bootVecs)

.vecs      0    20000000    00000140     UNINITIALIZED
                  20000000    00000140     Robot_pem4f.oem4f (.vecs)

xdc.meta   0    00000000    000000e5     COPY SECTION
                  00000000    000000e5     Robot_pem4f.oem4f (xdc.meta)

.binit     0    00000000    00000000     

MODULE SUMMARY

       Module                     code    ro data   rw data
       ------                     ----    -------   -------
    ./
       MSP_EXP432P401R.obj        144     248       480    
       screenTask.obj             484     0         0      
       sensorTask.obj             266     0         0      
       main.obj                   212     0         1      
       buttons.obj                40      0         0      
       heartBeatTask.obj          18      0         0      
    +--+--------------------------+-------+---------+---------+
       Total:                     1164    248       481    
                                                           
    ./LCDDriver/
       Sharp96x96.obj             1706    76        12002  
       Sharp96x96utils.obj        98      0         0      
    +--+--------------------------+-------+---------+---------+
       Total:                     1804    76        12002  
                                                           
    ./fonts/
       fontcm20b.obj              0       2581      0      
    +--+--------------------------+-------+---------+---------+
       Total:                     0       2581      0      
                                                           
    ./grlib/
       string.obj                 1234    0         0      
       line.obj                   164     0         0      
       context.obj                74      0         0      
    +--+--------------------------+-------+---------+---------+
       Total:                     1472    0         0      
                                                           
    /Users/AntonyHwang/Desktop/CSRobot_01_2017/Debug/configPkg/package/cfg/
       Robot_pem4f.oem4f          1600    7510      8116   
    +--+--------------------------+-------+---------+---------+
       Total:                     1600    7510      8116   
                                                           
    /Applications/ti/ccsv7/tools/compiler/ti-cgt-arm_16.9.4.LTS/lib/rtsv7M4_T_le_v4SPD16_eabi.lib
       _printfi.obj               4414    0         0      
       ull_div_t2.obj             500     0         0      
       fd_add_t2.obj              438     0         0      
       trgmsg.obj                 104     0         288    
       fd_div_t2.obj              310     0         0      
       fd_cmp_t2.obj              268     0         0      
       ctype.obj                  0       257       0      
       fd_mul_t2.obj              252     0         0      
       s_scalbn.obj               252     0         0      
       memcpy_t2.obj              156     0         0      
       memset_t2.obj              122     0         0      
       copy_decompress_lzss.obj   104     0         0      
       s_frexp.obj                100     0         0      
       exit.obj                   84      0         12     
       sprintf.obj                96      0         0      
       hostwrite.obj              88      0         0      
       ltoa.obj                   84      0         0      
       atoi.obj                   76      0         0      
       cpy_tbl.obj                76      0         0      
       fd_toi_t2.obj              72      0         0      
       u_divt2.obj                64      0         0      
       i_tofd_t2.obj              46      0         0      
       _lock.obj                  20      0         8      
       memccpy.obj                28      0         0      
       args_main.obj              24      0         0      
       strchr.obj                 22      0         0      
       s_copysign.obj             20      0         0      
       strlen.obj                 20      0         0      
       copy_decompress_none.obj   14      0         0      
       copy_zero_init.obj         12      0         0      
       hostopen.obj               0       0         8      
       errno.obj                  0       0         4      
       stkdepth_vars.obj          0       0         4      
       i_div0.obj                 2       0         0      
    +--+--------------------------+-------+---------+---------+
       Total:                     7868    257       324    
                                                           
    /Applications/ti/tirtos_msp43x_2_20_00_06/products/bios_6_46_00_23/packages/ti/targets/arm/rtsarm/lib/auto_init.aem4f
       auto_init.oem4f            160     0         0      
    +--+--------------------------+-------+---------+---------+
       Total:                     160     0         0      
                                                           
    /Applications/ti/tirtos_msp43x_2_20_00_06/products/bios_6_46_00_23/packages/ti/targets/arm/rtsarm/lib/boot.aem4f
       boot.oem4f                 88      0         0      
    +--+--------------------------+-------+---------+---------+
       Total:                     88      0         0      
                                                           
    /Applications/ti/tirtos_msp43x_2_20_00_06/products/bios_6_46_00_23/packages/ti/targets/arm/rtsarm/lib/ti.targets.arm.rtsarm.aem4f
       System.oem4f               1255    0         0      
       Text.oem4f                 672     0         0      
       Error.oem4f                524     0         0      
       Core-mem.oem4f             358     0         0      
       Startup.oem4f              340     0         0      
       SysMin.oem4f               248     0         0      
       Core-smem.oem4f            204     0         0      
       Memory.oem4f               176     0         0      
       Assert.oem4f               84      0         0      
[...]
000091e5  __TI_zero_init                                              
000091f1  ti_sysbios_family_arm_m3_Hwi_Params__init__S                
000091f1  ti_sysbios_hal_Hwi_HwiProxy_Params__init__S                 
00009201  ti_sysbios_family_arm_m3_Hwi_disableFxn__E                  
00009201  ti_sysbios_hal_Hwi_HwiProxy_disable__E                      
00009211  ti_sysbios_family_arm_m3_TaskSupport_checkStack__E          
00009211  ti_sysbios_knl_Task_SupportProxy_checkStack__E              
00009221  ti_sysbios_family_arm_msp432_Timer_getMaxTicks__E           
00009231  ti_sysbios_gates_GateHwi_enter__E                           
0000923d  ti_sysbios_knl_Queue_Object__get__S                         
00009249  ti_sysbios_knl_Semaphore_Params__init__S                    
00009255  xdc_runtime_Error_init__E                                   
00009261  xdc_runtime_Gate_enterSystem__E                             
0000926d  xdc_runtime_Memory_calloc__E                                
00009279  xdc_runtime_Memory_getMaxDefaultTypeAlign__E                
00009285  xdc_runtime_Startup_rtsDone__E                              
00009291  I2CMSP432_init                                              
0000929b  I2C_close                                                   
000092a5  I2C_transfer                                                
000092af  SemaphoreP_post                                             
000092af  SemaphoreP_postFromClock                                    
000092af  SemaphoreP_postFromISR                                      
000092b9  xdc_runtime_Memory_HeapProxy_alloc__E                       
000092c3  xdc_runtime_Memory_HeapProxy_free__E                        
000092cd  I2C_enableInterrupt                                         
000092d5  MSP_EXP432P401R_initGPIO                                    
000092dd  MSP_EXP432P401R_initGeneral                                 
000092e5  PCM_setPowerMode                                            
000092ed  PCM_setPowerState                                           
000092f5  PWMTimerMSP432_init                                         
000092fd  SemaphoreP_Params_init                                      
00009305  Timer_A_startCounter                                        
00009319  ti_sysbios_family_arm_m3_Hwi_doSwiRestore__I                
00009321  ti_sysbios_family_arm_m3_Hwi_startup__E                     
00009321  ti_sysbios_hal_Hwi_HwiProxy_startup__E                      
00009329  I2C_getInterruptStatus                                      
0000932f  I2C_masterReceiveMultiByteNext                              
00009335  PWMTimerMSP432_control                                      
0000933b  xdc_runtime_System_Module_startup__E                        
00009341  ti_sysbios_family_arm_m3_Hwi_doTaskRestore__I               
00009349  HwiP_restore                                                
00009349  ti_sysbios_family_arm_m3_Hwi_restoreFxn__E                  
00009349  ti_sysbios_hal_Hwi_HwiProxy_restore__E                      
00009351  ti_sysbios_gates_GateHwi_leave__E                           
00009359  ti_sysbios_heaps_HeapMem_isBlocking__E                      
00009361  ti_sysbios_knl_Queue_Instance_init__E                       
00009369  ti_sysbios_knl_Swi_startup__E                               
00009371  ti_sysbios_gates_GateHwi_query__E                           
00009371  xdc_runtime_Main_Module_GateProxy_query__E                  
00009371  xdc_runtime_System_Module_GateProxy_query__E                
00009379  ti_sysbios_BIOS_RtsGateProxy_query__E                       
00009379  ti_sysbios_gates_GateMutex_query__E                         
00009379  ti_sysbios_heaps_HeapMem_Module_GateProxy_query__E          
00009381  ti_sysbios_knl_Task_startup__E                              
00009389  ti_sysbios_BIOS_linkedWithIncorrectBootLibrary__E           
00009391  ti_sysbios_gates_GateHwi_Instance_init__E                   
00009399  ti_sysbios_knl_Clock_logTick__E                             
0000939c  xdc_runtime_Text_charTab__A                                 
0000b528  _ctypes_                                                    
0000b629  xdc_runtime_Error_policy__C                                 
0000b62a  ti_sysbios_family_arm_m3_Hwi_Module__id__C                  
0000b62c  g_sFontCm20b                                                
0000b6f4  xdc_runtime_Text_nodeTab__A                                 
0000b7ec  PWM_config                                                  
0000b828  I2C_config                                                  
0000b858  g_sharp96x96LCD                                             
0000b888  i2cMSP432HWAttrs                                            
0000b8b8  pwmTimerMSP432HWAttrs                                       
0000b8e8  ti_sysbios_family_arm_m3_Hwi_Object__PARAMS__C              
0000b918  PWMTimerMSP432_fxnTable                                     
0000b940  ti_sysbios_heaps_HeapMem_Module__FXNS__C                    
0000b968  ti_sysbios_gates_GateHwi_Module__FXNS__C                    
0000b98c  ti_sysbios_gates_GateMutex_Module__FXNS__C                  
0000b9b0  ti_sysbios_heaps_HeapMem_Object__PARAMS__C                  
0000b9d4  ti_sysbios_knl_Semaphore_Object__PARAMS__C                  
0000b9f8  I2CMSP432_fxnTable                                          
0000ba18  ti_sysbios_family_arm_m3_Hwi_Object__DESC__C                
0000ba38  ti_sysbios_gates_GateHwi_Object__DESC__C                    
0000ba58  ti_sysbios_gates_GateMutex_Object__DESC__C                  
0000ba78  ti_sysbios_heaps_HeapMem_Object__DESC__C                    
0000ba98  ti_sysbios_knl_Queue_Object__DESC__C                        
0000bab8  ti_sysbios_knl_Semaphore_Object__DESC__C                    
0000bad8  xdc_runtime_Startup_sfxnTab__A                              
0000bb14  ti_sysbios_gates_GateHwi_Object__PARAMS__C                  
0000bb2c  ti_sysbios_gates_GateMutex_Object__PARAMS__C                
0000bb44  ti_sysbios_knl_Queue_Object__PARAMS__C                      
0000bb5c  GPIOMSP432_config                                           
0000bb70  PowerMSP432_config                                          
0000bb80  I2C_defaultParams                                           
0000bb90  xdc_runtime_Startup_sfxnRts__A                              
0000bbac  xdc_runtime_Startup_firstFxns__A                            
0000bbc0  ti_sysbios_family_arm_m3_Hwi_excHookFuncs__A                
0000bbc8  ti_sysbios_knl_Idle_funcList__A                             
0000bbd0  ti_sysbios_knl_Idle_funcList__C                             
0000bbd8  xdc_runtime_Startup_firstFxns__C                            
0000bbe0  xdc_runtime_Startup_lastFxns__C                             
0000bbe8  ti_sysbios_family_arm_m3_Hwi_E_NMI__C                       
0000bbec  ti_sysbios_family_arm_m3_Hwi_E_alreadyDefined__C            
0000bbf0  ti_sysbios_family_arm_m3_Hwi_E_busFault__C                  
0000bbf4  ti_sysbios_family_arm_m3_Hwi_E_debugMon__C                  
0000bbf8  ti_sysbios_family_arm_m3_Hwi_E_hardFault__C                 
0000bbfc  ti_sysbios_family_arm_m3_Hwi_E_memFault__C                  
0000bc00  ti_sysbios_family_arm_m3_Hwi_E_noIsr__C                     
0000bc04  ti_sysbios_family_arm_m3_Hwi_E_reserved__C                  
0000bc08  ti_sysbios_family_arm_m3_Hwi_E_svCall__C                    
0000bc0c  ti_sysbios_family_arm_m3_Hwi_E_usageFault__C                
0000bc10  ti_sysbios_family_arm_m3_Hwi_NUM_INTERRUPTS__C              
0000bc14  ti_sysbios_family_arm_m3_Hwi_Object__count__C               
0000bc18  ti_sysbios_family_arm_m3_Hwi_ccr__C                         
0000bc1c  ti_sysbios_family_arm_m3_Hwi_excHandlerFunc__C              
0000bc20  ti_sysbios_family_arm_m3_Hwi_excHookFuncs__C                
0000bc24  ti_sysbios_family_arm_m3_Hwi_nullIsrFunc__C                 
0000bc28  ti_sysbios_family_arm_m3_Hwi_priGroup__C                    
0000bc2c  ti_sysbios_family_arm_msp432_Timer_numTimerDevices__C       
0000bc30  ti_sysbios_family_arm_msp432_Timer_startupNeeded__C         
0000bc34  ti_sysbios_gates_GateMutex_A_badContext__C                  
0000bc38  ti_sysbios_gates_GateMutex_Instance_State_sem__O            
0000bc3c  ti_sysbios_gates_GateMutex_Module__diagsEnabled__C          
0000bc40  ti_sysbios_gates_GateMutex_Module__diagsIncluded__C         
0000bc44  ti_sysbios_gates_GateMutex_Module__diagsMask__C             
0000bc48  ti_sysbios_hal_Hwi_E_stackOverflow__C                       
0000bc4c  ti_sysbios_heaps_HeapMem_A_align__C                         
0000bc50  ti_sysbios_heaps_HeapMem_A_heapSize__C                      
0000bc54  ti_sysbios_heaps_HeapMem_A_invalidFree__C                   
0000bc58  ti_sysbios_heaps_HeapMem_A_zeroBlock__C                     
0000bc5c  ti_sysbios_heaps_HeapMem_E_memory__C                        
0000bc60  ti_sysbios_heaps_HeapMem_Module__diagsEnabled__C            
0000bc64  ti_sysbios_heaps_HeapMem_Module__diagsIncluded__C           
0000bc68  ti_sysbios_heaps_HeapMem_Module__diagsMask__C               
0000bc6c  ti_sysbios_heaps_HeapMem_Module__gateObj__C                 
0000bc70  ti_sysbios_heaps_HeapMem_Object__count__C                   
0000bc74  ti_sysbios_heaps_HeapMem_reqAlign__C                        
0000bc78  ti_sysbios_knl_Clock_Module_State_clockQ__O                 
0000bc7c  ti_sysbios_knl_Semaphore_A_badContext__C                    
0000bc80  ti_sysbios_knl_Semaphore_A_noEvents__C                      
0000bc84  ti_sysbios_knl_Semaphore_A_overflow__C                      
0000bc88  ti_sysbios_knl_Semaphore_A_pendTaskDisabled__C              
0000bc8c  ti_sysbios_knl_Semaphore_Instance_State_pendQ__O            
0000bc90  ti_sysbios_knl_Semaphore_Module__diagsEnabled__C            
0000bc94  ti_sysbios_knl_Semaphore_Module__diagsIncluded__C           
0000bc98  ti_sysbios_knl_Semaphore_Module__diagsMask__C               
0000bc9c  ti_sysbios_knl_Swi_Object__count__C                         
0000bca0  ti_sysbios_knl_Task_A_badTimeout__C                         
0000bca4  ti_sysbios_knl_Task_A_sleepTaskDisabled__C                  
0000bca8  ti_sysbios_knl_Task_E_spOutOfBounds__C                      
0000bcac  ti_sysbios_knl_Task_E_stackOverflow__C                      
0000bcb0  ti_sysbios_knl_Task_Module_State_inactiveQ__O               
0000bcb4  ti_sysbios_knl_Task_Module__diagsEnabled__C                 
0000bcb8  ti_sysbios_knl_Task_Module__diagsIncluded__C                
0000bcbc  ti_sysbios_knl_Task_Module__diagsMask__C                    
0000bcc0  ti_sysbios_knl_Task_Object__count__C                        
0000bcc4  ti_sysbios_knl_Task_allBlockedFunc__C                       
0000bcc8  ti_sysbios_knl_Task_numConstructedTasks__C                  
0000bccc  xdc_runtime_Assert_E_assertFailed__C                        
0000bcd0  xdc_runtime_Core_A_initializedParams__C                     
0000bcd4  xdc_runtime_Core_Module__diagsEnabled__C                    
0000bcd8  xdc_runtime_Core_Module__diagsIncluded__C                   
0000bcdc  xdc_runtime_Core_Module__diagsMask__C                       
0000bce0  xdc_runtime_Error_E_memory__C                               
0000bce4  xdc_runtime_Error_Module__diagsEnabled__C                   
0000bce8  xdc_runtime_Error_Module__diagsIncluded__C                  
0000bcec  xdc_runtime_Error_Module__diagsMask__C                      
0000bcf0  xdc_runtime_Error_Module__loggerFxn8__C                     
0000bcf4  xdc_runtime_Error_Module__loggerObj__C                      
0000bcf8  xdc_runtime_Error_policyFxn__C                              
0000bcfc  xdc_runtime_Error_raiseHook__C                              
0000bd00  xdc_runtime_IGateProvider_Interface__BASE__C                
0000bd04  xdc_runtime_IHeap_Interface__BASE__C                        
0000bd08  xdc_runtime_IModule_Interface__BASE__C                      
0000bd0c  xdc_runtime_Log_L_error__C                                  
0000bd10  xdc_runtime_Memory_defaultHeapInstance__C                   
0000bd14  xdc_runtime_Startup_execImpl__C                             
0000bd18  xdc_runtime_Startup_maxPasses__C                            
0000bd1c  xdc_runtime_Startup_sfxnRts__C                              
0000bd20  xdc_runtime_Startup_sfxnTab__C                              
0000bd24  xdc_runtime_SysMin_bufSize__C                               
0000bd28  xdc_runtime_SysMin_outputFunc__C                            
0000bd2c  xdc_runtime_System_Module__gateObj__C                       
0000bd30  xdc_runtime_System_abortFxn__C                              
0000bd34  xdc_runtime_System_exitFxn__C                               
0000bd38  xdc_runtime_System_extendFxn__C                             
0000bd3c  xdc_runtime_System_maxAtexitHandlers__C                     
0000bd40  xdc_runtime_Text_charTab__C                                 
0000bd44  xdc_runtime_Text_nameEmpty__C                               
0000bd48  xdc_runtime_Text_nameStatic__C                              
0000bd4c  xdc_runtime_Text_nameUnknown__C                             
0000bd50  xdc_runtime_Text_nodeTab__C                                 
0000bd54  xdc_runtime_Text_visitRopeFxn__C                            
0000bd58  ti_sysbios_gates_GateMutex_Module__id__C                    
0000bd5a  ti_sysbios_hal_Hwi_Module__id__C                            
0000bd5c  ti_sysbios_heaps_HeapMem_Module__id__C                      
0000bd5e  ti_sysbios_knl_Semaphore_Module__id__C                      
0000bd60  ti_sysbios_knl_Task_Module__id__C                           
0000bd62  xdc_runtime_Core_Module__id__C                              
0000bd64  xdc_runtime_Error_Module__loggerDefined__C                  
0000bd66  xdc_runtime_Error_maxDepth__C                               
0000bd68  xdc_runtime_Memory_Module__id__C                            
0000bd6a  xdc_runtime_SysMin_flushAtExit__C                           
0000bd6c  xdc_runtime_Text_charCnt__C                                 
0000bd6e  xdc_runtime_Text_isLoaded__C                                
0000bd70  xdc_runtime_Text_registryModsLastId__C                      
0000bd72  xdc_runtime_Text_unnamedModsLastId__C                       
0000bd78  __TI_static_base__                                          
0000c040  __TI_Handler_Table_Base                                     
0000c04c  __TI_Handler_Table_Limit                                    
0000c060  __TI_CINIT_Base                                             
0000c078  __TI_CINIT_Limit                                            
20000000  ti_sysbios_family_arm_m3_Hwi_ramVectors                     
20000140  DisplayBuffer                                               
20003020  ti_sysbios_knl_Task_Instance_State_0_stack__A               
20003220  ti_sysbios_knl_Task_Instance_State_1_stack__A               
20003a20  ti_sysbios_knl_Task_Instance_State_2_stack__A               
20004220  ti_sysbios_knl_Task_Instance_State_3_stack__A               
20004420  ti_sysbios_heaps_HeapMem_Instance_State_0_buf__A            
20004820  ti_sysbios_family_arm_m3_Hwi_dispatchTable                  
20004960  __CIOBUF_                                                   
20004a80  i2cMSP432Objects                                            
20004b58  xdc_runtime_SysMin_Module_State_0_outbuf__A                 
20004c08  pwmTimerMSP432Objects                                       
20004c38  parmbuf                                                     
20004c40  ti_sysbios_knl_Task_Object__table__V                        
20004d70  PowerMSP432_perfLevels                                      
20004e8c  ti_sysbios_knl_Swi_Module_State_0_readyQ__A                 
20004f0c  ti_sysbios_knl_Task_Module_State_0_readyQ__A                
20004f8c  gpioCallbackFunctions                                       
20004ff8  gpioPinConfigs                                              
20005064  ti_sysbios_family_arm_msp432_Timer_Object__table__V         
200050b0  ti_sysbios_knl_Task_Module__state__V                        
200050f4  ti_sysbios_gates_GateMutex_Object__table__V                 
2000512c  ti_sysbios_family_arm_m3_Hwi_Module__state__V               
20005190  ti_sysbios_knl_Swi_Object__table__V                         
200051c0  ti_sysbios_knl_Clock_Module__state__V                       
200051ec  PowerMSP432_module                                          
20005214  ti_sysbios_BIOS_Module__state__V                            
20005238  ti_sysbios_family_arm_msp432_Timer_Module_State_0_device__A 
20005258  ti_sysbios_knl_Swi_Module__state__V                         
20005274  ti_sysbios_family_arm_m3_Hwi_Object__table__V               
2000528c  ti_sysbios_heaps_HeapMem_Object__table__V                   
200052a4  ti_sysbios_family_arm_msp432_Timer_Module_State_0_handles__A
200052b4  __TI_cleanup_ptr                                            
200052b8  __TI_dtors_ptr                                              
200052bc  __TI_enable_exit_profile_output                             
200052c0  ti_sysbios_family_arm_msp432_ClockFreqs_Module__state__V    
200052cc  ti_sysbios_family_arm_msp432_Timer_Module__state__V         
200052d8  xdc_runtime_SysMin_Module__state__V                         
200052e4  _lock                                                       
200052e8  _unlock                                                     
200052ec  ti_sysbios_family_arm_m3_Hwi_Module__root__V                
200052f4  ti_sysbios_gates_GateHwi_Module__root__V                    
200052fc  ti_sysbios_gates_GateMutex_Module__root__V                  
20005304  ti_sysbios_heaps_HeapMem_Module__root__V                    
2000530c  ti_sysbios_knl_Queue_Module__root__V                        
20005314  ti_sysbios_knl_Semaphore_Module__root__V                    
2000531c  xdc_runtime_Registry_Module__state__V                       
20005324  xdc_runtime_Startup_Module__state__V                        
2000532c  xdc_runtime_System_Module_State_0_atexitHandlers__A         
20005334  xdc_runtime_System_Module__state__V                         
20005344  errno                                                       
20005348  main_func_sp                                                
2000534c  ti_sysbios_family_arm_m3_Hwi_Module_State_0_excContext__A   
20005350  ti_sysbios_family_arm_m3_Hwi_Module_State_0_excStack__A     
20005354  ti_sysbios_gates_GateHwi_Object__table__V                   
20005358  ti_sysbios_knl_Task_Module_State_0_idleTask__A              
2000535c  xdc_runtime_Memory_Module__state__V                         
20005360  VCOMbit                                                     
20005361  flagSendToggleVCOMCommand                                   
20005362  ti_sysbios_family_arm_m3_Hwi_Module_State_0_excActive__A    
20005364  xdc_runtime_Error_Module__state__V                          
20005367  state                                                       
2000fd00  __stack                                                     
20010000  __STACK_END                                                 
4000480c  WDTCTL_SYM                                                  
e000e000  ti_sysbios_family_arm_m3_Hwi_nvic                           
ffffffff  __TI_pprof_out_hndl                                         
ffffffff  __TI_prof_data_size                                         
ffffffff  __TI_prof_data_start                                        
ffffffff  __binit__                                                   
ffffffff  __c_args__                                                  
ffffffff  binit                                                       
UNDEFED   SHT$$INIT_ARRAY$$Base                                       
UNDEFED   SHT$$INIT_ARRAY$$Limit                                      

[686 symbols]
