******************************************************************************
                  TI ARM Linker PC v16.9.4                     
******************************************************************************
>> Linked Tue Nov 21 22:19:44 2017

OUTPUT FILE NAME:   <CSRobot_01.out>
ENTRY POINT SYMBOL: "_c_int00"  address: 00007e49


MEMORY CONFIGURATION

         name            origin    length      used     unused   attr    fill
----------------------  --------  ---------  --------  --------  ----  --------
  MAIN                  00000000   00040000  0000d5af  00032a51  R  X
  INFO                  00200000   00004000  00000000  00004000  R  X
  SRAM_CODE             01000000   00010000  00000000  00010000  RW X
  SRAM_DATA             20000000   00010000  000061f0  00009e10  RW  


SEGMENT ALLOCATION MAP

run origin  load origin   length   init length attrs members
----------  ----------- ---------- ----------- ----- -------
00000000    00000000    0000d5b8   0000d5b8    r-x
  00000000    00000000    0000003c   0000003c    r-- .resetVecs
  00000040    00000040    0000a7fa   0000a7fa    r-x .text
  0000a83c    0000a83c    00002a59   00002a59    r-- .const
  0000d298    0000d298    00000320   00000320    r-- .cinit
20000000    20000000    00005ef0   00000000    rw-
  20000000    20000000    00000140   00000000    rw- .vecs
  20000140    20000140    00005620   00000000    rw- .bss
  20005760    20005760    00000790   00000000    rw- .data
2000fd00    2000fd00    00000300   00000000    rw-
  2000fd00    2000fd00    00000300   00000000    rw- .stack


SECTION ALLOCATION MAP

 output                                  attributes/
section   page    origin      length       input sections
--------  ----  ----------  ----------   ----------------
.text      0    00000040    0000a7fa     
                  00000040    0000113e     rtsv7M4_T_le_v4SPD16_eabi.lib : _printfi.obj (.text)
                  0000117e    00000002     power_tirtos_MSP432P401R.aem4f : PowerMSP432_tirtos.oem4f (.text:PowerMSP432_initPolicy)
                  00001180    000004cc     screenTask.obj (.text:screenTaskFxn)
                  0000164c    00000492     string.obj (.text:Graphics_drawString)
                  00001ade    00000002     rtsv7M4_T_le_v4SPD16_eabi.lib : i_div0.obj (.text)
                  00001ae0    00000430     sysbios.aem4f : BIOS.obj (.text:ti_sysbios_family_arm_m3_Hwi_excDumpRegs__I)
                  00001f10    00000350     motor.obj (.text:speedPID)
                  00002260    0000034c     ti.targets.arm.rtsarm.aem4f : System.oem4f (.text:xdc_runtime_System_doPrint__I)
                  000025ac    00000004     msp432p4xx_driverlib.lib : cpu.o (.text:CPU_wfi)
                  000025b0    000002b0     sysbios.aem4f : BIOS.obj (.text:ti_sysbios_knl_Semaphore_pend__E)
                  00002860    00000264     drivers_MSP432P401R.aem4f : PowerMSP432.oem4f (.text:Power_sleep)
                  00002ac4    00000004     msp432p4xx_driverlib.lib : spi.o (.text:EUSCI_A_SPI_transmitData)
                  00002ac8    00000258     sysbios.aem4f : BIOS.obj (.text:ti_sysbios_heaps_HeapMem_free__E)
                  00002d20    00000248                   : BIOS.obj (.text:ti_sysbios_heaps_HeapMem_alloc__E)
                  00002f68    00000224                   : BIOS.obj (.text:ti_sysbios_knl_Task_Instance_finalize__E)
                  0000318c    00000004     msp432p4xx_driverlib.lib : spi.o (.text:EUSCI_B_SPI_transmitData)
                  00003190    000001fc     sysbios.aem4f : BIOS.obj (.text:ti_sysbios_family_arm_m3_Hwi_excHandlerMax__I)
                  0000338c    000001f4     rtsv7M4_T_le_v4SPD16_eabi.lib : ull_div_t2.obj (.text)
                  00003580    000001ec     rangeRead.obj (.text:filter)
                  0000376c    00000004     tirtosport.aem4f : HwiP_tirtos.oem4f (.text:HwiP_disable)
                  00003770    000001c8     sysbios.aem4f : BIOS.obj (.text:ti_sysbios_knl_Task_Instance_init__E)
                  00003938    000001c4                   : BIOS.obj (.text:ti_sysbios_knl_Task_sleep__E)
                  00003afc    000001b6     rtsv7M4_T_le_v4SPD16_eabi.lib : fd_add_t2.obj (.text)
                  00003cb2    000001a0     msp432p4xx_driverlib.lib : pcm.o (.text:__PCM_setPowerStateAdvanced)
                  00003e52    00000002     Robot_pem4f.oem4f (.text:ti_sysbios_BIOS_nullFunc__I)
                  00003e54    0000017c     main.obj (.text:main)
                  00003fd0    00000178     drivers_MSP432P401R.aem4f : I2CMSP432.oem4f (.text:I2CMSP432_open)
                  00004148    00000174     sysbios.aem4f : BIOS.obj (.text:ti_sysbios_family_arm_m3_Hwi_excBusFault__I)
                  000042bc    00000004     msp432p4xx_driverlib.lib : i2c.o (.text:I2C_setSlaveAddress)
                  000042c0    00000164     sysbios.aem4f : BIOS.obj (.text:ti_sysbios_family_arm_m3_Hwi_excUsageFault__I)
                  00004424    00000158     Sharp96x96.obj (.text:Sharp96x96_RectFill)
                  0000457c    00000004     drivers_MSP432P401R.aem4f : List.oem4f (.text:List_head)
                  00004580    00000148     sysbios.aem4f : BIOS.obj (.text:ti_sysbios_family_arm_m3_Hwi_excMemFault__I)
                  000046c8    00000146     rangeRead.obj (.text:sensorInit)
                  0000480e    00000002     --HOLE-- [fill = 0]
                  00004810    00000140     drivers_MSP432P401R.aem4f : GPIOMSP432.oem4f (.text:GPIO_setConfig)
                  00004950    0000013c     sysbios.aem4f : BIOS.obj (.text:ti_sysbios_heaps_HeapMem_Instance_init__E)
                  00004a8c    00000138     Sharp96x96.obj (.text:Sharp96x96_LineDrawH)
                  00004bc4    00000136     rtsv7M4_T_le_v4SPD16_eabi.lib : fd_div_t2.obj (.text)
                  00004cfa    00000118     drivers_MSP432P401R.aem4f : I2CMSP432.oem4f (.text:I2CMSP432_hwiIntFxn)
                  00004e12    00000002     --HOLE-- [fill = 0]
                  00004e14    00000118     ti.targets.arm.rtsarm.aem4f : Error.oem4f (.text:xdc_runtime_Error_policyDefault__E)
                  00004f2c    00000100                                 : Core-mem.oem4f (.text:xdc_runtime_Core_createObject__I)
                  0000502c    000000fc     rtsv7M4_T_le_v4SPD16_eabi.lib : fd_mul_t2.obj (.text)
                  00005128    000000fc                                   : s_scalbn.obj (.text)
                  00005224    000000f8     motor.obj (.text:init_motors)
                  0000531c    000000f8     rangeRead.obj (.text:readResult)
                  00005414    000000f8     ti.targets.arm.rtsarm.aem4f : Startup.oem4f (.text:xdc_runtime_Startup_startMods__I)
                  0000550c    000000f8     Robot_pem4f.oem4f (.text:xdc_runtime_System_printfExtend__I)
                  00005604    000000f0     drivers_MSP432P401R.aem4f : PowerMSP432.oem4f (.text:initPerfControl)
                  000056f4    000000ec     sysbios.aem4f : m3_Hwi_asm.obj (.text:ti_sysbios_family_arm_m3_Hwi_dispatch__I)
                  000057e0    000000ec                   : BIOS.obj (.text:ti_sysbios_knl_Semaphore_post__E)
                  000058cc    000000e2     drivers_MSP432P401R.aem4f : PWMTimerMSP432.oem4f (.text:initHw)
                  000059ae    00000002     --HOLE-- [fill = 0]
                  000059b0    000000e0     msp432p4xx_driverlib.lib : cs.o (.text:CS_initClockSignal)
                  00005a90    000000e0     rangeRead.obj (.text:readRangeFxn)
                  00005b70    000000dc     msp432p4xx_driverlib.lib : pcm.o (.text:__PCM_setPowerModeAdvanced)
                  00005c4c    000000d8     Sharp96x96.obj (.text:Sharp96x96_Flush)
                  00005d24    000000cc     ti.targets.arm.rtsarm.aem4f : Core-smem.oem4f (.text:xdc_runtime_Core_constructObject__I)
                  00005df0    000000bc     sysbios.aem4f : BIOS.obj (.text:ti_sysbios_family_arm_m3_Hwi_excDebugMon__I)
                  00005eac    00000004     drivers_MSP432P401R.aem4f : List.oem4f (.text:List_next)
                  00005eb0    000000bc     sysbios.aem4f : BIOS.obj (.text:ti_sysbios_family_arm_m3_Hwi_excHardFault__I)
                  00005f6c    00000004     drivers_MSP432P401R.aem4f : PowerMSP432.oem4f (.text:PowerMSP432_getNumPerfLevels)
                  00005f70    000000b4     sysbios.aem4f : BIOS.obj (.text:ti_sysbios_gates_GateMutex_enter__E)
                  00006024    00000004     Robot_pem4f.oem4f (.text:ti_sysbios_BIOS_RtsGateProxy_enter__E)
                  00006028    000000b4     sysbios.aem4f : BIOS.obj (.text:ti_sysbios_knl_Task_checkStacks__E)
                  000060dc    000000b2     msp432p4xx_driverlib.lib : timer_a.o (.text:privateTimer_AProcessClockSourceDivider)
                  0000618e    00000002     --HOLE-- [fill = 0]
                  00006190    000000b0                              : pcm.o (.text:__PCM_setCoreVoltageLevelAdvanced)
                  00006240    000000ac     drivers_MSP432P401R.aem4f : PWMTimerMSP432.oem4f (.text:PWMTimerMSP432_open)
                  000062ec    00000004     Robot_pem4f.oem4f (.text:ti_sysbios_BIOS_RtsGateProxy_leave__E)
                  000062f0    000000a8     sysbios.aem4f : BIOS.obj (.text:ti_sysbios_family_arm_msp432_Timer_periodicStub__E)
                  00006398    000000a4     line.obj (.text:Graphics_drawLineH)
                  0000643c    000000a0     auto_init.aem4f : auto_init.oem4f (.text)
                  000064dc    000000a0     ti.targets.arm.rtsarm.aem4f : Text.oem4f (.text:xdc_runtime_Text_putMod__E)
                  0000657c    0000009c     rtsv7M4_T_le_v4SPD16_eabi.lib : memcpy_t2.obj (.text)
                  00006618    0000009c     sysbios.aem4f : BIOS.obj (.text:ti_sysbios_knl_Semaphore_Instance_init__E)
                  000066b4    00000004     Robot_pem4f.oem4f (.text:ti_sysbios_family_arm_m3_Hwi_destruct)
                  000066b8    0000009c     sysbios.aem4f : BIOS.obj (.text:ti_sysbios_knl_Task_postInit__I)
                  00006754    0000009a     ti.targets.arm.rtsarm.aem4f : Text.oem4f (.text:xdc_runtime_Text_putSite__E)
                  000067ee    00000002     --HOLE-- [fill = 0]
                  000067f0    00000094     motor.obj (.text:MoveStraight)
                  00006884    00000094     deadReckon.obj (.text:goStraight)
                  00006918    00000094     sysbios.aem4f : BIOS.obj (.text:ti_sysbios_family_arm_m3_Hwi_Instance_init__E)
                  000069ac    00000004     Robot_pem4f.oem4f (.text:ti_sysbios_family_arm_m3_TaskSupport_Module__startupDone__S)
                  000069b0    00000094     sysbios.aem4f : BIOS.obj (.text:ti_sysbios_family_arm_m3_Hwi_initNVIC__E)
                  00006a44    00000092     drivers_MSP432P401R.aem4f : I2CMSP432.oem4f (.text:I2CMSP432_cancel)
                  00006ad6    00000092                               : PWMTimerMSP432.oem4f (.text:PWMTimerMSP432_setPeriod)
                  00006b68    00000090     Sharp96x96.obj (.text:Sharp96x96_LineDrawV)
                  00006bf8    0000008c     drivers_MSP432P401R.aem4f : I2CMSP432.oem4f (.text:I2CMSP432_transfer)
                  00006c84    0000008c     sysbios.aem4f : m3_TaskSupport_asm.obj (.text:ti_sysbios_family_arm_m3_TaskSupport_buildTaskStack)
                  00006d10    00000088     msp432p4xx_driverlib.lib : spi.o (.text:SPI_initMaster)
                  00006d98    00000088     sysbios.aem4f : BIOS.obj (.text:ti_sysbios_family_arm_msp432_Timer_Module_startup__E)
                  00006e20    00000086     rtsv7M4_T_le_v4SPD16_eabi.lib : fd_cmp_t2.obj (.text:__aeabi_cdcmple)
                  00006ea6    00000086                                   : fd_cmp_t2.obj (.text:__aeabi_cdrcmple)
                  00006f2c    00000084     drivers_MSP432P401R.aem4f : PWMTimerMSP432.oem4f (.text:PWMTimerMSP432_setDuty)
                  00006fb0    00000084     sysbios.aem4f : BIOS.obj (.text:ti_sysbios_family_arm_m3_Hwi_postInit__I)
                  00007034    00000084     deadReckon.obj (.text:turn90degree)
                  000070b8    0000007c     msp432p4xx_driverlib.lib : pcm.o (.text:PCM_gotoLPM3)
                  00007134    0000007c     Sharp96x96.obj (.text:Sharp96x96_ClearScreen)
                  000071b0    0000007c     Sharp96x96.obj (.text:Sharp96x96_DrawMultiple)
                  0000722c    0000007a     rtsv7M4_T_le_v4SPD16_eabi.lib : memset_t2.obj (.text)
                  000072a6    00000002     --HOLE-- [fill = 0]
                  000072a8    00000077     rangeRead.obj (.text:sensor_read)
                  0000731f    00000001     --HOLE-- [fill = 0]
                  00007320    00000077     rangeRead.obj (.text:sensor_write)
                  00007397    00000001     --HOLE-- [fill = 0]
                  00007398    00000073     rangeRead.obj (.text:switchOpen)
                  0000740b    00000001     --HOLE-- [fill = 0]
                  0000740c    00000004     Robot_pem4f.oem4f (.text:ti_sysbios_heaps_HeapMem_Module_GateProxy_enter__E)
                  00007410    00000070     sysbios.aem4f : BIOS.obj (.text:ti_sysbios_knl_Task_exit__E)
                  00007480    0000006d     ti.targets.arm.rtsarm.aem4f : System.oem4f (.text:xdc_runtime_System_formatNum__I)
                  000074ed    00000003     --HOLE-- [fill = 0]
                  000074f0    0000006c     sysbios.aem4f : BIOS.obj (.text:ti_sysbios_knl_Clock_workFunc__E)
                  0000755c    00000004     Robot_pem4f.oem4f (.text:ti_sysbios_heaps_HeapMem_Module_GateProxy_leave__E)
                  00007560    0000006c     sysbios.aem4f : BIOS.obj (.text:ti_sysbios_knl_Swi_restoreHwi__E)
                  000075cc    0000006c     ti.targets.arm.rtsarm.aem4f : Error.oem4f (.text:xdc_runtime_Error_print__E)
                  00007638    0000006c                                 : Memory.oem4f (.text:xdc_runtime_Memory_alloc__E)
                  000076a4    00000068     Sharp96x96.obj (.text:Sharp96x96_PixelDraw)
                  0000770c    00000068     rtsv7M4_T_le_v4SPD16_eabi.lib : copy_decompress_lzss.obj (.text:decompress:lzss)
                  00007774    00000068     drivers_MSP432P401R.aem4f : I2CMSP432.oem4f (.text:primeTransfer)
                  000077dc    00000068     rtsv7M4_T_le_v4SPD16_eabi.lib : trgmsg.obj (.text)
                  00007844    00000066     drivers_MSP432P401R.aem4f : I2CMSP432.oem4f (.text:I2CMSP432_close)
                  000078aa    00000066     ti.targets.arm.rtsarm.aem4f : Core-mem.oem4f (.text:xdc_runtime_Core_deleteObject__I)
                  00007910    00000064     rtsv7M4_T_le_v4SPD16_eabi.lib : s_frexp.obj (.text)
                  00007974    00000004     Robot_pem4f.oem4f (.text:ti_sysbios_knl_Clock_TimerProxy_getMaxTicks__E)
                  00007978    00000064     sysbios.aem4f : BIOS.obj (.text:ti_sysbios_family_arm_m3_Hwi_dispatchC__I)
                  000079dc    00000062     tirtosport.aem4f : HwiP_tirtos.oem4f (.text:HwiP_create)
                  00007a3e    00000062     Sharp96x96utils.obj (.text:reverse)
                  00007aa0    00000060     rtsv7M4_T_le_v4SPD16_eabi.lib : sprintf.obj (.text)
                  00007b00    00000060     sysbios.aem4f : BIOS.obj (.text:ti_sysbios_knl_Task_schedule__I)
                  00007b60    0000005c     drivers_MSP432P401R.aem4f : GPIOMSP432.oem4f (.text:GPIO_init)
                  00007bbc    00000004     Robot_pem4f.oem4f (.text:ti_sysbios_knl_Queue_destruct)
                  00007bc0    0000005c     sysbios.aem4f : BIOS.obj (.text:ti_sysbios_knl_Swi_run__I)
                  00007c1c    00000004     Robot_pem4f.oem4f (.text:ti_sysbios_knl_Semaphore_destruct)
                  00007c20    0000005c     sysbios.aem4f : BIOS.obj (.text:ti_sysbios_knl_Swi_schedule__I)
                  00007c7c    00000004     ti.targets.arm.rtsarm.aem4f : Error.oem4f (.text:xdc_runtime_Error_getSite__E)
                  00007c80    0000005c     sysbios.aem4f : BIOS.obj (.text:ti_sysbios_knl_Task_Module_startup__E)
                  00007cdc    00000004     Robot_pem4f.oem4f (.text:xdc_runtime_System_Module_GateProxy_enter__E)
                  00007ce0    0000005c     sysbios.aem4f : BIOS.obj (.text:ti_sysbios_knl_Task_startCore__E)
                  00007d3c    0000005b     ti.targets.arm.rtsarm.aem4f : Text.oem4f (.text:xdc_runtime_Text_putLab__E)
                  00007d97    00000001     --HOLE-- [fill = 0]
                  00007d98    00000058     tirtosport.aem4f : SemaphoreP_tirtos.oem4f (.text:SemaphoreP_create)
                  00007df0    00000058     Sharp96x96.obj (.text:Sharp96x96_InitializeDisplayBuffer)
                  00007e48    00000058     boot.aem4f : boot.oem4f (.text)
                  00007ea0    00000058     deadReckon.obj (.text:deadReckonFxn)
                  00007ef8    00000058     rtsv7M4_T_le_v4SPD16_eabi.lib : hostwrite.obj (.text)
                  00007f50    00000058     Robot_pem4f.oem4f (.text:ti_sysbios_family_arm_m3_Hwi_construct)
                  00007fa8    00000058     sysbios.aem4f : m3_Hwi_asm_switch.obj (.text:ti_sysbios_family_arm_m3_Hwi_initStacks__E)
                  00008000    00000054     drivers_MSP432P401R.aem4f : GPIOMSP432.oem4f (.text:GPIO_hwiIntFxn)
                  00008054    00000054                               : GPIOMSP432.oem4f (.text:GPIO_setCallback)
                  000080a8    00000054                               : PWMTimerMSP432.oem4f (.text:PWMTimerMSP432_stop)
                  000080fc    00000054     Sharp96x96.obj (.text:Sharp96x96_LCDInit)
                  00008150    00000054     drivers_MSP432P401R.aem4f : I2CMSP432.oem4f (.text:initHw)
                  000081a4    00000054     rtsv7M4_T_le_v4SPD16_eabi.lib : exit.obj (.text)
                  000081f8    00000054                                   : ltoa.obj (.text)
                  0000824c    00000004     Robot_pem4f.oem4f (.text:xdc_runtime_System_Module_GateProxy_leave__E)
                  00008250    00000054     sysbios.aem4f : BIOS.obj (.text:ti_sysbios_family_arm_msp432_Timer_initDevice__I)
                  000082a4    00000004     ti.targets.arm.rtsarm.aem4f : System.oem4f (.text:xdc_runtime_System_aprintf_va__F)
                  000082a8    00000054     sysbios.aem4f : BIOS.obj (.text:ti_sysbios_family_arm_msp432_init_Boot_configureClocksHigh)
                  000082fc    00000054     Robot_pem4f.oem4f (.text:ti_sysbios_knl_Task_construct)
                  00008350    00000054     ti.targets.arm.rtsarm.aem4f : Assert.oem4f (.text:xdc_runtime_Assert_raise__I)
                  000083a4    00000050     drivers_MSP432P401R.aem4f : GPIOMSP432.oem4f (.text:GPIO_write)
                  000083f4    00000050     msp432p4xx_driverlib.lib : pcm.o (.text:PCM_shutdownDevice)
                  00008444    00000050     drivers_MSP432P401R.aem4f : PWMTimerMSP432.oem4f (.text:PWMTimerMSP432_close)
                  00008494    00000004     ti.targets.arm.rtsarm.aem4f : System.oem4f (.text:xdc_runtime_System_printf_va__F)
                  00008498    00000050     sysbios.aem4f : BIOS.obj (.text:ti_sysbios_family_arm_m3_Hwi_Module_startup__E)
                  000084e8    00000050     ti.targets.arm.rtsarm.aem4f : Startup.oem4f (.text:xdc_runtime_Startup_exec__E)
                  00008538    00000050                                 : Text.oem4f (.text:xdc_runtime_Text_visitRope2__I)
                  00008588    0000004c     msp432p4xx_driverlib.lib : gpio.o (.text:GPIO_setAsPeripheralModuleFunctionOutputPin)
                  000085d4    0000004c     rtsv7M4_T_le_v4SPD16_eabi.lib : atoi.obj (.text)
                  00008620    0000004c                                   : cpy_tbl.obj (.text)
                  0000866c    00000004     --HOLE-- [fill = 0]
                  00008670    0000004c     sysbios.aem4f : BIOS.obj (.text:ti_sysbios_family_arm_msp432_Timer_start__E)
                  000086bc    00000004     --HOLE-- [fill = 0]
                  000086c0    0000004c                   : BIOS.obj (.text:ti_sysbios_heaps_HeapMem_getStats__E)
                  0000870c    00000004     --HOLE-- [fill = 0]
                  00008710    0000004c                   : BIOS.obj (.text:ti_sysbios_knl_Swi_runLoop__I)
                  0000875c    00000004     --HOLE-- [fill = 0]
                  00008760    0000004c                   : BIOS.obj (.text:ti_sysbios_knl_Task_allBlockedFunction__I)
                  000087ac    0000004a     context.obj (.text:Graphics_initContext)
                  000087f6    00000048     msp432p4xx_driverlib.lib : timer_a.o (.text:Timer_A_generatePWM)
                  0000883e    00000048     rtsv7M4_T_le_v4SPD16_eabi.lib : fd_toi_t2.obj (.text)
                  00008886    00000002     --HOLE-- [fill = 0]
                  00008888    00000048     sysbios.aem4f : BIOS.obj (.text:ti_sysbios_family_arm_m3_Hwi_disableInterrupt__E)
                  000088d0    00000048                   : BIOS.obj (.text:ti_sysbios_family_arm_m3_Hwi_enableInterrupt__E)
                  00008918    00000048                   : BIOS.obj (.text:ti_sysbios_family_arm_m3_Hwi_excReserved__I)
                  00008960    00000046     ti.targets.arm.rtsarm.aem4f : Core-params.oem4f (.text:xdc_runtime_Core_assignParams__I)
                  000089a6    00000002     --HOLE-- [fill = 0]
                  000089a8    00000044     MSP_EXP432P401R.obj (.text:MSP_EXP432P401R_initPWM)
                  000089ec    00000044     drivers_MSP432P401R.aem4f : PowerMSP432.oem4f (.text:Power_init)
                  00008a30    00000044     sysbios.aem4f : BIOS.obj (.text:ti_sysbios_family_arm_m3_Hwi_getStackInfo__E)
                  00008a74    00000004     --HOLE-- [fill = 0]
                  00008a78    00000044                   : BIOS.obj (.text:ti_sysbios_knl_Swi_post__E)
                  00008abc    00000044     ti.targets.arm.rtsarm.aem4f : Error.oem4f (.text:xdc_runtime_Error_setX__E)
                  00008b00    00000044                                 : SysMin.oem4f (.text:xdc_runtime_SysMin_flush__E)
                  00008b44    00000044                                 : Text.oem4f (.text:xdc_runtime_Text_xprintf__I)
                  00008b88    00000042     drivers_MSP432P401R.aem4f : I2CMSP432.oem4f (.text:completeTransfer)
                  00008bca    00000002     --HOLE-- [fill = 0]
                  00008bcc    00000040     msp432p4xx_driverlib.lib : flash.o (.text:FlashCtl_disableReadBuffering)
                  00008c0c    00000040     string.obj (.text:Graphics_getNumberOfLeadingZeros)
                  00008c4c    00000040     msp432p4xx_driverlib.lib : i2c.o (.text:I2C_masterSendMultiByteFinish)
                  00008c8c    00000040     drivers_MSP432P401R.aem4f : PWMTimerMSP432.oem4f (.text:PWMTimerMSP432_start)
                  00008ccc    00000040                               : PowerMSP432.oem4f (.text:notify)
                  00008d0c    00000040     rtsv7M4_T_le_v4SPD16_eabi.lib : u_divt2.obj (.text)
                  00008d4c    00000040     motor.obj (.text:setMotorL)
                  00008d8c    00000040     motor.obj (.text:setMotorR)
                  00008dcc    00000004     --HOLE-- [fill = 0]
                  00008dd0    00000040     sysbios.aem4f : BIOS.obj (.text:ti_sysbios_family_arm_msp432_Timer_startup__E)
                  00008e10    0000003e     msp432p4xx_driverlib.lib : i2c.o (.text:I2C_initMaster)
                  00008e4e    00000002     --HOLE-- [fill = 0]
                  00008e50    0000003c     MSP_EXP432P401R.obj (.text:MSP_EXP432P401R_initI2C)
                  00008e8c    0000003c     power_tirtos_MSP432P401R.aem4f : PowerMSP432_tirtos.oem4f (.text:PowerMSP432_sleepPolicy)
                  00008ec8    0000003c     drivers_MSP432P401R.aem4f : PWMTimerMSP432.oem4f (.text:getPeriodCounts)
                  00008f04    00000004     --HOLE-- [fill = 0]
                  00008f08    0000003c     sysbios.aem4f : BIOS.obj (.text:ti_sysbios_family_arm_m3_Hwi_excSvCall__I)
                  00008f44    00000004     --HOLE-- [fill = 0]
                  00008f48    0000003c                   : BIOS.obj (.text:ti_sysbios_heaps_HeapMem_init__I)
                  00008f84    00000004     --HOLE-- [fill = 0]
                  00008f88    0000003c                   : BIOS.obj (.text:ti_sysbios_knl_Swi_restore__E)
                  00008fc4    00000038     drivers_MSP432P401R.aem4f : I2C.oem4f (.text:I2C_init)
                  00008ffc    00000038                               : PWM.oem4f (.text:PWM_init)
                  00009034    00000038                               : PWMTimerMSP432.oem4f (.text:getDutyCounts)
                  0000906c    00000038                               : I2CMSP432.oem4f (.text:perfChangeNotifyFxn)
                  000090a4    00000038     rtsv7M4_T_le_v4SPD16_eabi.lib : fs_tod_t2.obj (.text)
                  000090dc    00000004     --HOLE-- [fill = 0]
                  000090e0    00000038     sysbios.aem4f : BIOS.obj (.text:ti_sysbios_family_arm_m3_Hwi_excNoIsr__I)
                  00009118    00000038                   : BIOS.obj (.text:ti_sysbios_knl_Task_processVitalTaskFlag__I)
                  00009150    00000038     ti.targets.arm.rtsarm.aem4f : SysMin.oem4f (.text:xdc_runtime_SysMin_putch__E)
                  00009188    00000038                                 : System.oem4f (.text:xdc_runtime_System_atexit__E)
                  000091c0    00000034     msp432p4xx_driverlib.lib : flash.o (.text:FlashCtl_enableReadBuffering)
                  000091f4    00000004     --HOLE-- [fill = 0]
                  000091f8    00000034     sysbios.aem4f : BIOS.obj (.text:ti_sysbios_family_arm_m3_Hwi_Instance_finalize__E)
                  0000922c    00000004     --HOLE-- [fill = 0]
                  00009230    00000034                   : BIOS.obj (.text:ti_sysbios_family_arm_m3_Hwi_excNmi__I)
                  00009264    00000004     --HOLE-- [fill = 0]
                  00009268    00000034                   : BIOS.obj (.text:ti_sysbios_hal_Hwi_checkStack)
                  0000929c    00000034     ti.targets.arm.rtsarm.aem4f : Core-label.oem4f (.text:xdc_runtime_Core_assignLabel__I)
                  000092d0    00000033                                 : Text.oem4f (.text:xdc_runtime_Text_printVisFxn__I)
                  00009303    00000005     --HOLE-- [fill = 0]
                  00009308    00000032     sysbios.aem4f : BIOS.obj (.text:ti_sysbios_hal_Hwi_initStack)
                  0000933a    00000002     --HOLE-- [fill = 0]
                  0000933c    00000030     msp432p4xx_driverlib.lib : gpio.o (.text:GPIO_getEnabledInterruptStatus)
                  0000936c    00000030                              : gpio.o (.text:GPIO_setAsInputPinWithPullDownResistor)
                  0000939c    00000030                              : gpio.o (.text:GPIO_setAsInputPinWithPullUpResistor)
                  000093cc    00000030     drivers_MSP432P401R.aem4f : I2C.oem4f (.text:I2C_open)
                  000093fc    00000030                               : PWM.oem4f (.text:PWM_open)
                  0000942c    00000030     deadReckon.obj (.text:__isnanf)
                  0000945c    00000030     msp432p4xx_driverlib.lib : spi.o (.text:is_A_Module)
                  0000948c    00000030     Robot_pem4f.oem4f (.text:ti_sysbios_BIOS_atExitFunc__I)
                  000094bc    00000030     Robot_pem4f.oem4f (.text:ti_sysbios_BIOS_startFunc__I)
                  000094ec    00000004     --HOLE-- [fill = 0]
                  000094f0    00000030     sysbios.aem4f : BIOS.obj (.text:ti_sysbios_family_arm_m3_TaskSupport_start__E)
                  00009520    00000030     Robot_pem4f.oem4f (.text:ti_sysbios_gates_GateHwi_Object__create__S)
                  00009550    00000030     Robot_pem4f.oem4f (.text:ti_sysbios_gates_GateMutex_Object__create__S)
                  00009580    00000030     Robot_pem4f.oem4f (.text:ti_sysbios_heaps_HeapMem_Object__create__S)
                  000095b0    00000030     Robot_pem4f.oem4f (.text:ti_sysbios_knl_Semaphore_construct)
                  000095e0    00000030     sysbios.aem4f : BIOS.obj (.text:ti_sysbios_knl_Semaphore_pendTimeout__I)
                  00009610    00000030                   : BIOS.obj (.text:ti_sysbios_knl_Task_unblockI__E)
                  00009640    00000030     ti.targets.arm.rtsarm.aem4f : SysMin.oem4f (.text:xdc_runtime_SysMin_abort__E)
                  00009670    00000030                                 : System.oem4f (.text:xdc_runtime_System_processAtExit__E)
                  000096a0    0000002e     rtsv7M4_T_le_v4SPD16_eabi.lib : i_tofd_t2.obj (.text)
                  000096ce    00000002     --HOLE-- [fill = 0]
                  000096d0    0000002c     msp432p4xx_driverlib.lib : gpio.o (.text:GPIO_setAsInputPin)
                  000096fc    0000002c                              : pcm.o (.text:PCM_getCoreVoltageLevel)
                  00009728    0000002c     power_tirtos_MSP432P401R.aem4f : PowerMSP432_tirtos.oem4f (.text:PowerMSP432_updateFreqs)
                  00009754    0000002c     drivers_MSP432P401R.aem4f : PowerMSP432.oem4f (.text:Power_releaseConstraint)
                  00009780    0000002c                               : PowerMSP432.oem4f (.text:Power_setConstraint)
                  000097ac    0000002c     Robot_pem4f.oem4f (.text:ti_sysbios_knl_Clock_doTick__I)
                  000097d8    0000002c     Robot_pem4f.oem4f (.text:ti_sysbios_knl_Queue_construct)
                  00009804    00000004     --HOLE-- [fill = 0]
                  00009808    0000002c     sysbios.aem4f : BIOS.obj (.text:ti_sysbios_knl_Task_restore__E)
                  00009834    0000002c     ti.targets.arm.rtsarm.aem4f : Text.oem4f (.text:xdc_runtime_Text_cordText__E)
                  00009860    0000002a     msp432p4xx_driverlib.lib : pcm.o (.text:PCM_getPowerMode)
                  0000988a    0000002a     ti.targets.arm.rtsarm.aem4f : System.oem4f (.text:xdc_runtime_System_putchar__I)
                  000098b4    00000028     msp432p4xx_driverlib.lib : flash.o (.text:FlashCtl_setWaitState)
                  000098dc    00000028     drivers_MSP432P401R.aem4f : GPIOMSP432.oem4f (.text:GPIO_enableInt)
                  00009904    00000028     msp432p4xx_driverlib.lib : pcm.o (.text:PCM_gotoLPM0)
                  0000992c    00000004     --HOLE-- [fill = 0]
                  00009930    00000028     sysbios.aem4f : BIOS.obj (.text:ti_sysbios_knl_Clock_addI__E)
                  00009958    00000028                   : BIOS.obj (.text:ti_sysbios_knl_Swi_Module_startup__E)
                  00009980    00000026     drivers_MSP432P401R.aem4f : List.oem4f (.text:List_put)
                  000099a6    00000026     sysbios.aem4f : m3_Hwi_asm.obj (.text:ti_sysbios_family_arm_m3_Hwi_pendSV__I)
                  000099cc    00000026     ti.targets.arm.rtsarm.aem4f : System.oem4f (.text:xdc_runtime_System_avprintf__E)
                  000099f2    00000002     --HOLE-- [fill = 0]
                  000099f4    00000024     msp432p4xx_driverlib.lib : cs.o (.text:CS_setDCOCenteredFrequency)
                  00009a18    00000024                              : gpio.o (.text:GPIO_setAsOutputPin)
                  00009a3c    00000024                              : i2c.o (.text:I2C_masterSendMultiByteNext)
                  00009a60    00000024                              : rtc_c.o (.text:RTC_C_holdClock)
                  00009a84    00000024                              : rtc_c.o (.text:RTC_C_startClock)
                  00009aa8    00000024     Robot_pem4f.oem4f (.text:ti_sysbios_BIOS_errorRaiseHook__I)
                  00009acc    00000024     Robot_pem4f.oem4f (.text:ti_sysbios_BIOS_registerRTSLock__I)
                  00009af0    00000024     Robot_pem4f.oem4f (.text:ti_sysbios_BIOS_removeRTSLock__I)
                  00009b14    00000004     --HOLE-- [fill = 0]
                  00009b18    00000024     sysbios.aem4f : BIOS.obj (.text:ti_sysbios_family_arm_msp432_ClockFreqs_setFrequency__E)
                  00009b3c    00000024     Robot_pem4f.oem4f (.text:ti_sysbios_gates_GateMutex_Object__delete__S)
                  00009b60    00000024     sysbios.aem4f : BIOS.obj (.text:ti_sysbios_knl_Clock_Module_startup__E)
                  00009b84    00000004     --HOLE-- [fill = 0]
                  00009b88    00000024                   : BIOS.obj (.text:ti_sysbios_knl_Task_restoreHwi__E)
                  00009bac    00000024     ti.targets.arm.rtsarm.aem4f : System.oem4f (.text:xdc_runtime_System_vprintf__E)
                  00009bd0    00000022     Robot_pem4f.oem4f (.text:xdc_runtime_SysMin_output__I)
                  00009bf2    00000002     --HOLE-- [fill = 0]
                  00009bf4    00000020     msp432p4xx_driverlib.lib : gpio.o (.text:GPIO_interruptEdgeSelect)
                  00009c14    00000020     drivers_MSP432P401R.aem4f : PowerMSP432.oem4f (.text:PowerMSP432_getFreqs)
                  00009c34    00000020                               : PowerMSP432.oem4f (.text:Power_unregisterNotify)
                  00009c54    00000020     msp432p4xx_driverlib.lib : spi.o (.text:SPI_transmitData)
                  00009c74    00000020     Robot_pem4f.oem4f (.text:ti_sysbios_BIOS_rtsLock__I)
                  00009c94    00000020     sysbios.aem4f : m3_Hwi_asm.obj (.text:ti_sysbios_family_arm_m3_Hwi_excHandlerAsm__I)
                  00009cb4    00000004     --HOLE-- [fill = 0]
                  00009cb8    00000020                   : BIOS.obj (.text:ti_sysbios_family_arm_m3_Hwi_excHandler__I)
                  00009cd8    00000020     Robot_pem4f.oem4f (.text:ti_sysbios_gates_GateHwi_Object__delete__S)
                  00009cf8    00000020     Robot_pem4f.oem4f (.text:ti_sysbios_heaps_HeapMem_Object__delete__S)
                  00009d18    00000020     sysbios.aem4f : BIOS.obj (.text:ti_sysbios_knl_Idle_run__E)
                  00009d38    00000020     Robot_pem4f.oem4f (.text:ti_sysbios_knl_Semaphore_Object__destruct__S)
                  00009d58    00000020     ti.targets.arm.rtsarm.aem4f : Registry.oem4f (.text:xdc_runtime_Registry_findById__E)
                  00009d78    00000020                                 : SysMin.oem4f (.text:xdc_runtime_SysMin_Module_startup__E)
                  00009d98    0000001e     drivers_MSP432P401R.aem4f : PWMTimerMSP432.oem4f (.text:corroboratePeriod)
                  00009db6    0000001e     sysbios.aem4f : m3_Hwi_asm_switch.obj (.text:ti_sysbios_family_xxx_Hwi_switchAndRunFunc)
                  00009dd4    0000001c     msp432p4xx_driverlib.lib : spi.o (.text:EUSCI_B_SPI_isBusy)
                  00009df0    0000001c                              : pcm.o (.text:PCM_enableRudeMode)
                  00009e0c    0000001c     drivers_MSP432P401R.aem4f : PowerMSP432.oem4f (.text:Power_registerNotify)
                  00009e28    0000001c     rtsv7M4_T_le_v4SPD16_eabi.lib : memccpy.obj (.text)
                  00009e44    0000001c     Robot_pem4f.oem4f (.text:ti_sysbios_family_arm_m3_Hwi_Object__destruct__S)
                  00009e60    0000001c     sysbios.aem4f : BIOS.obj (.text:ti_sysbios_gates_GateMutex_Instance_init__E)
                  00009e7c    0000001c     Robot_pem4f.oem4f (.text:ti_sysbios_knl_Queue_Object__destruct__S)
                  00009e98    0000001c     sysbios.aem4f : BIOS.obj (.text:ti_sysbios_knl_Queue_put__E)
                  00009eb4    00000004     --HOLE-- [fill = 0]
                  00009eb8    0000001c                   : BIOS.obj (.text:ti_sysbios_knl_Task_enter__I)
                  00009ed4    0000001c     ti.targets.arm.rtsarm.aem4f : Error.oem4f (.text:xdc_runtime_Error_raiseX__E)
                  00009ef0    0000001c                                 : Memory.oem4f (.text:xdc_runtime_Memory_valloc__E)
                  00009f0c    0000001c                                 : SysMin.oem4f (.text:xdc_runtime_SysMin_exit__E)
                  00009f28    0000001c                                 : System.oem4f (.text:xdc_runtime_System_abort__E)
                  00009f44    0000001a     drivers_MSP432P401R.aem4f : List.oem4f (.text:List_remove)
                  00009f5e    0000001a     msp432p4xx_driverlib.lib : spi.o (.text:SPI_enableModule)
                  00009f78    0000001a     Robot_pem4f.oem4f (.text:ti_sysbios_family_arm_m3_Hwi_Handle__label__S)
                  00009f92    0000001a     Robot_pem4f.oem4f (.text:ti_sysbios_gates_GateHwi_Handle__label__S)
                  00009fac    0000001a     Robot_pem4f.oem4f (.text:ti_sysbios_gates_GateMutex_Handle__label__S)
                  00009fc6    0000001a     Robot_pem4f.oem4f (.text:ti_sysbios_heaps_HeapMem_Handle__label__S)
                  00009fe0    0000001a     Robot_pem4f.oem4f (.text:ti_sysbios_knl_Swi_Handle__label__S)
                  00009ffa    0000001a     Robot_pem4f.oem4f (.text:ti_sysbios_knl_Task_Handle__label__S)
                  0000a014    0000001a     Robot_pem4f.oem4f (.text:xdc_runtime_System_aprintf__E)
                  0000a02e    0000001a     Robot_pem4f.oem4f (.text:xdc_runtime_System_printf__E)
                  0000a048    00000018     msp432p4xx_driverlib.lib : gpio.o (.text:GPIO_clearInterruptFlag)
                  0000a060    00000018                              : gpio.o (.text:GPIO_setDriveStrengthLow)
                  0000a078    00000018                              : gpio.o (.text:GPIO_setOutputLowOnPin)
                  0000a090    00000018                              : i2c.o (.text:I2C_masterIsStartSent)
                  0000a0a8    00000018                              : wdt_a.o (.text:WDT_A_holdTimer)
                  0000a0c0    00000018     drivers_MSP432P401R.aem4f : PWMTimerMSP432.oem4f (.text:corroborateDuty)
                  0000a0d8    00000018     rtsv7M4_T_le_v4SPD16_eabi.lib : args_main.obj (.text)
                  0000a0f0    00000018     Robot_pem4f.oem4f (.text:ti_sysbios_BIOS_rtsUnlock__I)
                  0000a108    00000018     Robot_pem4f.oem4f (.text:ti_sysbios_family_arm_m3_Hwi_Module__startupDone__F)
                  0000a120    00000018     sysbios.aem4f : m3_TaskSupport_asm.obj (.text:ti_sysbios_family_arm_m3_TaskSupport_swap__E)
                  0000a138    00000018     Robot_pem4f.oem4f (.text:ti_sysbios_family_arm_msp432_Timer_Module__startupDone__F)
                  0000a150    00000018     sysbios.aem4f : BIOS.obj (.text:ti_sysbios_gates_GateMutex_leave__E)
                  0000a168    00000018                   : BIOS.obj (.text:ti_sysbios_knl_Task_sleepTimeout__I)
                  0000a180    00000018     ti.targets.arm.rtsarm.aem4f : Error.oem4f (.text:xdc_runtime_Error_check__E)
                  0000a198    00000018                                 : System.oem4f (.text:xdc_runtime_System_exit__E)
                  0000a1b0    00000018                                 : Text.oem4f (.text:xdc_runtime_Text_ropeText__E)
                  0000a1c8    00000016     tirtosport.aem4f : HwiP_tirtos.oem4f (.text:HwiP_delete)
                  0000a1de    00000016                      : SemaphoreP_tirtos.oem4f (.text:SemaphoreP_delete)
                  0000a1f4    00000016     rtsv7M4_T_le_v4SPD16_eabi.lib : strchr.obj (.text)
                  0000a20a    00000016     Robot_pem4f.oem4f (.text:ti_sysbios_BIOS_exitFunc__I)
                  0000a220    00000016     main.obj (.text:ti_sysbios_knl_Task_Params_init)
                  0000a236    00000002     --HOLE-- [fill = 0]
                  0000a238    00000014     msp432p4xx_driverlib.lib : gpio.o (.text:GPIO_enableInterrupt)
                  0000a24c    00000014                              : gpio.o (.text:GPIO_setDriveStrengthHigh)
                  0000a260    00000014                              : gpio.o (.text:GPIO_setOutputHighOnPin)
                  0000a274    00000014     drivers_MSP432P401R.aem4f : PWM.oem4f (.text:PWM_Params_init)
                  0000a288    00000014                               : PowerMSP432.oem4f (.text:Power_idleFunc)
                  0000a29c    00000014     Sharp96x96.obj (.text:Sharp96x96_ClearBuffer)
                  0000a2b0    00000014     msp432p4xx_driverlib.lib : wdt_a.o (.text:WDT_A_startTimer)
                  0000a2c4    00000014     buttons.obj (.text:gpioButtonFxn0)
                  0000a2d8    00000014     buttons.obj (.text:gpioButtonFxn1)
                  0000a2ec    00000014     rtsv7M4_T_le_v4SPD16_eabi.lib : _lock.obj (.text)
                  0000a300    00000014                                   : s_copysign.obj (.text)
                  0000a314    00000014                                   : strlen.obj (.text)
                  0000a328    00000014     Robot_pem4f.oem4f (.text:ti_sysbios_family_arm_m3_Hwi_Object__get__S)
                  0000a33c    00000004     --HOLE-- [fill = 0]
                  0000a340    00000014     sysbios.aem4f : BIOS.obj (.text:ti_sysbios_family_arm_m3_Hwi_switchFromBootStack__E)
                  0000a354    00000014     Robot_pem4f.oem4f (.text:ti_sysbios_heaps_HeapMem_Object__get__S)
                  0000a368    00000014     Robot_pem4f.oem4f (.text:ti_sysbios_knl_Swi_Object__get__S)
                  0000a37c    00000012     tirtosport.aem4f : SemaphoreP_tirtos.oem4f (.text:SemaphoreP_pend)
                  0000a38e    00000012     Sharp96x96.obj (.text:Sharp96x96_ColorTranslate)
                  0000a3a0    00000012     sysbios.aem4f : BIOS.obj (.text:ti_sysbios_hal_Hwi_Module_startup__E)
                  0000a3b2    00000012     Robot_pem4f.oem4f (.text:xdc_runtime_Startup_exec__I)
                  0000a3c4    00000010     msp432p4xx_driverlib.lib : gpio.o (.text:GPIO_getInterruptStatus)
                  0000a3d4    00000010     drivers_MSP432P401R.aem4f : I2C.oem4f (.text:I2C_Params_init)
                  0000a3e4    00000010     msp432p4xx_driverlib.lib : i2c.o (.text:I2C_masterReceiveMultiByteStop)
                  0000a3f4    00000010                              : i2c.o (.text:I2C_masterReceiveStart)
                  0000a404    00000010                              : i2c.o (.text:I2C_masterSendStart)
                  0000a414    00000010     motor.obj (.text:LHMotorChannelAFallingFxn)
                  0000a424    00000010     msp432p4xx_driverlib.lib : pcm.o (.text:PCM_gotoLPM4)
                  0000a434    00000010     motor.obj (.text:RHMotorChannelAFallingFxn)
                  0000a444    00000004     --HOLE-- [fill = 0]
                  0000a448    00000010     sysbios.aem4f : BIOS.obj (.text:ti_sysbios_BIOS_setCpuFreq__E)
                  0000a458    00000010                   : BIOS.obj (.text:ti_sysbios_BIOS_setThreadType__E)
                  0000a468    00000010                   : BIOS.obj (.text:ti_sysbios_BIOS_start__E)
                  0000a478    00000010                   : m3_TaskSupport_asm.obj (.text:ti_sysbios_family_arm_m3_TaskSupport_glue)
                  0000a488    00000010                   : BIOS.obj (.text:ti_sysbios_family_arm_msp432_init_Boot_disableWatchdog)
                  0000a498    00000010                   : BIOS.obj (.text:ti_sysbios_gates_GateMutex_Instance_finalize__E)
                  0000a4a8    00000010                   : BIOS.obj (.text:ti_sysbios_knl_Semaphore_Instance_finalize__E)
                  0000a4b8    00000010                   : BIOS.obj (.text:ti_sysbios_knl_Swi_disable__E)
                  0000a4c8    00000010     Robot_pem4f.oem4f (.text:ti_sysbios_knl_Task_Object__get__S)
                  0000a4d8    00000010     sysbios.aem4f : BIOS.obj (.text:ti_sysbios_knl_Task_disable__E)
                  0000a4e8    00000010     ti.targets.arm.rtsarm.aem4f : Gate.oem4f (.text:xdc_runtime_Gate_leaveSystem__E)
                  0000a4f8    00000010                                 : Memory.oem4f (.text:xdc_runtime_Memory_free__E)
                  0000a508    00000010                                 : SysMin.oem4f (.text:xdc_runtime_SysMin_ready__E)
                  0000a518    00000010                                 : System.oem4f (.text:xdc_runtime_System_vsnprintf__E)
                  0000a528    00000010     Robot_pem4f.oem4f (.text:xdc_runtime_Text_visitRope__I)
                  0000a538    0000000e     tirtosport.aem4f : HwiP_tirtos.oem4f (.text:HwiP_Params_init)
                  0000a546    0000000e     msp432p4xx_driverlib.lib : i2c.o (.text:I2C_clearInterruptFlag)
                  0000a554    0000000e                              : i2c.o (.text:I2C_disableInterrupt)
                  0000a562    0000000e                              : i2c.o (.text:I2C_setMode)
                  0000a570    0000000e                              : timer_a.o (.text:Timer_A_setCompareValue)
                  0000a57e    0000000e     rtsv7M4_T_le_v4SPD16_eabi.lib : copy_decompress_none.obj (.text:decompress:none)
                  0000a58c    00000004     --HOLE-- [fill = 0]
                  0000a590    0000000e     sysbios.aem4f : BIOS.obj (.text:ti_sysbios_knl_Idle_loop__E)
                  0000a59e    00000002     --HOLE-- [fill = 0]
                  0000a5a0    0000000e                   : BIOS.obj (.text:ti_sysbios_knl_Queue_empty__E)
                  0000a5ae    0000000c     Robot_pem4f.oem4f (.text:.bootCodeSection:ti_sysbios_family_arm_msp432_init_Boot_init__I)
                  0000a5ba    0000000c     msp432p4xx_driverlib.lib : cpu.o (.text:CPU_cpsid)
                  0000a5c6    0000000c                              : cpu.o (.text:CPU_cpsie)
                  0000a5d2    0000000c                              : spi.o (.text:EUSCI_A_SPI_enable)
                  0000a5de    0000000c                              : spi.o (.text:EUSCI_B_SPI_enable)
                  0000a5ea    0000000c                              : i2c.o (.text:I2C_disableModule)
                  0000a5f6    0000000c                              : i2c.o (.text:I2C_enableModule)
                  0000a602    00000002     --HOLE-- [fill = 0]
                  0000a604    0000000c                              : pcm.o (.text:PCM_getPowerState)
                  0000a610    0000000c     drivers_MSP432P401R.aem4f : PowerMSP432.oem4f (.text:Power_getConstraintMask)
                  0000a61c    0000000c                               : PowerMSP432.oem4f (.text:Power_getPerformanceLevel)
                  0000a628    0000000c     msp432p4xx_driverlib.lib : timer_a.o (.text:Timer_A_stopTimer)
                  0000a634    0000000c     rtsv7M4_T_le_v4SPD16_eabi.lib : copy_zero_init.obj (.text:decompress:ZI)
                  0000a640    0000000c     Robot_pem4f.oem4f (.text:ti_sysbios_family_arm_m3_Hwi_Params__init__S)
                  0000a64c    00000004     --HOLE-- [fill = 0]
                  0000a650    0000000c     sysbios.aem4f : BIOS.obj (.text:ti_sysbios_family_arm_m3_Hwi_disableFxn__E)
                  0000a65c    00000004     --HOLE-- [fill = 0]
                  0000a660    0000000c                   : BIOS.obj (.text:ti_sysbios_family_arm_m3_TaskSupport_checkStack__E)
                  0000a66c    00000004     --HOLE-- [fill = 0]
                  0000a670    0000000c                   : BIOS.obj (.text:ti_sysbios_family_arm_m3_TaskSupport_getStackAlignment__E)
                  0000a67c    00000004     --HOLE-- [fill = 0]
                  0000a680    0000000c                   : BIOS.obj (.text:ti_sysbios_family_arm_msp432_Timer_getMaxTicks__E)
                  0000a68c    00000004     --HOLE-- [fill = 0]
                  0000a690    0000000c                   : BIOS.obj (.text:ti_sysbios_gates_GateHwi_enter__E)
                  0000a69c    00000004     --HOLE-- [fill = 0]
                  0000a6a0    0000000c                   : BIOS.obj (.text:ti_sysbios_knl_Clock_getTicks__E)
                  0000a6ac    0000000c     Robot_pem4f.oem4f (.text:ti_sysbios_knl_Queue_Object__get__S)
                  0000a6b8    0000000c     Robot_pem4f.oem4f (.text:ti_sysbios_knl_Semaphore_Params__init__S)
                  0000a6c4    0000000c     Robot_pem4f.oem4f (.text:ti_sysbios_knl_Task_Params__init__S)
                  0000a6d0    0000000c     main.obj (.text:ti_sysbios_knl_Task_handle)
                  0000a6dc    0000000c     ti.targets.arm.rtsarm.aem4f : Error.oem4f (.text:xdc_runtime_Error_init__E)
                  0000a6e8    0000000c                                 : Gate.oem4f (.text:xdc_runtime_Gate_enterSystem__E)
                  0000a6f4    0000000c                                 : Memory.oem4f (.text:xdc_runtime_Memory_calloc__E)
                  0000a700    0000000c                                 : Memory.oem4f (.text:xdc_runtime_Memory_getMaxDefaultTypeAlign__E)
                  0000a70c    0000000c                                 : Startup.oem4f (.text:xdc_runtime_Startup_rtsDone__E)
                  0000a718    0000000a     drivers_MSP432P401R.aem4f : I2CMSP432.oem4f (.text:I2CMSP432_init)
                  0000a722    0000000a                               : I2C.oem4f (.text:I2C_transfer)
                  0000a72c    0000000a                               : PWM.oem4f (.text:PWM_setDuty)
                  0000a736    0000000a                               : PWM.oem4f (.text:PWM_start)
                  0000a740    0000000a     tirtosport.aem4f : SemaphoreP_tirtos.oem4f (.text:SemaphoreP_post)
                  0000a74a    0000000a     Robot_pem4f.oem4f (.text:xdc_runtime_IHeap_alloc)
                  0000a754    0000000a     Robot_pem4f.oem4f (.text:xdc_runtime_IHeap_free)
                  0000a75e    00000008     msp432p4xx_driverlib.lib : i2c.o (.text:I2C_enableInterrupt)
                  0000a766    00000008     MSP_EXP432P401R.obj (.text:MSP_EXP432P401R_initGPIO)
                  0000a76e    00000008     MSP_EXP432P401R.obj (.text:MSP_EXP432P401R_initGeneral)
                  0000a776    00000008     msp432p4xx_driverlib.lib : pcm.o (.text:PCM_setPowerMode)
                  0000a77e    00000008                              : pcm.o (.text:PCM_setPowerState)
                  0000a786    00000008     drivers_MSP432P401R.aem4f : PWMTimerMSP432.oem4f (.text:PWMTimerMSP432_init)
                  0000a78e    00000008     tirtosport.aem4f : SemaphoreP_tirtos.oem4f (.text:SemaphoreP_Params_init)
                  0000a796    00000008     msp432p4xx_driverlib.lib : timer_a.o (.text:Timer_A_startCounter)
                  0000a79e    00000008     drivers_MSP432P401R.aem4f : I2CMSP432.oem4f (.text:blockingTransferCallback)
                  0000a7a6    00000002     --HOLE-- [fill = 0]
                  0000a7a8    00000008     sysbios.aem4f : BIOS.obj (.text:ti_sysbios_family_arm_m3_Hwi_doSwiRestore__I)
                  0000a7b0    00000008                   : BIOS.obj (.text:ti_sysbios_family_arm_m3_Hwi_startup__E)
                  0000a7b8    00000006     drivers_MSP432P401R.aem4f : I2CMSP432.oem4f (.text:I2CMSP432_control)
                  0000a7be    00000006     msp432p4xx_driverlib.lib : i2c.o (.text:I2C_getEnabledInterruptStatus)
                  0000a7c4    00000006                              : i2c.o (.text:I2C_getInterruptStatus)
                  0000a7ca    00000006                              : i2c.o (.text:I2C_masterReceiveMultiByteNext)
                  0000a7d0    00000006     drivers_MSP432P401R.aem4f : PWMTimerMSP432.oem4f (.text:PWMTimerMSP432_control)
                  0000a7d6    00000002     --HOLE-- [fill = 0]
                  0000a7d8    00000006     sysbios.aem4f : BIOS.obj (.text:ti_sysbios_family_arm_m3_Hwi_doTaskRestore__I)
                  0000a7de    00000002     --HOLE-- [fill = 0]
                  0000a7e0    00000006                   : BIOS.obj (.text:ti_sysbios_family_arm_m3_Hwi_restoreFxn__E)
                  0000a7e6    00000002     --HOLE-- [fill = 0]
                  0000a7e8    00000006                   : BIOS.obj (.text:ti_sysbios_gates_GateHwi_leave__E)
                  0000a7ee    00000002     --HOLE-- [fill = 0]
                  0000a7f0    00000006                   : BIOS.obj (.text:ti_sysbios_heaps_HeapMem_isBlocking__E)
                  0000a7f6    00000002     --HOLE-- [fill = 0]
                  0000a7f8    00000006                   : BIOS.obj (.text:ti_sysbios_knl_Queue_Instance_init__E)
                  0000a7fe    00000002     --HOLE-- [fill = 0]
                  0000a800    00000006                   : BIOS.obj (.text:ti_sysbios_knl_Swi_startup__E)
                  0000a806    00000006     ti.targets.arm.rtsarm.aem4f : System.oem4f (.text:xdc_runtime_System_Module_startup__E)
                  0000a80c    00000004     --HOLE-- [fill = 0]
                  0000a810    00000004     sysbios.aem4f : BIOS.obj (.text:ti_sysbios_gates_GateHwi_query__E)
                  0000a814    00000004     --HOLE-- [fill = 0]
                  0000a818    00000004                   : BIOS.obj (.text:ti_sysbios_gates_GateMutex_query__E)
                  0000a81c    00000004     --HOLE-- [fill = 0]
                  0000a820    00000004                   : BIOS.obj (.text:ti_sysbios_knl_Task_startup__E)
                  0000a824    00000004     --HOLE-- [fill = 0]
                  0000a828    00000002                   : BIOS.obj (.text:ti_sysbios_BIOS_linkedWithIncorrectBootLibrary__E)
                  0000a82a    00000006     --HOLE-- [fill = 0]
                  0000a830    00000002                   : BIOS.obj (.text:ti_sysbios_gates_GateHwi_Instance_init__E)
                  0000a832    00000006     --HOLE-- [fill = 0]
                  0000a838    00000002                   : BIOS.obj (.text:ti_sysbios_knl_Clock_logTick__E)

.const     0    0000a83c    00002a59     
                  0000a83c    00001830     Robot_pem4f.oem4f (.const:xdc_runtime_Text_charTab__A)
                  0000c06c    0000094d     fontcm20b.obj (.const:.string:g_pucCm20bData)
                  0000c9b9    00000101     rtsv7M4_T_le_v4SPD16_eabi.lib : ctype.obj (.const:.string:_ctypes_)
                  0000caba    00000002     Robot_pem4f.oem4f (.const:ti_sysbios_family_arm_m3_Hwi_Module__id__C)
                  0000cabc    000000c8     fontcm20b.obj (.const:g_sFontCm20b)
                  0000cb84    000000b0     Robot_pem4f.oem4f (.const:xdc_runtime_Text_nodeTab__A)
                  0000cc34    00000048     Robot_pem4f.oem4f (.const:.string)
                  0000cc7c    0000003c     MSP_EXP432P401R.obj (.const:PWM_config)
                  0000ccb8    0000003c     Robot_pem4f.oem4f (.const:ti_sysbios_knl_Task_Object__PARAMS__C)
                  0000ccf4    00000030     MSP_EXP432P401R.obj (.const:I2C_config)
                  0000cd24    00000030     Sharp96x96.obj (.const:g_sharp96x96LCD)
                  0000cd54    00000030     MSP_EXP432P401R.obj (.const:i2cMSP432HWAttrs)
                  0000cd84    00000030     MSP_EXP432P401R.obj (.const:pwmTimerMSP432HWAttrs)
                  0000cdb4    00000030     Robot_pem4f.oem4f (.const:ti_sysbios_family_arm_m3_Hwi_Object__PARAMS__C)
                  0000cde4    00000028     drivers_MSP432P401R.aem4f : PWMTimerMSP432.oem4f (.const)
                  0000ce0c    00000028     Robot_pem4f.oem4f (.const:ti_sysbios_heaps_HeapMem_Module__FXNS__C)
                  0000ce34    00000024     Robot_pem4f.oem4f (.const:ti_sysbios_gates_GateHwi_Module__FXNS__C)
                  0000ce58    00000024     Robot_pem4f.oem4f (.const:ti_sysbios_gates_GateMutex_Module__FXNS__C)
                  0000ce7c    00000024     Robot_pem4f.oem4f (.const:ti_sysbios_heaps_HeapMem_Object__PARAMS__C)
                  0000cea0    00000024     Robot_pem4f.oem4f (.const:ti_sysbios_knl_Semaphore_Object__PARAMS__C)
                  0000cec4    00000020     drivers_MSP432P401R.aem4f : I2CMSP432.oem4f (.const)
                  0000cee4    00000020     Robot_pem4f.oem4f (.const:ti_sysbios_family_arm_m3_Hwi_Object__DESC__C)
                  0000cf04    00000020     Robot_pem4f.oem4f (.const:ti_sysbios_gates_GateHwi_Object__DESC__C)
                  0000cf24    00000020     Robot_pem4f.oem4f (.const:ti_sysbios_gates_GateMutex_Object__DESC__C)
                  0000cf44    00000020     Robot_pem4f.oem4f (.const:ti_sysbios_heaps_HeapMem_Object__DESC__C)
                  0000cf64    00000020     Robot_pem4f.oem4f (.const:ti_sysbios_knl_Queue_Object__DESC__C)
                  0000cf84    00000020     Robot_pem4f.oem4f (.const:ti_sysbios_knl_Semaphore_Object__DESC__C)
                  0000cfa4    00000020     Robot_pem4f.oem4f (.const:ti_sysbios_knl_Task_Object__DESC__C)
                  0000cfc4    00000020     Robot_pem4f.oem4f (.const:xdc_runtime_Startup_sfxnTab__A)
                  0000cfe4    0000001c     Sharp96x96.obj (.const:$P$T0$1)
                  0000d000    00000018     drivers_MSP432P401R.aem4f : PWM.oem4f (.const)
                  0000d018    00000018     Robot_pem4f.oem4f (.const:ti_sysbios_gates_GateHwi_Object__PARAMS__C)
                  0000d030    00000018     Robot_pem4f.oem4f (.const:ti_sysbios_gates_GateMutex_Object__PARAMS__C)
                  0000d048    00000018     Robot_pem4f.oem4f (.const:ti_sysbios_knl_Queue_Object__PARAMS__C)
                  0000d060    00000014     MSP_EXP432P401R.obj (.const:GPIOMSP432_config)
                  0000d074    00000010     MSP_EXP432P401R.obj (.const:PowerMSP432_config)
                  0000d084    00000010     drivers_MSP432P401R.aem4f : I2C.oem4f (.const)
                  0000d094    00000010     Robot_pem4f.oem4f (.const:xdc_runtime_Startup_sfxnRts__A)
                  0000d0a4    0000000c     drivers_MSP432P401R.aem4f : GPIOMSP432.oem4f (.const:.string)
                  0000d0b0    0000000c     Robot_pem4f.oem4f (.const:xdc_runtime_Startup_firstFxns__A)
                  0000d0bc    00000008     MSP_EXP432P401R.obj (.const:.string:$P$T0$1)
                  0000d0c4    00000008     Robot_pem4f.oem4f (.const:ti_sysbios_family_arm_m3_Hwi_excHookFuncs__A)
                  0000d0cc    00000008     Robot_pem4f.oem4f (.const:ti_sysbios_knl_Idle_funcList__A)
                  0000d0d4    00000008     Robot_pem4f.oem4f (.const:ti_sysbios_knl_Idle_funcList__C)
                  0000d0dc    00000008     Robot_pem4f.oem4f (.const:xdc_runtime_Startup_firstFxns__C)
                  0000d0e4    00000008     Robot_pem4f.oem4f (.const:xdc_runtime_Startup_lastFxns__C)
                  0000d0ec    00000004     Robot_pem4f.oem4f (.const:ti_sysbios_family_arm_m3_Hwi_E_NMI__C)
                  0000d0f0    00000004     Robot_pem4f.oem4f (.const:ti_sysbios_family_arm_m3_Hwi_E_alreadyDefined__C)
                  0000d0f4    00000004     Robot_pem4f.oem4f (.const:ti_sysbios_family_arm_m3_Hwi_E_busFault__C)
                  0000d0f8    00000004     Robot_pem4f.oem4f (.const:ti_sysbios_family_arm_m3_Hwi_E_debugMon__C)
                  0000d0fc    00000004     Robot_pem4f.oem4f (.const:ti_sysbios_family_arm_m3_Hwi_E_hardFault__C)
                  0000d100    00000004     Robot_pem4f.oem4f (.const:ti_sysbios_family_arm_m3_Hwi_E_memFault__C)
                  0000d104    00000004     Robot_pem4f.oem4f (.const:ti_sysbios_family_arm_m3_Hwi_E_noIsr__C)
                  0000d108    00000004     Robot_pem4f.oem4f (.const:ti_sysbios_family_arm_m3_Hwi_E_reserved__C)
                  0000d10c    00000004     Robot_pem4f.oem4f (.const:ti_sysbios_family_arm_m3_Hwi_E_svCall__C)
                  0000d110    00000004     Robot_pem4f.oem4f (.const:ti_sysbios_family_arm_m3_Hwi_E_usageFault__C)
                  0000d114    00000004     Robot_pem4f.oem4f (.const:ti_sysbios_family_arm_m3_Hwi_NUM_INTERRUPTS__C)
                  0000d118    00000004     Robot_pem4f.oem4f (.const:ti_sysbios_family_arm_m3_Hwi_Object__count__C)
                  0000d11c    00000004     Robot_pem4f.oem4f (.const:ti_sysbios_family_arm_m3_Hwi_ccr__C)
                  0000d120    00000004     Robot_pem4f.oem4f (.const:ti_sysbios_family_arm_m3_Hwi_excHandlerFunc__C)
                  0000d124    00000004     Robot_pem4f.oem4f (.const:ti_sysbios_family_arm_m3_Hwi_excHookFuncs__C)
                  0000d128    00000004     Robot_pem4f.oem4f (.const:ti_sysbios_family_arm_m3_Hwi_nullIsrFunc__C)
                  0000d12c    00000004     Robot_pem4f.oem4f (.const:ti_sysbios_family_arm_m3_Hwi_priGroup__C)
                  0000d130    00000004     Robot_pem4f.oem4f (.const:ti_sysbios_family_arm_m3_TaskSupport_stackAlignment__C)
                  0000d134    00000004     Robot_pem4f.oem4f (.const:ti_sysbios_family_arm_msp432_Timer_numTimerDevices__C)
                  0000d138    00000004     Robot_pem4f.oem4f (.const:ti_sysbios_family_arm_msp432_Timer_startupNeeded__C)
                  0000d13c    00000004     Robot_pem4f.oem4f (.const:ti_sysbios_gates_GateMutex_A_badContext__C)
                  0000d140    00000004     Robot_pem4f.oem4f (.const:ti_sysbios_gates_GateMutex_Instance_State_sem__O)
                  0000d144    00000004     Robot_pem4f.oem4f (.const:ti_sysbios_gates_GateMutex_Module__diagsEnabled__C)
                  0000d148    00000004     Robot_pem4f.oem4f (.const:ti_sysbios_gates_GateMutex_Module__diagsIncluded__C)
                  0000d14c    00000004     Robot_pem4f.oem4f (.const:ti_sysbios_gates_GateMutex_Module__diagsMask__C)
                  0000d150    00000004     Robot_pem4f.oem4f (.const:ti_sysbios_hal_Hwi_E_stackOverflow__C)
                  0000d154    00000004     Robot_pem4f.oem4f (.const:ti_sysbios_heaps_HeapMem_A_align__C)
                  0000d158    00000004     Robot_pem4f.oem4f (.const:ti_sysbios_heaps_HeapMem_A_heapSize__C)
                  0000d15c    00000004     Robot_pem4f.oem4f (.const:ti_sysbios_heaps_HeapMem_A_invalidFree__C)
                  0000d160    00000004     Robot_pem4f.oem4f (.const:ti_sysbios_heaps_HeapMem_A_zeroBlock__C)
                  0000d164    00000004     Robot_pem4f.oem4f (.const:ti_sysbios_heaps_HeapMem_E_memory__C)
                  0000d168    00000004     Robot_pem4f.oem4f (.const:ti_sysbios_heaps_HeapMem_Module__diagsEnabled__C)
                  0000d16c    00000004     Robot_pem4f.oem4f (.const:ti_sysbios_heaps_HeapMem_Module__diagsIncluded__C)
                  0000d170    00000004     Robot_pem4f.oem4f (.const:ti_sysbios_heaps_HeapMem_Module__diagsMask__C)
                  0000d174    00000004     Robot_pem4f.oem4f (.const:ti_sysbios_heaps_HeapMem_Module__gateObj__C)
                  0000d178    00000004     Robot_pem4f.oem4f (.const:ti_sysbios_heaps_HeapMem_Object__count__C)
                  0000d17c    00000004     Robot_pem4f.oem4f (.const:ti_sysbios_heaps_HeapMem_reqAlign__C)
                  0000d180    00000004     Robot_pem4f.oem4f (.const:ti_sysbios_knl_Clock_Module_State_clockQ__O)
                  0000d184    00000004     Robot_pem4f.oem4f (.const:ti_sysbios_knl_Semaphore_A_badContext__C)
                  0000d188    00000004     Robot_pem4f.oem4f (.const:ti_sysbios_knl_Semaphore_A_noEvents__C)
                  0000d18c    00000004     Robot_pem4f.oem4f (.const:ti_sysbios_knl_Semaphore_A_overflow__C)
                  0000d190    00000004     Robot_pem4f.oem4f (.const:ti_sysbios_knl_Semaphore_A_pendTaskDisabled__C)
                  0000d194    00000004     Robot_pem4f.oem4f (.const:ti_sysbios_knl_Semaphore_Instance_State_pendQ__O)
                  0000d198    00000004     Robot_pem4f.oem4f (.const:ti_sysbios_knl_Semaphore_Module__diagsEnabled__C)
                  0000d19c    00000004     Robot_pem4f.oem4f (.const:ti_sysbios_knl_Semaphore_Module__diagsIncluded__C)
                  0000d1a0    00000004     Robot_pem4f.oem4f (.const:ti_sysbios_knl_Semaphore_Module__diagsMask__C)
                  0000d1a4    00000004     Robot_pem4f.oem4f (.const:ti_sysbios_knl_Swi_Object__count__C)
                  0000d1a8    00000004     Robot_pem4f.oem4f (.const:ti_sysbios_knl_Task_A_badPriority__C)
                  0000d1ac    00000004     Robot_pem4f.oem4f (.const:ti_sysbios_knl_Task_A_badTaskState__C)
                  0000d1b0    00000004     Robot_pem4f.oem4f (.const:ti_sysbios_knl_Task_A_badThreadType__C)
                  0000d1b4    00000004     Robot_pem4f.oem4f (.const:ti_sysbios_knl_Task_A_badTimeout__C)
                  0000d1b8    00000004     Robot_pem4f.oem4f (.const:ti_sysbios_knl_Task_A_noPendElem__C)
                  0000d1bc    00000004     Robot_pem4f.oem4f (.const:ti_sysbios_knl_Task_A_sleepTaskDisabled__C)
                  0000d1c0    00000004     Robot_pem4f.oem4f (.const:ti_sysbios_knl_Task_E_spOutOfBounds__C)
                  0000d1c4    00000004     Robot_pem4f.oem4f (.const:ti_sysbios_knl_Task_E_stackOverflow__C)
                  0000d1c8    00000004     Robot_pem4f.oem4f (.const:ti_sysbios_knl_Task_Module_State_inactiveQ__O)
                  0000d1cc    00000004     Robot_pem4f.oem4f (.const:ti_sysbios_knl_Task_Module__diagsEnabled__C)
                  0000d1d0    00000004     Robot_pem4f.oem4f (.const:ti_sysbios_knl_Task_Module__diagsIncluded__C)
                  0000d1d4    00000004     Robot_pem4f.oem4f (.const:ti_sysbios_knl_Task_Module__diagsMask__C)
                  0000d1d8    00000004     Robot_pem4f.oem4f (.const:ti_sysbios_knl_Task_Object__count__C)
                  0000d1dc    00000004     Robot_pem4f.oem4f (.const:ti_sysbios_knl_Task_allBlockedFunc__C)
                  0000d1e0    00000004     Robot_pem4f.oem4f (.const:ti_sysbios_knl_Task_defaultStackHeap__C)
                  0000d1e4    00000004     Robot_pem4f.oem4f (.const:ti_sysbios_knl_Task_defaultStackSize__C)
                  0000d1e8    00000004     Robot_pem4f.oem4f (.const:ti_sysbios_knl_Task_numConstructedTasks__C)
                  0000d1ec    00000004     Robot_pem4f.oem4f (.const:xdc_runtime_Assert_E_assertFailed__C)
                  0000d1f0    00000004     Robot_pem4f.oem4f (.const:xdc_runtime_Core_A_initializedParams__C)
                  0000d1f4    00000004     Robot_pem4f.oem4f (.const:xdc_runtime_Core_Module__diagsEnabled__C)
                  0000d1f8    00000004     Robot_pem4f.oem4f (.const:xdc_runtime_Core_Module__diagsIncluded__C)
                  0000d1fc    00000004     Robot_pem4f.oem4f (.const:xdc_runtime_Core_Module__diagsMask__C)
                  0000d200    00000004     Robot_pem4f.oem4f (.const:xdc_runtime_Error_E_memory__C)
                  0000d204    00000004     Robot_pem4f.oem4f (.const:xdc_runtime_Error_Module__diagsEnabled__C)
                  0000d208    00000004     Robot_pem4f.oem4f (.const:xdc_runtime_Error_Module__diagsIncluded__C)
                  0000d20c    00000004     Robot_pem4f.oem4f (.const:xdc_runtime_Error_Module__diagsMask__C)
                  0000d210    00000004     Robot_pem4f.oem4f (.const:xdc_runtime_Error_Module__loggerFxn8__C)
                  0000d214    00000004     Robot_pem4f.oem4f (.const:xdc_runtime_Error_Module__loggerObj__C)
                  0000d218    00000004     Robot_pem4f.oem4f (.const:xdc_runtime_Error_policyFxn__C)
                  0000d21c    00000004     Robot_pem4f.oem4f (.const:xdc_runtime_Error_raiseHook__C)
                  0000d220    00000004     Robot_pem4f.oem4f (.const:xdc_runtime_IGateProvider_Interface__BASE__C)
                  0000d224    00000004     Robot_pem4f.oem4f (.const:xdc_runtime_IHeap_Interface__BASE__C)
                  0000d228    00000004     Robot_pem4f.oem4f (.const:xdc_runtime_IModule_Interface__BASE__C)
                  0000d22c    00000004     Robot_pem4f.oem4f (.const:xdc_runtime_Log_L_error__C)
                  0000d230    00000004     Robot_pem4f.oem4f (.const:xdc_runtime_Memory_defaultHeapInstance__C)
                  0000d234    00000004     Robot_pem4f.oem4f (.const:xdc_runtime_Startup_execImpl__C)
                  0000d238    00000004     Robot_pem4f.oem4f (.const:xdc_runtime_Startup_maxPasses__C)
                  0000d23c    00000004     Robot_pem4f.oem4f (.const:xdc_runtime_Startup_sfxnRts__C)
                  0000d240    00000004     Robot_pem4f.oem4f (.const:xdc_runtime_Startup_sfxnTab__C)
                  0000d244    00000004     Robot_pem4f.oem4f (.const:xdc_runtime_SysMin_bufSize__C)
                  0000d248    00000004     Robot_pem4f.oem4f (.const:xdc_runtime_SysMin_outputFunc__C)
                  0000d24c    00000004     Robot_pem4f.oem4f (.const:xdc_runtime_System_Module__gateObj__C)
                  0000d250    00000004     Robot_pem4f.oem4f (.const:xdc_runtime_System_abortFxn__C)
                  0000d254    00000004     Robot_pem4f.oem4f (.const:xdc_runtime_System_exitFxn__C)
                  0000d258    00000004     Robot_pem4f.oem4f (.const:xdc_runtime_System_extendFxn__C)
                  0000d25c    00000004     Robot_pem4f.oem4f (.const:xdc_runtime_System_maxAtexitHandlers__C)
                  0000d260    00000004     Robot_pem4f.oem4f (.const:xdc_runtime_Text_charTab__C)
                  0000d264    00000004     Robot_pem4f.oem4f (.const:xdc_runtime_Text_nameEmpty__C)
                  0000d268    00000004     Robot_pem4f.oem4f (.const:xdc_runtime_Text_nameStatic__C)
                  0000d26c    00000004     Robot_pem4f.oem4f (.const:xdc_runtime_Text_nameUnknown__C)
                  0000d270    00000004     Robot_pem4f.oem4f (.const:xdc_runtime_Text_nodeTab__C)
                  0000d274    00000004     Robot_pem4f.oem4f (.const:xdc_runtime_Text_visitRopeFxn__C)
                  0000d278    00000002     Robot_pem4f.oem4f (.const:ti_sysbios_gates_GateMutex_Module__id__C)
                  0000d27a    00000002     Robot_pem4f.oem4f (.const:ti_sysbios_hal_Hwi_Module__id__C)
                  0000d27c    00000002     Robot_pem4f.oem4f (.const:ti_sysbios_heaps_HeapMem_Module__id__C)
                  0000d27e    00000002     Robot_pem4f.oem4f (.const:ti_sysbios_knl_Semaphore_Module__id__C)
                  0000d280    00000002     Robot_pem4f.oem4f (.const:ti_sysbios_knl_Task_Module__id__C)
                  0000d282    00000002     Robot_pem4f.oem4f (.const:xdc_runtime_Core_Module__id__C)
                  0000d284    00000002     Robot_pem4f.oem4f (.const:xdc_runtime_Error_Module__loggerDefined__C)
                  0000d286    00000002     Robot_pem4f.oem4f (.const:xdc_runtime_Error_maxDepth__C)
                  0000d288    00000002     Robot_pem4f.oem4f (.const:xdc_runtime_Memory_Module__id__C)
                  0000d28a    00000002     Robot_pem4f.oem4f (.const:xdc_runtime_SysMin_flushAtExit__C)
                  0000d28c    00000002     Robot_pem4f.oem4f (.const:xdc_runtime_Text_charCnt__C)
                  0000d28e    00000002     Robot_pem4f.oem4f (.const:xdc_runtime_Text_isLoaded__C)
                  0000d290    00000002     Robot_pem4f.oem4f (.const:xdc_runtime_Text_registryModsLastId__C)
                  0000d292    00000002     Robot_pem4f.oem4f (.const:xdc_runtime_Text_unnamedModsLastId__C)
                  0000d294    00000001     Robot_pem4f.oem4f (.const:xdc_runtime_Error_policy__C)

.cinit     0    0000d298    00000320     
                  0000d298    000002eb     (.cinit..data.load) [load image, compression = lzss]
                  0000d583    00000001     --HOLE-- [fill = 0]
                  0000d584    0000000c     (__TI_handler_table)
                  0000d590    00000008     (.cinit..bss.load) [load image, compression = zero_init]
                  0000d598    00000008     (.cinit..vecs.load) [load image, compression = zero_init]
                  0000d5a0    00000018     (__TI_cinit_table)

.resetVecs 
*          0    00000000    0000003c     
                  00000000    0000003c     Robot_pem4f.oem4f (.resetVecs)

.vecs      0    20000000    00000140     UNINITIALIZED
                  20000000    00000140     Robot_pem4f.oem4f (.vecs)

.bss       0    20000140    00005620     UNINITIALIZED
                  20000140    00002ee0     (.common:DisplayBuffer)
                  20003020    00000e00     Robot_pem4f.oem4f (.bss:taskStackSection)
                  20003e20    00000800     (.common:task0Stack)
                  20004620    00000800     (.common:task2Stack)
                  20004e20    00000400     (.common:ti_sysbios_heaps_HeapMem_Instance_State_0_buf__A)
                  20005220    00000140     (.common:ti_sysbios_family_arm_m3_Hwi_dispatchTable)
                  20005360    00000120     rtsv7M4_T_le_v4SPD16_eabi.lib : trgmsg.obj (.bss:_CIOBUF_)
                  20005480    000000d8     (.common:i2cMSP432Objects)
                  20005558    00000080     (.common:xdc_runtime_SysMin_Module_State_0_outbuf__A)
                  200055d8    00000050     (.common:task0Struct)
                  20005628    00000050     (.common:task2Struct)
                  20005678    00000030     drivers_MSP432P401R.aem4f : GPIOMSP432.oem4f (.bss:gpioCallbackInfo)
                  200056a8    00000030     (.common:pwmTimerMSP432Objects)
                  200056d8    00000018     (.common:params)
                  200056f0    00000008     (.common:parmbuf)
                  200056f8    00000004     (.common:PID_val)
                  200056fc    00000004     (.common:currRotatesL)
                  20005700    00000004     (.common:currRotatesR)
                  20005704    00000004     (.common:currT)
                  20005708    00000004     (.common:dT)
                  2000570c    00000004     (.common:diffL)
                  20005710    00000004     (.common:diffR)
                  20005714    00000004     (.common:dutyIncL)
                  20005718    00000004     (.common:dutyIncR)
                  2000571c    00000004     (.common:errL)
                  20005720    00000004     (.common:errR)
                  20005724    00000004     (.common:integ)
                  20005728    00000004     (.common:integR)
                  2000572c    00000004     (.common:preRotatesL)
                  20005730    00000004     (.common:preRotatesR)
                  20005734    00000004     (.common:preT)
                  20005738    00000004     (.common:prev_errL)
                  2000573c    00000004     (.common:prev_errR)
                  20005740    00000004     (.common:pwm1)
                  20005744    00000004     (.common:pwm2)
                  20005748    00000004     (.common:pwm3)
                  2000574c    00000004     (.common:pwm4)
                  20005750    00000004     (.common:speedL)
                  20005754    00000004     (.common:speedR)
                  20005758    00000004     (.common:task)
                  2000575c    00000004     (.common:task2)

.data      0    20005760    00000790     UNINITIALIZED
                  20005760    000000e4     Robot_pem4f.oem4f (.data:ti_sysbios_knl_Task_Object__table__V)
                  20005844    0000009c     drivers_MSP432P401R.aem4f : PowerMSP432.oem4f (.data:PowerMSP432_perfLevels)
                  200058e0    00000080                               : PWMTimerMSP432.oem4f (.data:pwmTimerStatus)
                  20005960    00000080     Robot_pem4f.oem4f (.data:ti_sysbios_knl_Swi_Module_State_0_readyQ__A)
                  200059e0    00000080     Robot_pem4f.oem4f (.data:ti_sysbios_knl_Task_Module_State_0_readyQ__A)
                  20005a60    0000006c     MSP_EXP432P401R.obj (.data:gpioCallbackFunctions)
                  20005acc    0000006c     MSP_EXP432P401R.obj (.data:gpioPinConfigs)
                  20005b38    0000004c     Robot_pem4f.oem4f (.data:ti_sysbios_family_arm_msp432_Timer_Object__table__V)
                  20005b84    00000044     Robot_pem4f.oem4f (.data:ti_sysbios_knl_Task_Module__state__V)
                  20005bc8    00000038     motor.obj (.data)
                  20005c00    00000038     Robot_pem4f.oem4f (.data:ti_sysbios_gates_GateMutex_Object__table__V)
                  20005c38    00000034     Robot_pem4f.oem4f (.data:ti_sysbios_family_arm_m3_Hwi_Module__state__V)
                  20005c6c    00000030     msp432p4xx_driverlib.lib : gpio.o (.data:GPIO_PORT_TO_BASE)
                  20005c9c    00000030     rangeRead.obj (.data:dataL)
                  20005ccc    00000030     rangeRead.obj (.data:dataR)
                  20005cfc    00000030     Robot_pem4f.oem4f (.data:ti_sysbios_knl_Swi_Object__table__V)
                  20005d2c    0000002c     Robot_pem4f.oem4f (.data:ti_sysbios_knl_Clock_Module__state__V)
                  20005d58    00000028     drivers_MSP432P401R.aem4f : PowerMSP432.oem4f (.data:PowerMSP432_module)
                  20005d80    00000024     Robot_pem4f.oem4f (.data:ti_sysbios_BIOS_Module__state__V)
                  20005da4    00000020     Robot_pem4f.oem4f (.data:ti_sysbios_family_arm_msp432_Timer_Module_State_0_device__A)
                  20005dc4    0000001c     Robot_pem4f.oem4f (.data:ti_sysbios_knl_Swi_Module__state__V)
                  20005de0    00000018     Robot_pem4f.oem4f (.data:ti_sysbios_family_arm_m3_Hwi_Object__table__V)
                  20005df8    00000018     Robot_pem4f.oem4f (.data:ti_sysbios_heaps_HeapMem_Object__table__V)
                  20005e10    00000010     Robot_pem4f.oem4f (.data:ti_sysbios_family_arm_msp432_Timer_Module_State_0_handles__A)
                  20005e20    0000000c     rtsv7M4_T_le_v4SPD16_eabi.lib : exit.obj (.data:$O1$$)
                  20005e2c    0000000c     deadReckon.obj (.data)
                  20005e38    0000000c     Robot_pem4f.oem4f (.data:ti_sysbios_family_arm_msp432_ClockFreqs_Module__state__V)
                  20005e44    0000000c     Robot_pem4f.oem4f (.data:ti_sysbios_family_arm_msp432_Timer_Module__state__V)
                  20005e50    0000000c     Robot_pem4f.oem4f (.data:xdc_runtime_SysMin_Module__state__V)
                  20005e5c    00000008     rtsv7M4_T_le_v4SPD16_eabi.lib : _lock.obj (.data:$O1$$)
                  20005e64    00000008     Robot_pem4f.oem4f (.data:ti_sysbios_family_arm_m3_Hwi_Module__root__V)
                  20005e6c    00000008     Robot_pem4f.oem4f (.data:ti_sysbios_gates_GateHwi_Module__root__V)
                  20005e74    00000008     Robot_pem4f.oem4f (.data:ti_sysbios_gates_GateMutex_Module__root__V)
                  20005e7c    00000008     Robot_pem4f.oem4f (.data:ti_sysbios_heaps_HeapMem_Module__root__V)
                  20005e84    00000008     Robot_pem4f.oem4f (.data:ti_sysbios_knl_Queue_Module__root__V)
                  20005e8c    00000008     Robot_pem4f.oem4f (.data:ti_sysbios_knl_Semaphore_Module__root__V)
                  20005e94    00000008     Robot_pem4f.oem4f (.data:ti_sysbios_knl_Task_Module__root__V)
                  20005e9c    00000008     Robot_pem4f.oem4f (.data:xdc_runtime_Registry_Module__state__V)
                  20005ea4    00000008     Robot_pem4f.oem4f (.data:xdc_runtime_Startup_Module__state__V)
                  20005eac    00000008     Robot_pem4f.oem4f (.data:xdc_runtime_System_Module_State_0_atexitHandlers__A)
                  20005eb4    00000008     Robot_pem4f.oem4f (.data:xdc_runtime_System_Module__state__V)
                  20005ebc    00000004     rangeRead.obj (.data:distL)
                  20005ec0    00000004     rangeRead.obj (.data:distR)
                  20005ec4    00000004     drivers_MSP432P401R.aem4f : I2C.oem4f (.data)
                  20005ec8    00000004                               : PWM.oem4f (.data)
                  20005ecc    00000004     rtsv7M4_T_le_v4SPD16_eabi.lib : errno.obj (.data)
                  20005ed0    00000004                                   : stkdepth_vars.obj (.data)
                  20005ed4    00000004     Robot_pem4f.oem4f (.data:ti_sysbios_family_arm_m3_Hwi_Module_State_0_excContext__A)
                  20005ed8    00000004     Robot_pem4f.oem4f (.data:ti_sysbios_family_arm_m3_Hwi_Module_State_0_excStack__A)
                  20005edc    00000004     Robot_pem4f.oem4f (.data:ti_sysbios_gates_GateHwi_Object__table__V)
                  20005ee0    00000004     Robot_pem4f.oem4f (.data:ti_sysbios_knl_Task_Module_State_0_idleTask__A)
                  20005ee4    00000004     Robot_pem4f.oem4f (.data:xdc_runtime_Memory_Module__state__V)
                  20005ee8    00000002     Sharp96x96.obj (.data)
[...]
0000cc7c  PWM_config                                                  
0000ccb8  ti_sysbios_knl_Task_Object__PARAMS__C                       
0000ccf4  I2C_config                                                  
0000cd24  g_sharp96x96LCD                                             
0000cd54  i2cMSP432HWAttrs                                            
0000cd84  pwmTimerMSP432HWAttrs                                       
0000cdb4  ti_sysbios_family_arm_m3_Hwi_Object__PARAMS__C              
0000cde4  PWMTimerMSP432_fxnTable                                     
0000ce0c  ti_sysbios_heaps_HeapMem_Module__FXNS__C                    
0000ce34  ti_sysbios_gates_GateHwi_Module__FXNS__C                    
0000ce58  ti_sysbios_gates_GateMutex_Module__FXNS__C                  
0000ce7c  ti_sysbios_heaps_HeapMem_Object__PARAMS__C                  
0000cea0  ti_sysbios_knl_Semaphore_Object__PARAMS__C                  
0000cec4  I2CMSP432_fxnTable                                          
0000cee4  ti_sysbios_family_arm_m3_Hwi_Object__DESC__C                
0000cf04  ti_sysbios_gates_GateHwi_Object__DESC__C                    
0000cf24  ti_sysbios_gates_GateMutex_Object__DESC__C                  
0000cf44  ti_sysbios_heaps_HeapMem_Object__DESC__C                    
0000cf64  ti_sysbios_knl_Queue_Object__DESC__C                        
0000cf84  ti_sysbios_knl_Semaphore_Object__DESC__C                    
0000cfa4  ti_sysbios_knl_Task_Object__DESC__C                         
0000cfc4  xdc_runtime_Startup_sfxnTab__A                              
0000d000  PWM_defaultParams                                           
0000d018  ti_sysbios_gates_GateHwi_Object__PARAMS__C                  
0000d030  ti_sysbios_gates_GateMutex_Object__PARAMS__C                
0000d048  ti_sysbios_knl_Queue_Object__PARAMS__C                      
0000d060  GPIOMSP432_config                                           
0000d074  PowerMSP432_config                                          
0000d084  I2C_defaultParams                                           
0000d094  xdc_runtime_Startup_sfxnRts__A                              
0000d0b0  xdc_runtime_Startup_firstFxns__A                            
0000d0c4  ti_sysbios_family_arm_m3_Hwi_excHookFuncs__A                
0000d0cc  ti_sysbios_knl_Idle_funcList__A                             
0000d0d4  ti_sysbios_knl_Idle_funcList__C                             
0000d0dc  xdc_runtime_Startup_firstFxns__C                            
0000d0e4  xdc_runtime_Startup_lastFxns__C                             
0000d0ec  ti_sysbios_family_arm_m3_Hwi_E_NMI__C                       
0000d0f0  ti_sysbios_family_arm_m3_Hwi_E_alreadyDefined__C            
0000d0f4  ti_sysbios_family_arm_m3_Hwi_E_busFault__C                  
0000d0f8  ti_sysbios_family_arm_m3_Hwi_E_debugMon__C                  
0000d0fc  ti_sysbios_family_arm_m3_Hwi_E_hardFault__C                 
0000d100  ti_sysbios_family_arm_m3_Hwi_E_memFault__C                  
0000d104  ti_sysbios_family_arm_m3_Hwi_E_noIsr__C                     
0000d108  ti_sysbios_family_arm_m3_Hwi_E_reserved__C                  
0000d10c  ti_sysbios_family_arm_m3_Hwi_E_svCall__C                    
0000d110  ti_sysbios_family_arm_m3_Hwi_E_usageFault__C                
0000d114  ti_sysbios_family_arm_m3_Hwi_NUM_INTERRUPTS__C              
0000d118  ti_sysbios_family_arm_m3_Hwi_Object__count__C               
0000d11c  ti_sysbios_family_arm_m3_Hwi_ccr__C                         
0000d120  ti_sysbios_family_arm_m3_Hwi_excHandlerFunc__C              
0000d124  ti_sysbios_family_arm_m3_Hwi_excHookFuncs__C                
0000d128  ti_sysbios_family_arm_m3_Hwi_nullIsrFunc__C                 
0000d12c  ti_sysbios_family_arm_m3_Hwi_priGroup__C                    
0000d130  ti_sysbios_family_arm_m3_TaskSupport_stackAlignment__C      
0000d134  ti_sysbios_family_arm_msp432_Timer_numTimerDevices__C       
0000d138  ti_sysbios_family_arm_msp432_Timer_startupNeeded__C         
0000d13c  ti_sysbios_gates_GateMutex_A_badContext__C                  
0000d140  ti_sysbios_gates_GateMutex_Instance_State_sem__O            
0000d144  ti_sysbios_gates_GateMutex_Module__diagsEnabled__C          
0000d148  ti_sysbios_gates_GateMutex_Module__diagsIncluded__C         
0000d14c  ti_sysbios_gates_GateMutex_Module__diagsMask__C             
0000d150  ti_sysbios_hal_Hwi_E_stackOverflow__C                       
0000d154  ti_sysbios_heaps_HeapMem_A_align__C                         
0000d158  ti_sysbios_heaps_HeapMem_A_heapSize__C                      
0000d15c  ti_sysbios_heaps_HeapMem_A_invalidFree__C                   
0000d160  ti_sysbios_heaps_HeapMem_A_zeroBlock__C                     
0000d164  ti_sysbios_heaps_HeapMem_E_memory__C                        
0000d168  ti_sysbios_heaps_HeapMem_Module__diagsEnabled__C            
0000d16c  ti_sysbios_heaps_HeapMem_Module__diagsIncluded__C           
0000d170  ti_sysbios_heaps_HeapMem_Module__diagsMask__C               
0000d174  ti_sysbios_heaps_HeapMem_Module__gateObj__C                 
0000d178  ti_sysbios_heaps_HeapMem_Object__count__C                   
0000d17c  ti_sysbios_heaps_HeapMem_reqAlign__C                        
0000d180  ti_sysbios_knl_Clock_Module_State_clockQ__O                 
0000d184  ti_sysbios_knl_Semaphore_A_badContext__C                    
0000d188  ti_sysbios_knl_Semaphore_A_noEvents__C                      
0000d18c  ti_sysbios_knl_Semaphore_A_overflow__C                      
0000d190  ti_sysbios_knl_Semaphore_A_pendTaskDisabled__C              
0000d194  ti_sysbios_knl_Semaphore_Instance_State_pendQ__O            
0000d198  ti_sysbios_knl_Semaphore_Module__diagsEnabled__C            
0000d19c  ti_sysbios_knl_Semaphore_Module__diagsIncluded__C           
0000d1a0  ti_sysbios_knl_Semaphore_Module__diagsMask__C               
0000d1a4  ti_sysbios_knl_Swi_Object__count__C                         
0000d1a8  ti_sysbios_knl_Task_A_badPriority__C                        
0000d1ac  ti_sysbios_knl_Task_A_badTaskState__C                       
0000d1b0  ti_sysbios_knl_Task_A_badThreadType__C                      
0000d1b4  ti_sysbios_knl_Task_A_badTimeout__C                         
0000d1b8  ti_sysbios_knl_Task_A_noPendElem__C                         
0000d1bc  ti_sysbios_knl_Task_A_sleepTaskDisabled__C                  
0000d1c0  ti_sysbios_knl_Task_E_spOutOfBounds__C                      
0000d1c4  ti_sysbios_knl_Task_E_stackOverflow__C                      
0000d1c8  ti_sysbios_knl_Task_Module_State_inactiveQ__O               
0000d1cc  ti_sysbios_knl_Task_Module__diagsEnabled__C                 
0000d1d0  ti_sysbios_knl_Task_Module__diagsIncluded__C                
0000d1d4  ti_sysbios_knl_Task_Module__diagsMask__C                    
0000d1d8  ti_sysbios_knl_Task_Object__count__C                        
0000d1dc  ti_sysbios_knl_Task_allBlockedFunc__C                       
0000d1e0  ti_sysbios_knl_Task_defaultStackHeap__C                     
0000d1e4  ti_sysbios_knl_Task_defaultStackSize__C                     
0000d1e8  ti_sysbios_knl_Task_numConstructedTasks__C                  
0000d1ec  xdc_runtime_Assert_E_assertFailed__C                        
0000d1f0  xdc_runtime_Core_A_initializedParams__C                     
0000d1f4  xdc_runtime_Core_Module__diagsEnabled__C                    
0000d1f8  xdc_runtime_Core_Module__diagsIncluded__C                   
0000d1fc  xdc_runtime_Core_Module__diagsMask__C                       
0000d200  xdc_runtime_Error_E_memory__C                               
0000d204  xdc_runtime_Error_Module__diagsEnabled__C                   
0000d208  xdc_runtime_Error_Module__diagsIncluded__C                  
0000d20c  xdc_runtime_Error_Module__diagsMask__C                      
0000d210  xdc_runtime_Error_Module__loggerFxn8__C                     
0000d214  xdc_runtime_Error_Module__loggerObj__C                      
0000d218  xdc_runtime_Error_policyFxn__C                              
0000d21c  xdc_runtime_Error_raiseHook__C                              
0000d220  xdc_runtime_IGateProvider_Interface__BASE__C                
0000d224  xdc_runtime_IHeap_Interface__BASE__C                        
0000d228  xdc_runtime_IModule_Interface__BASE__C                      
0000d22c  xdc_runtime_Log_L_error__C                                  
0000d230  xdc_runtime_Memory_defaultHeapInstance__C                   
0000d234  xdc_runtime_Startup_execImpl__C                             
0000d238  xdc_runtime_Startup_maxPasses__C                            
0000d23c  xdc_runtime_Startup_sfxnRts__C                              
0000d240  xdc_runtime_Startup_sfxnTab__C                              
0000d244  xdc_runtime_SysMin_bufSize__C                               
0000d248  xdc_runtime_SysMin_outputFunc__C                            
0000d24c  xdc_runtime_System_Module__gateObj__C                       
0000d250  xdc_runtime_System_abortFxn__C                              
0000d254  xdc_runtime_System_exitFxn__C                               
0000d258  xdc_runtime_System_extendFxn__C                             
0000d25c  xdc_runtime_System_maxAtexitHandlers__C                     
0000d260  xdc_runtime_Text_charTab__C                                 
0000d264  xdc_runtime_Text_nameEmpty__C                               
0000d268  xdc_runtime_Text_nameStatic__C                              
0000d26c  xdc_runtime_Text_nameUnknown__C                             
0000d270  xdc_runtime_Text_nodeTab__C                                 
0000d274  xdc_runtime_Text_visitRopeFxn__C                            
0000d278  ti_sysbios_gates_GateMutex_Module__id__C                    
0000d27a  ti_sysbios_hal_Hwi_Module__id__C                            
0000d27c  ti_sysbios_heaps_HeapMem_Module__id__C                      
0000d27e  ti_sysbios_knl_Semaphore_Module__id__C                      
0000d280  ti_sysbios_knl_Task_Module__id__C                           
0000d282  xdc_runtime_Core_Module__id__C                              
0000d284  xdc_runtime_Error_Module__loggerDefined__C                  
0000d286  xdc_runtime_Error_maxDepth__C                               
0000d288  xdc_runtime_Memory_Module__id__C                            
0000d28a  xdc_runtime_SysMin_flushAtExit__C                           
0000d28c  xdc_runtime_Text_charCnt__C                                 
0000d28e  xdc_runtime_Text_isLoaded__C                                
0000d290  xdc_runtime_Text_registryModsLastId__C                      
0000d292  xdc_runtime_Text_unnamedModsLastId__C                       
0000d294  xdc_runtime_Error_policy__C                                 
0000d298  __TI_static_base__                                          
0000d584  __TI_Handler_Table_Base                                     
0000d590  __TI_Handler_Table_Limit                                    
0000d5a0  __TI_CINIT_Base                                             
0000d5b8  __TI_CINIT_Limit                                            
20000000  ti_sysbios_family_arm_m3_Hwi_ramVectors                     
20000140  DisplayBuffer                                               
20003020  ti_sysbios_knl_Task_Instance_State_0_stack__A               
20003420  ti_sysbios_knl_Task_Instance_State_1_stack__A               
20003c20  ti_sysbios_knl_Task_Instance_State_2_stack__A               
20003e20  task0Stack                                                  
20004620  task2Stack                                                  
20004e20  ti_sysbios_heaps_HeapMem_Instance_State_0_buf__A            
20005220  ti_sysbios_family_arm_m3_Hwi_dispatchTable                  
20005360  __CIOBUF_                                                   
20005480  i2cMSP432Objects                                            
20005558  xdc_runtime_SysMin_Module_State_0_outbuf__A                 
200055d8  task0Struct                                                 
20005628  task2Struct                                                 
200056a8  pwmTimerMSP432Objects                                       
200056d8  params                                                      
200056f0  parmbuf                                                     
200056f8  PID_val                                                     
200056fc  currRotatesL                                                
20005700  currRotatesR                                                
20005704  currT                                                       
20005708  dT                                                          
2000570c  diffL                                                       
20005710  diffR                                                       
20005714  dutyIncL                                                    
20005718  dutyIncR                                                    
2000571c  errL                                                        
20005720  errR                                                        
20005724  integ                                                       
20005728  integR                                                      
2000572c  preRotatesL                                                 
20005730  preRotatesR                                                 
20005734  preT                                                        
20005738  prev_errL                                                   
2000573c  prev_errR                                                   
20005740  pwm1                                                        
20005744  pwm2                                                        
20005748  pwm3                                                        
2000574c  pwm4                                                        
20005750  speedL                                                      
20005754  speedR                                                      
20005758  task                                                        
2000575c  task2                                                       
20005760  ti_sysbios_knl_Task_Object__table__V                        
20005844  PowerMSP432_perfLevels                                      
20005960  ti_sysbios_knl_Swi_Module_State_0_readyQ__A                 
200059e0  ti_sysbios_knl_Task_Module_State_0_readyQ__A                
20005a60  gpioCallbackFunctions                                       
20005acc  gpioPinConfigs                                              
20005b38  ti_sysbios_family_arm_msp432_Timer_Object__table__V         
20005b84  ti_sysbios_knl_Task_Module__state__V                        
20005bc8  pwmPeriod                                                   
20005bcc  dutyR                                                       
20005bd0  dutyL                                                       
20005bd4  setPointR                                                   
20005bd8  setPointL                                                   
20005bdc  Rotation_R                                                  
20005be0  Rotation_L                                                  
20005be4  dirR                                                        
20005be8  dirL                                                        
20005bec  Kp                                                          
20005bf0  Ti                                                          
20005bf4  Td                                                          
20005bf8  integL                                                      
20005bfc  K                                                           
20005c00  ti_sysbios_gates_GateMutex_Object__table__V                 
20005c38  ti_sysbios_family_arm_m3_Hwi_Module__state__V               
20005c9c  dataL                                                       
20005ccc  dataR                                                       
20005cfc  ti_sysbios_knl_Swi_Object__table__V                         
20005d2c  ti_sysbios_knl_Clock_Module__state__V                       
20005d58  PowerMSP432_module                                          
20005d80  ti_sysbios_BIOS_Module__state__V                            
20005da4  ti_sysbios_family_arm_msp432_Timer_Module_State_0_device__A 
20005dc4  ti_sysbios_knl_Swi_Module__state__V                         
20005de0  ti_sysbios_family_arm_m3_Hwi_Object__table__V               
20005df8  ti_sysbios_heaps_HeapMem_Object__table__V                   
20005e10  ti_sysbios_family_arm_msp432_Timer_Module_State_0_handles__A
20005e20  __TI_cleanup_ptr                                            
20005e24  __TI_dtors_ptr                                              
20005e28  __TI_enable_exit_profile_output                             
20005e2c  x                                                           
20005e30  y                                                           
20005e34  deltaL                                                      
20005e38  ti_sysbios_family_arm_msp432_ClockFreqs_Module__state__V    
20005e44  ti_sysbios_family_arm_msp432_Timer_Module__state__V         
20005e50  xdc_runtime_SysMin_Module__state__V                         
20005e5c  _lock                                                       
20005e60  _unlock                                                     
20005e64  ti_sysbios_family_arm_m3_Hwi_Module__root__V                
20005e6c  ti_sysbios_gates_GateHwi_Module__root__V                    
20005e74  ti_sysbios_gates_GateMutex_Module__root__V                  
20005e7c  ti_sysbios_heaps_HeapMem_Module__root__V                    
20005e84  ti_sysbios_knl_Queue_Module__root__V                        
20005e8c  ti_sysbios_knl_Semaphore_Module__root__V                    
20005e94  ti_sysbios_knl_Task_Module__root__V                         
20005e9c  xdc_runtime_Registry_Module__state__V                       
20005ea4  xdc_runtime_Startup_Module__state__V                        
20005eac  xdc_runtime_System_Module_State_0_atexitHandlers__A         
20005eb4  xdc_runtime_System_Module__state__V                         
20005ebc  distL                                                       
20005ec0  distR                                                       
20005ecc  errno                                                       
20005ed0  main_func_sp                                                
20005ed4  ti_sysbios_family_arm_m3_Hwi_Module_State_0_excContext__A   
20005ed8  ti_sysbios_family_arm_m3_Hwi_Module_State_0_excStack__A     
20005edc  ti_sysbios_gates_GateHwi_Object__table__V                   
20005ee0  ti_sysbios_knl_Task_Module_State_0_idleTask__A              
20005ee4  xdc_runtime_Memory_Module__state__V                         
20005ee8  VCOMbit                                                     
20005ee9  flagSendToggleVCOMCommand                                   
20005eea  ti_sysbios_family_arm_m3_Hwi_Module_State_0_excActive__A    
20005eec  xdc_runtime_Error_Module__state__V                          
20005eef  state                                                       
2000fd00  __stack                                                     
20010000  __STACK_END                                                 
4000480c  WDTCTL_SYM                                                  
e000e000  ti_sysbios_family_arm_m3_Hwi_nvic                           
ffffffff  __TI_pprof_out_hndl                                         
ffffffff  __TI_prof_data_size                                         
ffffffff  __TI_prof_data_start                                        
ffffffff  __binit__                                                   
ffffffff  __c_args__                                                  
ffffffff  binit                                                       
UNDEFED   SHT$$INIT_ARRAY$$Base                                       
UNDEFED   SHT$$INIT_ARRAY$$Limit                                      

[775 symbols]
