******************************************************************************
                  TI ARM Linker PC v16.9.4                     
******************************************************************************
>> Linked Tue Nov 21 21:52:46 2017

OUTPUT FILE NAME:   <CSRobot_01.out>
ENTRY POINT SYMBOL: "_c_int00"  address: 00008259


MEMORY CONFIGURATION

         name            origin    length      used     unused   attr    fill
----------------------  --------  ---------  --------  --------  ----  --------
  MAIN                  00000000   00040000  0000d977  00032689  R  X
  INFO                  00200000   00004000  00000000  00004000  R  X
  SRAM_CODE             01000000   00010000  00000000  00010000  RW X
  SRAM_DATA             20000000   00010000  00006230  00009dd0  RW  


SEGMENT ALLOCATION MAP

run origin  load origin   length   init length attrs members
----------  ----------- ---------- ----------- ----- -------
00000000    00000000    0000d980   0000d980    r-x
  00000000    00000000    0000003c   0000003c    r-- .resetVecs
  00000040    00000040    0000abb2   0000abb2    r-x .text
  0000abf4    0000abf4    00002a59   00002a59    r-- .const
  0000d650    0000d650    00000330   00000330    r-- .cinit
20000000    20000000    00005f30   00000000    rw-
  20000000    20000000    00000140   00000000    rw- .vecs
  20000140    20000140    00005654   00000000    rw- .bss
  20005794    20005794    0000079c   00000000    rw- .data
2000fd00    2000fd00    00000300   00000000    rw-
  2000fd00    2000fd00    00000300   00000000    rw- .stack


SECTION ALLOCATION MAP

 output                                  attributes/
section   page    origin      length       input sections
--------  ----  ----------  ----------   ----------------
.text      0    00000040    0000abb2     
                  00000040    0000113e     rtsv7M4_T_le_v4SPD16_eabi.lib : _printfi.obj (.text)
                  0000117e    00000002     power_tirtos_MSP432P401R.aem4f : PowerMSP432_tirtos.oem4f (.text:PowerMSP432_initPolicy)
                  00001180    000004cc     screenTask.obj (.text:screenTaskFxn)
                  0000164c    00000492     string.obj (.text:Graphics_drawString)
                  00001ade    00000002     rtsv7M4_T_le_v4SPD16_eabi.lib : i_div0.obj (.text)
                  00001ae0    00000430     sysbios.aem4f : BIOS.obj (.text:ti_sysbios_family_arm_m3_Hwi_excDumpRegs__I)
                  00001f10    00000350     motor.obj (.text:speedPID)
                  00002260    0000034c     ti.targets.arm.rtsarm.aem4f : System.oem4f (.text:xdc_runtime_System_doPrint__I)
                  000025ac    00000004     msp432p4xx_driverlib.lib : cpu.o (.text:CPU_wfi)
                  000025b0    000002b0     sysbios.aem4f : BIOS.obj (.text:ti_sysbios_knl_Semaphore_pend__E)
                  00002860    00000264     drivers_MSP432P401R.aem4f : PowerMSP432.oem4f (.text:Power_sleep)
                  00002ac4    00000004     msp432p4xx_driverlib.lib : spi.o (.text:EUSCI_A_SPI_transmitData)
                  00002ac8    00000258     sysbios.aem4f : BIOS.obj (.text:ti_sysbios_heaps_HeapMem_free__E)
                  00002d20    00000248                   : BIOS.obj (.text:ti_sysbios_heaps_HeapMem_alloc__E)
                  00002f68    00000228     wallFollower.obj (.text:wallFollow)
                  00003190    00000224     sysbios.aem4f : BIOS.obj (.text:ti_sysbios_knl_Task_Instance_finalize__E)
                  000033b4    00000004     msp432p4xx_driverlib.lib : spi.o (.text:EUSCI_B_SPI_transmitData)
                  000033b8    000001fc     sysbios.aem4f : BIOS.obj (.text:ti_sysbios_family_arm_m3_Hwi_excHandlerMax__I)
                  000035b4    000001f4     rtsv7M4_T_le_v4SPD16_eabi.lib : ull_div_t2.obj (.text)
                  000037a8    000001ec     rangeRead.obj (.text:filter)
                  00003994    00000004     tirtosport.aem4f : HwiP_tirtos.oem4f (.text:HwiP_disable)
                  00003998    000001c8     sysbios.aem4f : BIOS.obj (.text:ti_sysbios_knl_Task_Instance_init__E)
                  00003b60    000001c4                   : BIOS.obj (.text:ti_sysbios_knl_Task_sleep__E)
                  00003d24    000001b6     rtsv7M4_T_le_v4SPD16_eabi.lib : fd_add_t2.obj (.text)
                  00003eda    000001a0     msp432p4xx_driverlib.lib : pcm.o (.text:__PCM_setPowerStateAdvanced)
                  0000407a    00000002     Robot_pem4f.oem4f (.text:ti_sysbios_BIOS_nullFunc__I)
                  0000407c    00000178     drivers_MSP432P401R.aem4f : I2CMSP432.oem4f (.text:I2CMSP432_open)
                  000041f4    00000174     wallFollower.obj (.text:calc_sensor_pid)
                  00004368    00000174     sysbios.aem4f : BIOS.obj (.text:ti_sysbios_family_arm_m3_Hwi_excBusFault__I)
                  000044dc    0000016c     main.obj (.text:main)
                  00004648    00000164     sysbios.aem4f : BIOS.obj (.text:ti_sysbios_family_arm_m3_Hwi_excUsageFault__I)
                  000047ac    00000158     Sharp96x96.obj (.text:Sharp96x96_RectFill)
                  00004904    00000004     msp432p4xx_driverlib.lib : i2c.o (.text:I2C_setSlaveAddress)
                  00004908    00000148     sysbios.aem4f : BIOS.obj (.text:ti_sysbios_family_arm_m3_Hwi_excMemFault__I)
                  00004a50    00000146     rangeRead.obj (.text:sensorInit)
                  00004b96    00000002     --HOLE-- [fill = 0]
                  00004b98    00000140     drivers_MSP432P401R.aem4f : GPIOMSP432.oem4f (.text:GPIO_setConfig)
                  00004cd8    0000013c     sysbios.aem4f : BIOS.obj (.text:ti_sysbios_heaps_HeapMem_Instance_init__E)
                  00004e14    00000138     Sharp96x96.obj (.text:Sharp96x96_LineDrawH)
                  00004f4c    00000136     rtsv7M4_T_le_v4SPD16_eabi.lib : fd_div_t2.obj (.text)
                  00005082    00000118     drivers_MSP432P401R.aem4f : I2CMSP432.oem4f (.text:I2CMSP432_hwiIntFxn)
                  0000519a    00000002     --HOLE-- [fill = 0]
                  0000519c    00000118     ti.targets.arm.rtsarm.aem4f : Error.oem4f (.text:xdc_runtime_Error_policyDefault__E)
                  000052b4    00000100                                 : Core-mem.oem4f (.text:xdc_runtime_Core_createObject__I)
                  000053b4    000000fc     rtsv7M4_T_le_v4SPD16_eabi.lib : fd_mul_t2.obj (.text)
                  000054b0    000000fc                                   : s_scalbn.obj (.text)
                  000055ac    000000f8     motor.obj (.text:init_motors)
                  000056a4    000000f8     rangeRead.obj (.text:readResult)
                  0000579c    000000f8     ti.targets.arm.rtsarm.aem4f : Startup.oem4f (.text:xdc_runtime_Startup_startMods__I)
                  00005894    000000f8     Robot_pem4f.oem4f (.text:xdc_runtime_System_printfExtend__I)
                  0000598c    000000f0     drivers_MSP432P401R.aem4f : PowerMSP432.oem4f (.text:initPerfControl)
                  00005a7c    000000ec     sysbios.aem4f : m3_Hwi_asm.obj (.text:ti_sysbios_family_arm_m3_Hwi_dispatch__I)
                  00005b68    000000ec                   : BIOS.obj (.text:ti_sysbios_knl_Semaphore_post__E)
                  00005c54    000000e2     drivers_MSP432P401R.aem4f : PWMTimerMSP432.oem4f (.text:initHw)
                  00005d36    00000002     --HOLE-- [fill = 0]
                  00005d38    000000e0     msp432p4xx_driverlib.lib : cs.o (.text:CS_initClockSignal)
                  00005e18    000000e0     rangeRead.obj (.text:readRangeFxn)
                  00005ef8    000000dc     msp432p4xx_driverlib.lib : pcm.o (.text:__PCM_setPowerModeAdvanced)
                  00005fd4    000000d8     Sharp96x96.obj (.text:Sharp96x96_Flush)
                  000060ac    000000cc     ti.targets.arm.rtsarm.aem4f : Core-smem.oem4f (.text:xdc_runtime_Core_constructObject__I)
                  00006178    000000bc     sysbios.aem4f : BIOS.obj (.text:ti_sysbios_family_arm_m3_Hwi_excDebugMon__I)
                  00006234    00000004     drivers_MSP432P401R.aem4f : List.oem4f (.text:List_head)
                  00006238    000000bc     sysbios.aem4f : BIOS.obj (.text:ti_sysbios_family_arm_m3_Hwi_excHardFault__I)
                  000062f4    00000004     drivers_MSP432P401R.aem4f : List.oem4f (.text:List_next)
                  000062f8    000000b4     sysbios.aem4f : BIOS.obj (.text:ti_sysbios_gates_GateMutex_enter__E)
                  000063ac    00000004     drivers_MSP432P401R.aem4f : PowerMSP432.oem4f (.text:PowerMSP432_getNumPerfLevels)
                  000063b0    000000b4     sysbios.aem4f : BIOS.obj (.text:ti_sysbios_knl_Task_checkStacks__E)
                  00006464    000000b2     msp432p4xx_driverlib.lib : timer_a.o (.text:privateTimer_AProcessClockSourceDivider)
                  00006516    00000002     --HOLE-- [fill = 0]
                  00006518    000000b0                              : pcm.o (.text:__PCM_setCoreVoltageLevelAdvanced)
                  000065c8    000000b0     wallFollower.obj (.text:checkRightSide)
                  00006678    000000ac     drivers_MSP432P401R.aem4f : PWMTimerMSP432.oem4f (.text:PWMTimerMSP432_open)
                  00006724    00000004     Robot_pem4f.oem4f (.text:ti_sysbios_BIOS_RtsGateProxy_enter__E)
                  00006728    000000a8     sysbios.aem4f : BIOS.obj (.text:ti_sysbios_family_arm_msp432_Timer_periodicStub__E)
                  000067d0    000000a4     line.obj (.text:Graphics_drawLineH)
                  00006874    000000a0     auto_init.aem4f : auto_init.oem4f (.text)
                  00006914    000000a0     ti.targets.arm.rtsarm.aem4f : Text.oem4f (.text:xdc_runtime_Text_putMod__E)
                  000069b4    0000009c     rtsv7M4_T_le_v4SPD16_eabi.lib : memcpy_t2.obj (.text)
                  00006a50    0000009c     sysbios.aem4f : BIOS.obj (.text:ti_sysbios_knl_Semaphore_Instance_init__E)
                  00006aec    00000004     Robot_pem4f.oem4f (.text:ti_sysbios_BIOS_RtsGateProxy_leave__E)
                  00006af0    0000009c     sysbios.aem4f : BIOS.obj (.text:ti_sysbios_knl_Task_postInit__I)
                  00006b8c    0000009a     ti.targets.arm.rtsarm.aem4f : Text.oem4f (.text:xdc_runtime_Text_putSite__E)
                  00006c26    00000002     --HOLE-- [fill = 0]
                  00006c28    00000094     sysbios.aem4f : BIOS.obj (.text:ti_sysbios_family_arm_m3_Hwi_Instance_init__E)
                  00006cbc    00000004     Robot_pem4f.oem4f (.text:ti_sysbios_family_arm_m3_Hwi_destruct)
                  00006cc0    00000094     sysbios.aem4f : BIOS.obj (.text:ti_sysbios_family_arm_m3_Hwi_initNVIC__E)
                  00006d54    00000092     drivers_MSP432P401R.aem4f : I2CMSP432.oem4f (.text:I2CMSP432_cancel)
                  00006de6    00000092                               : PWMTimerMSP432.oem4f (.text:PWMTimerMSP432_setPeriod)
                  00006e78    00000090     Sharp96x96.obj (.text:Sharp96x96_LineDrawV)
                  00006f08    0000008c     drivers_MSP432P401R.aem4f : I2CMSP432.oem4f (.text:I2CMSP432_transfer)
                  00006f94    0000008c     motor.obj (.text:MoveStraight)
                  00007020    0000008c     sysbios.aem4f : m3_TaskSupport_asm.obj (.text:ti_sysbios_family_arm_m3_TaskSupport_buildTaskStack)
                  000070ac    00000088     msp432p4xx_driverlib.lib : spi.o (.text:SPI_initMaster)
                  00007134    00000004     Robot_pem4f.oem4f (.text:ti_sysbios_family_arm_m3_TaskSupport_Module__startupDone__S)
                  00007138    00000088     sysbios.aem4f : BIOS.obj (.text:ti_sysbios_family_arm_msp432_Timer_Module_startup__E)
                  000071c0    00000086     rtsv7M4_T_le_v4SPD16_eabi.lib : fd_cmp_t2.obj (.text:__aeabi_cdcmple)
                  00007246    00000086                                   : fd_cmp_t2.obj (.text:__aeabi_cdrcmple)
                  000072cc    00000084     drivers_MSP432P401R.aem4f : PWMTimerMSP432.oem4f (.text:PWMTimerMSP432_setDuty)
                  00007350    00000084     wallFollower.obj (.text:readSensor)
                  000073d4    00000004     Robot_pem4f.oem4f (.text:ti_sysbios_heaps_HeapMem_Module_GateProxy_enter__E)
                  000073d8    00000084     sysbios.aem4f : BIOS.obj (.text:ti_sysbios_family_arm_m3_Hwi_postInit__I)
                  0000745c    0000007c     msp432p4xx_driverlib.lib : pcm.o (.text:PCM_gotoLPM3)
                  000074d8    0000007c     Sharp96x96.obj (.text:Sharp96x96_ClearScreen)
                  00007554    0000007c     Sharp96x96.obj (.text:Sharp96x96_DrawMultiple)
                  000075d0    0000007a     rtsv7M4_T_le_v4SPD16_eabi.lib : memset_t2.obj (.text)
                  0000764a    00000002     --HOLE-- [fill = 0]
                  0000764c    00000077     rangeRead.obj (.text:sensor_read)
                  000076c3    00000001     --HOLE-- [fill = 0]
                  000076c4    00000077     rangeRead.obj (.text:sensor_write)
                  0000773b    00000001     --HOLE-- [fill = 0]
                  0000773c    00000073     rangeRead.obj (.text:switchOpen)
                  000077af    00000001     --HOLE-- [fill = 0]
                  000077b0    00000070     sysbios.aem4f : BIOS.obj (.text:ti_sysbios_knl_Task_exit__E)
                  00007820    0000006e     rtsv7M4_T_le_v4SPD16_eabi.lib : fd_tos_t2.obj (.text)
                  0000788e    00000002     --HOLE-- [fill = 0]
                  00007890    0000006d     ti.targets.arm.rtsarm.aem4f : System.oem4f (.text:xdc_runtime_System_formatNum__I)
                  000078fd    00000003     --HOLE-- [fill = 0]
                  00007900    0000006c     sysbios.aem4f : BIOS.obj (.text:ti_sysbios_knl_Clock_workFunc__E)
                  0000796c    00000004     Robot_pem4f.oem4f (.text:ti_sysbios_heaps_HeapMem_Module_GateProxy_leave__E)
                  00007970    0000006c     sysbios.aem4f : BIOS.obj (.text:ti_sysbios_knl_Swi_restoreHwi__E)
                  000079dc    0000006c     ti.targets.arm.rtsarm.aem4f : Error.oem4f (.text:xdc_runtime_Error_print__E)
                  00007a48    0000006c                                 : Memory.oem4f (.text:xdc_runtime_Memory_alloc__E)
                  00007ab4    00000068     Sharp96x96.obj (.text:Sharp96x96_PixelDraw)
                  00007b1c    00000068     rtsv7M4_T_le_v4SPD16_eabi.lib : copy_decompress_lzss.obj (.text:decompress:lzss)
                  00007b84    00000068     drivers_MSP432P401R.aem4f : I2CMSP432.oem4f (.text:primeTransfer)
                  00007bec    00000068     rtsv7M4_T_le_v4SPD16_eabi.lib : trgmsg.obj (.text)
                  00007c54    00000066     drivers_MSP432P401R.aem4f : I2CMSP432.oem4f (.text:I2CMSP432_close)
                  00007cba    00000066     ti.targets.arm.rtsarm.aem4f : Core-mem.oem4f (.text:xdc_runtime_Core_deleteObject__I)
                  00007d20    00000064     rtsv7M4_T_le_v4SPD16_eabi.lib : s_frexp.obj (.text)
                  00007d84    00000004     Robot_pem4f.oem4f (.text:ti_sysbios_knl_Clock_TimerProxy_getMaxTicks__E)
                  00007d88    00000064     sysbios.aem4f : BIOS.obj (.text:ti_sysbios_family_arm_m3_Hwi_dispatchC__I)
                  00007dec    00000062     tirtosport.aem4f : HwiP_tirtos.oem4f (.text:HwiP_create)
                  00007e4e    00000062     Sharp96x96utils.obj (.text:reverse)
                  00007eb0    00000060     rtsv7M4_T_le_v4SPD16_eabi.lib : sprintf.obj (.text)
                  00007f10    00000060     sysbios.aem4f : BIOS.obj (.text:ti_sysbios_knl_Task_schedule__I)
                  00007f70    0000005c     drivers_MSP432P401R.aem4f : GPIOMSP432.oem4f (.text:GPIO_init)
                  00007fcc    00000004     Robot_pem4f.oem4f (.text:ti_sysbios_knl_Queue_destruct)
                  00007fd0    0000005c     sysbios.aem4f : BIOS.obj (.text:ti_sysbios_knl_Swi_run__I)
                  0000802c    00000004     Robot_pem4f.oem4f (.text:ti_sysbios_knl_Semaphore_destruct)
                  00008030    0000005c     sysbios.aem4f : BIOS.obj (.text:ti_sysbios_knl_Swi_schedule__I)
                  0000808c    00000004     ti.targets.arm.rtsarm.aem4f : Error.oem4f (.text:xdc_runtime_Error_getSite__E)
                  00008090    0000005c     sysbios.aem4f : BIOS.obj (.text:ti_sysbios_knl_Task_Module_startup__E)
                  000080ec    00000004     Robot_pem4f.oem4f (.text:xdc_runtime_System_Module_GateProxy_enter__E)
                  000080f0    0000005c     sysbios.aem4f : BIOS.obj (.text:ti_sysbios_knl_Task_startCore__E)
                  0000814c    0000005b     ti.targets.arm.rtsarm.aem4f : Text.oem4f (.text:xdc_runtime_Text_putLab__E)
                  000081a7    00000001     --HOLE-- [fill = 0]
                  000081a8    00000058     tirtosport.aem4f : SemaphoreP_tirtos.oem4f (.text:SemaphoreP_create)
                  00008200    00000058     Sharp96x96.obj (.text:Sharp96x96_InitializeDisplayBuffer)
                  00008258    00000058     boot.aem4f : boot.oem4f (.text)
                  000082b0    00000058     rtsv7M4_T_le_v4SPD16_eabi.lib : hostwrite.obj (.text)
                  00008308    00000058     Robot_pem4f.oem4f (.text:ti_sysbios_family_arm_m3_Hwi_construct)
                  00008360    00000058     sysbios.aem4f : m3_Hwi_asm_switch.obj (.text:ti_sysbios_family_arm_m3_Hwi_initStacks__E)
                  000083b8    00000054     drivers_MSP432P401R.aem4f : GPIOMSP432.oem4f (.text:GPIO_hwiIntFxn)
                  0000840c    00000054                               : GPIOMSP432.oem4f (.text:GPIO_setCallback)
                  00008460    00000054                               : PWMTimerMSP432.oem4f (.text:PWMTimerMSP432_stop)
                  000084b4    00000054     Sharp96x96.obj (.text:Sharp96x96_LCDInit)
                  00008508    00000054     drivers_MSP432P401R.aem4f : I2CMSP432.oem4f (.text:initHw)
                  0000855c    00000054     rtsv7M4_T_le_v4SPD16_eabi.lib : exit.obj (.text)
                  000085b0    00000054                                   : ltoa.obj (.text)
                  00008604    00000004     Robot_pem4f.oem4f (.text:xdc_runtime_System_Module_GateProxy_leave__E)
                  00008608    00000054     sysbios.aem4f : BIOS.obj (.text:ti_sysbios_family_arm_msp432_Timer_initDevice__I)
                  0000865c    00000004     ti.targets.arm.rtsarm.aem4f : System.oem4f (.text:xdc_runtime_System_aprintf_va__F)
                  00008660    00000054     sysbios.aem4f : BIOS.obj (.text:ti_sysbios_family_arm_msp432_init_Boot_configureClocksHigh)
                  000086b4    00000054     Robot_pem4f.oem4f (.text:ti_sysbios_knl_Task_construct)
                  00008708    00000054     ti.targets.arm.rtsarm.aem4f : Assert.oem4f (.text:xdc_runtime_Assert_raise__I)
                  0000875c    00000050     drivers_MSP432P401R.aem4f : GPIOMSP432.oem4f (.text:GPIO_write)
                  000087ac    00000050     msp432p4xx_driverlib.lib : pcm.o (.text:PCM_shutdownDevice)
                  000087fc    00000050     drivers_MSP432P401R.aem4f : PWMTimerMSP432.oem4f (.text:PWMTimerMSP432_close)
                  0000884c    00000004     ti.targets.arm.rtsarm.aem4f : System.oem4f (.text:xdc_runtime_System_printf_va__F)
                  00008850    00000050     sysbios.aem4f : BIOS.obj (.text:ti_sysbios_family_arm_m3_Hwi_Module_startup__E)
                  000088a0    00000050     ti.targets.arm.rtsarm.aem4f : Startup.oem4f (.text:xdc_runtime_Startup_exec__E)
                  000088f0    00000050                                 : Text.oem4f (.text:xdc_runtime_Text_visitRope2__I)
                  00008940    0000004c     msp432p4xx_driverlib.lib : gpio.o (.text:GPIO_setAsPeripheralModuleFunctionOutputPin)
                  0000898c    0000004c     rtsv7M4_T_le_v4SPD16_eabi.lib : atoi.obj (.text)
                  000089d8    0000004c                                   : cpy_tbl.obj (.text)
                  00008a24    00000004     --HOLE-- [fill = 0]
                  00008a28    0000004c     sysbios.aem4f : BIOS.obj (.text:ti_sysbios_family_arm_msp432_Timer_start__E)
                  00008a74    00000004     --HOLE-- [fill = 0]
                  00008a78    0000004c                   : BIOS.obj (.text:ti_sysbios_heaps_HeapMem_getStats__E)
                  00008ac4    00000004     --HOLE-- [fill = 0]
                  00008ac8    0000004c                   : BIOS.obj (.text:ti_sysbios_knl_Swi_runLoop__I)
                  00008b14    00000004     --HOLE-- [fill = 0]
                  00008b18    0000004c                   : BIOS.obj (.text:ti_sysbios_knl_Task_allBlockedFunction__I)
                  00008b64    0000004a     context.obj (.text:Graphics_initContext)
                  00008bae    00000048     msp432p4xx_driverlib.lib : timer_a.o (.text:Timer_A_generatePWM)
                  00008bf6    00000048     rtsv7M4_T_le_v4SPD16_eabi.lib : fd_toi_t2.obj (.text)
                  00008c3e    00000002     --HOLE-- [fill = 0]
                  00008c40    00000048     sysbios.aem4f : BIOS.obj (.text:ti_sysbios_family_arm_m3_Hwi_disableInterrupt__E)
                  00008c88    00000048                   : BIOS.obj (.text:ti_sysbios_family_arm_m3_Hwi_enableInterrupt__E)
                  00008cd0    00000048                   : BIOS.obj (.text:ti_sysbios_family_arm_m3_Hwi_excReserved__I)
                  00008d18    00000046     ti.targets.arm.rtsarm.aem4f : Core-params.oem4f (.text:xdc_runtime_Core_assignParams__I)
                  00008d5e    00000002     --HOLE-- [fill = 0]
                  00008d60    00000044     MSP_EXP432P401R.obj (.text:MSP_EXP432P401R_initPWM)
                  00008da4    00000044     drivers_MSP432P401R.aem4f : PowerMSP432.oem4f (.text:Power_init)
                  00008de8    00000044     sysbios.aem4f : BIOS.obj (.text:ti_sysbios_family_arm_m3_Hwi_getStackInfo__E)
                  00008e2c    00000004     --HOLE-- [fill = 0]
                  00008e30    00000044                   : BIOS.obj (.text:ti_sysbios_knl_Swi_post__E)
                  00008e74    00000044     ti.targets.arm.rtsarm.aem4f : Error.oem4f (.text:xdc_runtime_Error_setX__E)
                  00008eb8    00000044                                 : SysMin.oem4f (.text:xdc_runtime_SysMin_flush__E)
                  00008efc    00000044                                 : Text.oem4f (.text:xdc_runtime_Text_xprintf__I)
                  00008f40    00000042     drivers_MSP432P401R.aem4f : I2CMSP432.oem4f (.text:completeTransfer)
                  00008f82    00000002     --HOLE-- [fill = 0]
                  00008f84    00000040     msp432p4xx_driverlib.lib : flash.o (.text:FlashCtl_disableReadBuffering)
                  00008fc4    00000040     string.obj (.text:Graphics_getNumberOfLeadingZeros)
                  00009004    00000040     msp432p4xx_driverlib.lib : i2c.o (.text:I2C_masterSendMultiByteFinish)
                  00009044    00000040     drivers_MSP432P401R.aem4f : PWMTimerMSP432.oem4f (.text:PWMTimerMSP432_start)
                  00009084    00000040                               : PowerMSP432.oem4f (.text:notify)
                  000090c4    00000040     rtsv7M4_T_le_v4SPD16_eabi.lib : u_divt2.obj (.text)
                  00009104    00000040     motor.obj (.text:setMotorL)
                  00009144    00000040     motor.obj (.text:setMotorR)
                  00009184    00000004     --HOLE-- [fill = 0]
                  00009188    00000040     sysbios.aem4f : BIOS.obj (.text:ti_sysbios_family_arm_msp432_Timer_startup__E)
                  000091c8    0000003e     msp432p4xx_driverlib.lib : i2c.o (.text:I2C_initMaster)
                  00009206    00000002     --HOLE-- [fill = 0]
                  00009208    0000003c     MSP_EXP432P401R.obj (.text:MSP_EXP432P401R_initI2C)
                  00009244    0000003c     power_tirtos_MSP432P401R.aem4f : PowerMSP432_tirtos.oem4f (.text:PowerMSP432_sleepPolicy)
                  00009280    0000003c     drivers_MSP432P401R.aem4f : PWMTimerMSP432.oem4f (.text:getPeriodCounts)
                  000092bc    00000004     --HOLE-- [fill = 0]
                  000092c0    0000003c     sysbios.aem4f : BIOS.obj (.text:ti_sysbios_family_arm_m3_Hwi_excSvCall__I)
                  000092fc    00000004     --HOLE-- [fill = 0]
                  00009300    0000003c                   : BIOS.obj (.text:ti_sysbios_heaps_HeapMem_init__I)
                  0000933c    00000004     --HOLE-- [fill = 0]
                  00009340    0000003c                   : BIOS.obj (.text:ti_sysbios_knl_Swi_restore__E)
                  0000937c    00000038     drivers_MSP432P401R.aem4f : I2C.oem4f (.text:I2C_init)
                  000093b4    00000038                               : PWM.oem4f (.text:PWM_init)
                  000093ec    00000038                               : PWMTimerMSP432.oem4f (.text:getDutyCounts)
                  00009424    00000038                               : I2CMSP432.oem4f (.text:perfChangeNotifyFxn)
                  0000945c    00000038     rtsv7M4_T_le_v4SPD16_eabi.lib : fs_tod_t2.obj (.text)
                  00009494    00000004     --HOLE-- [fill = 0]
                  00009498    00000038     sysbios.aem4f : BIOS.obj (.text:ti_sysbios_family_arm_m3_Hwi_excNoIsr__I)
                  000094d0    00000038                   : BIOS.obj (.text:ti_sysbios_knl_Task_processVitalTaskFlag__I)
                  00009508    00000038     ti.targets.arm.rtsarm.aem4f : SysMin.oem4f (.text:xdc_runtime_SysMin_putch__E)
                  00009540    00000038                                 : System.oem4f (.text:xdc_runtime_System_atexit__E)
                  00009578    00000034     msp432p4xx_driverlib.lib : flash.o (.text:FlashCtl_enableReadBuffering)
                  000095ac    00000004     --HOLE-- [fill = 0]
                  000095b0    00000034     sysbios.aem4f : BIOS.obj (.text:ti_sysbios_family_arm_m3_Hwi_Instance_finalize__E)
                  000095e4    00000004     --HOLE-- [fill = 0]
                  000095e8    00000034                   : BIOS.obj (.text:ti_sysbios_family_arm_m3_Hwi_excNmi__I)
                  0000961c    00000004     --HOLE-- [fill = 0]
                  00009620    00000034                   : BIOS.obj (.text:ti_sysbios_hal_Hwi_checkStack)
                  00009654    00000034     ti.targets.arm.rtsarm.aem4f : Core-label.oem4f (.text:xdc_runtime_Core_assignLabel__I)
                  00009688    00000033                                 : Text.oem4f (.text:xdc_runtime_Text_printVisFxn__I)
                  000096bb    00000005     --HOLE-- [fill = 0]
                  000096c0    00000032     sysbios.aem4f : BIOS.obj (.text:ti_sysbios_hal_Hwi_initStack)
                  000096f2    00000002     --HOLE-- [fill = 0]
                  000096f4    00000030     msp432p4xx_driverlib.lib : gpio.o (.text:GPIO_getEnabledInterruptStatus)
                  00009724    00000030                              : gpio.o (.text:GPIO_setAsInputPinWithPullDownResistor)
                  00009754    00000030                              : gpio.o (.text:GPIO_setAsInputPinWithPullUpResistor)
                  00009784    00000030     drivers_MSP432P401R.aem4f : I2C.oem4f (.text:I2C_open)
                  000097b4    00000030                               : PWM.oem4f (.text:PWM_open)
                  000097e4    00000030     deadReckon.obj (.text:__isnanf)
                  00009814    00000030     msp432p4xx_driverlib.lib : spi.o (.text:is_A_Module)
                  00009844    00000030     Robot_pem4f.oem4f (.text:ti_sysbios_BIOS_atExitFunc__I)
                  00009874    00000030     Robot_pem4f.oem4f (.text:ti_sysbios_BIOS_startFunc__I)
                  000098a4    00000004     --HOLE-- [fill = 0]
                  000098a8    00000030     sysbios.aem4f : BIOS.obj (.text:ti_sysbios_family_arm_m3_TaskSupport_start__E)
                  000098d8    00000030     Robot_pem4f.oem4f (.text:ti_sysbios_gates_GateHwi_Object__create__S)
                  00009908    00000030     Robot_pem4f.oem4f (.text:ti_sysbios_gates_GateMutex_Object__create__S)
                  00009938    00000030     Robot_pem4f.oem4f (.text:ti_sysbios_heaps_HeapMem_Object__create__S)
                  00009968    00000030     Robot_pem4f.oem4f (.text:ti_sysbios_knl_Semaphore_construct)
                  00009998    00000030     sysbios.aem4f : BIOS.obj (.text:ti_sysbios_knl_Semaphore_pendTimeout__I)
                  000099c8    00000030                   : BIOS.obj (.text:ti_sysbios_knl_Task_unblockI__E)
                  000099f8    00000030     ti.targets.arm.rtsarm.aem4f : SysMin.oem4f (.text:xdc_runtime_SysMin_abort__E)
                  00009a28    00000030                                 : System.oem4f (.text:xdc_runtime_System_processAtExit__E)
                  00009a58    0000002e     rtsv7M4_T_le_v4SPD16_eabi.lib : i_tofd_t2.obj (.text)
                  00009a86    00000002     --HOLE-- [fill = 0]
                  00009a88    0000002c     msp432p4xx_driverlib.lib : gpio.o (.text:GPIO_setAsInputPin)
                  00009ab4    0000002c                              : pcm.o (.text:PCM_getCoreVoltageLevel)
                  00009ae0    0000002c     power_tirtos_MSP432P401R.aem4f : PowerMSP432_tirtos.oem4f (.text:PowerMSP432_updateFreqs)
                  00009b0c    0000002c     drivers_MSP432P401R.aem4f : PowerMSP432.oem4f (.text:Power_releaseConstraint)
                  00009b38    0000002c                               : PowerMSP432.oem4f (.text:Power_setConstraint)
                  00009b64    0000002c     Robot_pem4f.oem4f (.text:ti_sysbios_knl_Clock_doTick__I)
                  00009b90    0000002c     Robot_pem4f.oem4f (.text:ti_sysbios_knl_Queue_construct)
                  00009bbc    00000004     --HOLE-- [fill = 0]
                  00009bc0    0000002c     sysbios.aem4f : BIOS.obj (.text:ti_sysbios_knl_Task_restore__E)
                  00009bec    0000002c     ti.targets.arm.rtsarm.aem4f : Text.oem4f (.text:xdc_runtime_Text_cordText__E)
                  00009c18    0000002a     msp432p4xx_driverlib.lib : pcm.o (.text:PCM_getPowerMode)
                  00009c42    0000002a     ti.targets.arm.rtsarm.aem4f : System.oem4f (.text:xdc_runtime_System_putchar__I)
                  00009c6c    00000028     msp432p4xx_driverlib.lib : flash.o (.text:FlashCtl_setWaitState)
                  00009c94    00000028     drivers_MSP432P401R.aem4f : GPIOMSP432.oem4f (.text:GPIO_enableInt)
                  00009cbc    00000028     msp432p4xx_driverlib.lib : pcm.o (.text:PCM_gotoLPM0)
                  00009ce4    00000004     --HOLE-- [fill = 0]
                  00009ce8    00000028     sysbios.aem4f : BIOS.obj (.text:ti_sysbios_knl_Clock_addI__E)
                  00009d10    00000028                   : BIOS.obj (.text:ti_sysbios_knl_Swi_Module_startup__E)
                  00009d38    00000026     drivers_MSP432P401R.aem4f : List.oem4f (.text:List_put)
                  00009d5e    00000026     sysbios.aem4f : m3_Hwi_asm.obj (.text:ti_sysbios_family_arm_m3_Hwi_pendSV__I)
                  00009d84    00000026     ti.targets.arm.rtsarm.aem4f : System.oem4f (.text:xdc_runtime_System_avprintf__E)
                  00009daa    00000002     --HOLE-- [fill = 0]
                  00009dac    00000024     msp432p4xx_driverlib.lib : cs.o (.text:CS_setDCOCenteredFrequency)
                  00009dd0    00000024                              : gpio.o (.text:GPIO_setAsOutputPin)
                  00009df4    00000024                              : i2c.o (.text:I2C_masterSendMultiByteNext)
                  00009e18    00000024                              : rtc_c.o (.text:RTC_C_holdClock)
                  00009e3c    00000024                              : rtc_c.o (.text:RTC_C_startClock)
                  00009e60    00000024     Robot_pem4f.oem4f (.text:ti_sysbios_BIOS_errorRaiseHook__I)
                  00009e84    00000024     Robot_pem4f.oem4f (.text:ti_sysbios_BIOS_registerRTSLock__I)
                  00009ea8    00000024     Robot_pem4f.oem4f (.text:ti_sysbios_BIOS_removeRTSLock__I)
                  00009ecc    00000004     --HOLE-- [fill = 0]
                  00009ed0    00000024     sysbios.aem4f : BIOS.obj (.text:ti_sysbios_family_arm_msp432_ClockFreqs_setFrequency__E)
                  00009ef4    00000024     Robot_pem4f.oem4f (.text:ti_sysbios_gates_GateMutex_Object__delete__S)
                  00009f18    00000024     sysbios.aem4f : BIOS.obj (.text:ti_sysbios_knl_Clock_Module_startup__E)
                  00009f3c    00000004     --HOLE-- [fill = 0]
                  00009f40    00000024                   : BIOS.obj (.text:ti_sysbios_knl_Task_restoreHwi__E)
                  00009f64    00000024     ti.targets.arm.rtsarm.aem4f : System.oem4f (.text:xdc_runtime_System_vprintf__E)
                  00009f88    00000022     Robot_pem4f.oem4f (.text:xdc_runtime_SysMin_output__I)
                  00009faa    00000002     --HOLE-- [fill = 0]
                  00009fac    00000020     msp432p4xx_driverlib.lib : gpio.o (.text:GPIO_interruptEdgeSelect)
                  00009fcc    00000020     drivers_MSP432P401R.aem4f : PowerMSP432.oem4f (.text:PowerMSP432_getFreqs)
                  00009fec    00000020                               : PowerMSP432.oem4f (.text:Power_unregisterNotify)
                  0000a00c    00000020     msp432p4xx_driverlib.lib : spi.o (.text:SPI_transmitData)
                  0000a02c    00000020     Robot_pem4f.oem4f (.text:ti_sysbios_BIOS_rtsLock__I)
                  0000a04c    00000020     sysbios.aem4f : m3_Hwi_asm.obj (.text:ti_sysbios_family_arm_m3_Hwi_excHandlerAsm__I)
                  0000a06c    00000004     --HOLE-- [fill = 0]
                  0000a070    00000020                   : BIOS.obj (.text:ti_sysbios_family_arm_m3_Hwi_excHandler__I)
                  0000a090    00000020     Robot_pem4f.oem4f (.text:ti_sysbios_gates_GateHwi_Object__delete__S)
                  0000a0b0    00000020     Robot_pem4f.oem4f (.text:ti_sysbios_heaps_HeapMem_Object__delete__S)
                  0000a0d0    00000020     sysbios.aem4f : BIOS.obj (.text:ti_sysbios_knl_Idle_run__E)
                  0000a0f0    00000020     Robot_pem4f.oem4f (.text:ti_sysbios_knl_Semaphore_Object__destruct__S)
                  0000a110    00000020     ti.targets.arm.rtsarm.aem4f : Registry.oem4f (.text:xdc_runtime_Registry_findById__E)
                  0000a130    00000020                                 : SysMin.oem4f (.text:xdc_runtime_SysMin_Module_startup__E)
                  0000a150    0000001e     drivers_MSP432P401R.aem4f : PWMTimerMSP432.oem4f (.text:corroboratePeriod)
                  0000a16e    0000001e     sysbios.aem4f : m3_Hwi_asm_switch.obj (.text:ti_sysbios_family_xxx_Hwi_switchAndRunFunc)
                  0000a18c    0000001c     msp432p4xx_driverlib.lib : spi.o (.text:EUSCI_B_SPI_isBusy)
                  0000a1a8    0000001c                              : pcm.o (.text:PCM_enableRudeMode)
                  0000a1c4    0000001c     drivers_MSP432P401R.aem4f : PowerMSP432.oem4f (.text:Power_registerNotify)
                  0000a1e0    0000001c     rtsv7M4_T_le_v4SPD16_eabi.lib : memccpy.obj (.text)
                  0000a1fc    0000001c     Robot_pem4f.oem4f (.text:ti_sysbios_family_arm_m3_Hwi_Object__destruct__S)
                  0000a218    0000001c     sysbios.aem4f : BIOS.obj (.text:ti_sysbios_gates_GateMutex_Instance_init__E)
                  0000a234    0000001c     Robot_pem4f.oem4f (.text:ti_sysbios_knl_Queue_Object__destruct__S)
                  0000a250    0000001c     sysbios.aem4f : BIOS.obj (.text:ti_sysbios_knl_Queue_put__E)
                  0000a26c    00000004     --HOLE-- [fill = 0]
                  0000a270    0000001c                   : BIOS.obj (.text:ti_sysbios_knl_Task_enter__I)
                  0000a28c    0000001c     ti.targets.arm.rtsarm.aem4f : Error.oem4f (.text:xdc_runtime_Error_raiseX__E)
                  0000a2a8    0000001c                                 : Memory.oem4f (.text:xdc_runtime_Memory_valloc__E)
                  0000a2c4    0000001c                                 : SysMin.oem4f (.text:xdc_runtime_SysMin_exit__E)
                  0000a2e0    0000001c                                 : System.oem4f (.text:xdc_runtime_System_abort__E)
                  0000a2fc    0000001a     drivers_MSP432P401R.aem4f : List.oem4f (.text:List_remove)
                  0000a316    0000001a     msp432p4xx_driverlib.lib : spi.o (.text:SPI_enableModule)
                  0000a330    0000001a     Robot_pem4f.oem4f (.text:ti_sysbios_family_arm_m3_Hwi_Handle__label__S)
                  0000a34a    0000001a     Robot_pem4f.oem4f (.text:ti_sysbios_gates_GateHwi_Handle__label__S)
                  0000a364    0000001a     Robot_pem4f.oem4f (.text:ti_sysbios_gates_GateMutex_Handle__label__S)
                  0000a37e    0000001a     Robot_pem4f.oem4f (.text:ti_sysbios_heaps_HeapMem_Handle__label__S)
                  0000a398    0000001a     Robot_pem4f.oem4f (.text:ti_sysbios_knl_Swi_Handle__label__S)
                  0000a3b2    0000001a     Robot_pem4f.oem4f (.text:ti_sysbios_knl_Task_Handle__label__S)
                  0000a3cc    0000001a     Robot_pem4f.oem4f (.text:xdc_runtime_System_aprintf__E)
                  0000a3e6    0000001a     Robot_pem4f.oem4f (.text:xdc_runtime_System_printf__E)
                  0000a400    00000018     msp432p4xx_driverlib.lib : gpio.o (.text:GPIO_clearInterruptFlag)
                  0000a418    00000018                              : gpio.o (.text:GPIO_setDriveStrengthLow)
                  0000a430    00000018                              : gpio.o (.text:GPIO_setOutputLowOnPin)
                  0000a448    00000018                              : i2c.o (.text:I2C_masterIsStartSent)
                  0000a460    00000018                              : wdt_a.o (.text:WDT_A_holdTimer)
                  0000a478    00000018     drivers_MSP432P401R.aem4f : PWMTimerMSP432.oem4f (.text:corroborateDuty)
                  0000a490    00000018     rtsv7M4_T_le_v4SPD16_eabi.lib : args_main.obj (.text)
                  0000a4a8    00000018     Robot_pem4f.oem4f (.text:ti_sysbios_BIOS_rtsUnlock__I)
                  0000a4c0    00000018     Robot_pem4f.oem4f (.text:ti_sysbios_family_arm_m3_Hwi_Module__startupDone__F)
                  0000a4d8    00000018     sysbios.aem4f : m3_TaskSupport_asm.obj (.text:ti_sysbios_family_arm_m3_TaskSupport_swap__E)
                  0000a4f0    00000018     Robot_pem4f.oem4f (.text:ti_sysbios_family_arm_msp432_Timer_Module__startupDone__F)
                  0000a508    00000018     sysbios.aem4f : BIOS.obj (.text:ti_sysbios_gates_GateMutex_leave__E)
                  0000a520    00000018                   : BIOS.obj (.text:ti_sysbios_knl_Task_sleepTimeout__I)
                  0000a538    00000018     ti.targets.arm.rtsarm.aem4f : Error.oem4f (.text:xdc_runtime_Error_check__E)
                  0000a550    00000018                                 : System.oem4f (.text:xdc_runtime_System_exit__E)
                  0000a568    00000018                                 : Text.oem4f (.text:xdc_runtime_Text_ropeText__E)
                  0000a580    00000016     tirtosport.aem4f : HwiP_tirtos.oem4f (.text:HwiP_delete)
                  0000a596    00000016                      : SemaphoreP_tirtos.oem4f (.text:SemaphoreP_delete)
                  0000a5ac    00000016     rtsv7M4_T_le_v4SPD16_eabi.lib : strchr.obj (.text)
                  0000a5c2    00000016     Robot_pem4f.oem4f (.text:ti_sysbios_BIOS_exitFunc__I)
                  0000a5d8    00000016     main.obj (.text:ti_sysbios_knl_Task_Params_init)
                  0000a5ee    00000002     --HOLE-- [fill = 0]
                  0000a5f0    00000014     msp432p4xx_driverlib.lib : gpio.o (.text:GPIO_enableInterrupt)
                  0000a604    00000014                              : gpio.o (.text:GPIO_setDriveStrengthHigh)
                  0000a618    00000014                              : gpio.o (.text:GPIO_setOutputHighOnPin)
                  0000a62c    00000014     drivers_MSP432P401R.aem4f : PWM.oem4f (.text:PWM_Params_init)
                  0000a640    00000014                               : PowerMSP432.oem4f (.text:Power_idleFunc)
                  0000a654    00000014     Sharp96x96.obj (.text:Sharp96x96_ClearBuffer)
                  0000a668    00000014     msp432p4xx_driverlib.lib : wdt_a.o (.text:WDT_A_startTimer)
                  0000a67c    00000014     buttons.obj (.text:gpioButtonFxn0)
                  0000a690    00000014     buttons.obj (.text:gpioButtonFxn1)
                  0000a6a4    00000014     rtsv7M4_T_le_v4SPD16_eabi.lib : _lock.obj (.text)
                  0000a6b8    00000014                                   : s_copysign.obj (.text)
                  0000a6cc    00000014                                   : strlen.obj (.text)
                  0000a6e0    00000014     Robot_pem4f.oem4f (.text:ti_sysbios_family_arm_m3_Hwi_Object__get__S)
                  0000a6f4    00000004     --HOLE-- [fill = 0]
                  0000a6f8    00000014     sysbios.aem4f : BIOS.obj (.text:ti_sysbios_family_arm_m3_Hwi_switchFromBootStack__E)
                  0000a70c    00000014     Robot_pem4f.oem4f (.text:ti_sysbios_heaps_HeapMem_Object__get__S)
                  0000a720    00000014     Robot_pem4f.oem4f (.text:ti_sysbios_knl_Swi_Object__get__S)
                  0000a734    00000012     tirtosport.aem4f : SemaphoreP_tirtos.oem4f (.text:SemaphoreP_pend)
                  0000a746    00000012     Sharp96x96.obj (.text:Sharp96x96_ColorTranslate)
                  0000a758    00000012     sysbios.aem4f : BIOS.obj (.text:ti_sysbios_hal_Hwi_Module_startup__E)
                  0000a76a    00000012     Robot_pem4f.oem4f (.text:xdc_runtime_Startup_exec__I)
                  0000a77c    00000010     msp432p4xx_driverlib.lib : gpio.o (.text:GPIO_getInterruptStatus)
                  0000a78c    00000010     drivers_MSP432P401R.aem4f : I2C.oem4f (.text:I2C_Params_init)
                  0000a79c    00000010     msp432p4xx_driverlib.lib : i2c.o (.text:I2C_masterReceiveMultiByteStop)
                  0000a7ac    00000010                              : i2c.o (.text:I2C_masterReceiveStart)
                  0000a7bc    00000010                              : i2c.o (.text:I2C_masterSendStart)
                  0000a7cc    00000010     motor.obj (.text:LHMotorChannelAFallingFxn)
                  0000a7dc    00000010     msp432p4xx_driverlib.lib : pcm.o (.text:PCM_gotoLPM4)
                  0000a7ec    00000010     motor.obj (.text:RHMotorChannelAFallingFxn)
                  0000a7fc    00000004     --HOLE-- [fill = 0]
                  0000a800    00000010     sysbios.aem4f : BIOS.obj (.text:ti_sysbios_BIOS_setCpuFreq__E)
                  0000a810    00000010                   : BIOS.obj (.text:ti_sysbios_BIOS_setThreadType__E)
                  0000a820    00000010                   : BIOS.obj (.text:ti_sysbios_BIOS_start__E)
                  0000a830    00000010                   : m3_TaskSupport_asm.obj (.text:ti_sysbios_family_arm_m3_TaskSupport_glue)
                  0000a840    00000010                   : BIOS.obj (.text:ti_sysbios_family_arm_msp432_init_Boot_disableWatchdog)
                  0000a850    00000010                   : BIOS.obj (.text:ti_sysbios_gates_GateMutex_Instance_finalize__E)
                  0000a860    00000010                   : BIOS.obj (.text:ti_sysbios_knl_Semaphore_Instance_finalize__E)
                  0000a870    00000010                   : BIOS.obj (.text:ti_sysbios_knl_Swi_disable__E)
                  0000a880    00000010     Robot_pem4f.oem4f (.text:ti_sysbios_knl_Task_Object__get__S)
                  0000a890    00000010     sysbios.aem4f : BIOS.obj (.text:ti_sysbios_knl_Task_disable__E)
                  0000a8a0    00000010     ti.targets.arm.rtsarm.aem4f : Gate.oem4f (.text:xdc_runtime_Gate_leaveSystem__E)
                  0000a8b0    00000010                                 : Memory.oem4f (.text:xdc_runtime_Memory_free__E)
                  0000a8c0    00000010                                 : SysMin.oem4f (.text:xdc_runtime_SysMin_ready__E)
                  0000a8d0    00000010                                 : System.oem4f (.text:xdc_runtime_System_vsnprintf__E)
                  0000a8e0    00000010     Robot_pem4f.oem4f (.text:xdc_runtime_Text_visitRope__I)
                  0000a8f0    0000000e     tirtosport.aem4f : HwiP_tirtos.oem4f (.text:HwiP_Params_init)
                  0000a8fe    0000000e     msp432p4xx_driverlib.lib : i2c.o (.text:I2C_clearInterruptFlag)
                  0000a90c    0000000e                              : i2c.o (.text:I2C_disableInterrupt)
                  0000a91a    0000000e                              : i2c.o (.text:I2C_setMode)
                  0000a928    0000000e                              : timer_a.o (.text:Timer_A_setCompareValue)
                  0000a936    0000000e     rtsv7M4_T_le_v4SPD16_eabi.lib : copy_decompress_none.obj (.text:decompress:none)
                  0000a944    00000004     --HOLE-- [fill = 0]
                  0000a948    0000000e     sysbios.aem4f : BIOS.obj (.text:ti_sysbios_knl_Idle_loop__E)
                  0000a956    00000002     --HOLE-- [fill = 0]
                  0000a958    0000000e                   : BIOS.obj (.text:ti_sysbios_knl_Queue_empty__E)
                  0000a966    0000000c     Robot_pem4f.oem4f (.text:.bootCodeSection:ti_sysbios_family_arm_msp432_init_Boot_init__I)
                  0000a972    0000000c     msp432p4xx_driverlib.lib : cpu.o (.text:CPU_cpsid)
                  0000a97e    0000000c                              : cpu.o (.text:CPU_cpsie)
                  0000a98a    0000000c                              : spi.o (.text:EUSCI_A_SPI_enable)
                  0000a996    0000000c                              : spi.o (.text:EUSCI_B_SPI_enable)
                  0000a9a2    0000000c                              : i2c.o (.text:I2C_disableModule)
                  0000a9ae    0000000c                              : i2c.o (.text:I2C_enableModule)
                  0000a9ba    00000002     --HOLE-- [fill = 0]
                  0000a9bc    0000000c                              : pcm.o (.text:PCM_getPowerState)
                  0000a9c8    0000000c     drivers_MSP432P401R.aem4f : PowerMSP432.oem4f (.text:Power_getConstraintMask)
                  0000a9d4    0000000c                               : PowerMSP432.oem4f (.text:Power_getPerformanceLevel)
                  0000a9e0    0000000c     msp432p4xx_driverlib.lib : timer_a.o (.text:Timer_A_stopTimer)
                  0000a9ec    0000000c     rtsv7M4_T_le_v4SPD16_eabi.lib : copy_zero_init.obj (.text:decompress:ZI)
                  0000a9f8    0000000c     Robot_pem4f.oem4f (.text:ti_sysbios_family_arm_m3_Hwi_Params__init__S)
                  0000aa04    00000004     --HOLE-- [fill = 0]
                  0000aa08    0000000c     sysbios.aem4f : BIOS.obj (.text:ti_sysbios_family_arm_m3_Hwi_disableFxn__E)
                  0000aa14    00000004     --HOLE-- [fill = 0]
                  0000aa18    0000000c                   : BIOS.obj (.text:ti_sysbios_family_arm_m3_TaskSupport_checkStack__E)
                  0000aa24    00000004     --HOLE-- [fill = 0]
                  0000aa28    0000000c                   : BIOS.obj (.text:ti_sysbios_family_arm_m3_TaskSupport_getStackAlignment__E)
                  0000aa34    00000004     --HOLE-- [fill = 0]
                  0000aa38    0000000c                   : BIOS.obj (.text:ti_sysbios_family_arm_msp432_Timer_getMaxTicks__E)
                  0000aa44    00000004     --HOLE-- [fill = 0]
                  0000aa48    0000000c                   : BIOS.obj (.text:ti_sysbios_gates_GateHwi_enter__E)
                  0000aa54    00000004     --HOLE-- [fill = 0]
                  0000aa58    0000000c                   : BIOS.obj (.text:ti_sysbios_knl_Clock_getTicks__E)
                  0000aa64    0000000c     Robot_pem4f.oem4f (.text:ti_sysbios_knl_Queue_Object__get__S)
                  0000aa70    0000000c     Robot_pem4f.oem4f (.text:ti_sysbios_knl_Semaphore_Params__init__S)
                  0000aa7c    0000000c     Robot_pem4f.oem4f (.text:ti_sysbios_knl_Task_Params__init__S)
                  0000aa88    0000000c     main.obj (.text:ti_sysbios_knl_Task_handle)
                  0000aa94    0000000c     ti.targets.arm.rtsarm.aem4f : Error.oem4f (.text:xdc_runtime_Error_init__E)
                  0000aaa0    0000000c                                 : Gate.oem4f (.text:xdc_runtime_Gate_enterSystem__E)
                  0000aaac    0000000c                                 : Memory.oem4f (.text:xdc_runtime_Memory_calloc__E)
                  0000aab8    0000000c                                 : Memory.oem4f (.text:xdc_runtime_Memory_getMaxDefaultTypeAlign__E)
                  0000aac4    0000000c                                 : Startup.oem4f (.text:xdc_runtime_Startup_rtsDone__E)
                  0000aad0    0000000a     drivers_MSP432P401R.aem4f : I2CMSP432.oem4f (.text:I2CMSP432_init)
                  0000aada    0000000a                               : I2C.oem4f (.text:I2C_transfer)
                  0000aae4    0000000a                               : PWM.oem4f (.text:PWM_setDuty)
                  0000aaee    0000000a                               : PWM.oem4f (.text:PWM_start)
                  0000aaf8    0000000a     tirtosport.aem4f : SemaphoreP_tirtos.oem4f (.text:SemaphoreP_post)
                  0000ab02    0000000a     Robot_pem4f.oem4f (.text:xdc_runtime_IHeap_alloc)
                  0000ab0c    0000000a     Robot_pem4f.oem4f (.text:xdc_runtime_IHeap_free)
                  0000ab16    00000008     msp432p4xx_driverlib.lib : i2c.o (.text:I2C_enableInterrupt)
                  0000ab1e    00000008     MSP_EXP432P401R.obj (.text:MSP_EXP432P401R_initGPIO)
                  0000ab26    00000008     MSP_EXP432P401R.obj (.text:MSP_EXP432P401R_initGeneral)
                  0000ab2e    00000008     msp432p4xx_driverlib.lib : pcm.o (.text:PCM_setPowerMode)
                  0000ab36    00000008                              : pcm.o (.text:PCM_setPowerState)
                  0000ab3e    00000008     drivers_MSP432P401R.aem4f : PWMTimerMSP432.oem4f (.text:PWMTimerMSP432_init)
                  0000ab46    00000008     tirtosport.aem4f : SemaphoreP_tirtos.oem4f (.text:SemaphoreP_Params_init)
                  0000ab4e    00000008     msp432p4xx_driverlib.lib : timer_a.o (.text:Timer_A_startCounter)
                  0000ab56    00000008     drivers_MSP432P401R.aem4f : I2CMSP432.oem4f (.text:blockingTransferCallback)
                  0000ab5e    00000002     --HOLE-- [fill = 0]
                  0000ab60    00000008     sysbios.aem4f : BIOS.obj (.text:ti_sysbios_family_arm_m3_Hwi_doSwiRestore__I)
                  0000ab68    00000008                   : BIOS.obj (.text:ti_sysbios_family_arm_m3_Hwi_startup__E)
                  0000ab70    00000006     drivers_MSP432P401R.aem4f : I2CMSP432.oem4f (.text:I2CMSP432_control)
                  0000ab76    00000006     msp432p4xx_driverlib.lib : i2c.o (.text:I2C_getEnabledInterruptStatus)
                  0000ab7c    00000006                              : i2c.o (.text:I2C_getInterruptStatus)
                  0000ab82    00000006                              : i2c.o (.text:I2C_masterReceiveMultiByteNext)
                  0000ab88    00000006     drivers_MSP432P401R.aem4f : PWMTimerMSP432.oem4f (.text:PWMTimerMSP432_control)
                  0000ab8e    00000002     --HOLE-- [fill = 0]
                  0000ab90    00000006     sysbios.aem4f : BIOS.obj (.text:ti_sysbios_family_arm_m3_Hwi_doTaskRestore__I)
                  0000ab96    00000002     --HOLE-- [fill = 0]
                  0000ab98    00000006                   : BIOS.obj (.text:ti_sysbios_family_arm_m3_Hwi_restoreFxn__E)
                  0000ab9e    00000002     --HOLE-- [fill = 0]
                  0000aba0    00000006                   : BIOS.obj (.text:ti_sysbios_gates_GateHwi_leave__E)
                  0000aba6    00000002     --HOLE-- [fill = 0]
                  0000aba8    00000006                   : BIOS.obj (.text:ti_sysbios_heaps_HeapMem_isBlocking__E)
                  0000abae    00000002     --HOLE-- [fill = 0]
                  0000abb0    00000006                   : BIOS.obj (.text:ti_sysbios_knl_Queue_Instance_init__E)
                  0000abb6    00000002     --HOLE-- [fill = 0]
                  0000abb8    00000006                   : BIOS.obj (.text:ti_sysbios_knl_Swi_startup__E)
                  0000abbe    00000006     ti.targets.arm.rtsarm.aem4f : System.oem4f (.text:xdc_runtime_System_Module_startup__E)
                  0000abc4    00000004     --HOLE-- [fill = 0]
                  0000abc8    00000004     sysbios.aem4f : BIOS.obj (.text:ti_sysbios_gates_GateHwi_query__E)
                  0000abcc    00000004     --HOLE-- [fill = 0]
                  0000abd0    00000004                   : BIOS.obj (.text:ti_sysbios_gates_GateMutex_query__E)
                  0000abd4    00000004     --HOLE-- [fill = 0]
                  0000abd8    00000004                   : BIOS.obj (.text:ti_sysbios_knl_Task_startup__E)
                  0000abdc    00000004     --HOLE-- [fill = 0]
                  0000abe0    00000002                   : BIOS.obj (.text:ti_sysbios_BIOS_linkedWithIncorrectBootLibrary__E)
                  0000abe2    00000006     --HOLE-- [fill = 0]
                  0000abe8    00000002                   : BIOS.obj (.text:ti_sysbios_gates_GateHwi_Instance_init__E)
                  0000abea    00000006     --HOLE-- [fill = 0]
                  0000abf0    00000002                   : BIOS.obj (.text:ti_sysbios_knl_Clock_logTick__E)

.const     0    0000abf4    00002a59     
                  0000abf4    00001830     Robot_pem4f.oem4f (.const:xdc_runtime_Text_charTab__A)
                  0000c424    0000094d     fontcm20b.obj (.const:.string:g_pucCm20bData)
                  0000cd71    00000101     rtsv7M4_T_le_v4SPD16_eabi.lib : ctype.obj (.const:.string:_ctypes_)
                  0000ce72    00000002     Robot_pem4f.oem4f (.const:ti_sysbios_family_arm_m3_Hwi_Module__id__C)
                  0000ce74    000000c8     fontcm20b.obj (.const:g_sFontCm20b)
                  0000cf3c    000000b0     Robot_pem4f.oem4f (.const:xdc_runtime_Text_nodeTab__A)
                  0000cfec    00000048     Robot_pem4f.oem4f (.const:.string)
                  0000d034    0000003c     MSP_EXP432P401R.obj (.const:PWM_config)
                  0000d070    0000003c     Robot_pem4f.oem4f (.const:ti_sysbios_knl_Task_Object__PARAMS__C)
                  0000d0ac    00000030     MSP_EXP432P401R.obj (.const:I2C_config)
                  0000d0dc    00000030     Sharp96x96.obj (.const:g_sharp96x96LCD)
                  0000d10c    00000030     MSP_EXP432P401R.obj (.const:i2cMSP432HWAttrs)
                  0000d13c    00000030     MSP_EXP432P401R.obj (.const:pwmTimerMSP432HWAttrs)
                  0000d16c    00000030     Robot_pem4f.oem4f (.const:ti_sysbios_family_arm_m3_Hwi_Object__PARAMS__C)
                  0000d19c    00000028     drivers_MSP432P401R.aem4f : PWMTimerMSP432.oem4f (.const)
                  0000d1c4    00000028     Robot_pem4f.oem4f (.const:ti_sysbios_heaps_HeapMem_Module__FXNS__C)
                  0000d1ec    00000024     Robot_pem4f.oem4f (.const:ti_sysbios_gates_GateHwi_Module__FXNS__C)
                  0000d210    00000024     Robot_pem4f.oem4f (.const:ti_sysbios_gates_GateMutex_Module__FXNS__C)
                  0000d234    00000024     Robot_pem4f.oem4f (.const:ti_sysbios_heaps_HeapMem_Object__PARAMS__C)
                  0000d258    00000024     Robot_pem4f.oem4f (.const:ti_sysbios_knl_Semaphore_Object__PARAMS__C)
                  0000d27c    00000020     drivers_MSP432P401R.aem4f : I2CMSP432.oem4f (.const)
                  0000d29c    00000020     Robot_pem4f.oem4f (.const:ti_sysbios_family_arm_m3_Hwi_Object__DESC__C)
                  0000d2bc    00000020     Robot_pem4f.oem4f (.const:ti_sysbios_gates_GateHwi_Object__DESC__C)
                  0000d2dc    00000020     Robot_pem4f.oem4f (.const:ti_sysbios_gates_GateMutex_Object__DESC__C)
                  0000d2fc    00000020     Robot_pem4f.oem4f (.const:ti_sysbios_heaps_HeapMem_Object__DESC__C)
                  0000d31c    00000020     Robot_pem4f.oem4f (.const:ti_sysbios_knl_Queue_Object__DESC__C)
                  0000d33c    00000020     Robot_pem4f.oem4f (.const:ti_sysbios_knl_Semaphore_Object__DESC__C)
                  0000d35c    00000020     Robot_pem4f.oem4f (.const:ti_sysbios_knl_Task_Object__DESC__C)
                  0000d37c    00000020     Robot_pem4f.oem4f (.const:xdc_runtime_Startup_sfxnTab__A)
                  0000d39c    0000001c     Sharp96x96.obj (.const:$P$T0$1)
                  0000d3b8    00000018     drivers_MSP432P401R.aem4f : PWM.oem4f (.const)
                  0000d3d0    00000018     Robot_pem4f.oem4f (.const:ti_sysbios_gates_GateHwi_Object__PARAMS__C)
                  0000d3e8    00000018     Robot_pem4f.oem4f (.const:ti_sysbios_gates_GateMutex_Object__PARAMS__C)
                  0000d400    00000018     Robot_pem4f.oem4f (.const:ti_sysbios_knl_Queue_Object__PARAMS__C)
                  0000d418    00000014     MSP_EXP432P401R.obj (.const:GPIOMSP432_config)
                  0000d42c    00000010     MSP_EXP432P401R.obj (.const:PowerMSP432_config)
                  0000d43c    00000010     drivers_MSP432P401R.aem4f : I2C.oem4f (.const)
                  0000d44c    00000010     Robot_pem4f.oem4f (.const:xdc_runtime_Startup_sfxnRts__A)
                  0000d45c    0000000c     drivers_MSP432P401R.aem4f : GPIOMSP432.oem4f (.const:.string)
                  0000d468    0000000c     Robot_pem4f.oem4f (.const:xdc_runtime_Startup_firstFxns__A)
                  0000d474    00000008     MSP_EXP432P401R.obj (.const:.string:$P$T0$1)
                  0000d47c    00000008     Robot_pem4f.oem4f (.const:ti_sysbios_family_arm_m3_Hwi_excHookFuncs__A)
                  0000d484    00000008     Robot_pem4f.oem4f (.const:ti_sysbios_knl_Idle_funcList__A)
                  0000d48c    00000008     Robot_pem4f.oem4f (.const:ti_sysbios_knl_Idle_funcList__C)
                  0000d494    00000008     Robot_pem4f.oem4f (.const:xdc_runtime_Startup_firstFxns__C)
                  0000d49c    00000008     Robot_pem4f.oem4f (.const:xdc_runtime_Startup_lastFxns__C)
                  0000d4a4    00000004     Robot_pem4f.oem4f (.const:ti_sysbios_family_arm_m3_Hwi_E_NMI__C)
                  0000d4a8    00000004     Robot_pem4f.oem4f (.const:ti_sysbios_family_arm_m3_Hwi_E_alreadyDefined__C)
                  0000d4ac    00000004     Robot_pem4f.oem4f (.const:ti_sysbios_family_arm_m3_Hwi_E_busFault__C)
                  0000d4b0    00000004     Robot_pem4f.oem4f (.const:ti_sysbios_family_arm_m3_Hwi_E_debugMon__C)
                  0000d4b4    00000004     Robot_pem4f.oem4f (.const:ti_sysbios_family_arm_m3_Hwi_E_hardFault__C)
                  0000d4b8    00000004     Robot_pem4f.oem4f (.const:ti_sysbios_family_arm_m3_Hwi_E_memFault__C)
                  0000d4bc    00000004     Robot_pem4f.oem4f (.const:ti_sysbios_family_arm_m3_Hwi_E_noIsr__C)
                  0000d4c0    00000004     Robot_pem4f.oem4f (.const:ti_sysbios_family_arm_m3_Hwi_E_reserved__C)
                  0000d4c4    00000004     Robot_pem4f.oem4f (.const:ti_sysbios_family_arm_m3_Hwi_E_svCall__C)
                  0000d4c8    00000004     Robot_pem4f.oem4f (.const:ti_sysbios_family_arm_m3_Hwi_E_usageFault__C)
                  0000d4cc    00000004     Robot_pem4f.oem4f (.const:ti_sysbios_family_arm_m3_Hwi_NUM_INTERRUPTS__C)
                  0000d4d0    00000004     Robot_pem4f.oem4f (.const:ti_sysbios_family_arm_m3_Hwi_Object__count__C)
                  0000d4d4    00000004     Robot_pem4f.oem4f (.const:ti_sysbios_family_arm_m3_Hwi_ccr__C)
                  0000d4d8    00000004     Robot_pem4f.oem4f (.const:ti_sysbios_family_arm_m3_Hwi_excHandlerFunc__C)
                  0000d4dc    00000004     Robot_pem4f.oem4f (.const:ti_sysbios_family_arm_m3_Hwi_excHookFuncs__C)
                  0000d4e0    00000004     Robot_pem4f.oem4f (.const:ti_sysbios_family_arm_m3_Hwi_nullIsrFunc__C)
                  0000d4e4    00000004     Robot_pem4f.oem4f (.const:ti_sysbios_family_arm_m3_Hwi_priGroup__C)
                  0000d4e8    00000004     Robot_pem4f.oem4f (.const:ti_sysbios_family_arm_m3_TaskSupport_stackAlignment__C)
                  0000d4ec    00000004     Robot_pem4f.oem4f (.const:ti_sysbios_family_arm_msp432_Timer_numTimerDevices__C)
                  0000d4f0    00000004     Robot_pem4f.oem4f (.const:ti_sysbios_family_arm_msp432_Timer_startupNeeded__C)
                  0000d4f4    00000004     Robot_pem4f.oem4f (.const:ti_sysbios_gates_GateMutex_A_badContext__C)
                  0000d4f8    00000004     Robot_pem4f.oem4f (.const:ti_sysbios_gates_GateMutex_Instance_State_sem__O)
                  0000d4fc    00000004     Robot_pem4f.oem4f (.const:ti_sysbios_gates_GateMutex_Module__diagsEnabled__C)
                  0000d500    00000004     Robot_pem4f.oem4f (.const:ti_sysbios_gates_GateMutex_Module__diagsIncluded__C)
                  0000d504    00000004     Robot_pem4f.oem4f (.const:ti_sysbios_gates_GateMutex_Module__diagsMask__C)
                  0000d508    00000004     Robot_pem4f.oem4f (.const:ti_sysbios_hal_Hwi_E_stackOverflow__C)
                  0000d50c    00000004     Robot_pem4f.oem4f (.const:ti_sysbios_heaps_HeapMem_A_align__C)
                  0000d510    00000004     Robot_pem4f.oem4f (.const:ti_sysbios_heaps_HeapMem_A_heapSize__C)
                  0000d514    00000004     Robot_pem4f.oem4f (.const:ti_sysbios_heaps_HeapMem_A_invalidFree__C)
                  0000d518    00000004     Robot_pem4f.oem4f (.const:ti_sysbios_heaps_HeapMem_A_zeroBlock__C)
                  0000d51c    00000004     Robot_pem4f.oem4f (.const:ti_sysbios_heaps_HeapMem_E_memory__C)
                  0000d520    00000004     Robot_pem4f.oem4f (.const:ti_sysbios_heaps_HeapMem_Module__diagsEnabled__C)
                  0000d524    00000004     Robot_pem4f.oem4f (.const:ti_sysbios_heaps_HeapMem_Module__diagsIncluded__C)
                  0000d528    00000004     Robot_pem4f.oem4f (.const:ti_sysbios_heaps_HeapMem_Module__diagsMask__C)
                  0000d52c    00000004     Robot_pem4f.oem4f (.const:ti_sysbios_heaps_HeapMem_Module__gateObj__C)
                  0000d530    00000004     Robot_pem4f.oem4f (.const:ti_sysbios_heaps_HeapMem_Object__count__C)
                  0000d534    00000004     Robot_pem4f.oem4f (.const:ti_sysbios_heaps_HeapMem_reqAlign__C)
                  0000d538    00000004     Robot_pem4f.oem4f (.const:ti_sysbios_knl_Clock_Module_State_clockQ__O)
                  0000d53c    00000004     Robot_pem4f.oem4f (.const:ti_sysbios_knl_Semaphore_A_badContext__C)
                  0000d540    00000004     Robot_pem4f.oem4f (.const:ti_sysbios_knl_Semaphore_A_noEvents__C)
                  0000d544    00000004     Robot_pem4f.oem4f (.const:ti_sysbios_knl_Semaphore_A_overflow__C)
                  0000d548    00000004     Robot_pem4f.oem4f (.const:ti_sysbios_knl_Semaphore_A_pendTaskDisabled__C)
                  0000d54c    00000004     Robot_pem4f.oem4f (.const:ti_sysbios_knl_Semaphore_Instance_State_pendQ__O)
                  0000d550    00000004     Robot_pem4f.oem4f (.const:ti_sysbios_knl_Semaphore_Module__diagsEnabled__C)
                  0000d554    00000004     Robot_pem4f.oem4f (.const:ti_sysbios_knl_Semaphore_Module__diagsIncluded__C)
                  0000d558    00000004     Robot_pem4f.oem4f (.const:ti_sysbios_knl_Semaphore_Module__diagsMask__C)
                  0000d55c    00000004     Robot_pem4f.oem4f (.const:ti_sysbios_knl_Swi_Object__count__C)
                  0000d560    00000004     Robot_pem4f.oem4f (.const:ti_sysbios_knl_Task_A_badPriority__C)
                  0000d564    00000004     Robot_pem4f.oem4f (.const:ti_sysbios_knl_Task_A_badTaskState__C)
                  0000d568    00000004     Robot_pem4f.oem4f (.const:ti_sysbios_knl_Task_A_badThreadType__C)
                  0000d56c    00000004     Robot_pem4f.oem4f (.const:ti_sysbios_knl_Task_A_badTimeout__C)
                  0000d570    00000004     Robot_pem4f.oem4f (.const:ti_sysbios_knl_Task_A_noPendElem__C)
                  0000d574    00000004     Robot_pem4f.oem4f (.const:ti_sysbios_knl_Task_A_sleepTaskDisabled__C)
                  0000d578    00000004     Robot_pem4f.oem4f (.const:ti_sysbios_knl_Task_E_spOutOfBounds__C)
                  0000d57c    00000004     Robot_pem4f.oem4f (.const:ti_sysbios_knl_Task_E_stackOverflow__C)
                  0000d580    00000004     Robot_pem4f.oem4f (.const:ti_sysbios_knl_Task_Module_State_inactiveQ__O)
                  0000d584    00000004     Robot_pem4f.oem4f (.const:ti_sysbios_knl_Task_Module__diagsEnabled__C)
                  0000d588    00000004     Robot_pem4f.oem4f (.const:ti_sysbios_knl_Task_Module__diagsIncluded__C)
                  0000d58c    00000004     Robot_pem4f.oem4f (.const:ti_sysbios_knl_Task_Module__diagsMask__C)
                  0000d590    00000004     Robot_pem4f.oem4f (.const:ti_sysbios_knl_Task_Object__count__C)
                  0000d594    00000004     Robot_pem4f.oem4f (.const:ti_sysbios_knl_Task_allBlockedFunc__C)
                  0000d598    00000004     Robot_pem4f.oem4f (.const:ti_sysbios_knl_Task_defaultStackHeap__C)
                  0000d59c    00000004     Robot_pem4f.oem4f (.const:ti_sysbios_knl_Task_defaultStackSize__C)
                  0000d5a0    00000004     Robot_pem4f.oem4f (.const:ti_sysbios_knl_Task_numConstructedTasks__C)
                  0000d5a4    00000004     Robot_pem4f.oem4f (.const:xdc_runtime_Assert_E_assertFailed__C)
                  0000d5a8    00000004     Robot_pem4f.oem4f (.const:xdc_runtime_Core_A_initializedParams__C)
                  0000d5ac    00000004     Robot_pem4f.oem4f (.const:xdc_runtime_Core_Module__diagsEnabled__C)
                  0000d5b0    00000004     Robot_pem4f.oem4f (.const:xdc_runtime_Core_Module__diagsIncluded__C)
                  0000d5b4    00000004     Robot_pem4f.oem4f (.const:xdc_runtime_Core_Module__diagsMask__C)
                  0000d5b8    00000004     Robot_pem4f.oem4f (.const:xdc_runtime_Error_E_memory__C)
                  0000d5bc    00000004     Robot_pem4f.oem4f (.const:xdc_runtime_Error_Module__diagsEnabled__C)
                  0000d5c0    00000004     Robot_pem4f.oem4f (.const:xdc_runtime_Error_Module__diagsIncluded__C)
                  0000d5c4    00000004     Robot_pem4f.oem4f (.const:xdc_runtime_Error_Module__diagsMask__C)
                  0000d5c8    00000004     Robot_pem4f.oem4f (.const:xdc_runtime_Error_Module__loggerFxn8__C)
                  0000d5cc    00000004     Robot_pem4f.oem4f (.const:xdc_runtime_Error_Module__loggerObj__C)
                  0000d5d0    00000004     Robot_pem4f.oem4f (.const:xdc_runtime_Error_policyFxn__C)
                  0000d5d4    00000004     Robot_pem4f.oem4f (.const:xdc_runtime_Error_raiseHook__C)
                  0000d5d8    00000004     Robot_pem4f.oem4f (.const:xdc_runtime_IGateProvider_Interface__BASE__C)
                  0000d5dc    00000004     Robot_pem4f.oem4f (.const:xdc_runtime_IHeap_Interface__BASE__C)
                  0000d5e0    00000004     Robot_pem4f.oem4f (.const:xdc_runtime_IModule_Interface__BASE__C)
                  0000d5e4    00000004     Robot_pem4f.oem4f (.const:xdc_runtime_Log_L_error__C)
                  0000d5e8    00000004     Robot_pem4f.oem4f (.const:xdc_runtime_Memory_defaultHeapInstance__C)
                  0000d5ec    00000004     Robot_pem4f.oem4f (.const:xdc_runtime_Startup_execImpl__C)
                  0000d5f0    00000004     Robot_pem4f.oem4f (.const:xdc_runtime_Startup_maxPasses__C)
                  0000d5f4    00000004     Robot_pem4f.oem4f (.const:xdc_runtime_Startup_sfxnRts__C)
                  0000d5f8    00000004     Robot_pem4f.oem4f (.const:xdc_runtime_Startup_sfxnTab__C)
                  0000d5fc    00000004     Robot_pem4f.oem4f (.const:xdc_runtime_SysMin_bufSize__C)
                  0000d600    00000004     Robot_pem4f.oem4f (.const:xdc_runtime_SysMin_outputFunc__C)
                  0000d604    00000004     Robot_pem4f.oem4f (.const:xdc_runtime_System_Module__gateObj__C)
                  0000d608    00000004     Robot_pem4f.oem4f (.const:xdc_runtime_System_abortFxn__C)
                  0000d60c    00000004     Robot_pem4f.oem4f (.const:xdc_runtime_System_exitFxn__C)
                  0000d610    00000004     Robot_pem4f.oem4f (.const:xdc_runtime_System_extendFxn__C)
                  0000d614    00000004     Robot_pem4f.oem4f (.const:xdc_runtime_System_maxAtexitHandlers__C)
                  0000d618    00000004     Robot_pem4f.oem4f (.const:xdc_runtime_Text_charTab__C)
                  0000d61c    00000004     Robot_pem4f.oem4f (.const:xdc_runtime_Text_nameEmpty__C)
                  0000d620    00000004     Robot_pem4f.oem4f (.const:xdc_runtime_Text_nameStatic__C)
                  0000d624    00000004     Robot_pem4f.oem4f (.const:xdc_runtime_Text_nameUnknown__C)
                  0000d628    00000004     Robot_pem4f.oem4f (.const:xdc_runtime_Text_nodeTab__C)
                  0000d62c    00000004     Robot_pem4f.oem4f (.const:xdc_runtime_Text_visitRopeFxn__C)
                  0000d630    00000002     Robot_pem4f.oem4f (.const:ti_sysbios_gates_GateMutex_Module__id__C)
                  0000d632    00000002     Robot_pem4f.oem4f (.const:ti_sysbios_hal_Hwi_Module__id__C)
                  0000d634    00000002     Robot_pem4f.oem4f (.const:ti_sysbios_heaps_HeapMem_Module__id__C)
                  0000d636    00000002     Robot_pem4f.oem4f (.const:ti_sysbios_knl_Semaphore_Module__id__C)
                  0000d638    00000002     Robot_pem4f.oem4f (.const:ti_sysbios_knl_Task_Module__id__C)
                  0000d63a    00000002     Robot_pem4f.oem4f (.const:xdc_runtime_Core_Module__id__C)
                  0000d63c    00000002     Robot_pem4f.oem4f (.const:xdc_runtime_Error_Module__loggerDefined__C)
                  0000d63e    00000002     Robot_pem4f.oem4f (.const:xdc_runtime_Error_maxDepth__C)
                  0000d640    00000002     Robot_pem4f.oem4f (.const:xdc_runtime_Memory_Module__id__C)
                  0000d642    00000002     Robot_pem4f.oem4f (.const:xdc_runtime_SysMin_flushAtExit__C)
                  0000d644    00000002     Robot_pem4f.oem4f (.const:xdc_runtime_Text_charCnt__C)
                  0000d646    00000002     Robot_pem4f.oem4f (.const:xdc_runtime_Text_isLoaded__C)
                  0000d648    00000002     Robot_pem4f.oem4f (.const:xdc_runtime_Text_registryModsLastId__C)
                  0000d64a    00000002     Robot_pem4f.oem4f (.const:xdc_runtime_Text_unnamedModsLastId__C)
                  0000d64c    00000001     Robot_pem4f.oem4f (.const:xdc_runtime_Error_policy__C)

.cinit     0    0000d650    00000330     
                  0000d650    000002f5     (.cinit..data.load) [load image, compression = lzss]
                  0000d945    00000003     --HOLE-- [fill = 0]
                  0000d948    0000000c     (__TI_handler_table)
                  0000d954    00000004     --HOLE-- [fill = 0]
                  0000d958    00000008     (.cinit..bss.load) [load image, compression = zero_init]
                  0000d960    00000008     (.cinit..vecs.load) [load image, compression = zero_init]
                  0000d968    00000018     (__TI_cinit_table)

.resetVecs 
*          0    00000000    0000003c     
                  00000000    0000003c     Robot_pem4f.oem4f (.resetVecs)

.vecs      0    20000000    00000140     UNINITIALIZED
                  20000000    00000140     Robot_pem4f.oem4f (.vecs)

.bss       0    20000140    00005654     UNINITIALIZED
                  20000140    00002ee0     (.common:DisplayBuffer)
                  20003020    00000e00     Robot_pem4f.oem4f (.bss:taskStackSection)
                  20003e20    00000800     (.common:task0Stack)
                  20004620    00000800     (.common:task1Stack)
                  20004e20    00000400     (.common:ti_sysbios_heaps_HeapMem_Instance_State_0_buf__A)
                  20005220    00000140     (.common:ti_sysbios_family_arm_m3_Hwi_dispatchTable)
                  20005360    00000120     rtsv7M4_T_le_v4SPD16_eabi.lib : trgmsg.obj (.bss:_CIOBUF_)
                  20005480    000000d8     (.common:i2cMSP432Objects)
                  20005558    00000080     (.common:xdc_runtime_SysMin_Module_State_0_outbuf__A)
                  200055d8    00000050     (.common:task0Struct)
                  20005628    00000050     (.common:task1Struct)
                  20005678    00000030     drivers_MSP432P401R.aem4f : GPIOMSP432.oem4f (.bss:gpioCallbackInfo)
                  200056a8    00000030     (.common:pwmTimerMSP432Objects)
                  200056d8    00000018     (.common:params)
                  200056f0    00000008     (.common:parmbuf)
                  200056f8    00000004     (.common:PID_val)
                  200056fc    00000004     (.common:T)
                  20005700    00000004     (.common:T_minus)
                  20005704    00000004     (.common:currRotatesL)
                  20005708    00000004     (.common:currRotatesR)
                  2000570c    00000004     (.common:currT)
                  20005710    00000004     (.common:dT)
                  20005714    00000004     (.common:deltaT)
                  20005718    00000004     (.common:diff)
                  2000571c    00000004     (.common:diffL)
                  20005720    00000004     (.common:diffR)
                  20005724    00000004     (.common:dutyIncL)
                  20005728    00000004     (.common:dutyIncR)
                  2000572c    00000004     (.common:errL)
                  20005730    00000004     (.common:errR)
                  20005734    00000004     (.common:error)
                  20005738    00000004     (.common:integ)
                  2000573c    00000004     (.common:integR)
                  20005740    00000004     (.common:l_b_side)
                  20005744    00000004     (.common:l_corner)
                  20005748    00000004     (.common:l_f_side)
                  2000574c    00000004     (.common:l_front)
                  20005750    00000004     (.common:last_error)
                  20005754    00000004     (.common:preRotatesL)
                  20005758    00000004     (.common:preRotatesR)
                  2000575c    00000004     (.common:preT)
                  20005760    00000004     (.common:prev_errL)
                  20005764    00000004     (.common:prev_errR)
                  20005768    00000004     (.common:pwm1)
                  2000576c    00000004     (.common:pwm2)
                  20005770    00000004     (.common:pwm3)
                  20005774    00000004     (.common:pwm4)
                  20005778    00000004     (.common:r_b_side)
                  2000577c    00000004     (.common:r_corner)
                  20005780    00000004     (.common:r_f_side)
                  20005784    00000004     (.common:r_front)
                  20005788    00000004     (.common:speedL)
                  2000578c    00000004     (.common:speedR)
                  20005790    00000004     (.common:task)

.data      0    20005794    0000079c     UNINITIALIZED
                  20005794    000000e4     Robot_pem4f.oem4f (.data:ti_sysbios_knl_Task_Object__table__V)
                  20005878    0000009c     drivers_MSP432P401R.aem4f : PowerMSP432.oem4f (.data:PowerMSP432_perfLevels)
                  20005914    00000080                               : PWMTimerMSP432.oem4f (.data:pwmTimerStatus)
                  20005994    00000080     Robot_pem4f.oem4f (.data:ti_sysbios_knl_Swi_Module_State_0_readyQ__A)
                  20005a14    00000080     Robot_pem4f.oem4f (.data:ti_sysbios_knl_Task_Module_State_0_readyQ__A)
                  20005a94    0000006c     MSP_EXP432P401R.obj (.data:gpioCallbackFunctions)
                  20005b00    0000006c     MSP_EXP432P401R.obj (.data:gpioPinConfigs)
                  20005b6c    0000004c     Robot_pem4f.oem4f (.data:ti_sysbios_family_arm_msp432_Timer_Object__table__V)
                  20005bb8    00000044     Robot_pem4f.oem4f (.data:ti_sysbios_knl_Task_Module__state__V)
                  20005bfc    00000038     motor.obj (.data)
                  20005c34    00000038     Robot_pem4f.oem4f (.data:ti_sysbios_gates_GateMutex_Object__table__V)
                  20005c6c    00000034     Robot_pem4f.oem4f (.data:ti_sysbios_family_arm_m3_Hwi_Module__state__V)
                  20005ca0    00000030     msp432p4xx_driverlib.lib : gpio.o (.data:GPIO_PORT_TO_BASE)
                  20005cd0    00000030     rangeRead.obj (.data:dataL)
                  20005d00    00000030     rangeRead.obj (.data:dataR)
                  20005d30    00000030     Robot_pem4f.oem4f (.data:ti_sysbios_knl_Swi_Object__table__V)
                  20005d60    0000002c     Robot_pem4f.oem4f (.data:ti_sysbios_knl_Clock_Module__state__V)
                  20005d8c    00000028     drivers_MSP432P401R.aem4f : PowerMSP432.oem4f (.data:PowerMSP432_module)
                  20005db4    00000024     Robot_pem4f.oem4f (.data:ti_sysbios_BIOS_Module__state__V)
                  20005dd8    00000020     Robot_pem4f.oem4f (.data:ti_sysbios_family_arm_msp432_Timer_Module_State_0_device__A)
                  20005df8    0000001c     Robot_pem4f.oem4f (.data:ti_sysbios_knl_Swi_Module__state__V)
                  20005e14    00000018     Robot_pem4f.oem4f (.data:ti_sysbios_family_arm_m3_Hwi_Object__table__V)
                  20005e2c    00000018     Robot_pem4f.oem4f (.data:ti_sysbios_heaps_HeapMem_Object__table__V)
                  20005e44    00000018     wallFollower.obj (.data)
                  20005e5c    00000010     Robot_pem4f.oem4f (.data:ti_sysbios_family_arm_msp432_Timer_Module_State_0_handles__A)
                  20005e6c    0000000c     rtsv7M4_T_le_v4SPD16_eabi.lib : exit.obj (.data:$O1$$)
                  20005e78    0000000c     Robot_pem4f.oem4f (.data:ti_sysbios_family_arm_msp432_ClockFreqs_Module__state__V)
                  20005e84    0000000c     Robot_pem4f.oem4f (.data:ti_sysbios_family_arm_msp432_Timer_Module__state__V)
                  20005e90    0000000c     Robot_pem4f.oem4f (.data:xdc_runtime_SysMin_Module__state__V)
                  20005e9c    00000008     rtsv7M4_T_le_v4SPD16_eabi.lib : _lock.obj (.data:$O1$$)
                  20005ea4    00000008     Robot_pem4f.oem4f (.data:ti_sysbios_family_arm_m3_Hwi_Module__root__V)
                  20005eac    00000008     Robot_pem4f.oem4f (.data:ti_sysbios_gates_GateHwi_Module__root__V)
                  20005eb4    00000008     Robot_pem4f.oem4f (.data:ti_sysbios_gates_GateMutex_Module__root__V)
                  20005ebc    00000008     Robot_pem4f.oem4f (.data:ti_sysbios_heaps_HeapMem_Module__root__V)
                  20005ec4    00000008     Robot_pem4f.oem4f (.data:ti_sysbios_knl_Queue_Module__root__V)
                  20005ecc    00000008     Robot_pem4f.oem4f (.data:ti_sysbios_knl_Semaphore_Module__root__V)
                  20005ed4    00000008     Robot_pem4f.oem4f (.data:ti_sysbios_knl_Task_Module__root__V)
                  20005edc    00000008     Robot_pem4f.oem4f (.data:xdc_runtime_Registry_Module__state__V)
                  20005ee4    00000008     Robot_pem4f.oem4f (.data:xdc_runtime_Startup_Module__state__V)
                  20005eec    00000008     Robot_pem4f.oem4f (.data:xdc_runtime_System_Module_State_0_atexitHandlers__A)
                  20005ef4    00000008     Robot_pem4f.oem4f (.data:xdc_runtime_System_Module__state__V)
                  20005efc    00000004     rangeRead.obj (.data:distL)
[...]
0000d2dc  ti_sysbios_gates_GateMutex_Object__DESC__C                  
0000d2fc  ti_sysbios_heaps_HeapMem_Object__DESC__C                    
0000d31c  ti_sysbios_knl_Queue_Object__DESC__C                        
0000d33c  ti_sysbios_knl_Semaphore_Object__DESC__C                    
0000d35c  ti_sysbios_knl_Task_Object__DESC__C                         
0000d37c  xdc_runtime_Startup_sfxnTab__A                              
0000d3b8  PWM_defaultParams                                           
0000d3d0  ti_sysbios_gates_GateHwi_Object__PARAMS__C                  
0000d3e8  ti_sysbios_gates_GateMutex_Object__PARAMS__C                
0000d400  ti_sysbios_knl_Queue_Object__PARAMS__C                      
0000d418  GPIOMSP432_config                                           
0000d42c  PowerMSP432_config                                          
0000d43c  I2C_defaultParams                                           
0000d44c  xdc_runtime_Startup_sfxnRts__A                              
0000d468  xdc_runtime_Startup_firstFxns__A                            
0000d47c  ti_sysbios_family_arm_m3_Hwi_excHookFuncs__A                
0000d484  ti_sysbios_knl_Idle_funcList__A                             
0000d48c  ti_sysbios_knl_Idle_funcList__C                             
0000d494  xdc_runtime_Startup_firstFxns__C                            
0000d49c  xdc_runtime_Startup_lastFxns__C                             
0000d4a4  ti_sysbios_family_arm_m3_Hwi_E_NMI__C                       
0000d4a8  ti_sysbios_family_arm_m3_Hwi_E_alreadyDefined__C            
0000d4ac  ti_sysbios_family_arm_m3_Hwi_E_busFault__C                  
0000d4b0  ti_sysbios_family_arm_m3_Hwi_E_debugMon__C                  
0000d4b4  ti_sysbios_family_arm_m3_Hwi_E_hardFault__C                 
0000d4b8  ti_sysbios_family_arm_m3_Hwi_E_memFault__C                  
0000d4bc  ti_sysbios_family_arm_m3_Hwi_E_noIsr__C                     
0000d4c0  ti_sysbios_family_arm_m3_Hwi_E_reserved__C                  
0000d4c4  ti_sysbios_family_arm_m3_Hwi_E_svCall__C                    
0000d4c8  ti_sysbios_family_arm_m3_Hwi_E_usageFault__C                
0000d4cc  ti_sysbios_family_arm_m3_Hwi_NUM_INTERRUPTS__C              
0000d4d0  ti_sysbios_family_arm_m3_Hwi_Object__count__C               
0000d4d4  ti_sysbios_family_arm_m3_Hwi_ccr__C                         
0000d4d8  ti_sysbios_family_arm_m3_Hwi_excHandlerFunc__C              
0000d4dc  ti_sysbios_family_arm_m3_Hwi_excHookFuncs__C                
0000d4e0  ti_sysbios_family_arm_m3_Hwi_nullIsrFunc__C                 
0000d4e4  ti_sysbios_family_arm_m3_Hwi_priGroup__C                    
0000d4e8  ti_sysbios_family_arm_m3_TaskSupport_stackAlignment__C      
0000d4ec  ti_sysbios_family_arm_msp432_Timer_numTimerDevices__C       
0000d4f0  ti_sysbios_family_arm_msp432_Timer_startupNeeded__C         
0000d4f4  ti_sysbios_gates_GateMutex_A_badContext__C                  
0000d4f8  ti_sysbios_gates_GateMutex_Instance_State_sem__O            
0000d4fc  ti_sysbios_gates_GateMutex_Module__diagsEnabled__C          
0000d500  ti_sysbios_gates_GateMutex_Module__diagsIncluded__C         
0000d504  ti_sysbios_gates_GateMutex_Module__diagsMask__C             
0000d508  ti_sysbios_hal_Hwi_E_stackOverflow__C                       
0000d50c  ti_sysbios_heaps_HeapMem_A_align__C                         
0000d510  ti_sysbios_heaps_HeapMem_A_heapSize__C                      
0000d514  ti_sysbios_heaps_HeapMem_A_invalidFree__C                   
0000d518  ti_sysbios_heaps_HeapMem_A_zeroBlock__C                     
0000d51c  ti_sysbios_heaps_HeapMem_E_memory__C                        
0000d520  ti_sysbios_heaps_HeapMem_Module__diagsEnabled__C            
0000d524  ti_sysbios_heaps_HeapMem_Module__diagsIncluded__C           
0000d528  ti_sysbios_heaps_HeapMem_Module__diagsMask__C               
0000d52c  ti_sysbios_heaps_HeapMem_Module__gateObj__C                 
0000d530  ti_sysbios_heaps_HeapMem_Object__count__C                   
0000d534  ti_sysbios_heaps_HeapMem_reqAlign__C                        
0000d538  ti_sysbios_knl_Clock_Module_State_clockQ__O                 
0000d53c  ti_sysbios_knl_Semaphore_A_badContext__C                    
0000d540  ti_sysbios_knl_Semaphore_A_noEvents__C                      
0000d544  ti_sysbios_knl_Semaphore_A_overflow__C                      
0000d548  ti_sysbios_knl_Semaphore_A_pendTaskDisabled__C              
0000d54c  ti_sysbios_knl_Semaphore_Instance_State_pendQ__O            
0000d550  ti_sysbios_knl_Semaphore_Module__diagsEnabled__C            
0000d554  ti_sysbios_knl_Semaphore_Module__diagsIncluded__C           
0000d558  ti_sysbios_knl_Semaphore_Module__diagsMask__C               
0000d55c  ti_sysbios_knl_Swi_Object__count__C                         
0000d560  ti_sysbios_knl_Task_A_badPriority__C                        
0000d564  ti_sysbios_knl_Task_A_badTaskState__C                       
0000d568  ti_sysbios_knl_Task_A_badThreadType__C                      
0000d56c  ti_sysbios_knl_Task_A_badTimeout__C                         
0000d570  ti_sysbios_knl_Task_A_noPendElem__C                         
0000d574  ti_sysbios_knl_Task_A_sleepTaskDisabled__C                  
0000d578  ti_sysbios_knl_Task_E_spOutOfBounds__C                      
0000d57c  ti_sysbios_knl_Task_E_stackOverflow__C                      
0000d580  ti_sysbios_knl_Task_Module_State_inactiveQ__O               
0000d584  ti_sysbios_knl_Task_Module__diagsEnabled__C                 
0000d588  ti_sysbios_knl_Task_Module__diagsIncluded__C                
0000d58c  ti_sysbios_knl_Task_Module__diagsMask__C                    
0000d590  ti_sysbios_knl_Task_Object__count__C                        
0000d594  ti_sysbios_knl_Task_allBlockedFunc__C                       
0000d598  ti_sysbios_knl_Task_defaultStackHeap__C                     
0000d59c  ti_sysbios_knl_Task_defaultStackSize__C                     
0000d5a0  ti_sysbios_knl_Task_numConstructedTasks__C                  
0000d5a4  xdc_runtime_Assert_E_assertFailed__C                        
0000d5a8  xdc_runtime_Core_A_initializedParams__C                     
0000d5ac  xdc_runtime_Core_Module__diagsEnabled__C                    
0000d5b0  xdc_runtime_Core_Module__diagsIncluded__C                   
0000d5b4  xdc_runtime_Core_Module__diagsMask__C                       
0000d5b8  xdc_runtime_Error_E_memory__C                               
0000d5bc  xdc_runtime_Error_Module__diagsEnabled__C                   
0000d5c0  xdc_runtime_Error_Module__diagsIncluded__C                  
0000d5c4  xdc_runtime_Error_Module__diagsMask__C                      
0000d5c8  xdc_runtime_Error_Module__loggerFxn8__C                     
0000d5cc  xdc_runtime_Error_Module__loggerObj__C                      
0000d5d0  xdc_runtime_Error_policyFxn__C                              
0000d5d4  xdc_runtime_Error_raiseHook__C                              
0000d5d8  xdc_runtime_IGateProvider_Interface__BASE__C                
0000d5dc  xdc_runtime_IHeap_Interface__BASE__C                        
0000d5e0  xdc_runtime_IModule_Interface__BASE__C                      
0000d5e4  xdc_runtime_Log_L_error__C                                  
0000d5e8  xdc_runtime_Memory_defaultHeapInstance__C                   
0000d5ec  xdc_runtime_Startup_execImpl__C                             
0000d5f0  xdc_runtime_Startup_maxPasses__C                            
0000d5f4  xdc_runtime_Startup_sfxnRts__C                              
0000d5f8  xdc_runtime_Startup_sfxnTab__C                              
0000d5fc  xdc_runtime_SysMin_bufSize__C                               
0000d600  xdc_runtime_SysMin_outputFunc__C                            
0000d604  xdc_runtime_System_Module__gateObj__C                       
0000d608  xdc_runtime_System_abortFxn__C                              
0000d60c  xdc_runtime_System_exitFxn__C                               
0000d610  xdc_runtime_System_extendFxn__C                             
0000d614  xdc_runtime_System_maxAtexitHandlers__C                     
0000d618  xdc_runtime_Text_charTab__C                                 
0000d61c  xdc_runtime_Text_nameEmpty__C                               
0000d620  xdc_runtime_Text_nameStatic__C                              
0000d624  xdc_runtime_Text_nameUnknown__C                             
0000d628  xdc_runtime_Text_nodeTab__C                                 
0000d62c  xdc_runtime_Text_visitRopeFxn__C                            
0000d630  ti_sysbios_gates_GateMutex_Module__id__C                    
0000d632  ti_sysbios_hal_Hwi_Module__id__C                            
0000d634  ti_sysbios_heaps_HeapMem_Module__id__C                      
0000d636  ti_sysbios_knl_Semaphore_Module__id__C                      
0000d638  ti_sysbios_knl_Task_Module__id__C                           
0000d63a  xdc_runtime_Core_Module__id__C                              
0000d63c  xdc_runtime_Error_Module__loggerDefined__C                  
0000d63e  xdc_runtime_Error_maxDepth__C                               
0000d640  xdc_runtime_Memory_Module__id__C                            
0000d642  xdc_runtime_SysMin_flushAtExit__C                           
0000d644  xdc_runtime_Text_charCnt__C                                 
0000d646  xdc_runtime_Text_isLoaded__C                                
0000d648  xdc_runtime_Text_registryModsLastId__C                      
0000d64a  xdc_runtime_Text_unnamedModsLastId__C                       
0000d64c  xdc_runtime_Error_policy__C                                 
0000d650  __TI_static_base__                                          
0000d948  __TI_Handler_Table_Base                                     
0000d954  __TI_Handler_Table_Limit                                    
0000d968  __TI_CINIT_Base                                             
0000d980  __TI_CINIT_Limit                                            
20000000  ti_sysbios_family_arm_m3_Hwi_ramVectors                     
20000140  DisplayBuffer                                               
20003020  ti_sysbios_knl_Task_Instance_State_0_stack__A               
20003420  ti_sysbios_knl_Task_Instance_State_1_stack__A               
20003c20  ti_sysbios_knl_Task_Instance_State_2_stack__A               
20003e20  task0Stack                                                  
20004620  task1Stack                                                  
20004e20  ti_sysbios_heaps_HeapMem_Instance_State_0_buf__A            
20005220  ti_sysbios_family_arm_m3_Hwi_dispatchTable                  
20005360  __CIOBUF_                                                   
20005480  i2cMSP432Objects                                            
20005558  xdc_runtime_SysMin_Module_State_0_outbuf__A                 
200055d8  task0Struct                                                 
20005628  task1Struct                                                 
200056a8  pwmTimerMSP432Objects                                       
200056d8  params                                                      
200056f0  parmbuf                                                     
200056f8  PID_val                                                     
200056fc  T                                                           
20005700  T_minus                                                     
20005704  currRotatesL                                                
20005708  currRotatesR                                                
2000570c  currT                                                       
20005710  dT                                                          
20005714  deltaT                                                      
20005718  diff                                                        
2000571c  diffL                                                       
20005720  diffR                                                       
20005724  dutyIncL                                                    
20005728  dutyIncR                                                    
2000572c  errL                                                        
20005730  errR                                                        
20005734  error                                                       
20005738  integ                                                       
2000573c  integR                                                      
20005740  l_b_side                                                    
20005744  l_corner                                                    
20005748  l_f_side                                                    
2000574c  l_front                                                     
20005750  last_error                                                  
20005754  preRotatesL                                                 
20005758  preRotatesR                                                 
2000575c  preT                                                        
20005760  prev_errL                                                   
20005764  prev_errR                                                   
20005768  pwm1                                                        
2000576c  pwm2                                                        
20005770  pwm3                                                        
20005774  pwm4                                                        
20005778  r_b_side                                                    
2000577c  r_corner                                                    
20005780  r_f_side                                                    
20005784  r_front                                                     
20005788  speedL                                                      
2000578c  speedR                                                      
20005790  task                                                        
20005794  ti_sysbios_knl_Task_Object__table__V                        
20005878  PowerMSP432_perfLevels                                      
20005994  ti_sysbios_knl_Swi_Module_State_0_readyQ__A                 
20005a14  ti_sysbios_knl_Task_Module_State_0_readyQ__A                
20005a94  gpioCallbackFunctions                                       
20005b00  gpioPinConfigs                                              
20005b6c  ti_sysbios_family_arm_msp432_Timer_Object__table__V         
20005bb8  ti_sysbios_knl_Task_Module__state__V                        
20005bfc  pwmPeriod                                                   
20005c00  dutyR                                                       
20005c04  dutyL                                                       
20005c08  setPointR                                                   
20005c0c  setPointL                                                   
20005c10  Rotation_R                                                  
20005c14  Rotation_L                                                  
20005c18  dirR                                                        
20005c1c  dirL                                                        
20005c20  Kp                                                          
20005c24  Ti                                                          
20005c28  Td                                                          
20005c2c  integL                                                      
20005c30  K                                                           
20005c34  ti_sysbios_gates_GateMutex_Object__table__V                 
20005c6c  ti_sysbios_family_arm_m3_Hwi_Module__state__V               
20005cd0  dataL                                                       
20005d00  dataR                                                       
20005d30  ti_sysbios_knl_Swi_Object__table__V                         
20005d60  ti_sysbios_knl_Clock_Module__state__V                       
20005d8c  PowerMSP432_module                                          
20005db4  ti_sysbios_BIOS_Module__state__V                            
20005dd8  ti_sysbios_family_arm_msp432_Timer_Module_State_0_device__A 
20005df8  ti_sysbios_knl_Swi_Module__state__V                         
20005e14  ti_sysbios_family_arm_m3_Hwi_Object__table__V               
20005e2c  ti_sysbios_heaps_HeapMem_Object__table__V                   
20005e44  wallDist                                                    
20005e48  base_speed                                                  
20005e4c  wall_dist                                                   
20005e50  P                                                           
20005e54  I                                                           
20005e58  D                                                           
20005e5c  ti_sysbios_family_arm_msp432_Timer_Module_State_0_handles__A
20005e6c  __TI_cleanup_ptr                                            
20005e70  __TI_dtors_ptr                                              
20005e74  __TI_enable_exit_profile_output                             
20005e78  ti_sysbios_family_arm_msp432_ClockFreqs_Module__state__V    
20005e84  ti_sysbios_family_arm_msp432_Timer_Module__state__V         
20005e90  xdc_runtime_SysMin_Module__state__V                         
20005e9c  _lock                                                       
20005ea0  _unlock                                                     
20005ea4  ti_sysbios_family_arm_m3_Hwi_Module__root__V                
20005eac  ti_sysbios_gates_GateHwi_Module__root__V                    
20005eb4  ti_sysbios_gates_GateMutex_Module__root__V                  
20005ebc  ti_sysbios_heaps_HeapMem_Module__root__V                    
20005ec4  ti_sysbios_knl_Queue_Module__root__V                        
20005ecc  ti_sysbios_knl_Semaphore_Module__root__V                    
20005ed4  ti_sysbios_knl_Task_Module__root__V                         
20005edc  xdc_runtime_Registry_Module__state__V                       
20005ee4  xdc_runtime_Startup_Module__state__V                        
20005eec  xdc_runtime_System_Module_State_0_atexitHandlers__A         
20005ef4  xdc_runtime_System_Module__state__V                         
20005efc  distL                                                       
20005f00  distR                                                       
20005f0c  errno                                                       
20005f10  main_func_sp                                                
20005f14  ti_sysbios_family_arm_m3_Hwi_Module_State_0_excContext__A   
20005f18  ti_sysbios_family_arm_m3_Hwi_Module_State_0_excStack__A     
20005f1c  ti_sysbios_gates_GateHwi_Object__table__V                   
20005f20  ti_sysbios_knl_Task_Module_State_0_idleTask__A              
20005f24  xdc_runtime_Memory_Module__state__V                         
20005f28  VCOMbit                                                     
20005f29  flagSendToggleVCOMCommand                                   
20005f2a  ti_sysbios_family_arm_m3_Hwi_Module_State_0_excActive__A    
20005f2c  xdc_runtime_Error_Module__state__V                          
20005f2f  state                                                       
2000fd00  __stack                                                     
20010000  __STACK_END                                                 
4000480c  WDTCTL_SYM                                                  
e000e000  ti_sysbios_family_arm_m3_Hwi_nvic                           
ffffffff  __TI_pprof_out_hndl                                         
ffffffff  __TI_prof_data_size                                         
ffffffff  __TI_prof_data_start                                        
ffffffff  __binit__                                                   
ffffffff  __c_args__                                                  
ffffffff  binit                                                       
UNDEFED   SHT$$INIT_ARRAY$$Base                                       
UNDEFED   SHT$$INIT_ARRAY$$Limit                                      

[793 symbols]
