******************************************************************************
                  TI ARM Linker PC v16.9.4                     
******************************************************************************
>> Linked Fri Nov 17 15:50:33 2017

OUTPUT FILE NAME:   <CSRobot_01.out>
ENTRY POINT SYMBOL: "_c_int00"  address: 00005371


MEMORY CONFIGURATION

         name            origin    length      used     unused   attr    fill
----------------------  --------  ---------  --------  --------  ----  --------
  MAIN                  00000000   00040000  00009bd6  0003642a  R  X
  INFO                  00200000   00004000  00000000  00004000  R  X
  SRAM_CODE             01000000   00010000  00000000  00010000  RW X
  SRAM_DATA             20000000   00010000  00002094  0000df6c  RW  


SEGMENT ALLOCATION MAP

run origin  load origin   length   init length attrs members
----------  ----------- ---------- ----------- ----- -------
00000000    00000000    00009be0   00009be0    r-x
  00000000    00000000    0000003c   0000003c    r-- .resetVecs
  00000040    00000040    000079f2   000079f2    r-x .text
  00007a34    00007a34    00001e88   00001e88    r-- .const
  000098c0    000098c0    00000320   00000320    r-- .cinit
20000000    20000000    00001d94   00000000    rw-
  20000000    20000000    00000140   00000000    rw- .vecs
  20000140    20000140    00001490   00000000    rw- .bss
  200015d0    200015d0    000007c4   00000000    rw- .data
2000fd00    2000fd00    00000300   00000000    rw-
  2000fd00    2000fd00    00000300   00000000    rw- .stack


SECTION ALLOCATION MAP

 output                                  attributes/
section   page    origin      length       input sections
--------  ----  ----------  ----------   ----------------
.text      0    00000040    000079f2     
                  00000040    00000430     sysbios.aem4f : BIOS.obj (.text:ti_sysbios_family_arm_m3_Hwi_excDumpRegs__I)
                  00000470    00000350     motor.obj (.text:speedPID)
                  000007c0    0000034c     ti.targets.arm.rtsarm.aem4f : System.oem4f (.text:xdc_runtime_System_doPrint__I)
                  00000b0c    00000004     msp432p4xx_driverlib.lib : cpu.o (.text:CPU_wfi)
                  00000b10    000002b0     sysbios.aem4f : BIOS.obj (.text:ti_sysbios_knl_Semaphore_pend__E)
                  00000dc0    00000264     drivers_MSP432P401R.aem4f : PowerMSP432.oem4f (.text:Power_sleep)
                  00001024    00000004     msp432p4xx_driverlib.lib : spi.o (.text:EUSCI_A_SPI_transmitData)
                  00001028    00000258     sysbios.aem4f : BIOS.obj (.text:ti_sysbios_heaps_HeapMem_free__E)
                  00001280    00000248                   : BIOS.obj (.text:ti_sysbios_heaps_HeapMem_alloc__E)
                  000014c8    000001fc                   : BIOS.obj (.text:ti_sysbios_family_arm_m3_Hwi_excHandlerMax__I)
                  000016c4    000001f4     rtsv7M4_T_le_v4SPD16_eabi.lib : ull_div_t2.obj (.text)
                  000018b8    000001ec     rangeRead.obj (.text:filter)
                  00001aa4    00000004     msp432p4xx_driverlib.lib : spi.o (.text:EUSCI_B_SPI_transmitData)
                  00001aa8    000001c4     sysbios.aem4f : BIOS.obj (.text:ti_sysbios_knl_Task_sleep__E)
                  00001c6c    000001b6     rtsv7M4_T_le_v4SPD16_eabi.lib : fd_add_t2.obj (.text)
                  00001e22    000001a0     msp432p4xx_driverlib.lib : pcm.o (.text:__PCM_setPowerStateAdvanced)
                  00001fc2    00000002     power_tirtos_MSP432P401R.aem4f : PowerMSP432_tirtos.oem4f (.text:PowerMSP432_initPolicy)
                  00001fc4    00000178     drivers_MSP432P401R.aem4f : I2CMSP432.oem4f (.text:I2CMSP432_open)
                  0000213c    00000004     tirtosport.aem4f : HwiP_tirtos.oem4f (.text:HwiP_disable)
                  00002140    00000174     sysbios.aem4f : BIOS.obj (.text:ti_sysbios_family_arm_m3_Hwi_excBusFault__I)
                  000022b4    00000004     msp432p4xx_driverlib.lib : i2c.o (.text:I2C_setSlaveAddress)
                  000022b8    00000164     sysbios.aem4f : BIOS.obj (.text:ti_sysbios_family_arm_m3_Hwi_excUsageFault__I)
                  0000241c    00000004     drivers_MSP432P401R.aem4f : List.oem4f (.text:List_head)
                  00002420    00000148     sysbios.aem4f : BIOS.obj (.text:ti_sysbios_family_arm_m3_Hwi_excMemFault__I)
                  00002568    00000146     rangeRead.obj (.text:sensorInit)
                  000026ae    00000002     rtsv7M4_T_le_v4SPD16_eabi.lib : i_div0.obj (.text)
                  000026b0    00000140     drivers_MSP432P401R.aem4f : GPIOMSP432.oem4f (.text:GPIO_setConfig)
                  000027f0    0000013c     sysbios.aem4f : BIOS.obj (.text:ti_sysbios_heaps_HeapMem_Instance_init__E)
                  0000292c    00000118     drivers_MSP432P401R.aem4f : I2CMSP432.oem4f (.text:I2CMSP432_hwiIntFxn)
                  00002a44    00000118     ti.targets.arm.rtsarm.aem4f : Error.oem4f (.text:xdc_runtime_Error_policyDefault__E)
                  00002b5c    00000108     main.obj (.text:main)
                  00002c64    00000100     ti.targets.arm.rtsarm.aem4f : Core-mem.oem4f (.text:xdc_runtime_Core_createObject__I)
                  00002d64    000000fc     rtsv7M4_T_le_v4SPD16_eabi.lib : fd_mul_t2.obj (.text)
                  00002e60    000000f8     motor.obj (.text:init_motors)
                  00002f58    000000f8     rangeRead.obj (.text:readResult)
                  00003050    000000f8     ti.targets.arm.rtsarm.aem4f : Startup.oem4f (.text:xdc_runtime_Startup_startMods__I)
                  00003148    000000f8     Robot_pem4f.oem4f (.text:xdc_runtime_System_printfExtend__I)
                  00003240    000000f0     drivers_MSP432P401R.aem4f : PowerMSP432.oem4f (.text:initPerfControl)
                  00003330    000000ec     sysbios.aem4f : m3_Hwi_asm.obj (.text:ti_sysbios_family_arm_m3_Hwi_dispatch__I)
                  0000341c    00000004     drivers_MSP432P401R.aem4f : List.oem4f (.text:List_next)
                  00003420    000000ec     sysbios.aem4f : BIOS.obj (.text:ti_sysbios_knl_Semaphore_post__E)
                  0000350c    000000e2     drivers_MSP432P401R.aem4f : PWMTimerMSP432.oem4f (.text:initHw)
                  000035ee    00000002     Robot_pem4f.oem4f (.text:ti_sysbios_BIOS_nullFunc__I)
                  000035f0    000000e0     msp432p4xx_driverlib.lib : cs.o (.text:CS_initClockSignal)
                  000036d0    000000e0     rangeRead.obj (.text:readRangeFxn)
                  000037b0    000000dc     msp432p4xx_driverlib.lib : pcm.o (.text:__PCM_setPowerModeAdvanced)
                  0000388c    000000cc     ti.targets.arm.rtsarm.aem4f : Core-smem.oem4f (.text:xdc_runtime_Core_constructObject__I)
                  00003958    000000bc     sysbios.aem4f : BIOS.obj (.text:ti_sysbios_family_arm_m3_Hwi_excDebugMon__I)
                  00003a14    00000004     drivers_MSP432P401R.aem4f : PowerMSP432.oem4f (.text:PowerMSP432_getNumPerfLevels)
                  00003a18    000000bc     sysbios.aem4f : BIOS.obj (.text:ti_sysbios_family_arm_m3_Hwi_excHardFault__I)
                  00003ad4    00000004     Robot_pem4f.oem4f (.text:ti_sysbios_BIOS_RtsGateProxy_enter__E)
                  00003ad8    000000b4     sysbios.aem4f : BIOS.obj (.text:ti_sysbios_gates_GateMutex_enter__E)
                  00003b8c    00000004     Robot_pem4f.oem4f (.text:ti_sysbios_BIOS_RtsGateProxy_leave__E)
                  00003b90    000000b4     sysbios.aem4f : BIOS.obj (.text:ti_sysbios_knl_Task_checkStacks__E)
                  00003c44    000000b2     msp432p4xx_driverlib.lib : timer_a.o (.text:privateTimer_AProcessClockSourceDivider)
                  00003cf6    00000002     --HOLE-- [fill = 0]
                  00003cf8    000000b0                              : pcm.o (.text:__PCM_setCoreVoltageLevelAdvanced)
                  00003da8    000000ac     drivers_MSP432P401R.aem4f : PWMTimerMSP432.oem4f (.text:PWMTimerMSP432_open)
                  00003e54    00000004     Robot_pem4f.oem4f (.text:ti_sysbios_family_arm_m3_Hwi_destruct)
                  00003e58    000000a8     sysbios.aem4f : BIOS.obj (.text:ti_sysbios_family_arm_msp432_Timer_periodicStub__E)
                  00003f00    000000a0     auto_init.aem4f : auto_init.oem4f (.text)
                  00003fa0    000000a0     ti.targets.arm.rtsarm.aem4f : Text.oem4f (.text:xdc_runtime_Text_putMod__E)
                  00004040    0000009c     rtsv7M4_T_le_v4SPD16_eabi.lib : memcpy_t2.obj (.text)
                  000040dc    00000004     Robot_pem4f.oem4f (.text:ti_sysbios_family_arm_m3_TaskSupport_Module__startupDone__S)
                  000040e0    0000009c     sysbios.aem4f : BIOS.obj (.text:ti_sysbios_knl_Semaphore_Instance_init__E)
                  0000417c    00000004     Robot_pem4f.oem4f (.text:ti_sysbios_heaps_HeapMem_Module_GateProxy_enter__E)
                  00004180    0000009c     sysbios.aem4f : BIOS.obj (.text:ti_sysbios_knl_Task_postInit__I)
                  0000421c    0000009a     ti.targets.arm.rtsarm.aem4f : Text.oem4f (.text:xdc_runtime_Text_putSite__E)
                  000042b6    00000002     --HOLE-- [fill = 0]
                  000042b8    00000094     sysbios.aem4f : BIOS.obj (.text:ti_sysbios_family_arm_m3_Hwi_Instance_init__E)
                  0000434c    00000004     Robot_pem4f.oem4f (.text:ti_sysbios_heaps_HeapMem_Module_GateProxy_leave__E)
                  00004350    00000094     sysbios.aem4f : BIOS.obj (.text:ti_sysbios_family_arm_m3_Hwi_initNVIC__E)
                  000043e4    00000092     drivers_MSP432P401R.aem4f : I2CMSP432.oem4f (.text:I2CMSP432_cancel)
                  00004476    00000092                               : PWMTimerMSP432.oem4f (.text:PWMTimerMSP432_setPeriod)
                  00004508    0000008c                               : I2CMSP432.oem4f (.text:I2CMSP432_transfer)
                  00004594    0000008c     motor.obj (.text:MoveStraight)
                  00004620    0000008c     sysbios.aem4f : m3_TaskSupport_asm.obj (.text:ti_sysbios_family_arm_m3_TaskSupport_buildTaskStack)
                  000046ac    00000004     Robot_pem4f.oem4f (.text:ti_sysbios_knl_Clock_TimerProxy_getMaxTicks__E)
                  000046b0    00000088     sysbios.aem4f : BIOS.obj (.text:ti_sysbios_family_arm_msp432_Timer_Module_startup__E)
                  00004738    00000084     drivers_MSP432P401R.aem4f : PWMTimerMSP432.oem4f (.text:PWMTimerMSP432_setDuty)
                  000047bc    00000004     Robot_pem4f.oem4f (.text:ti_sysbios_knl_Queue_destruct)
                  000047c0    00000084     sysbios.aem4f : BIOS.obj (.text:ti_sysbios_family_arm_m3_Hwi_postInit__I)
                  00004844    00000080     Sharp96x96.obj (.text:Sharp96x96_SendToggleVCOMCommand)
                  000048c4    0000007c     msp432p4xx_driverlib.lib : pcm.o (.text:PCM_gotoLPM3)
                  00004940    0000007a     rtsv7M4_T_le_v4SPD16_eabi.lib : memset_t2.obj (.text)
                  000049ba    00000002     --HOLE-- [fill = 0]
                  000049bc    00000077     rangeRead.obj (.text:sensor_read)
                  00004a33    00000001     --HOLE-- [fill = 0]
                  00004a34    00000077     rangeRead.obj (.text:sensor_write)
                  00004aab    00000001     --HOLE-- [fill = 0]
                  00004aac    00000073     rangeRead.obj (.text:switchOpen)
                  00004b1f    00000001     --HOLE-- [fill = 0]
                  00004b20    00000070     sysbios.aem4f : BIOS.obj (.text:ti_sysbios_knl_Task_exit__E)
                  00004b90    0000006d     ti.targets.arm.rtsarm.aem4f : System.oem4f (.text:xdc_runtime_System_formatNum__I)
                  00004bfd    00000003     --HOLE-- [fill = 0]
                  00004c00    0000006c     sysbios.aem4f : BIOS.obj (.text:ti_sysbios_knl_Clock_workFunc__E)
                  00004c6c    00000004     Robot_pem4f.oem4f (.text:ti_sysbios_knl_Semaphore_destruct)
                  00004c70    0000006c     sysbios.aem4f : BIOS.obj (.text:ti_sysbios_knl_Swi_restoreHwi__E)
                  00004cdc    0000006c     ti.targets.arm.rtsarm.aem4f : Error.oem4f (.text:xdc_runtime_Error_print__E)
                  00004d48    0000006c                                 : Memory.oem4f (.text:xdc_runtime_Memory_alloc__E)
                  00004db4    00000068     rtsv7M4_T_le_v4SPD16_eabi.lib : copy_decompress_lzss.obj (.text:decompress:lzss)
                  00004e1c    00000068     drivers_MSP432P401R.aem4f : I2CMSP432.oem4f (.text:primeTransfer)
                  00004e84    00000068     rtsv7M4_T_le_v4SPD16_eabi.lib : trgmsg.obj (.text)
                  00004eec    00000066     drivers_MSP432P401R.aem4f : I2CMSP432.oem4f (.text:I2CMSP432_close)
                  00004f52    00000066     ti.targets.arm.rtsarm.aem4f : Core-mem.oem4f (.text:xdc_runtime_Core_deleteObject__I)
                  00004fb8    00000064     sysbios.aem4f : BIOS.obj (.text:ti_sysbios_family_arm_m3_Hwi_dispatchC__I)
                  0000501c    00000062     tirtosport.aem4f : HwiP_tirtos.oem4f (.text:HwiP_create)
                  0000507e    00000002     --HOLE-- [fill = 0]
                  00005080    00000060     sysbios.aem4f : BIOS.obj (.text:ti_sysbios_knl_Task_schedule__I)
                  000050e0    0000005c     drivers_MSP432P401R.aem4f : GPIOMSP432.oem4f (.text:GPIO_init)
                  0000513c    00000004     ti.targets.arm.rtsarm.aem4f : Error.oem4f (.text:xdc_runtime_Error_getSite__E)
                  00005140    0000005c     sysbios.aem4f : BIOS.obj (.text:ti_sysbios_knl_Swi_run__I)
                  0000519c    00000004     Robot_pem4f.oem4f (.text:xdc_runtime_System_Module_GateProxy_enter__E)
                  000051a0    0000005c     sysbios.aem4f : BIOS.obj (.text:ti_sysbios_knl_Swi_schedule__I)
                  000051fc    00000004     Robot_pem4f.oem4f (.text:xdc_runtime_System_Module_GateProxy_leave__E)
                  00005200    0000005c     sysbios.aem4f : BIOS.obj (.text:ti_sysbios_knl_Task_Module_startup__E)
                  0000525c    00000004     ti.targets.arm.rtsarm.aem4f : System.oem4f (.text:xdc_runtime_System_aprintf_va__F)
                  00005260    0000005c     sysbios.aem4f : BIOS.obj (.text:ti_sysbios_knl_Task_startCore__E)
                  000052bc    0000005b     ti.targets.arm.rtsarm.aem4f : Text.oem4f (.text:xdc_runtime_Text_putLab__E)
                  00005317    00000001     --HOLE-- [fill = 0]
                  00005318    00000058     tirtosport.aem4f : SemaphoreP_tirtos.oem4f (.text:SemaphoreP_create)
                  00005370    00000058     boot.aem4f : boot.oem4f (.text)
                  000053c8    00000058     rtsv7M4_T_le_v4SPD16_eabi.lib : hostwrite.obj (.text)
                  00005420    00000058     Robot_pem4f.oem4f (.text:ti_sysbios_family_arm_m3_Hwi_construct)
                  00005478    00000058     sysbios.aem4f : m3_Hwi_asm_switch.obj (.text:ti_sysbios_family_arm_m3_Hwi_initStacks__E)
                  000054d0    00000054     drivers_MSP432P401R.aem4f : GPIOMSP432.oem4f (.text:GPIO_hwiIntFxn)
                  00005524    00000054                               : GPIOMSP432.oem4f (.text:GPIO_setCallback)
                  00005578    00000054                               : PWMTimerMSP432.oem4f (.text:PWMTimerMSP432_stop)
                  000055cc    00000054                               : I2CMSP432.oem4f (.text:initHw)
                  00005620    00000054     rtsv7M4_T_le_v4SPD16_eabi.lib : exit.obj (.text)
                  00005674    00000004     ti.targets.arm.rtsarm.aem4f : System.oem4f (.text:xdc_runtime_System_printf_va__F)
                  00005678    00000054     sysbios.aem4f : BIOS.obj (.text:ti_sysbios_family_arm_msp432_Timer_initDevice__I)
                  000056cc    00000004     --HOLE-- [fill = 0]
                  000056d0    00000054                   : BIOS.obj (.text:ti_sysbios_family_arm_msp432_init_Boot_configureClocksHigh)
                  00005724    00000054     ti.targets.arm.rtsarm.aem4f : Assert.oem4f (.text:xdc_runtime_Assert_raise__I)
                  00005778    00000050     drivers_MSP432P401R.aem4f : GPIOMSP432.oem4f (.text:GPIO_write)
                  000057c8    00000050     msp432p4xx_driverlib.lib : pcm.o (.text:PCM_shutdownDevice)
                  00005818    00000050     drivers_MSP432P401R.aem4f : PWMTimerMSP432.oem4f (.text:PWMTimerMSP432_close)
                  00005868    00000050     sysbios.aem4f : BIOS.obj (.text:ti_sysbios_family_arm_m3_Hwi_Module_startup__E)
                  000058b8    00000050     ti.targets.arm.rtsarm.aem4f : Startup.oem4f (.text:xdc_runtime_Startup_exec__E)
                  00005908    00000050                                 : Text.oem4f (.text:xdc_runtime_Text_visitRope2__I)
                  00005958    0000004c     msp432p4xx_driverlib.lib : gpio.o (.text:GPIO_setAsPeripheralModuleFunctionOutputPin)
                  000059a4    0000004c     rtsv7M4_T_le_v4SPD16_eabi.lib : cpy_tbl.obj (.text)
                  000059f0    0000004c     sysbios.aem4f : BIOS.obj (.text:ti_sysbios_family_arm_msp432_Timer_start__E)
                  00005a3c    00000004     --HOLE-- [fill = 0]
                  00005a40    0000004c                   : BIOS.obj (.text:ti_sysbios_heaps_HeapMem_getStats__E)
                  00005a8c    00000004     --HOLE-- [fill = 0]
                  00005a90    0000004c                   : BIOS.obj (.text:ti_sysbios_knl_Swi_runLoop__I)
                  00005adc    00000004     --HOLE-- [fill = 0]
                  00005ae0    0000004c                   : BIOS.obj (.text:ti_sysbios_knl_Task_allBlockedFunction__I)
                  00005b2c    00000048     msp432p4xx_driverlib.lib : timer_a.o (.text:Timer_A_generatePWM)
                  00005b74    00000048     rtsv7M4_T_le_v4SPD16_eabi.lib : fd_toi_t2.obj (.text)
                  00005bbc    00000004     --HOLE-- [fill = 0]
                  00005bc0    00000048     sysbios.aem4f : BIOS.obj (.text:ti_sysbios_family_arm_m3_Hwi_disableInterrupt__E)
                  00005c08    00000048                   : BIOS.obj (.text:ti_sysbios_family_arm_m3_Hwi_enableInterrupt__E)
                  00005c50    00000048                   : BIOS.obj (.text:ti_sysbios_family_arm_m3_Hwi_excReserved__I)
                  00005c98    00000046     ti.targets.arm.rtsarm.aem4f : Core-params.oem4f (.text:xdc_runtime_Core_assignParams__I)
                  00005cde    00000002     --HOLE-- [fill = 0]
                  00005ce0    00000044     MSP_EXP432P401R.obj (.text:MSP_EXP432P401R_initPWM)
                  00005d24    00000044     drivers_MSP432P401R.aem4f : PowerMSP432.oem4f (.text:Power_init)
                  00005d68    00000044     sysbios.aem4f : BIOS.obj (.text:ti_sysbios_family_arm_m3_Hwi_getStackInfo__E)
                  00005dac    00000004     --HOLE-- [fill = 0]
                  00005db0    00000044                   : BIOS.obj (.text:ti_sysbios_knl_Swi_post__E)
                  00005df4    00000044     ti.targets.arm.rtsarm.aem4f : Error.oem4f (.text:xdc_runtime_Error_setX__E)
                  00005e38    00000044                                 : SysMin.oem4f (.text:xdc_runtime_SysMin_flush__E)
                  00005e7c    00000044                                 : Text.oem4f (.text:xdc_runtime_Text_xprintf__I)
                  00005ec0    00000042     drivers_MSP432P401R.aem4f : I2CMSP432.oem4f (.text:completeTransfer)
                  00005f02    00000002     --HOLE-- [fill = 0]
                  00005f04    00000040     msp432p4xx_driverlib.lib : flash.o (.text:FlashCtl_disableReadBuffering)
                  00005f44    00000040                              : i2c.o (.text:I2C_masterSendMultiByteFinish)
                  00005f84    00000040     drivers_MSP432P401R.aem4f : PWMTimerMSP432.oem4f (.text:PWMTimerMSP432_start)
                  00005fc4    00000040                               : PowerMSP432.oem4f (.text:notify)
                  00006004    00000040     rtsv7M4_T_le_v4SPD16_eabi.lib : u_divt2.obj (.text)
                  00006044    00000040     motor.obj (.text:setMotorL)
                  00006084    00000040     motor.obj (.text:setMotorR)
                  000060c4    00000004     --HOLE-- [fill = 0]
                  000060c8    00000040     sysbios.aem4f : BIOS.obj (.text:ti_sysbios_family_arm_msp432_Timer_startup__E)
                  00006108    0000003e     msp432p4xx_driverlib.lib : i2c.o (.text:I2C_initMaster)
                  00006146    00000002     --HOLE-- [fill = 0]
                  00006148    0000003c     MSP_EXP432P401R.obj (.text:MSP_EXP432P401R_initI2C)
                  00006184    0000003c     power_tirtos_MSP432P401R.aem4f : PowerMSP432_tirtos.oem4f (.text:PowerMSP432_sleepPolicy)
                  000061c0    0000003c     drivers_MSP432P401R.aem4f : PWMTimerMSP432.oem4f (.text:getPeriodCounts)
                  000061fc    00000004     --HOLE-- [fill = 0]
                  00006200    0000003c     sysbios.aem4f : BIOS.obj (.text:ti_sysbios_family_arm_m3_Hwi_excSvCall__I)
                  0000623c    00000004     --HOLE-- [fill = 0]
                  00006240    0000003c                   : BIOS.obj (.text:ti_sysbios_heaps_HeapMem_init__I)
                  0000627c    00000004     --HOLE-- [fill = 0]
                  00006280    0000003c                   : BIOS.obj (.text:ti_sysbios_knl_Swi_restore__E)
                  000062bc    00000038     drivers_MSP432P401R.aem4f : I2C.oem4f (.text:I2C_init)
                  000062f4    00000038                               : PWM.oem4f (.text:PWM_init)
                  0000632c    00000038                               : PWMTimerMSP432.oem4f (.text:getDutyCounts)
                  00006364    00000038                               : I2CMSP432.oem4f (.text:perfChangeNotifyFxn)
                  0000639c    00000004     --HOLE-- [fill = 0]
                  000063a0    00000038     sysbios.aem4f : BIOS.obj (.text:ti_sysbios_family_arm_m3_Hwi_excNoIsr__I)
                  000063d8    00000038                   : BIOS.obj (.text:ti_sysbios_knl_Task_processVitalTaskFlag__I)
                  00006410    00000038     ti.targets.arm.rtsarm.aem4f : SysMin.oem4f (.text:xdc_runtime_SysMin_putch__E)
                  00006448    00000038                                 : System.oem4f (.text:xdc_runtime_System_atexit__E)
                  00006480    00000034     msp432p4xx_driverlib.lib : flash.o (.text:FlashCtl_enableReadBuffering)
                  000064b4    00000004     --HOLE-- [fill = 0]
                  000064b8    00000034     sysbios.aem4f : BIOS.obj (.text:ti_sysbios_family_arm_m3_Hwi_Instance_finalize__E)
                  000064ec    00000004     --HOLE-- [fill = 0]
                  000064f0    00000034                   : BIOS.obj (.text:ti_sysbios_family_arm_m3_Hwi_excNmi__I)
                  00006524    00000004     --HOLE-- [fill = 0]
                  00006528    00000034                   : BIOS.obj (.text:ti_sysbios_hal_Hwi_checkStack)
                  0000655c    00000034     ti.targets.arm.rtsarm.aem4f : Core-label.oem4f (.text:xdc_runtime_Core_assignLabel__I)
                  00006590    00000033                                 : Text.oem4f (.text:xdc_runtime_Text_printVisFxn__I)
                  000065c3    00000005     --HOLE-- [fill = 0]
                  000065c8    00000032     sysbios.aem4f : BIOS.obj (.text:ti_sysbios_hal_Hwi_initStack)
                  000065fa    00000002     --HOLE-- [fill = 0]
                  000065fc    00000030     msp432p4xx_driverlib.lib : gpio.o (.text:GPIO_getEnabledInterruptStatus)
                  0000662c    00000030                              : gpio.o (.text:GPIO_setAsInputPinWithPullDownResistor)
                  0000665c    00000030                              : gpio.o (.text:GPIO_setAsInputPinWithPullUpResistor)
                  0000668c    00000030     drivers_MSP432P401R.aem4f : I2C.oem4f (.text:I2C_open)
                  000066bc    00000030                               : PWM.oem4f (.text:PWM_open)
                  000066ec    00000030     motor.obj (.text:__isnanf)
                  0000671c    00000030     msp432p4xx_driverlib.lib : spi.o (.text:is_A_Module)
                  0000674c    00000030     Robot_pem4f.oem4f (.text:ti_sysbios_BIOS_atExitFunc__I)
                  0000677c    00000030     Robot_pem4f.oem4f (.text:ti_sysbios_BIOS_startFunc__I)
                  000067ac    00000004     --HOLE-- [fill = 0]
                  000067b0    00000030     sysbios.aem4f : BIOS.obj (.text:ti_sysbios_family_arm_m3_TaskSupport_start__E)
                  000067e0    00000030     Robot_pem4f.oem4f (.text:ti_sysbios_gates_GateHwi_Object__create__S)
                  00006810    00000030     Robot_pem4f.oem4f (.text:ti_sysbios_gates_GateMutex_Object__create__S)
                  00006840    00000030     Robot_pem4f.oem4f (.text:ti_sysbios_heaps_HeapMem_Object__create__S)
                  00006870    00000030     Robot_pem4f.oem4f (.text:ti_sysbios_knl_Semaphore_construct)
                  000068a0    00000030     sysbios.aem4f : BIOS.obj (.text:ti_sysbios_knl_Semaphore_pendTimeout__I)
                  000068d0    00000030                   : BIOS.obj (.text:ti_sysbios_knl_Task_unblockI__E)
                  00006900    00000030     ti.targets.arm.rtsarm.aem4f : SysMin.oem4f (.text:xdc_runtime_SysMin_abort__E)
                  00006930    00000030                                 : System.oem4f (.text:xdc_runtime_System_processAtExit__E)
                  00006960    0000002e     rtsv7M4_T_le_v4SPD16_eabi.lib : i_tofd_t2.obj (.text)
                  0000698e    00000002     --HOLE-- [fill = 0]
                  00006990    0000002c     msp432p4xx_driverlib.lib : gpio.o (.text:GPIO_setAsInputPin)
                  000069bc    0000002c                              : pcm.o (.text:PCM_getCoreVoltageLevel)
                  000069e8    0000002c     power_tirtos_MSP432P401R.aem4f : PowerMSP432_tirtos.oem4f (.text:PowerMSP432_updateFreqs)
                  00006a14    0000002c     drivers_MSP432P401R.aem4f : PowerMSP432.oem4f (.text:Power_releaseConstraint)
                  00006a40    0000002c                               : PowerMSP432.oem4f (.text:Power_setConstraint)
                  00006a6c    0000002c     Robot_pem4f.oem4f (.text:ti_sysbios_knl_Clock_doTick__I)
                  00006a98    0000002c     Robot_pem4f.oem4f (.text:ti_sysbios_knl_Queue_construct)
                  00006ac4    00000004     --HOLE-- [fill = 0]
                  00006ac8    0000002c     sysbios.aem4f : BIOS.obj (.text:ti_sysbios_knl_Task_restore__E)
                  00006af4    0000002c     ti.targets.arm.rtsarm.aem4f : Text.oem4f (.text:xdc_runtime_Text_cordText__E)
                  00006b20    0000002a     msp432p4xx_driverlib.lib : pcm.o (.text:PCM_getPowerMode)
                  00006b4a    0000002a     ti.targets.arm.rtsarm.aem4f : System.oem4f (.text:xdc_runtime_System_putchar__I)
                  00006b74    00000028     msp432p4xx_driverlib.lib : flash.o (.text:FlashCtl_setWaitState)
                  00006b9c    00000028     drivers_MSP432P401R.aem4f : GPIOMSP432.oem4f (.text:GPIO_enableInt)
                  00006bc4    00000028     msp432p4xx_driverlib.lib : pcm.o (.text:PCM_gotoLPM0)
                  00006bec    00000004     --HOLE-- [fill = 0]
                  00006bf0    00000028     sysbios.aem4f : BIOS.obj (.text:ti_sysbios_knl_Clock_addI__E)
                  00006c18    00000028                   : BIOS.obj (.text:ti_sysbios_knl_Swi_Module_startup__E)
                  00006c40    00000026     drivers_MSP432P401R.aem4f : List.oem4f (.text:List_put)
                  00006c66    00000026     sysbios.aem4f : m3_Hwi_asm.obj (.text:ti_sysbios_family_arm_m3_Hwi_pendSV__I)
                  00006c8c    00000026     ti.targets.arm.rtsarm.aem4f : System.oem4f (.text:xdc_runtime_System_avprintf__E)
                  00006cb2    00000002     --HOLE-- [fill = 0]
                  00006cb4    00000024     msp432p4xx_driverlib.lib : cs.o (.text:CS_setDCOCenteredFrequency)
                  00006cd8    00000024                              : gpio.o (.text:GPIO_setAsOutputPin)
                  00006cfc    00000024                              : i2c.o (.text:I2C_masterSendMultiByteNext)
                  00006d20    00000024                              : rtc_c.o (.text:RTC_C_holdClock)
                  00006d44    00000024                              : rtc_c.o (.text:RTC_C_startClock)
                  00006d68    00000024     Robot_pem4f.oem4f (.text:ti_sysbios_BIOS_errorRaiseHook__I)
                  00006d8c    00000024     Robot_pem4f.oem4f (.text:ti_sysbios_BIOS_registerRTSLock__I)
                  00006db0    00000024     Robot_pem4f.oem4f (.text:ti_sysbios_BIOS_removeRTSLock__I)
                  00006dd4    00000004     --HOLE-- [fill = 0]
                  00006dd8    00000024     sysbios.aem4f : BIOS.obj (.text:ti_sysbios_family_arm_msp432_ClockFreqs_setFrequency__E)
                  00006dfc    00000024     Robot_pem4f.oem4f (.text:ti_sysbios_gates_GateMutex_Object__delete__S)
                  00006e20    00000024     sysbios.aem4f : BIOS.obj (.text:ti_sysbios_knl_Clock_Module_startup__E)
                  00006e44    00000004     --HOLE-- [fill = 0]
                  00006e48    00000024                   : BIOS.obj (.text:ti_sysbios_knl_Task_restoreHwi__E)
                  00006e6c    00000024     ti.targets.arm.rtsarm.aem4f : System.oem4f (.text:xdc_runtime_System_vprintf__E)
                  00006e90    00000022     Robot_pem4f.oem4f (.text:xdc_runtime_SysMin_output__I)
                  00006eb2    00000002     --HOLE-- [fill = 0]
                  00006eb4    00000020     msp432p4xx_driverlib.lib : gpio.o (.text:GPIO_interruptEdgeSelect)
                  00006ed4    00000020     drivers_MSP432P401R.aem4f : PowerMSP432.oem4f (.text:PowerMSP432_getFreqs)
                  00006ef4    00000020                               : PowerMSP432.oem4f (.text:Power_unregisterNotify)
                  00006f14    00000020     msp432p4xx_driverlib.lib : spi.o (.text:SPI_transmitData)
                  00006f34    00000020     Robot_pem4f.oem4f (.text:ti_sysbios_BIOS_rtsLock__I)
                  00006f54    00000020     sysbios.aem4f : m3_Hwi_asm.obj (.text:ti_sysbios_family_arm_m3_Hwi_excHandlerAsm__I)
                  00006f74    00000004     --HOLE-- [fill = 0]
                  00006f78    00000020                   : BIOS.obj (.text:ti_sysbios_family_arm_m3_Hwi_excHandler__I)
                  00006f98    00000020     Robot_pem4f.oem4f (.text:ti_sysbios_gates_GateHwi_Object__delete__S)
                  00006fb8    00000020     Robot_pem4f.oem4f (.text:ti_sysbios_heaps_HeapMem_Object__delete__S)
                  00006fd8    00000020     sysbios.aem4f : BIOS.obj (.text:ti_sysbios_knl_Idle_run__E)
                  00006ff8    00000020     Robot_pem4f.oem4f (.text:ti_sysbios_knl_Semaphore_Object__destruct__S)
                  00007018    00000020     ti.targets.arm.rtsarm.aem4f : Registry.oem4f (.text:xdc_runtime_Registry_findById__E)
                  00007038    00000020                                 : SysMin.oem4f (.text:xdc_runtime_SysMin_Module_startup__E)
                  00007058    0000001e     drivers_MSP432P401R.aem4f : PWMTimerMSP432.oem4f (.text:corroboratePeriod)
                  00007076    0000001e     sysbios.aem4f : m3_Hwi_asm_switch.obj (.text:ti_sysbios_family_xxx_Hwi_switchAndRunFunc)
                  00007094    0000001c     msp432p4xx_driverlib.lib : spi.o (.text:EUSCI_B_SPI_isBusy)
                  000070b0    0000001c                              : pcm.o (.text:PCM_enableRudeMode)
                  000070cc    0000001c     drivers_MSP432P401R.aem4f : PowerMSP432.oem4f (.text:Power_registerNotify)
                  000070e8    0000001c     Robot_pem4f.oem4f (.text:ti_sysbios_family_arm_m3_Hwi_Object__destruct__S)
                  00007104    00000004     --HOLE-- [fill = 0]
                  00007108    0000001c     sysbios.aem4f : BIOS.obj (.text:ti_sysbios_gates_GateMutex_Instance_init__E)
                  00007124    0000001c     Robot_pem4f.oem4f (.text:ti_sysbios_knl_Queue_Object__destruct__S)
                  00007140    0000001c     sysbios.aem4f : BIOS.obj (.text:ti_sysbios_knl_Queue_put__E)
                  0000715c    00000004     --HOLE-- [fill = 0]
                  00007160    0000001c                   : BIOS.obj (.text:ti_sysbios_knl_Task_enter__I)
                  0000717c    0000001c     ti.targets.arm.rtsarm.aem4f : Error.oem4f (.text:xdc_runtime_Error_raiseX__E)
                  00007198    0000001c                                 : Memory.oem4f (.text:xdc_runtime_Memory_valloc__E)
                  000071b4    0000001c                                 : SysMin.oem4f (.text:xdc_runtime_SysMin_exit__E)
                  000071d0    0000001c                                 : System.oem4f (.text:xdc_runtime_System_abort__E)
                  000071ec    0000001a     drivers_MSP432P401R.aem4f : List.oem4f (.text:List_remove)
                  00007206    0000001a     Robot_pem4f.oem4f (.text:ti_sysbios_family_arm_m3_Hwi_Handle__label__S)
                  00007220    0000001a     Robot_pem4f.oem4f (.text:ti_sysbios_gates_GateHwi_Handle__label__S)
                  0000723a    0000001a     Robot_pem4f.oem4f (.text:ti_sysbios_gates_GateMutex_Handle__label__S)
                  00007254    0000001a     Robot_pem4f.oem4f (.text:ti_sysbios_heaps_HeapMem_Handle__label__S)
                  0000726e    0000001a     Robot_pem4f.oem4f (.text:ti_sysbios_knl_Swi_Handle__label__S)
                  00007288    0000001a     Robot_pem4f.oem4f (.text:ti_sysbios_knl_Task_Handle__label__S)
                  000072a2    0000001a     Robot_pem4f.oem4f (.text:xdc_runtime_System_aprintf__E)
                  000072bc    0000001a     Robot_pem4f.oem4f (.text:xdc_runtime_System_printf__E)
                  000072d6    00000002     --HOLE-- [fill = 0]
                  000072d8    00000018     msp432p4xx_driverlib.lib : gpio.o (.text:GPIO_clearInterruptFlag)
                  000072f0    00000018                              : gpio.o (.text:GPIO_setDriveStrengthLow)
                  00007308    00000018                              : gpio.o (.text:GPIO_setOutputLowOnPin)
                  00007320    00000018                              : i2c.o (.text:I2C_masterIsStartSent)
                  00007338    00000018                              : wdt_a.o (.text:WDT_A_holdTimer)
                  00007350    00000018     drivers_MSP432P401R.aem4f : PWMTimerMSP432.oem4f (.text:corroborateDuty)
                  00007368    00000018     rtsv7M4_T_le_v4SPD16_eabi.lib : args_main.obj (.text)
                  00007380    00000018     Robot_pem4f.oem4f (.text:ti_sysbios_BIOS_rtsUnlock__I)
                  00007398    00000018     Robot_pem4f.oem4f (.text:ti_sysbios_family_arm_m3_Hwi_Module__startupDone__F)
                  000073b0    00000018     sysbios.aem4f : m3_TaskSupport_asm.obj (.text:ti_sysbios_family_arm_m3_TaskSupport_swap__E)
                  000073c8    00000018     Robot_pem4f.oem4f (.text:ti_sysbios_family_arm_msp432_Timer_Module__startupDone__F)
                  000073e0    00000018     sysbios.aem4f : BIOS.obj (.text:ti_sysbios_gates_GateMutex_leave__E)
                  000073f8    00000018                   : BIOS.obj (.text:ti_sysbios_knl_Task_sleepTimeout__I)
                  00007410    00000018     ti.targets.arm.rtsarm.aem4f : Error.oem4f (.text:xdc_runtime_Error_check__E)
                  00007428    00000018                                 : System.oem4f (.text:xdc_runtime_System_exit__E)
                  00007440    00000018                                 : Text.oem4f (.text:xdc_runtime_Text_ropeText__E)
                  00007458    00000016     tirtosport.aem4f : HwiP_tirtos.oem4f (.text:HwiP_delete)
                  0000746e    00000016                      : SemaphoreP_tirtos.oem4f (.text:SemaphoreP_delete)
                  00007484    00000016     Robot_pem4f.oem4f (.text:ti_sysbios_BIOS_exitFunc__I)
                  0000749a    00000002     --HOLE-- [fill = 0]
                  0000749c    00000014     msp432p4xx_driverlib.lib : gpio.o (.text:GPIO_enableInterrupt)
                  000074b0    00000014                              : gpio.o (.text:GPIO_setDriveStrengthHigh)
                  000074c4    00000014                              : gpio.o (.text:GPIO_setOutputHighOnPin)
                  000074d8    00000014     drivers_MSP432P401R.aem4f : PWM.oem4f (.text:PWM_Params_init)
                  000074ec    00000014                               : PowerMSP432.oem4f (.text:Power_idleFunc)
                  00007500    00000014     msp432p4xx_driverlib.lib : wdt_a.o (.text:WDT_A_startTimer)
                  00007514    00000014     buttons.obj (.text:gpioButtonFxn0)
                  00007528    00000014     buttons.obj (.text:gpioButtonFxn1)
                  0000753c    00000014     rtsv7M4_T_le_v4SPD16_eabi.lib : _lock.obj (.text)
                  00007550    00000014                                   : strlen.obj (.text)
                  00007564    00000014     Robot_pem4f.oem4f (.text:ti_sysbios_family_arm_m3_Hwi_Object__get__S)
                  00007578    00000014     sysbios.aem4f : BIOS.obj (.text:ti_sysbios_family_arm_m3_Hwi_switchFromBootStack__E)
                  0000758c    00000014     Robot_pem4f.oem4f (.text:ti_sysbios_heaps_HeapMem_Object__get__S)
                  000075a0    00000014     Robot_pem4f.oem4f (.text:ti_sysbios_knl_Swi_Object__get__S)
                  000075b4    00000012     tirtosport.aem4f : SemaphoreP_tirtos.oem4f (.text:SemaphoreP_pend)
                  000075c6    00000012     heartBeatTask.obj (.text:heartBeatTaskFxn)
                  000075d8    00000012     sysbios.aem4f : BIOS.obj (.text:ti_sysbios_hal_Hwi_Module_startup__E)
                  000075ea    00000012     Robot_pem4f.oem4f (.text:xdc_runtime_Startup_exec__I)
                  000075fc    00000010     msp432p4xx_driverlib.lib : gpio.o (.text:GPIO_getInterruptStatus)
                  0000760c    00000010     drivers_MSP432P401R.aem4f : I2C.oem4f (.text:I2C_Params_init)
                  0000761c    00000010     msp432p4xx_driverlib.lib : i2c.o (.text:I2C_masterReceiveMultiByteStop)
                  0000762c    00000010                              : i2c.o (.text:I2C_masterReceiveStart)
                  0000763c    00000010                              : i2c.o (.text:I2C_masterSendStart)
                  0000764c    00000010     motor.obj (.text:LHMotorChannelAFallingFxn)
                  0000765c    00000010     msp432p4xx_driverlib.lib : pcm.o (.text:PCM_gotoLPM4)
                  0000766c    00000010     motor.obj (.text:RHMotorChannelAFallingFxn)
                  0000767c    00000004     --HOLE-- [fill = 0]
                  00007680    00000010     sysbios.aem4f : BIOS.obj (.text:ti_sysbios_BIOS_setCpuFreq__E)
                  00007690    00000010                   : BIOS.obj (.text:ti_sysbios_BIOS_setThreadType__E)
                  000076a0    00000010                   : BIOS.obj (.text:ti_sysbios_BIOS_start__E)
                  000076b0    00000010                   : m3_TaskSupport_asm.obj (.text:ti_sysbios_family_arm_m3_TaskSupport_glue)
                  000076c0    00000010                   : BIOS.obj (.text:ti_sysbios_family_arm_msp432_init_Boot_disableWatchdog)
                  000076d0    00000010                   : BIOS.obj (.text:ti_sysbios_gates_GateMutex_Instance_finalize__E)
                  000076e0    00000010                   : BIOS.obj (.text:ti_sysbios_knl_Semaphore_Instance_finalize__E)
                  000076f0    00000010                   : BIOS.obj (.text:ti_sysbios_knl_Swi_disable__E)
                  00007700    00000010     Robot_pem4f.oem4f (.text:ti_sysbios_knl_Task_Object__get__S)
                  00007710    00000010     sysbios.aem4f : BIOS.obj (.text:ti_sysbios_knl_Task_disable__E)
                  00007720    00000010     ti.targets.arm.rtsarm.aem4f : Gate.oem4f (.text:xdc_runtime_Gate_leaveSystem__E)
                  00007730    00000010                                 : Memory.oem4f (.text:xdc_runtime_Memory_free__E)
                  00007740    00000010                                 : SysMin.oem4f (.text:xdc_runtime_SysMin_ready__E)
                  00007750    00000010                                 : System.oem4f (.text:xdc_runtime_System_vsnprintf__E)
                  00007760    00000010     Robot_pem4f.oem4f (.text:xdc_runtime_Text_visitRope__I)
                  00007770    0000000e     tirtosport.aem4f : HwiP_tirtos.oem4f (.text:HwiP_Params_init)
                  0000777e    0000000e     msp432p4xx_driverlib.lib : i2c.o (.text:I2C_clearInterruptFlag)
                  0000778c    0000000e                              : i2c.o (.text:I2C_disableInterrupt)
                  0000779a    0000000e                              : i2c.o (.text:I2C_setMode)
                  000077a8    0000000e                              : timer_a.o (.text:Timer_A_setCompareValue)
                  000077b6    0000000e     rtsv7M4_T_le_v4SPD16_eabi.lib : copy_decompress_none.obj (.text:decompress:none)
                  000077c4    00000004     --HOLE-- [fill = 0]
                  000077c8    0000000e     sysbios.aem4f : BIOS.obj (.text:ti_sysbios_knl_Idle_loop__E)
                  000077d6    00000002     --HOLE-- [fill = 0]
                  000077d8    0000000e                   : BIOS.obj (.text:ti_sysbios_knl_Queue_empty__E)
                  000077e6    0000000c     Robot_pem4f.oem4f (.text:.bootCodeSection:ti_sysbios_family_arm_msp432_init_Boot_init__I)
                  000077f2    0000000c     msp432p4xx_driverlib.lib : cpu.o (.text:CPU_cpsid)
                  000077fe    0000000c                              : cpu.o (.text:CPU_cpsie)
                  0000780a    0000000c                              : i2c.o (.text:I2C_disableModule)
                  00007816    0000000c                              : i2c.o (.text:I2C_enableModule)
                  00007822    00000002     --HOLE-- [fill = 0]
                  00007824    0000000c                              : pcm.o (.text:PCM_getPowerState)
                  00007830    0000000c     drivers_MSP432P401R.aem4f : PowerMSP432.oem4f (.text:Power_getConstraintMask)
                  0000783c    0000000c                               : PowerMSP432.oem4f (.text:Power_getPerformanceLevel)
                  00007848    0000000c     msp432p4xx_driverlib.lib : timer_a.o (.text:Timer_A_stopTimer)
                  00007854    0000000c     rtsv7M4_T_le_v4SPD16_eabi.lib : copy_zero_init.obj (.text:decompress:ZI)
                  00007860    0000000c     Robot_pem4f.oem4f (.text:ti_sysbios_family_arm_m3_Hwi_Params__init__S)
                  0000786c    00000004     --HOLE-- [fill = 0]
                  00007870    0000000c     sysbios.aem4f : BIOS.obj (.text:ti_sysbios_family_arm_m3_Hwi_disableFxn__E)
                  0000787c    00000004     --HOLE-- [fill = 0]
                  00007880    0000000c                   : BIOS.obj (.text:ti_sysbios_family_arm_m3_TaskSupport_checkStack__E)
                  0000788c    00000004     --HOLE-- [fill = 0]
                  00007890    0000000c                   : BIOS.obj (.text:ti_sysbios_family_arm_msp432_Timer_getMaxTicks__E)
                  0000789c    00000004     --HOLE-- [fill = 0]
                  000078a0    0000000c                   : BIOS.obj (.text:ti_sysbios_gates_GateHwi_enter__E)
                  000078ac    00000004     --HOLE-- [fill = 0]
                  000078b0    0000000c                   : BIOS.obj (.text:ti_sysbios_knl_Clock_getTicks__E)
                  000078bc    0000000c     Robot_pem4f.oem4f (.text:ti_sysbios_knl_Queue_Object__get__S)
                  000078c8    0000000c     Robot_pem4f.oem4f (.text:ti_sysbios_knl_Semaphore_Params__init__S)
                  000078d4    0000000c     ti.targets.arm.rtsarm.aem4f : Error.oem4f (.text:xdc_runtime_Error_init__E)
                  000078e0    0000000c                                 : Gate.oem4f (.text:xdc_runtime_Gate_enterSystem__E)
                  000078ec    0000000c                                 : Memory.oem4f (.text:xdc_runtime_Memory_calloc__E)
                  000078f8    0000000c                                 : Memory.oem4f (.text:xdc_runtime_Memory_getMaxDefaultTypeAlign__E)
                  00007904    0000000c                                 : Startup.oem4f (.text:xdc_runtime_Startup_rtsDone__E)
                  00007910    0000000a     drivers_MSP432P401R.aem4f : I2CMSP432.oem4f (.text:I2CMSP432_init)
                  0000791a    0000000a                               : I2C.oem4f (.text:I2C_transfer)
                  00007924    0000000a                               : PWM.oem4f (.text:PWM_setDuty)
                  0000792e    0000000a                               : PWM.oem4f (.text:PWM_start)
                  00007938    0000000a     tirtosport.aem4f : SemaphoreP_tirtos.oem4f (.text:SemaphoreP_post)
                  00007942    0000000a     Robot_pem4f.oem4f (.text:xdc_runtime_IHeap_alloc)
                  0000794c    0000000a     Robot_pem4f.oem4f (.text:xdc_runtime_IHeap_free)
                  00007956    00000008     msp432p4xx_driverlib.lib : i2c.o (.text:I2C_enableInterrupt)
                  0000795e    00000008     MSP_EXP432P401R.obj (.text:MSP_EXP432P401R_initGPIO)
                  00007966    00000008     MSP_EXP432P401R.obj (.text:MSP_EXP432P401R_initGeneral)
                  0000796e    00000008     msp432p4xx_driverlib.lib : pcm.o (.text:PCM_setPowerMode)
                  00007976    00000008                              : pcm.o (.text:PCM_setPowerState)
                  0000797e    00000008     drivers_MSP432P401R.aem4f : PWMTimerMSP432.oem4f (.text:PWMTimerMSP432_init)
                  00007986    00000008     tirtosport.aem4f : SemaphoreP_tirtos.oem4f (.text:SemaphoreP_Params_init)
                  0000798e    00000008     msp432p4xx_driverlib.lib : timer_a.o (.text:Timer_A_startCounter)
                  00007996    00000008     drivers_MSP432P401R.aem4f : I2CMSP432.oem4f (.text:blockingTransferCallback)
                  0000799e    00000002     --HOLE-- [fill = 0]
                  000079a0    00000008     sysbios.aem4f : BIOS.obj (.text:ti_sysbios_family_arm_m3_Hwi_doSwiRestore__I)
                  000079a8    00000008                   : BIOS.obj (.text:ti_sysbios_family_arm_m3_Hwi_startup__E)
                  000079b0    00000006     drivers_MSP432P401R.aem4f : I2CMSP432.oem4f (.text:I2CMSP432_control)
                  000079b6    00000006     msp432p4xx_driverlib.lib : i2c.o (.text:I2C_getEnabledInterruptStatus)
                  000079bc    00000006                              : i2c.o (.text:I2C_getInterruptStatus)
                  000079c2    00000006                              : i2c.o (.text:I2C_masterReceiveMultiByteNext)
                  000079c8    00000006     drivers_MSP432P401R.aem4f : PWMTimerMSP432.oem4f (.text:PWMTimerMSP432_control)
                  000079ce    00000002     --HOLE-- [fill = 0]
                  000079d0    00000006     sysbios.aem4f : BIOS.obj (.text:ti_sysbios_family_arm_m3_Hwi_doTaskRestore__I)
                  000079d6    00000002     --HOLE-- [fill = 0]
                  000079d8    00000006                   : BIOS.obj (.text:ti_sysbios_family_arm_m3_Hwi_restoreFxn__E)
                  000079de    00000002     --HOLE-- [fill = 0]
                  000079e0    00000006                   : BIOS.obj (.text:ti_sysbios_gates_GateHwi_leave__E)
                  000079e6    00000002     --HOLE-- [fill = 0]
                  000079e8    00000006                   : BIOS.obj (.text:ti_sysbios_heaps_HeapMem_isBlocking__E)
                  000079ee    00000002     --HOLE-- [fill = 0]
                  000079f0    00000006                   : BIOS.obj (.text:ti_sysbios_knl_Queue_Instance_init__E)
                  000079f6    00000002     --HOLE-- [fill = 0]
                  000079f8    00000006                   : BIOS.obj (.text:ti_sysbios_knl_Swi_startup__E)
                  000079fe    00000006     ti.targets.arm.rtsarm.aem4f : System.oem4f (.text:xdc_runtime_System_Module_startup__E)
                  00007a04    00000004     --HOLE-- [fill = 0]
                  00007a08    00000004     sysbios.aem4f : BIOS.obj (.text:ti_sysbios_gates_GateHwi_query__E)
                  00007a0c    00000004     --HOLE-- [fill = 0]
                  00007a10    00000004                   : BIOS.obj (.text:ti_sysbios_gates_GateMutex_query__E)
                  00007a14    00000004     --HOLE-- [fill = 0]
                  00007a18    00000004                   : BIOS.obj (.text:ti_sysbios_knl_Task_startup__E)
                  00007a1c    00000004     --HOLE-- [fill = 0]
                  00007a20    00000002                   : BIOS.obj (.text:ti_sysbios_BIOS_linkedWithIncorrectBootLibrary__E)
                  00007a22    00000006     --HOLE-- [fill = 0]
                  00007a28    00000002                   : BIOS.obj (.text:ti_sysbios_gates_GateHwi_Instance_init__E)
                  00007a2a    00000006     --HOLE-- [fill = 0]
                  00007a30    00000002                   : BIOS.obj (.text:ti_sysbios_knl_Clock_logTick__E)

.const     0    00007a34    00001e88     
                  00007a34    00001839     Robot_pem4f.oem4f (.const:xdc_runtime_Text_charTab__A)
                  0000926d    00000001     Robot_pem4f.oem4f (.const:xdc_runtime_Error_policy__C)
                  0000926e    000000b0     Robot_pem4f.oem4f (.const:xdc_runtime_Text_nodeTab__A)
                  0000931e    00000002     Robot_pem4f.oem4f (.const:ti_sysbios_family_arm_m3_Hwi_Module__id__C)
                  00009320    00000048     Robot_pem4f.oem4f (.const:.string)
                  00009368    0000003c     MSP_EXP432P401R.obj (.const:PWM_config)
                  000093a4    00000030     MSP_EXP432P401R.obj (.const:I2C_config)
                  000093d4    00000030     MSP_EXP432P401R.obj (.const:i2cMSP432HWAttrs)
                  00009404    00000030     MSP_EXP432P401R.obj (.const:pwmTimerMSP432HWAttrs)
                  00009434    00000030     Robot_pem4f.oem4f (.const:ti_sysbios_family_arm_m3_Hwi_Object__PARAMS__C)
                  00009464    00000028     drivers_MSP432P401R.aem4f : PWMTimerMSP432.oem4f (.const)
                  0000948c    00000028     Robot_pem4f.oem4f (.const:ti_sysbios_heaps_HeapMem_Module__FXNS__C)
                  000094b4    00000024     Robot_pem4f.oem4f (.const:ti_sysbios_gates_GateHwi_Module__FXNS__C)
                  000094d8    00000024     Robot_pem4f.oem4f (.const:ti_sysbios_gates_GateMutex_Module__FXNS__C)
                  000094fc    00000024     Robot_pem4f.oem4f (.const:ti_sysbios_heaps_HeapMem_Object__PARAMS__C)
                  00009520    00000024     Robot_pem4f.oem4f (.const:ti_sysbios_knl_Semaphore_Object__PARAMS__C)
                  00009544    00000020     drivers_MSP432P401R.aem4f : I2CMSP432.oem4f (.const)
                  00009564    00000020     Robot_pem4f.oem4f (.const:ti_sysbios_family_arm_m3_Hwi_Object__DESC__C)
                  00009584    00000020     Robot_pem4f.oem4f (.const:ti_sysbios_gates_GateHwi_Object__DESC__C)
                  000095a4    00000020     Robot_pem4f.oem4f (.const:ti_sysbios_gates_GateMutex_Object__DESC__C)
                  000095c4    00000020     Robot_pem4f.oem4f (.const:ti_sysbios_heaps_HeapMem_Object__DESC__C)
                  000095e4    00000020     Robot_pem4f.oem4f (.const:ti_sysbios_knl_Queue_Object__DESC__C)
                  00009604    00000020     Robot_pem4f.oem4f (.const:ti_sysbios_knl_Semaphore_Object__DESC__C)
                  00009624    00000020     Robot_pem4f.oem4f (.const:xdc_runtime_Startup_sfxnTab__A)
                  00009644    00000018     drivers_MSP432P401R.aem4f : PWM.oem4f (.const)
                  0000965c    00000018     Robot_pem4f.oem4f (.const:ti_sysbios_gates_GateHwi_Object__PARAMS__C)
                  00009674    00000018     Robot_pem4f.oem4f (.const:ti_sysbios_gates_GateMutex_Object__PARAMS__C)
                  0000968c    00000018     Robot_pem4f.oem4f (.const:ti_sysbios_knl_Queue_Object__PARAMS__C)
                  000096a4    00000014     MSP_EXP432P401R.obj (.const:GPIOMSP432_config)
                  000096b8    00000010     MSP_EXP432P401R.obj (.const:PowerMSP432_config)
                  000096c8    00000010     drivers_MSP432P401R.aem4f : I2C.oem4f (.const)
                  000096d8    00000010     Robot_pem4f.oem4f (.const:xdc_runtime_Startup_sfxnRts__A)
                  000096e8    0000000c     drivers_MSP432P401R.aem4f : GPIOMSP432.oem4f (.const:.string)
                  000096f4    0000000c     Robot_pem4f.oem4f (.const:xdc_runtime_Startup_firstFxns__A)
                  00009700    00000008     MSP_EXP432P401R.obj (.const:.string:$P$T0$1)
                  00009708    00000008     Robot_pem4f.oem4f (.const:ti_sysbios_family_arm_m3_Hwi_excHookFuncs__A)
                  00009710    00000008     Robot_pem4f.oem4f (.const:ti_sysbios_knl_Idle_funcList__A)
                  00009718    00000008     Robot_pem4f.oem4f (.const:ti_sysbios_knl_Idle_funcList__C)
                  00009720    00000008     Robot_pem4f.oem4f (.const:xdc_runtime_Startup_firstFxns__C)
                  00009728    00000008     Robot_pem4f.oem4f (.const:xdc_runtime_Startup_lastFxns__C)
                  00009730    00000004     Robot_pem4f.oem4f (.const:ti_sysbios_family_arm_m3_Hwi_E_NMI__C)
                  00009734    00000004     Robot_pem4f.oem4f (.const:ti_sysbios_family_arm_m3_Hwi_E_alreadyDefined__C)
                  00009738    00000004     Robot_pem4f.oem4f (.const:ti_sysbios_family_arm_m3_Hwi_E_busFault__C)
                  0000973c    00000004     Robot_pem4f.oem4f (.const:ti_sysbios_family_arm_m3_Hwi_E_debugMon__C)
                  00009740    00000004     Robot_pem4f.oem4f (.const:ti_sysbios_family_arm_m3_Hwi_E_hardFault__C)
                  00009744    00000004     Robot_pem4f.oem4f (.const:ti_sysbios_family_arm_m3_Hwi_E_memFault__C)
                  00009748    00000004     Robot_pem4f.oem4f (.const:ti_sysbios_family_arm_m3_Hwi_E_noIsr__C)
                  0000974c    00000004     Robot_pem4f.oem4f (.const:ti_sysbios_family_arm_m3_Hwi_E_reserved__C)
                  00009750    00000004     Robot_pem4f.oem4f (.const:ti_sysbios_family_arm_m3_Hwi_E_svCall__C)
                  00009754    00000004     Robot_pem4f.oem4f (.const:ti_sysbios_family_arm_m3_Hwi_E_usageFault__C)
                  00009758    00000004     Robot_pem4f.oem4f (.const:ti_sysbios_family_arm_m3_Hwi_NUM_INTERRUPTS__C)
                  0000975c    00000004     Robot_pem4f.oem4f (.const:ti_sysbios_family_arm_m3_Hwi_Object__count__C)
                  00009760    00000004     Robot_pem4f.oem4f (.const:ti_sysbios_family_arm_m3_Hwi_ccr__C)
                  00009764    00000004     Robot_pem4f.oem4f (.const:ti_sysbios_family_arm_m3_Hwi_excHandlerFunc__C)
                  00009768    00000004     Robot_pem4f.oem4f (.const:ti_sysbios_family_arm_m3_Hwi_excHookFuncs__C)
                  0000976c    00000004     Robot_pem4f.oem4f (.const:ti_sysbios_family_arm_m3_Hwi_nullIsrFunc__C)
                  00009770    00000004     Robot_pem4f.oem4f (.const:ti_sysbios_family_arm_m3_Hwi_priGroup__C)
                  00009774    00000004     Robot_pem4f.oem4f (.const:ti_sysbios_family_arm_msp432_Timer_numTimerDevices__C)
                  00009778    00000004     Robot_pem4f.oem4f (.const:ti_sysbios_family_arm_msp432_Timer_startupNeeded__C)
                  0000977c    00000004     Robot_pem4f.oem4f (.const:ti_sysbios_gates_GateMutex_A_badContext__C)
                  00009780    00000004     Robot_pem4f.oem4f (.const:ti_sysbios_gates_GateMutex_Instance_State_sem__O)
                  00009784    00000004     Robot_pem4f.oem4f (.const:ti_sysbios_gates_GateMutex_Module__diagsEnabled__C)
                  00009788    00000004     Robot_pem4f.oem4f (.const:ti_sysbios_gates_GateMutex_Module__diagsIncluded__C)
                  0000978c    00000004     Robot_pem4f.oem4f (.const:ti_sysbios_gates_GateMutex_Module__diagsMask__C)
                  00009790    00000004     Robot_pem4f.oem4f (.const:ti_sysbios_hal_Hwi_E_stackOverflow__C)
                  00009794    00000004     Robot_pem4f.oem4f (.const:ti_sysbios_heaps_HeapMem_A_align__C)
                  00009798    00000004     Robot_pem4f.oem4f (.const:ti_sysbios_heaps_HeapMem_A_heapSize__C)
                  0000979c    00000004     Robot_pem4f.oem4f (.const:ti_sysbios_heaps_HeapMem_A_invalidFree__C)
                  000097a0    00000004     Robot_pem4f.oem4f (.const:ti_sysbios_heaps_HeapMem_A_zeroBlock__C)
                  000097a4    00000004     Robot_pem4f.oem4f (.const:ti_sysbios_heaps_HeapMem_E_memory__C)
                  000097a8    00000004     Robot_pem4f.oem4f (.const:ti_sysbios_heaps_HeapMem_Module__diagsEnabled__C)
                  000097ac    00000004     Robot_pem4f.oem4f (.const:ti_sysbios_heaps_HeapMem_Module__diagsIncluded__C)
                  000097b0    00000004     Robot_pem4f.oem4f (.const:ti_sysbios_heaps_HeapMem_Module__diagsMask__C)
                  000097b4    00000004     Robot_pem4f.oem4f (.const:ti_sysbios_heaps_HeapMem_Module__gateObj__C)
                  000097b8    00000004     Robot_pem4f.oem4f (.const:ti_sysbios_heaps_HeapMem_Object__count__C)
                  000097bc    00000004     Robot_pem4f.oem4f (.const:ti_sysbios_heaps_HeapMem_reqAlign__C)
                  000097c0    00000004     Robot_pem4f.oem4f (.const:ti_sysbios_knl_Clock_Module_State_clockQ__O)
                  000097c4    00000004     Robot_pem4f.oem4f (.const:ti_sysbios_knl_Semaphore_A_badContext__C)
                  000097c8    00000004     Robot_pem4f.oem4f (.const:ti_sysbios_knl_Semaphore_A_noEvents__C)
                  000097cc    00000004     Robot_pem4f.oem4f (.const:ti_sysbios_knl_Semaphore_A_overflow__C)
                  000097d0    00000004     Robot_pem4f.oem4f (.const:ti_sysbios_knl_Semaphore_A_pendTaskDisabled__C)
                  000097d4    00000004     Robot_pem4f.oem4f (.const:ti_sysbios_knl_Semaphore_Instance_State_pendQ__O)
                  000097d8    00000004     Robot_pem4f.oem4f (.const:ti_sysbios_knl_Semaphore_Module__diagsEnabled__C)
                  000097dc    00000004     Robot_pem4f.oem4f (.const:ti_sysbios_knl_Semaphore_Module__diagsIncluded__C)
                  000097e0    00000004     Robot_pem4f.oem4f (.const:ti_sysbios_knl_Semaphore_Module__diagsMask__C)
                  000097e4    00000004     Robot_pem4f.oem4f (.const:ti_sysbios_knl_Swi_Object__count__C)
                  000097e8    00000004     Robot_pem4f.oem4f (.const:ti_sysbios_knl_Task_A_badTimeout__C)
                  000097ec    00000004     Robot_pem4f.oem4f (.const:ti_sysbios_knl_Task_A_sleepTaskDisabled__C)
                  000097f0    00000004     Robot_pem4f.oem4f (.const:ti_sysbios_knl_Task_E_spOutOfBounds__C)
                  000097f4    00000004     Robot_pem4f.oem4f (.const:ti_sysbios_knl_Task_E_stackOverflow__C)
                  000097f8    00000004     Robot_pem4f.oem4f (.const:ti_sysbios_knl_Task_Module_State_inactiveQ__O)
                  000097fc    00000004     Robot_pem4f.oem4f (.const:ti_sysbios_knl_Task_Module__diagsEnabled__C)
                  00009800    00000004     Robot_pem4f.oem4f (.const:ti_sysbios_knl_Task_Module__diagsIncluded__C)
                  00009804    00000004     Robot_pem4f.oem4f (.const:ti_sysbios_knl_Task_Module__diagsMask__C)
                  00009808    00000004     Robot_pem4f.oem4f (.const:ti_sysbios_knl_Task_Object__count__C)
                  0000980c    00000004     Robot_pem4f.oem4f (.const:ti_sysbios_knl_Task_allBlockedFunc__C)
                  00009810    00000004     Robot_pem4f.oem4f (.const:ti_sysbios_knl_Task_numConstructedTasks__C)
                  00009814    00000004     Robot_pem4f.oem4f (.const:xdc_runtime_Assert_E_assertFailed__C)
                  00009818    00000004     Robot_pem4f.oem4f (.const:xdc_runtime_Core_A_initializedParams__C)
                  0000981c    00000004     Robot_pem4f.oem4f (.const:xdc_runtime_Core_Module__diagsEnabled__C)
                  00009820    00000004     Robot_pem4f.oem4f (.const:xdc_runtime_Core_Module__diagsIncluded__C)
                  00009824    00000004     Robot_pem4f.oem4f (.const:xdc_runtime_Core_Module__diagsMask__C)
                  00009828    00000004     Robot_pem4f.oem4f (.const:xdc_runtime_Error_E_memory__C)
                  0000982c    00000004     Robot_pem4f.oem4f (.const:xdc_runtime_Error_Module__diagsEnabled__C)
                  00009830    00000004     Robot_pem4f.oem4f (.const:xdc_runtime_Error_Module__diagsIncluded__C)
                  00009834    00000004     Robot_pem4f.oem4f (.const:xdc_runtime_Error_Module__diagsMask__C)
                  00009838    00000004     Robot_pem4f.oem4f (.const:xdc_runtime_Error_Module__loggerFxn8__C)
                  0000983c    00000004     Robot_pem4f.oem4f (.const:xdc_runtime_Error_Module__loggerObj__C)
                  00009840    00000004     Robot_pem4f.oem4f (.const:xdc_runtime_Error_policyFxn__C)
                  00009844    00000004     Robot_pem4f.oem4f (.const:xdc_runtime_Error_raiseHook__C)
                  00009848    00000004     Robot_pem4f.oem4f (.const:xdc_runtime_IGateProvider_Interface__BASE__C)
                  0000984c    00000004     Robot_pem4f.oem4f (.const:xdc_runtime_IHeap_Interface__BASE__C)
                  00009850    00000004     Robot_pem4f.oem4f (.const:xdc_runtime_IModule_Interface__BASE__C)
                  00009854    00000004     Robot_pem4f.oem4f (.const:xdc_runtime_Log_L_error__C)
                  00009858    00000004     Robot_pem4f.oem4f (.const:xdc_runtime_Memory_defaultHeapInstance__C)
                  0000985c    00000004     Robot_pem4f.oem4f (.const:xdc_runtime_Startup_execImpl__C)
                  00009860    00000004     Robot_pem4f.oem4f (.const:xdc_runtime_Startup_maxPasses__C)
                  00009864    00000004     Robot_pem4f.oem4f (.const:xdc_runtime_Startup_sfxnRts__C)
                  00009868    00000004     Robot_pem4f.oem4f (.const:xdc_runtime_Startup_sfxnTab__C)
                  0000986c    00000004     Robot_pem4f.oem4f (.const:xdc_runtime_SysMin_bufSize__C)
                  00009870    00000004     Robot_pem4f.oem4f (.const:xdc_runtime_SysMin_outputFunc__C)
                  00009874    00000004     Robot_pem4f.oem4f (.const:xdc_runtime_System_Module__gateObj__C)
                  00009878    00000004     Robot_pem4f.oem4f (.const:xdc_runtime_System_abortFxn__C)
                  0000987c    00000004     Robot_pem4f.oem4f (.const:xdc_runtime_System_exitFxn__C)
                  00009880    00000004     Robot_pem4f.oem4f (.const:xdc_runtime_System_extendFxn__C)
                  00009884    00000004     Robot_pem4f.oem4f (.const:xdc_runtime_System_maxAtexitHandlers__C)
                  00009888    00000004     Robot_pem4f.oem4f (.const:xdc_runtime_Text_charTab__C)
                  0000988c    00000004     Robot_pem4f.oem4f (.const:xdc_runtime_Text_nameEmpty__C)
                  00009890    00000004     Robot_pem4f.oem4f (.const:xdc_runtime_Text_nameStatic__C)
                  00009894    00000004     Robot_pem4f.oem4f (.const:xdc_runtime_Text_nameUnknown__C)
                  00009898    00000004     Robot_pem4f.oem4f (.const:xdc_runtime_Text_nodeTab__C)
                  0000989c    00000004     Robot_pem4f.oem4f (.const:xdc_runtime_Text_visitRopeFxn__C)
                  000098a0    00000002     Robot_pem4f.oem4f (.const:ti_sysbios_gates_GateMutex_Module__id__C)
                  000098a2    00000002     Robot_pem4f.oem4f (.const:ti_sysbios_hal_Hwi_Module__id__C)
                  000098a4    00000002     Robot_pem4f.oem4f (.const:ti_sysbios_heaps_HeapMem_Module__id__C)
                  000098a6    00000002     Robot_pem4f.oem4f (.const:ti_sysbios_knl_Semaphore_Module__id__C)
                  000098a8    00000002     Robot_pem4f.oem4f (.const:ti_sysbios_knl_Task_Module__id__C)
                  000098aa    00000002     Robot_pem4f.oem4f (.const:xdc_runtime_Core_Module__id__C)
                  000098ac    00000002     Robot_pem4f.oem4f (.const:xdc_runtime_Error_Module__loggerDefined__C)
                  000098ae    00000002     Robot_pem4f.oem4f (.const:xdc_runtime_Error_maxDepth__C)
                  000098b0    00000002     Robot_pem4f.oem4f (.const:xdc_runtime_Memory_Module__id__C)
                  000098b2    00000002     Robot_pem4f.oem4f (.const:xdc_runtime_SysMin_flushAtExit__C)
                  000098b4    00000002     Robot_pem4f.oem4f (.const:xdc_runtime_Text_charCnt__C)
                  000098b6    00000002     Robot_pem4f.oem4f (.const:xdc_runtime_Text_isLoaded__C)
                  000098b8    00000002     Robot_pem4f.oem4f (.const:xdc_runtime_Text_registryModsLastId__C)
                  000098ba    00000002     Robot_pem4f.oem4f (.const:xdc_runtime_Text_unnamedModsLastId__C)

.cinit     0    000098c0    00000320     
                  000098c0    000002ec     (.cinit..data.load) [load image, compression = lzss]
                  00009bac    0000000c     (__TI_handler_table)
                  00009bb8    00000008     (.cinit..bss.load) [load image, compression = zero_init]
                  00009bc0    00000008     (.cinit..vecs.load) [load image, compression = zero_init]
                  00009bc8    00000018     (__TI_cinit_table)

.resetVecs 
*          0    00000000    0000003c     
                  00000000    0000003c     Robot_pem4f.oem4f (.resetVecs)

.vecs      0    20000000    00000140     UNINITIALIZED
                  20000000    00000140     Robot_pem4f.oem4f (.vecs)

.bss       0    20000140    00001490     UNINITIALIZED
                  20000140    00000c00     Robot_pem4f.oem4f (.bss:taskStackSection)
                  20000d40    00000400     (.common:ti_sysbios_heaps_HeapMem_Instance_State_0_buf__A)
                  20001140    00000140     (.common:ti_sysbios_family_arm_m3_Hwi_dispatchTable)
                  20001280    00000120     rtsv7M4_T_le_v4SPD16_eabi.lib : trgmsg.obj (.bss:_CIOBUF_)
                  200013a0    000000d8     (.common:i2cMSP432Objects)
                  20001478    00000080     (.common:xdc_runtime_SysMin_Module_State_0_outbuf__A)
                  200014f8    00000030     drivers_MSP432P401R.aem4f : GPIOMSP432.oem4f (.bss:gpioCallbackInfo)
                  20001528    00000030     (.common:pwmTimerMSP432Objects)
                  20001558    00000018     (.common:params)
                  20001570    00000008     (.common:parmbuf)
                  20001578    00000004     (.common:currRotatesL)
                  2000157c    00000004     (.common:currRotatesR)
                  20001580    00000004     (.common:currT)
                  20001584    00000004     (.common:dT)
                  20001588    00000004     (.common:diffL)
                  2000158c    00000004     (.common:diffR)
                  20001590    00000004     (.common:dutyIncL)
                  20001594    00000004     (.common:dutyIncR)
                  20001598    00000004     (.common:errL)
                  2000159c    00000004     (.common:errR)
                  200015a0    00000004     (.common:integR)
                  200015a4    00000004     (.common:preRotatesL)
                  200015a8    00000004     (.common:preRotatesR)
                  200015ac    00000004     (.common:preT)
                  200015b0    00000004     (.common:prev_errL)
                  200015b4    00000004     (.common:prev_errR)
                  200015b8    00000004     (.common:pwm1)
                  200015bc    00000004     (.common:pwm2)
                  200015c0    00000004     (.common:pwm3)
                  200015c4    00000004     (.common:pwm4)
                  200015c8    00000004     (.common:speedL)
                  200015cc    00000004     (.common:speedR)

.data      0    200015d0    000007c4     UNINITIALIZED
                  200015d0    00000130     Robot_pem4f.oem4f (.data:ti_sysbios_knl_Task_Object__table__V)
                  20001700    0000009c     drivers_MSP432P401R.aem4f : PowerMSP432.oem4f (.data:PowerMSP432_perfLevels)
                  2000179c    00000080                               : PWMTimerMSP432.oem4f (.data:pwmTimerStatus)
                  2000181c    00000080     Robot_pem4f.oem4f (.data:ti_sysbios_knl_Swi_Module_State_0_readyQ__A)
                  2000189c    00000080     Robot_pem4f.oem4f (.data:ti_sysbios_knl_Task_Module_State_0_readyQ__A)
                  2000191c    0000006c     MSP_EXP432P401R.obj (.data:gpioCallbackFunctions)
                  20001988    0000006c     MSP_EXP432P401R.obj (.data:gpioPinConfigs)
                  200019f4    0000004c     Robot_pem4f.oem4f (.data:ti_sysbios_family_arm_msp432_Timer_Object__table__V)
                  20001a40    00000044     Robot_pem4f.oem4f (.data:ti_sysbios_knl_Task_Module__state__V)
                  20001a84    00000038     motor.obj (.data)
                  20001abc    00000038     Robot_pem4f.oem4f (.data:ti_sysbios_gates_GateMutex_Object__table__V)
                  20001af4    00000034     Robot_pem4f.oem4f (.data:ti_sysbios_family_arm_m3_Hwi_Module__state__V)
                  20001b28    00000030     msp432p4xx_driverlib.lib : gpio.o (.data:GPIO_PORT_TO_BASE)
                  20001b58    00000030     rangeRead.obj (.data:dataL)
                  20001b88    00000030     rangeRead.obj (.data:dataR)
                  20001bb8    00000030     Robot_pem4f.oem4f (.data:ti_sysbios_knl_Swi_Object__table__V)
                  20001be8    0000002c     Robot_pem4f.oem4f (.data:ti_sysbios_knl_Clock_Module__state__V)
                  20001c14    00000028     drivers_MSP432P401R.aem4f : PowerMSP432.oem4f (.data:PowerMSP432_module)
                  20001c3c    00000024     Robot_pem4f.oem4f (.data:ti_sysbios_BIOS_Module__state__V)
                  20001c60    00000020     Robot_pem4f.oem4f (.data:ti_sysbios_family_arm_msp432_Timer_Module_State_0_device__A)
                  20001c80    0000001c     Robot_pem4f.oem4f (.data:ti_sysbios_knl_Swi_Module__state__V)
                  20001c9c    00000018     Robot_pem4f.oem4f (.data:ti_sysbios_family_arm_m3_Hwi_Object__table__V)
                  20001cb4    00000018     Robot_pem4f.oem4f (.data:ti_sysbios_heaps_HeapMem_Object__table__V)
                  20001ccc    00000010     Robot_pem4f.oem4f (.data:ti_sysbios_family_arm_msp432_Timer_Module_State_0_handles__A)
                  20001cdc    0000000c     rtsv7M4_T_le_v4SPD16_eabi.lib : exit.obj (.data:$O1$$)
                  20001ce8    0000000c     Robot_pem4f.oem4f (.data:ti_sysbios_family_arm_msp432_ClockFreqs_Module__state__V)
                  20001cf4    0000000c     Robot_pem4f.oem4f (.data:ti_sysbios_family_arm_msp432_Timer_Module__state__V)
                  20001d00    0000000c     Robot_pem4f.oem4f (.data:xdc_runtime_SysMin_Module__state__V)
                  20001d0c    00000008     rtsv7M4_T_le_v4SPD16_eabi.lib : _lock.obj (.data:$O1$$)
                  20001d14    00000008     Robot_pem4f.oem4f (.data:ti_sysbios_family_arm_m3_Hwi_Module__root__V)
                  20001d1c    00000008     Robot_pem4f.oem4f (.data:ti_sysbios_gates_GateHwi_Module__root__V)
                  20001d24    00000008     Robot_pem4f.oem4f (.data:ti_sysbios_gates_GateMutex_Module__root__V)
                  20001d2c    00000008     Robot_pem4f.oem4f (.data:ti_sysbios_heaps_HeapMem_Module__root__V)
                  20001d34    00000008     Robot_pem4f.oem4f (.data:ti_sysbios_knl_Queue_Module__root__V)
                  20001d3c    00000008     Robot_pem4f.oem4f (.data:ti_sysbios_knl_Semaphore_Module__root__V)
                  20001d44    00000008     Robot_pem4f.oem4f (.data:xdc_runtime_Registry_Module__state__V)
                  20001d4c    00000008     Robot_pem4f.oem4f (.data:xdc_runtime_Startup_Module__state__V)
                  20001d54    00000008     Robot_pem4f.oem4f (.data:xdc_runtime_System_Module_State_0_atexitHandlers__A)
                  20001d5c    00000008     Robot_pem4f.oem4f (.data:xdc_runtime_System_Module__state__V)
                  20001d64    00000004     rangeRead.obj (.data:distL)
                  20001d68    00000004     rangeRead.obj (.data:distR)
                  20001d6c    00000004     drivers_MSP432P401R.aem4f : I2C.oem4f (.data)
                  20001d70    00000004                               : PWM.oem4f (.data)
                  20001d74    00000004     rtsv7M4_T_le_v4SPD16_eabi.lib : stkdepth_vars.obj (.data)
                  20001d78    00000004     Robot_pem4f.oem4f (.data:ti_sysbios_family_arm_m3_Hwi_Module_State_0_excContext__A)
                  20001d7c    00000004     Robot_pem4f.oem4f (.data:ti_sysbios_family_arm_m3_Hwi_Module_State_0_excStack__A)
                  20001d80    00000004     Robot_pem4f.oem4f (.data:ti_sysbios_gates_GateHwi_Object__table__V)
                  20001d84    00000004     Robot_pem4f.oem4f (.data:ti_sysbios_knl_Task_Module_State_0_idleTask__A)
                  20001d88    00000004     Robot_pem4f.oem4f (.data:xdc_runtime_Memory_Module__state__V)
                  20001d8c    00000002     Sharp96x96.obj (.data)
                  20001d8e    00000002     Robot_pem4f.oem4f (.data:ti_sysbios_family_arm_m3_Hwi_Module_State_0_excActive__A)
                  20001d90    00000002     Robot_pem4f.oem4f (.data:xdc_runtime_Error_Module__state__V)
                  20001d92    00000001     drivers_MSP432P401R.aem4f : GPIOMSP432.oem4f (.data)
                  20001d93    00000001     main.obj (.data)

.stack     0    2000fd00    00000300     UNINITIALIZED
                  2000fd00    00000300     --HOLE--

.bootVecs 
*          0    00000000    00000008     DSECT
                  00000000    00000008     boot.aem4f : boot.oem4f (.bootVecs)

xdc.meta   0    00000000    000000fe     COPY SECTION
                  00000000    000000fe     Robot_pem4f.oem4f (xdc.meta)

.binit     0    00000000    00000000     

MODULE SUMMARY

       Module                     code    ro data   rw data
       ------                     ----    -------   -------
    .\
       rangeRead.obj              1643    0         104    
       motor.obj                  1444    0         168    
       MSP_EXP432P401R.obj        144     248       480    
       main.obj                   264     0         1      
       buttons.obj                40      0         0      
       heartBeatTask.obj          18      0         0      
    +--+--------------------------+-------+---------+---------+
       Total:                     3553    248       753    
                                                           
    .\LCDDriver\
       Sharp96x96.obj             128     0         2      
    +--+--------------------------+-------+---------+---------+
       Total:                     128     0         2      
                                                           
    C:\Users\Jingwen\Desktop\MRes Robotics\GX02-Control\robotic_systems\Debug\configPkg\package\cfg\
       Robot_pem4f.oem4f          1600    7504      6068   
    +--+--------------------------+-------+---------+---------+
       Total:                     1600    7504      6068   
                                                           
    C:/ti/tirtos_msp43x_2_20_00_06/products/msp432_driverlib_3_21_00_05/driverlib/MSP432P4xx/ccs/msp432p4xx_driverlib.lib
       pcm.o                      1214    0         0      
       gpio.o                     480     0         48     
       i2c.o                      330     0         0      
       timer_a.o                  284     0         0      
       cs.o                       260     0         0      
       flash.o                    156     0         0      
       spi.o                      116     0         0      
       rtc_c.o                    72      0         0      
       wdt_a.o                    44      0         0      
       cpu.o                      28      0         0      
    +--+--------------------------+-------+---------+---------+
       Total:                     2984    0         48     
                                                           
    C:/ti/tirtos_msp43x_2_20_00_06/products/tidrivers_msp43x_2_20_00_08/packages/ti/drivers/lib/drivers_MSP432P401R.aem4f
       I2CMSP432.oem4f            1378    32        0      
       PowerMSP432.oem4f          1212    0         196    
       PWMTimerMSP432.oem4f       1088    40        128    
       GPIOMSP432.oem4f           700     12        49     
       PWM.oem4f                  144     24        4      
       I2C.oem4f                  130     16        4      
       List.oem4f                 72      0         0      
    +--+--------------------------+-------+---------+---------+
       Total:                     4724    124       381    
                                                           
    C:/ti/tirtos_msp43x_2_20_00_06/products/tidrivers_msp43x_2_20_00_08/packages/ti/drivers/lib/power_tirtos_MSP432P401R.aem4f
       PowerMSP432_tirtos.oem4f   106     0         0      
    +--+--------------------------+-------+---------+---------+
       Total:                     106     0         0      
                                                           
    C:/ti/tirtos_msp43x_2_20_00_06/products/tidrivers_msp43x_2_20_00_08/packages/ti/drivers/ports/lib/tirtosport.aem4f
       SemaphoreP_tirtos.oem4f    146     0         0      
       HwiP_tirtos.oem4f          138     0         0      
    +--+--------------------------+-------+---------+---------+
       Total:                     284     0         0      
                                                           
    C:\Users\Jingwen\Desktop\MRes Robotics\GX02-Control\robotic_systems\src\sysbios\sysbios.aem4f
       BIOS.obj                   10546   0         0      
       m3_Hwi_asm.obj             306     0         0      
       m3_TaskSupport_asm.obj     180     0         0      
       m3_Hwi_asm_switch.obj      118     0         0      
    +--+--------------------------+-------+---------+---------+
       Total:                     11150   0         0      
                                                           
    C:\ti\ccsv7\tools\compiler\ti-cgt-arm_16.9.4.LTS\lib\rtsv7M4_T_le_v4SPD16_eabi.lib
       ull_div_t2.obj             500     0         0      
       fd_add_t2.obj              438     0         0      
       trgmsg.obj                 104     0         288    
       fd_mul_t2.obj              252     0         0      
       memcpy_t2.obj              156     0         0      
       memset_t2.obj              122     0         0      
       copy_decompress_lzss.obj   104     0         0      
       exit.obj                   84      0         12     
       hostwrite.obj              88      0         0      
       cpy_tbl.obj                76      0         0      
       fd_toi_t2.obj              72      0         0      
       u_divt2.obj                64      0         0      
       i_tofd_t2.obj              46      0         0      
       _lock.obj                  20      0         8      
       args_main.obj              24      0         0      
       strlen.obj                 20      0         0      
       copy_decompress_none.obj   14      0         0      
       copy_zero_init.obj         12      0         0      
       hostopen.obj               0       0         8      
       stkdepth_vars.obj          0       0         4      
       i_div0.obj                 2       0         0      
[...]
000079c9  PWMTimerMSP432_control                                      
000079d1  ti_sysbios_family_arm_m3_Hwi_doTaskRestore__I               
000079d9  HwiP_restore                                                
000079d9  ti_sysbios_family_arm_m3_Hwi_restoreFxn__E                  
000079d9  ti_sysbios_hal_Hwi_HwiProxy_restore__E                      
000079e1  ti_sysbios_gates_GateHwi_leave__E                           
000079e9  ti_sysbios_heaps_HeapMem_isBlocking__E                      
000079f1  ti_sysbios_knl_Queue_Instance_init__E                       
000079f9  ti_sysbios_knl_Swi_startup__E                               
000079ff  xdc_runtime_System_Module_startup__E                        
00007a09  ti_sysbios_gates_GateHwi_query__E                           
00007a09  xdc_runtime_Main_Module_GateProxy_query__E                  
00007a09  xdc_runtime_System_Module_GateProxy_query__E                
00007a11  ti_sysbios_BIOS_RtsGateProxy_query__E                       
00007a11  ti_sysbios_gates_GateMutex_query__E                         
00007a11  ti_sysbios_heaps_HeapMem_Module_GateProxy_query__E          
00007a19  ti_sysbios_knl_Task_startup__E                              
00007a21  ti_sysbios_BIOS_linkedWithIncorrectBootLibrary__E           
00007a29  ti_sysbios_gates_GateHwi_Instance_init__E                   
00007a31  ti_sysbios_knl_Clock_logTick__E                             
00007a34  xdc_runtime_Text_charTab__A                                 
0000926d  xdc_runtime_Error_policy__C                                 
0000926e  xdc_runtime_Text_nodeTab__A                                 
0000931e  ti_sysbios_family_arm_m3_Hwi_Module__id__C                  
00009368  PWM_config                                                  
000093a4  I2C_config                                                  
000093d4  i2cMSP432HWAttrs                                            
00009404  pwmTimerMSP432HWAttrs                                       
00009434  ti_sysbios_family_arm_m3_Hwi_Object__PARAMS__C              
00009464  PWMTimerMSP432_fxnTable                                     
0000948c  ti_sysbios_heaps_HeapMem_Module__FXNS__C                    
000094b4  ti_sysbios_gates_GateHwi_Module__FXNS__C                    
000094d8  ti_sysbios_gates_GateMutex_Module__FXNS__C                  
000094fc  ti_sysbios_heaps_HeapMem_Object__PARAMS__C                  
00009520  ti_sysbios_knl_Semaphore_Object__PARAMS__C                  
00009544  I2CMSP432_fxnTable                                          
00009564  ti_sysbios_family_arm_m3_Hwi_Object__DESC__C                
00009584  ti_sysbios_gates_GateHwi_Object__DESC__C                    
000095a4  ti_sysbios_gates_GateMutex_Object__DESC__C                  
000095c4  ti_sysbios_heaps_HeapMem_Object__DESC__C                    
000095e4  ti_sysbios_knl_Queue_Object__DESC__C                        
00009604  ti_sysbios_knl_Semaphore_Object__DESC__C                    
00009624  xdc_runtime_Startup_sfxnTab__A                              
00009644  PWM_defaultParams                                           
0000965c  ti_sysbios_gates_GateHwi_Object__PARAMS__C                  
00009674  ti_sysbios_gates_GateMutex_Object__PARAMS__C                
0000968c  ti_sysbios_knl_Queue_Object__PARAMS__C                      
000096a4  GPIOMSP432_config                                           
000096b8  PowerMSP432_config                                          
000096c8  I2C_defaultParams                                           
000096d8  xdc_runtime_Startup_sfxnRts__A                              
000096f4  xdc_runtime_Startup_firstFxns__A                            
00009708  ti_sysbios_family_arm_m3_Hwi_excHookFuncs__A                
00009710  ti_sysbios_knl_Idle_funcList__A                             
00009718  ti_sysbios_knl_Idle_funcList__C                             
00009720  xdc_runtime_Startup_firstFxns__C                            
00009728  xdc_runtime_Startup_lastFxns__C                             
00009730  ti_sysbios_family_arm_m3_Hwi_E_NMI__C                       
00009734  ti_sysbios_family_arm_m3_Hwi_E_alreadyDefined__C            
00009738  ti_sysbios_family_arm_m3_Hwi_E_busFault__C                  
0000973c  ti_sysbios_family_arm_m3_Hwi_E_debugMon__C                  
00009740  ti_sysbios_family_arm_m3_Hwi_E_hardFault__C                 
00009744  ti_sysbios_family_arm_m3_Hwi_E_memFault__C                  
00009748  ti_sysbios_family_arm_m3_Hwi_E_noIsr__C                     
0000974c  ti_sysbios_family_arm_m3_Hwi_E_reserved__C                  
00009750  ti_sysbios_family_arm_m3_Hwi_E_svCall__C                    
00009754  ti_sysbios_family_arm_m3_Hwi_E_usageFault__C                
00009758  ti_sysbios_family_arm_m3_Hwi_NUM_INTERRUPTS__C              
0000975c  ti_sysbios_family_arm_m3_Hwi_Object__count__C               
00009760  ti_sysbios_family_arm_m3_Hwi_ccr__C                         
00009764  ti_sysbios_family_arm_m3_Hwi_excHandlerFunc__C              
00009768  ti_sysbios_family_arm_m3_Hwi_excHookFuncs__C                
0000976c  ti_sysbios_family_arm_m3_Hwi_nullIsrFunc__C                 
00009770  ti_sysbios_family_arm_m3_Hwi_priGroup__C                    
00009774  ti_sysbios_family_arm_msp432_Timer_numTimerDevices__C       
00009778  ti_sysbios_family_arm_msp432_Timer_startupNeeded__C         
0000977c  ti_sysbios_gates_GateMutex_A_badContext__C                  
00009780  ti_sysbios_gates_GateMutex_Instance_State_sem__O            
00009784  ti_sysbios_gates_GateMutex_Module__diagsEnabled__C          
00009788  ti_sysbios_gates_GateMutex_Module__diagsIncluded__C         
0000978c  ti_sysbios_gates_GateMutex_Module__diagsMask__C             
00009790  ti_sysbios_hal_Hwi_E_stackOverflow__C                       
00009794  ti_sysbios_heaps_HeapMem_A_align__C                         
00009798  ti_sysbios_heaps_HeapMem_A_heapSize__C                      
0000979c  ti_sysbios_heaps_HeapMem_A_invalidFree__C                   
000097a0  ti_sysbios_heaps_HeapMem_A_zeroBlock__C                     
000097a4  ti_sysbios_heaps_HeapMem_E_memory__C                        
000097a8  ti_sysbios_heaps_HeapMem_Module__diagsEnabled__C            
000097ac  ti_sysbios_heaps_HeapMem_Module__diagsIncluded__C           
000097b0  ti_sysbios_heaps_HeapMem_Module__diagsMask__C               
000097b4  ti_sysbios_heaps_HeapMem_Module__gateObj__C                 
000097b8  ti_sysbios_heaps_HeapMem_Object__count__C                   
000097bc  ti_sysbios_heaps_HeapMem_reqAlign__C                        
000097c0  ti_sysbios_knl_Clock_Module_State_clockQ__O                 
000097c4  ti_sysbios_knl_Semaphore_A_badContext__C                    
000097c8  ti_sysbios_knl_Semaphore_A_noEvents__C                      
000097cc  ti_sysbios_knl_Semaphore_A_overflow__C                      
000097d0  ti_sysbios_knl_Semaphore_A_pendTaskDisabled__C              
000097d4  ti_sysbios_knl_Semaphore_Instance_State_pendQ__O            
000097d8  ti_sysbios_knl_Semaphore_Module__diagsEnabled__C            
000097dc  ti_sysbios_knl_Semaphore_Module__diagsIncluded__C           
000097e0  ti_sysbios_knl_Semaphore_Module__diagsMask__C               
000097e4  ti_sysbios_knl_Swi_Object__count__C                         
000097e8  ti_sysbios_knl_Task_A_badTimeout__C                         
000097ec  ti_sysbios_knl_Task_A_sleepTaskDisabled__C                  
000097f0  ti_sysbios_knl_Task_E_spOutOfBounds__C                      
000097f4  ti_sysbios_knl_Task_E_stackOverflow__C                      
000097f8  ti_sysbios_knl_Task_Module_State_inactiveQ__O               
000097fc  ti_sysbios_knl_Task_Module__diagsEnabled__C                 
00009800  ti_sysbios_knl_Task_Module__diagsIncluded__C                
00009804  ti_sysbios_knl_Task_Module__diagsMask__C                    
00009808  ti_sysbios_knl_Task_Object__count__C                        
0000980c  ti_sysbios_knl_Task_allBlockedFunc__C                       
00009810  ti_sysbios_knl_Task_numConstructedTasks__C                  
00009814  xdc_runtime_Assert_E_assertFailed__C                        
00009818  xdc_runtime_Core_A_initializedParams__C                     
0000981c  xdc_runtime_Core_Module__diagsEnabled__C                    
00009820  xdc_runtime_Core_Module__diagsIncluded__C                   
00009824  xdc_runtime_Core_Module__diagsMask__C                       
00009828  xdc_runtime_Error_E_memory__C                               
0000982c  xdc_runtime_Error_Module__diagsEnabled__C                   
00009830  xdc_runtime_Error_Module__diagsIncluded__C                  
00009834  xdc_runtime_Error_Module__diagsMask__C                      
00009838  xdc_runtime_Error_Module__loggerFxn8__C                     
0000983c  xdc_runtime_Error_Module__loggerObj__C                      
00009840  xdc_runtime_Error_policyFxn__C                              
00009844  xdc_runtime_Error_raiseHook__C                              
00009848  xdc_runtime_IGateProvider_Interface__BASE__C                
0000984c  xdc_runtime_IHeap_Interface__BASE__C                        
00009850  xdc_runtime_IModule_Interface__BASE__C                      
00009854  xdc_runtime_Log_L_error__C                                  
00009858  xdc_runtime_Memory_defaultHeapInstance__C                   
0000985c  xdc_runtime_Startup_execImpl__C                             
00009860  xdc_runtime_Startup_maxPasses__C                            
00009864  xdc_runtime_Startup_sfxnRts__C                              
00009868  xdc_runtime_Startup_sfxnTab__C                              
0000986c  xdc_runtime_SysMin_bufSize__C                               
00009870  xdc_runtime_SysMin_outputFunc__C                            
00009874  xdc_runtime_System_Module__gateObj__C                       
00009878  xdc_runtime_System_abortFxn__C                              
0000987c  xdc_runtime_System_exitFxn__C                               
00009880  xdc_runtime_System_extendFxn__C                             
00009884  xdc_runtime_System_maxAtexitHandlers__C                     
00009888  xdc_runtime_Text_charTab__C                                 
0000988c  xdc_runtime_Text_nameEmpty__C                               
00009890  xdc_runtime_Text_nameStatic__C                              
00009894  xdc_runtime_Text_nameUnknown__C                             
00009898  xdc_runtime_Text_nodeTab__C                                 
0000989c  xdc_runtime_Text_visitRopeFxn__C                            
000098a0  ti_sysbios_gates_GateMutex_Module__id__C                    
000098a2  ti_sysbios_hal_Hwi_Module__id__C                            
000098a4  ti_sysbios_heaps_HeapMem_Module__id__C                      
000098a6  ti_sysbios_knl_Semaphore_Module__id__C                      
000098a8  ti_sysbios_knl_Task_Module__id__C                           
000098aa  xdc_runtime_Core_Module__id__C                              
000098ac  xdc_runtime_Error_Module__loggerDefined__C                  
000098ae  xdc_runtime_Error_maxDepth__C                               
000098b0  xdc_runtime_Memory_Module__id__C                            
000098b2  xdc_runtime_SysMin_flushAtExit__C                           
000098b4  xdc_runtime_Text_charCnt__C                                 
000098b6  xdc_runtime_Text_isLoaded__C                                
000098b8  xdc_runtime_Text_registryModsLastId__C                      
000098ba  xdc_runtime_Text_unnamedModsLastId__C                       
000098c0  __TI_static_base__                                          
00009bac  __TI_Handler_Table_Base                                     
00009bb8  __TI_Handler_Table_Limit                                    
00009bc8  __TI_CINIT_Base                                             
00009be0  __TI_CINIT_Limit                                            
20000000  ti_sysbios_family_arm_m3_Hwi_ramVectors                     
20000140  ti_sysbios_knl_Task_Instance_State_0_stack__A               
20000340  ti_sysbios_knl_Task_Instance_State_1_stack__A               
20000740  ti_sysbios_knl_Task_Instance_State_2_stack__A               
20000b40  ti_sysbios_knl_Task_Instance_State_3_stack__A               
20000d40  ti_sysbios_heaps_HeapMem_Instance_State_0_buf__A            
20001140  ti_sysbios_family_arm_m3_Hwi_dispatchTable                  
20001280  __CIOBUF_                                                   
200013a0  i2cMSP432Objects                                            
20001478  xdc_runtime_SysMin_Module_State_0_outbuf__A                 
20001528  pwmTimerMSP432Objects                                       
20001558  params                                                      
20001570  parmbuf                                                     
20001578  currRotatesL                                                
2000157c  currRotatesR                                                
20001580  currT                                                       
20001584  dT                                                          
20001588  diffL                                                       
2000158c  diffR                                                       
20001590  dutyIncL                                                    
20001594  dutyIncR                                                    
20001598  errL                                                        
2000159c  errR                                                        
200015a0  integR                                                      
200015a4  preRotatesL                                                 
200015a8  preRotatesR                                                 
200015ac  preT                                                        
200015b0  prev_errL                                                   
200015b4  prev_errR                                                   
200015b8  pwm1                                                        
200015bc  pwm2                                                        
200015c0  pwm3                                                        
200015c4  pwm4                                                        
200015c8  speedL                                                      
200015cc  speedR                                                      
200015d0  ti_sysbios_knl_Task_Object__table__V                        
20001700  PowerMSP432_perfLevels                                      
2000181c  ti_sysbios_knl_Swi_Module_State_0_readyQ__A                 
2000189c  ti_sysbios_knl_Task_Module_State_0_readyQ__A                
2000191c  gpioCallbackFunctions                                       
20001988  gpioPinConfigs                                              
200019f4  ti_sysbios_family_arm_msp432_Timer_Object__table__V         
20001a40  ti_sysbios_knl_Task_Module__state__V                        
20001a84  pwmPeriod                                                   
20001a88  dutyR                                                       
20001a8c  dutyL                                                       
20001a90  setPointR                                                   
20001a94  setPointL                                                   
20001a98  Rotation_R                                                  
20001a9c  Rotation_L                                                  
20001aa0  dirR                                                        
20001aa4  dirL                                                        
20001aa8  Kp                                                          
20001aac  Ti                                                          
20001ab0  Td                                                          
20001ab4  integL                                                      
20001ab8  K                                                           
20001abc  ti_sysbios_gates_GateMutex_Object__table__V                 
20001af4  ti_sysbios_family_arm_m3_Hwi_Module__state__V               
20001b58  dataL                                                       
20001b88  dataR                                                       
20001bb8  ti_sysbios_knl_Swi_Object__table__V                         
20001be8  ti_sysbios_knl_Clock_Module__state__V                       
20001c14  PowerMSP432_module                                          
20001c3c  ti_sysbios_BIOS_Module__state__V                            
20001c60  ti_sysbios_family_arm_msp432_Timer_Module_State_0_device__A 
20001c80  ti_sysbios_knl_Swi_Module__state__V                         
20001c9c  ti_sysbios_family_arm_m3_Hwi_Object__table__V               
20001cb4  ti_sysbios_heaps_HeapMem_Object__table__V                   
20001ccc  ti_sysbios_family_arm_msp432_Timer_Module_State_0_handles__A
20001cdc  __TI_cleanup_ptr                                            
20001ce0  __TI_dtors_ptr                                              
20001ce4  __TI_enable_exit_profile_output                             
20001ce8  ti_sysbios_family_arm_msp432_ClockFreqs_Module__state__V    
20001cf4  ti_sysbios_family_arm_msp432_Timer_Module__state__V         
20001d00  xdc_runtime_SysMin_Module__state__V                         
20001d0c  _lock                                                       
20001d10  _unlock                                                     
20001d14  ti_sysbios_family_arm_m3_Hwi_Module__root__V                
20001d1c  ti_sysbios_gates_GateHwi_Module__root__V                    
20001d24  ti_sysbios_gates_GateMutex_Module__root__V                  
20001d2c  ti_sysbios_heaps_HeapMem_Module__root__V                    
20001d34  ti_sysbios_knl_Queue_Module__root__V                        
20001d3c  ti_sysbios_knl_Semaphore_Module__root__V                    
20001d44  xdc_runtime_Registry_Module__state__V                       
20001d4c  xdc_runtime_Startup_Module__state__V                        
20001d54  xdc_runtime_System_Module_State_0_atexitHandlers__A         
20001d5c  xdc_runtime_System_Module__state__V                         
20001d64  distL                                                       
20001d68  distR                                                       
20001d74  main_func_sp                                                
20001d78  ti_sysbios_family_arm_m3_Hwi_Module_State_0_excContext__A   
20001d7c  ti_sysbios_family_arm_m3_Hwi_Module_State_0_excStack__A     
20001d80  ti_sysbios_gates_GateHwi_Object__table__V                   
20001d84  ti_sysbios_knl_Task_Module_State_0_idleTask__A              
20001d88  xdc_runtime_Memory_Module__state__V                         
20001d8c  VCOMbit                                                     
20001d8d  flagSendToggleVCOMCommand                                   
20001d8e  ti_sysbios_family_arm_m3_Hwi_Module_State_0_excActive__A    
20001d90  xdc_runtime_Error_Module__state__V                          
20001d93  state                                                       
2000fd00  __stack                                                     
20010000  __STACK_END                                                 
4000480c  WDTCTL_SYM                                                  
e000e000  ti_sysbios_family_arm_m3_Hwi_nvic                           
ffffffff  __TI_pprof_out_hndl                                         
ffffffff  __TI_prof_data_size                                         
ffffffff  __TI_prof_data_start                                        
ffffffff  __binit__                                                   
ffffffff  __c_args__                                                  
ffffffff  binit                                                       
UNDEFED   SHT$$INIT_ARRAY$$Base                                       
UNDEFED   SHT$$INIT_ARRAY$$Limit                                      

[714 symbols]
