******************************************************************************
                  TI ARM Linker PC v16.9.4                     
******************************************************************************
>> Linked Thu Oct 19 01:34:29 2017

OUTPUT FILE NAME:   <CSRobot_01.out>
ENTRY POINT SYMBOL: "_c_int00"  address: 00007041


MEMORY CONFIGURATION

         name            origin    length      used     unused   attr    fill
----------------------  --------  ---------  --------  --------  ----  --------
  MAIN                  00000000   00040000  0000c4bd  00033b43  R  X
  INFO                  00200000   00004000  00000000  00004000  R  X
  SRAM_CODE             01000000   00010000  00000000  00010000  RW X
  SRAM_DATA             20000000   00010000  00005670  0000a990  RW  


SEGMENT ALLOCATION MAP

run origin  load origin   length   init length attrs members
----------  ----------- ---------- ----------- ----- -------
00000000    00000000    0000c4c8   0000c4c8    r-x
  00000000    00000000    0000003c   0000003c    r-- .resetVecs
  00000040    00000040    000097aa   000097aa    r-x .text
  000097ec    000097ec    000029d7   000029d7    r-- .const
  0000c1c8    0000c1c8    00000300   00000300    r-- .cinit
20000000    20000000    00005370   00000000    rw-
  20000000    20000000    00000140   00000000    rw- .vecs
  20000140    20000140    00004b08   00000000    rw- .bss
  20004c48    20004c48    00000728   00000000    rw- .data
2000fd00    2000fd00    00000300   00000000    rw-
  2000fd00    2000fd00    00000300   00000000    rw- .stack


SECTION ALLOCATION MAP

 output                                  attributes/
section   page    origin      length       input sections
--------  ----  ----------  ----------   ----------------
.text      0    00000040    000097aa     
                  00000040    0000113e     rtsv7M4_T_le_v4SPD16_eabi.lib : _printfi.obj (.text)
                  0000117e    00000492     string.obj (.text:Graphics_drawString)
                  00001610    00000430     sysbios.aem4f : BIOS.obj (.text:ti_sysbios_family_arm_m3_Hwi_excDumpRegs__I)
                  00001a40    0000034c     ti.targets.arm.rtsarm.aem4f : System.oem4f (.text:xdc_runtime_System_doPrint__I)
                  00001d8c    00000004     msp432p4xx_driverlib.lib : cpu.o (.text:CPU_wfi)
                  00001d90    000002b0     sysbios.aem4f : BIOS.obj (.text:ti_sysbios_knl_Semaphore_pend__E)
                  00002040    00000290     screenTask.obj (.text:screenTaskFxn)
                  000022d0    00000264     drivers_MSP432P401R.aem4f : PowerMSP432.oem4f (.text:Power_sleep)
                  00002534    00000004     msp432p4xx_driverlib.lib : spi.o (.text:EUSCI_A_SPI_transmitData)
                  00002538    00000258     sysbios.aem4f : BIOS.obj (.text:ti_sysbios_heaps_HeapMem_free__E)
                  00002790    00000248                   : BIOS.obj (.text:ti_sysbios_heaps_HeapMem_alloc__E)
                  000029d8    000001fc                   : BIOS.obj (.text:ti_sysbios_family_arm_m3_Hwi_excHandlerMax__I)
                  00002bd4    000001f4     rtsv7M4_T_le_v4SPD16_eabi.lib : ull_div_t2.obj (.text)
                  00002dc8    000001c4     sysbios.aem4f : BIOS.obj (.text:ti_sysbios_knl_Task_sleep__E)
                  00002f8c    000001b6     rtsv7M4_T_le_v4SPD16_eabi.lib : fd_add_t2.obj (.text)
                  00003142    000001a0     msp432p4xx_driverlib.lib : pcm.o (.text:__PCM_setPowerStateAdvanced)
                  000032e2    00000002     power_tirtos_MSP432P401R.aem4f : PowerMSP432_tirtos.oem4f (.text:PowerMSP432_initPolicy)
                  000032e4    00000178     drivers_MSP432P401R.aem4f : I2CMSP432.oem4f (.text:I2CMSP432_open)
                  0000345c    00000004     msp432p4xx_driverlib.lib : spi.o (.text:EUSCI_B_SPI_transmitData)
                  00003460    00000174     sysbios.aem4f : BIOS.obj (.text:ti_sysbios_family_arm_m3_Hwi_excBusFault__I)
                  000035d4    00000004     tirtosport.aem4f : HwiP_tirtos.oem4f (.text:HwiP_disable)
                  000035d8    00000164     sysbios.aem4f : BIOS.obj (.text:ti_sysbios_family_arm_m3_Hwi_excUsageFault__I)
                  0000373c    00000158     Sharp96x96.obj (.text:Sharp96x96_RectFill)
                  00003894    00000004     msp432p4xx_driverlib.lib : i2c.o (.text:I2C_setSlaveAddress)
                  00003898    00000148     sysbios.aem4f : BIOS.obj (.text:ti_sysbios_family_arm_m3_Hwi_excMemFault__I)
                  000039e0    00000146     rangeRead.obj (.text:sensorInit)
                  00003b26    00000002     rtsv7M4_T_le_v4SPD16_eabi.lib : i_div0.obj (.text)
                  00003b28    00000140     drivers_MSP432P401R.aem4f : GPIOMSP432.oem4f (.text:GPIO_setConfig)
                  00003c68    0000013c     sysbios.aem4f : BIOS.obj (.text:ti_sysbios_heaps_HeapMem_Instance_init__E)
                  00003da4    00000138     Sharp96x96.obj (.text:Sharp96x96_LineDrawH)
                  00003edc    00000136     rtsv7M4_T_le_v4SPD16_eabi.lib : fd_div_t2.obj (.text)
                  00004012    00000002     Robot_pem4f.oem4f (.text:ti_sysbios_BIOS_nullFunc__I)
                  00004014    0000011c     rangeRead.obj (.text:readRangeFxn)
                  00004130    00000118     drivers_MSP432P401R.aem4f : I2CMSP432.oem4f (.text:I2CMSP432_hwiIntFxn)
                  00004248    00000118     ti.targets.arm.rtsarm.aem4f : Error.oem4f (.text:xdc_runtime_Error_policyDefault__E)
                  00004360    00000100                                 : Core-mem.oem4f (.text:xdc_runtime_Core_createObject__I)
                  00004460    000000fc     rtsv7M4_T_le_v4SPD16_eabi.lib : fd_mul_t2.obj (.text)
                  0000455c    000000fc                                   : s_scalbn.obj (.text)
                  00004658    000000f8     rangeRead.obj (.text:readResult)
                  00004750    000000f8     ti.targets.arm.rtsarm.aem4f : Startup.oem4f (.text:xdc_runtime_Startup_startMods__I)
                  00004848    000000f8     Robot_pem4f.oem4f (.text:xdc_runtime_System_printfExtend__I)
                  00004940    000000f0     drivers_MSP432P401R.aem4f : PowerMSP432.oem4f (.text:initPerfControl)
                  00004a30    000000ec     sysbios.aem4f : m3_Hwi_asm.obj (.text:ti_sysbios_family_arm_m3_Hwi_dispatch__I)
                  00004b1c    00000004     drivers_MSP432P401R.aem4f : List.oem4f (.text:List_head)
                  00004b20    000000ec     sysbios.aem4f : BIOS.obj (.text:ti_sysbios_knl_Semaphore_post__E)
                  00004c0c    000000e2     drivers_MSP432P401R.aem4f : PWMTimerMSP432.oem4f (.text:initHw)
                  00004cee    00000002     --HOLE-- [fill = 0]
                  00004cf0    000000e0     msp432p4xx_driverlib.lib : cs.o (.text:CS_initClockSignal)
                  00004dd0    000000dc                              : pcm.o (.text:__PCM_setPowerModeAdvanced)
                  00004eac    000000d8     Sharp96x96.obj (.text:Sharp96x96_Flush)
                  00004f84    000000cc     ti.targets.arm.rtsarm.aem4f : Core-smem.oem4f (.text:xdc_runtime_Core_constructObject__I)
                  00005050    000000c4     main.obj (.text:main)
                  00005114    00000004     drivers_MSP432P401R.aem4f : List.oem4f (.text:List_next)
                  00005118    000000bc     sysbios.aem4f : BIOS.obj (.text:ti_sysbios_family_arm_m3_Hwi_excDebugMon__I)
                  000051d4    00000004     drivers_MSP432P401R.aem4f : PowerMSP432.oem4f (.text:PowerMSP432_getNumPerfLevels)
                  000051d8    000000bc     sysbios.aem4f : BIOS.obj (.text:ti_sysbios_family_arm_m3_Hwi_excHardFault__I)
                  00005294    00000004     Robot_pem4f.oem4f (.text:ti_sysbios_BIOS_RtsGateProxy_enter__E)
                  00005298    000000b4     sysbios.aem4f : BIOS.obj (.text:ti_sysbios_gates_GateMutex_enter__E)
                  0000534c    00000004     Robot_pem4f.oem4f (.text:ti_sysbios_BIOS_RtsGateProxy_leave__E)
                  00005350    000000b4     sysbios.aem4f : BIOS.obj (.text:ti_sysbios_knl_Task_checkStacks__E)
                  00005404    000000b2     msp432p4xx_driverlib.lib : timer_a.o (.text:privateTimer_AProcessClockSourceDivider)
                  000054b6    00000002     --HOLE-- [fill = 0]
                  000054b8    000000b0                              : pcm.o (.text:__PCM_setCoreVoltageLevelAdvanced)
                  00005568    000000ac     drivers_MSP432P401R.aem4f : PWMTimerMSP432.oem4f (.text:PWMTimerMSP432_open)
                  00005614    00000004     Robot_pem4f.oem4f (.text:ti_sysbios_family_arm_m3_Hwi_destruct)
                  00005618    000000a8     sysbios.aem4f : BIOS.obj (.text:ti_sysbios_family_arm_msp432_Timer_periodicStub__E)
                  000056c0    000000a4     line.obj (.text:Graphics_drawLineH)
                  00005764    000000a0     auto_init.aem4f : auto_init.oem4f (.text)
                  00005804    000000a0     ti.targets.arm.rtsarm.aem4f : Text.oem4f (.text:xdc_runtime_Text_putMod__E)
                  000058a4    0000009c     rtsv7M4_T_le_v4SPD16_eabi.lib : memcpy_t2.obj (.text)
                  00005940    0000009c     sysbios.aem4f : BIOS.obj (.text:ti_sysbios_knl_Semaphore_Instance_init__E)
                  000059dc    00000004     Robot_pem4f.oem4f (.text:ti_sysbios_family_arm_m3_TaskSupport_Module__startupDone__S)
                  000059e0    0000009c     sysbios.aem4f : BIOS.obj (.text:ti_sysbios_knl_Task_postInit__I)
                  00005a7c    0000009a     ti.targets.arm.rtsarm.aem4f : Text.oem4f (.text:xdc_runtime_Text_putSite__E)
                  00005b16    00000002     --HOLE-- [fill = 0]
                  00005b18    00000094     sysbios.aem4f : BIOS.obj (.text:ti_sysbios_family_arm_m3_Hwi_Instance_init__E)
                  00005bac    00000004     Robot_pem4f.oem4f (.text:ti_sysbios_heaps_HeapMem_Module_GateProxy_enter__E)
                  00005bb0    00000094     sysbios.aem4f : BIOS.obj (.text:ti_sysbios_family_arm_m3_Hwi_initNVIC__E)
                  00005c44    00000092     drivers_MSP432P401R.aem4f : I2CMSP432.oem4f (.text:I2CMSP432_cancel)
                  00005cd6    00000092                               : PWMTimerMSP432.oem4f (.text:PWMTimerMSP432_setPeriod)
                  00005d68    00000090     Sharp96x96.obj (.text:Sharp96x96_LineDrawV)
                  00005df8    0000008c     drivers_MSP432P401R.aem4f : I2CMSP432.oem4f (.text:I2CMSP432_transfer)
                  00005e84    0000008c     sysbios.aem4f : m3_TaskSupport_asm.obj (.text:ti_sysbios_family_arm_m3_TaskSupport_buildTaskStack)
                  00005f10    00000088     msp432p4xx_driverlib.lib : spi.o (.text:SPI_initMaster)
                  00005f98    00000088     sysbios.aem4f : BIOS.obj (.text:ti_sysbios_family_arm_msp432_Timer_Module_startup__E)
                  00006020    00000086     rtsv7M4_T_le_v4SPD16_eabi.lib : fd_cmp_t2.obj (.text:__aeabi_cdcmple)
                  000060a6    00000086                                   : fd_cmp_t2.obj (.text:__aeabi_cdrcmple)
                  0000612c    00000084     drivers_MSP432P401R.aem4f : PWMTimerMSP432.oem4f (.text:PWMTimerMSP432_setDuty)
                  000061b0    00000084     sysbios.aem4f : BIOS.obj (.text:ti_sysbios_family_arm_m3_Hwi_postInit__I)
                  00006234    00000080     Sharp96x96.obj (.text:Sharp96x96_SendToggleVCOMCommand)
                  000062b4    0000007c     msp432p4xx_driverlib.lib : pcm.o (.text:PCM_gotoLPM3)
                  00006330    0000007c     Sharp96x96.obj (.text:Sharp96x96_ClearScreen)
                  000063ac    0000007c     Sharp96x96.obj (.text:Sharp96x96_DrawMultiple)
                  00006428    0000007a     rtsv7M4_T_le_v4SPD16_eabi.lib : memset_t2.obj (.text)
                  000064a2    00000002     --HOLE-- [fill = 0]
                  000064a4    00000077     rangeRead.obj (.text:sensor_read)
                  0000651b    00000001     --HOLE-- [fill = 0]
                  0000651c    00000077     rangeRead.obj (.text:sensor_write)
                  00006593    00000001     --HOLE-- [fill = 0]
                  00006594    00000073     rangeRead.obj (.text:switchOpen)
                  00006607    00000001     --HOLE-- [fill = 0]
                  00006608    00000070     sysbios.aem4f : BIOS.obj (.text:ti_sysbios_knl_Task_exit__E)
                  00006678    0000006d     ti.targets.arm.rtsarm.aem4f : System.oem4f (.text:xdc_runtime_System_formatNum__I)
                  000066e5    00000003     --HOLE-- [fill = 0]
                  000066e8    0000006c     sysbios.aem4f : BIOS.obj (.text:ti_sysbios_knl_Clock_workFunc__E)
                  00006754    00000004     Robot_pem4f.oem4f (.text:ti_sysbios_heaps_HeapMem_Module_GateProxy_leave__E)
                  00006758    0000006c     sysbios.aem4f : BIOS.obj (.text:ti_sysbios_knl_Swi_restoreHwi__E)
                  000067c4    0000006c     ti.targets.arm.rtsarm.aem4f : Error.oem4f (.text:xdc_runtime_Error_print__E)
                  00006830    0000006c                                 : Memory.oem4f (.text:xdc_runtime_Memory_alloc__E)
                  0000689c    00000068     Sharp96x96.obj (.text:Sharp96x96_PixelDraw)
                  00006904    00000068     rtsv7M4_T_le_v4SPD16_eabi.lib : copy_decompress_lzss.obj (.text:decompress:lzss)
                  0000696c    00000068     drivers_MSP432P401R.aem4f : I2CMSP432.oem4f (.text:primeTransfer)
                  000069d4    00000068     rtsv7M4_T_le_v4SPD16_eabi.lib : trgmsg.obj (.text)
                  00006a3c    00000066     drivers_MSP432P401R.aem4f : I2CMSP432.oem4f (.text:I2CMSP432_close)
                  00006aa2    00000066     ti.targets.arm.rtsarm.aem4f : Core-mem.oem4f (.text:xdc_runtime_Core_deleteObject__I)
                  00006b08    00000064     rtsv7M4_T_le_v4SPD16_eabi.lib : s_frexp.obj (.text)
                  00006b6c    00000004     Robot_pem4f.oem4f (.text:ti_sysbios_knl_Clock_TimerProxy_getMaxTicks__E)
                  00006b70    00000064     sysbios.aem4f : BIOS.obj (.text:ti_sysbios_family_arm_m3_Hwi_dispatchC__I)
                  00006bd4    00000062     tirtosport.aem4f : HwiP_tirtos.oem4f (.text:HwiP_create)
                  00006c36    00000062     Sharp96x96utils.obj (.text:reverse)
                  00006c98    00000060     rtsv7M4_T_le_v4SPD16_eabi.lib : sprintf.obj (.text)
                  00006cf8    00000060     sysbios.aem4f : BIOS.obj (.text:ti_sysbios_knl_Task_schedule__I)
                  00006d58    0000005c     drivers_MSP432P401R.aem4f : GPIOMSP432.oem4f (.text:GPIO_init)
                  00006db4    00000004     Robot_pem4f.oem4f (.text:ti_sysbios_knl_Queue_destruct)
                  00006db8    0000005c     sysbios.aem4f : BIOS.obj (.text:ti_sysbios_knl_Swi_run__I)
                  00006e14    00000004     Robot_pem4f.oem4f (.text:ti_sysbios_knl_Semaphore_destruct)
                  00006e18    0000005c     sysbios.aem4f : BIOS.obj (.text:ti_sysbios_knl_Swi_schedule__I)
                  00006e74    00000004     ti.targets.arm.rtsarm.aem4f : Error.oem4f (.text:xdc_runtime_Error_getSite__E)
                  00006e78    0000005c     sysbios.aem4f : BIOS.obj (.text:ti_sysbios_knl_Task_Module_startup__E)
                  00006ed4    00000004     Robot_pem4f.oem4f (.text:xdc_runtime_System_Module_GateProxy_enter__E)
                  00006ed8    0000005c     sysbios.aem4f : BIOS.obj (.text:ti_sysbios_knl_Task_startCore__E)
                  00006f34    0000005b     ti.targets.arm.rtsarm.aem4f : Text.oem4f (.text:xdc_runtime_Text_putLab__E)
                  00006f8f    00000001     --HOLE-- [fill = 0]
                  00006f90    00000058     tirtosport.aem4f : SemaphoreP_tirtos.oem4f (.text:SemaphoreP_create)
                  00006fe8    00000058     Sharp96x96.obj (.text:Sharp96x96_InitializeDisplayBuffer)
                  00007040    00000058     boot.aem4f : boot.oem4f (.text)
                  00007098    00000058     rtsv7M4_T_le_v4SPD16_eabi.lib : hostwrite.obj (.text)
                  000070f0    00000058     Robot_pem4f.oem4f (.text:ti_sysbios_family_arm_m3_Hwi_construct)
                  00007148    00000058     sysbios.aem4f : m3_Hwi_asm_switch.obj (.text:ti_sysbios_family_arm_m3_Hwi_initStacks__E)
                  000071a0    00000054     drivers_MSP432P401R.aem4f : GPIOMSP432.oem4f (.text:GPIO_hwiIntFxn)
                  000071f4    00000054                               : GPIOMSP432.oem4f (.text:GPIO_setCallback)
                  00007248    00000054                               : PWMTimerMSP432.oem4f (.text:PWMTimerMSP432_stop)
                  0000729c    00000054     Sharp96x96.obj (.text:Sharp96x96_LCDInit)
                  000072f0    00000054     drivers_MSP432P401R.aem4f : I2CMSP432.oem4f (.text:initHw)
                  00007344    00000054     rtsv7M4_T_le_v4SPD16_eabi.lib : exit.obj (.text)
                  00007398    00000054                                   : ltoa.obj (.text)
                  000073ec    00000004     Robot_pem4f.oem4f (.text:xdc_runtime_System_Module_GateProxy_leave__E)
                  000073f0    00000054     sysbios.aem4f : BIOS.obj (.text:ti_sysbios_family_arm_msp432_Timer_initDevice__I)
                  00007444    00000004     ti.targets.arm.rtsarm.aem4f : System.oem4f (.text:xdc_runtime_System_aprintf_va__F)
                  00007448    00000054     sysbios.aem4f : BIOS.obj (.text:ti_sysbios_family_arm_msp432_init_Boot_configureClocksHigh)
                  0000749c    00000054     ti.targets.arm.rtsarm.aem4f : Assert.oem4f (.text:xdc_runtime_Assert_raise__I)
                  000074f0    00000050     drivers_MSP432P401R.aem4f : GPIOMSP432.oem4f (.text:GPIO_write)
                  00007540    00000050     msp432p4xx_driverlib.lib : pcm.o (.text:PCM_shutdownDevice)
                  00007590    00000050     drivers_MSP432P401R.aem4f : PWMTimerMSP432.oem4f (.text:PWMTimerMSP432_close)
                  000075e0    00000050     sysbios.aem4f : BIOS.obj (.text:ti_sysbios_family_arm_m3_Hwi_Module_startup__E)
                  00007630    00000050     ti.targets.arm.rtsarm.aem4f : Startup.oem4f (.text:xdc_runtime_Startup_exec__E)
                  00007680    00000050                                 : Text.oem4f (.text:xdc_runtime_Text_visitRope2__I)
                  000076d0    0000004c     msp432p4xx_driverlib.lib : gpio.o (.text:GPIO_setAsPeripheralModuleFunctionOutputPin)
                  0000771c    0000004c     rtsv7M4_T_le_v4SPD16_eabi.lib : atoi.obj (.text)
                  00007768    0000004c                                   : cpy_tbl.obj (.text)
                  000077b4    00000004     ti.targets.arm.rtsarm.aem4f : System.oem4f (.text:xdc_runtime_System_printf_va__F)
                  000077b8    0000004c     sysbios.aem4f : BIOS.obj (.text:ti_sysbios_family_arm_msp432_Timer_start__E)
                  00007804    00000004     --HOLE-- [fill = 0]
                  00007808    0000004c                   : BIOS.obj (.text:ti_sysbios_heaps_HeapMem_getStats__E)
                  00007854    00000004     --HOLE-- [fill = 0]
                  00007858    0000004c                   : BIOS.obj (.text:ti_sysbios_knl_Swi_runLoop__I)
                  000078a4    00000004     --HOLE-- [fill = 0]
                  000078a8    0000004c                   : BIOS.obj (.text:ti_sysbios_knl_Task_allBlockedFunction__I)
                  000078f4    0000004a     context.obj (.text:Graphics_initContext)
                  0000793e    00000048     msp432p4xx_driverlib.lib : timer_a.o (.text:Timer_A_generatePWM)
                  00007986    00000048     rtsv7M4_T_le_v4SPD16_eabi.lib : fd_toi_t2.obj (.text)
                  000079ce    00000002     --HOLE-- [fill = 0]
                  000079d0    00000048     sysbios.aem4f : BIOS.obj (.text:ti_sysbios_family_arm_m3_Hwi_disableInterrupt__E)
                  00007a18    00000048                   : BIOS.obj (.text:ti_sysbios_family_arm_m3_Hwi_enableInterrupt__E)
                  00007a60    00000048                   : BIOS.obj (.text:ti_sysbios_family_arm_m3_Hwi_excReserved__I)
                  00007aa8    00000046     ti.targets.arm.rtsarm.aem4f : Core-params.oem4f (.text:xdc_runtime_Core_assignParams__I)
                  00007aee    00000002     --HOLE-- [fill = 0]
                  00007af0    00000044     MSP_EXP432P401R.obj (.text:MSP_EXP432P401R_initPWM)
                  00007b34    00000044     drivers_MSP432P401R.aem4f : PowerMSP432.oem4f (.text:Power_init)
                  00007b78    00000044     sysbios.aem4f : BIOS.obj (.text:ti_sysbios_family_arm_m3_Hwi_getStackInfo__E)
                  00007bbc    00000004     --HOLE-- [fill = 0]
                  00007bc0    00000044                   : BIOS.obj (.text:ti_sysbios_knl_Swi_post__E)
                  00007c04    00000044     ti.targets.arm.rtsarm.aem4f : Error.oem4f (.text:xdc_runtime_Error_setX__E)
                  00007c48    00000044                                 : SysMin.oem4f (.text:xdc_runtime_SysMin_flush__E)
                  00007c8c    00000044                                 : Text.oem4f (.text:xdc_runtime_Text_xprintf__I)
                  00007cd0    00000042     drivers_MSP432P401R.aem4f : I2CMSP432.oem4f (.text:completeTransfer)
                  00007d12    00000002     --HOLE-- [fill = 0]
                  00007d14    00000040     msp432p4xx_driverlib.lib : flash.o (.text:FlashCtl_disableReadBuffering)
                  00007d54    00000040     string.obj (.text:Graphics_getNumberOfLeadingZeros)
                  00007d94    00000040     msp432p4xx_driverlib.lib : i2c.o (.text:I2C_masterSendMultiByteFinish)
                  00007dd4    00000040     drivers_MSP432P401R.aem4f : PWMTimerMSP432.oem4f (.text:PWMTimerMSP432_start)
                  00007e14    00000040                               : PowerMSP432.oem4f (.text:notify)
                  00007e54    00000040     rtsv7M4_T_le_v4SPD16_eabi.lib : u_divt2.obj (.text)
                  00007e94    00000004     --HOLE-- [fill = 0]
                  00007e98    00000040     sysbios.aem4f : BIOS.obj (.text:ti_sysbios_family_arm_msp432_Timer_startup__E)
                  00007ed8    0000003e     msp432p4xx_driverlib.lib : i2c.o (.text:I2C_initMaster)
                  00007f16    00000002     --HOLE-- [fill = 0]
                  00007f18    0000003c     MSP_EXP432P401R.obj (.text:MSP_EXP432P401R_initI2C)
                  00007f54    0000003c     power_tirtos_MSP432P401R.aem4f : PowerMSP432_tirtos.oem4f (.text:PowerMSP432_sleepPolicy)
                  00007f90    0000003c     drivers_MSP432P401R.aem4f : PWMTimerMSP432.oem4f (.text:getPeriodCounts)
                  00007fcc    00000004     --HOLE-- [fill = 0]
                  00007fd0    0000003c     sysbios.aem4f : BIOS.obj (.text:ti_sysbios_family_arm_m3_Hwi_excSvCall__I)
                  0000800c    00000004     --HOLE-- [fill = 0]
                  00008010    0000003c                   : BIOS.obj (.text:ti_sysbios_heaps_HeapMem_init__I)
                  0000804c    00000004     --HOLE-- [fill = 0]
                  00008050    0000003c                   : BIOS.obj (.text:ti_sysbios_knl_Swi_restore__E)
                  0000808c    00000038     drivers_MSP432P401R.aem4f : I2C.oem4f (.text:I2C_init)
                  000080c4    00000038                               : PWM.oem4f (.text:PWM_init)
                  000080fc    00000038                               : PWMTimerMSP432.oem4f (.text:getDutyCounts)
                  00008134    00000038                               : I2CMSP432.oem4f (.text:perfChangeNotifyFxn)
                  0000816c    00000004     --HOLE-- [fill = 0]
                  00008170    00000038     sysbios.aem4f : BIOS.obj (.text:ti_sysbios_family_arm_m3_Hwi_excNoIsr__I)
                  000081a8    00000038                   : BIOS.obj (.text:ti_sysbios_knl_Task_processVitalTaskFlag__I)
                  000081e0    00000038     ti.targets.arm.rtsarm.aem4f : SysMin.oem4f (.text:xdc_runtime_SysMin_putch__E)
                  00008218    00000038                                 : System.oem4f (.text:xdc_runtime_System_atexit__E)
                  00008250    00000034     msp432p4xx_driverlib.lib : flash.o (.text:FlashCtl_enableReadBuffering)
                  00008284    00000004     --HOLE-- [fill = 0]
                  00008288    00000034     sysbios.aem4f : BIOS.obj (.text:ti_sysbios_family_arm_m3_Hwi_Instance_finalize__E)
                  000082bc    00000004     --HOLE-- [fill = 0]
                  000082c0    00000034                   : BIOS.obj (.text:ti_sysbios_family_arm_m3_Hwi_excNmi__I)
                  000082f4    00000004     --HOLE-- [fill = 0]
                  000082f8    00000034                   : BIOS.obj (.text:ti_sysbios_hal_Hwi_checkStack)
                  0000832c    00000034     ti.targets.arm.rtsarm.aem4f : Core-label.oem4f (.text:xdc_runtime_Core_assignLabel__I)
                  00008360    00000033                                 : Text.oem4f (.text:xdc_runtime_Text_printVisFxn__I)
                  00008393    00000005     --HOLE-- [fill = 0]
                  00008398    00000032     sysbios.aem4f : BIOS.obj (.text:ti_sysbios_hal_Hwi_initStack)
                  000083ca    00000002     --HOLE-- [fill = 0]
                  000083cc    00000030     msp432p4xx_driverlib.lib : gpio.o (.text:GPIO_getEnabledInterruptStatus)
                  000083fc    00000030                              : gpio.o (.text:GPIO_setAsInputPinWithPullDownResistor)
                  0000842c    00000030                              : gpio.o (.text:GPIO_setAsInputPinWithPullUpResistor)
                  0000845c    00000030     drivers_MSP432P401R.aem4f : I2C.oem4f (.text:I2C_open)
                  0000848c    00000030     msp432p4xx_driverlib.lib : spi.o (.text:is_A_Module)
                  000084bc    00000030     Robot_pem4f.oem4f (.text:ti_sysbios_BIOS_atExitFunc__I)
                  000084ec    00000030     Robot_pem4f.oem4f (.text:ti_sysbios_BIOS_startFunc__I)
                  0000851c    00000004     --HOLE-- [fill = 0]
                  00008520    00000030     sysbios.aem4f : BIOS.obj (.text:ti_sysbios_family_arm_m3_TaskSupport_start__E)
                  00008550    00000030     Robot_pem4f.oem4f (.text:ti_sysbios_gates_GateHwi_Object__create__S)
                  00008580    00000030     Robot_pem4f.oem4f (.text:ti_sysbios_gates_GateMutex_Object__create__S)
                  000085b0    00000030     Robot_pem4f.oem4f (.text:ti_sysbios_heaps_HeapMem_Object__create__S)
                  000085e0    00000030     Robot_pem4f.oem4f (.text:ti_sysbios_knl_Semaphore_construct)
                  00008610    00000030     sysbios.aem4f : BIOS.obj (.text:ti_sysbios_knl_Semaphore_pendTimeout__I)
                  00008640    00000030                   : BIOS.obj (.text:ti_sysbios_knl_Task_unblockI__E)
                  00008670    00000030     ti.targets.arm.rtsarm.aem4f : SysMin.oem4f (.text:xdc_runtime_SysMin_abort__E)
                  000086a0    00000030                                 : System.oem4f (.text:xdc_runtime_System_processAtExit__E)
                  000086d0    0000002e     rtsv7M4_T_le_v4SPD16_eabi.lib : i_tofd_t2.obj (.text)
                  000086fe    00000002     --HOLE-- [fill = 0]
                  00008700    0000002c     msp432p4xx_driverlib.lib : gpio.o (.text:GPIO_setAsInputPin)
                  0000872c    0000002c                              : pcm.o (.text:PCM_getCoreVoltageLevel)
                  00008758    0000002c     power_tirtos_MSP432P401R.aem4f : PowerMSP432_tirtos.oem4f (.text:PowerMSP432_updateFreqs)
                  00008784    0000002c     drivers_MSP432P401R.aem4f : PowerMSP432.oem4f (.text:Power_releaseConstraint)
                  000087b0    0000002c                               : PowerMSP432.oem4f (.text:Power_setConstraint)
                  000087dc    0000002c     Robot_pem4f.oem4f (.text:ti_sysbios_knl_Clock_doTick__I)
                  00008808    0000002c     Robot_pem4f.oem4f (.text:ti_sysbios_knl_Queue_construct)
                  00008834    00000004     --HOLE-- [fill = 0]
                  00008838    0000002c     sysbios.aem4f : BIOS.obj (.text:ti_sysbios_knl_Task_restore__E)
                  00008864    0000002c     ti.targets.arm.rtsarm.aem4f : Text.oem4f (.text:xdc_runtime_Text_cordText__E)
                  00008890    0000002a     msp432p4xx_driverlib.lib : pcm.o (.text:PCM_getPowerMode)
                  000088ba    0000002a     ti.targets.arm.rtsarm.aem4f : System.oem4f (.text:xdc_runtime_System_putchar__I)
                  000088e4    00000028     msp432p4xx_driverlib.lib : flash.o (.text:FlashCtl_setWaitState)
                  0000890c    00000028     drivers_MSP432P401R.aem4f : GPIOMSP432.oem4f (.text:GPIO_enableInt)
                  00008934    00000028     msp432p4xx_driverlib.lib : pcm.o (.text:PCM_gotoLPM0)
                  0000895c    00000004     --HOLE-- [fill = 0]
                  00008960    00000028     sysbios.aem4f : BIOS.obj (.text:ti_sysbios_knl_Clock_addI__E)
                  00008988    00000028                   : BIOS.obj (.text:ti_sysbios_knl_Swi_Module_startup__E)
                  000089b0    00000026     drivers_MSP432P401R.aem4f : List.oem4f (.text:List_put)
                  000089d6    00000026     sysbios.aem4f : m3_Hwi_asm.obj (.text:ti_sysbios_family_arm_m3_Hwi_pendSV__I)
                  000089fc    00000026     ti.targets.arm.rtsarm.aem4f : System.oem4f (.text:xdc_runtime_System_avprintf__E)
                  00008a22    00000002     --HOLE-- [fill = 0]
                  00008a24    00000024     msp432p4xx_driverlib.lib : cs.o (.text:CS_setDCOCenteredFrequency)
                  00008a48    00000024                              : gpio.o (.text:GPIO_setAsOutputPin)
                  00008a6c    00000024                              : i2c.o (.text:I2C_masterSendMultiByteNext)
                  00008a90    00000024                              : rtc_c.o (.text:RTC_C_holdClock)
                  00008ab4    00000024                              : rtc_c.o (.text:RTC_C_startClock)
                  00008ad8    00000024     Robot_pem4f.oem4f (.text:ti_sysbios_BIOS_errorRaiseHook__I)
                  00008afc    00000024     Robot_pem4f.oem4f (.text:ti_sysbios_BIOS_registerRTSLock__I)
                  00008b20    00000024     Robot_pem4f.oem4f (.text:ti_sysbios_BIOS_removeRTSLock__I)
                  00008b44    00000004     --HOLE-- [fill = 0]
                  00008b48    00000024     sysbios.aem4f : BIOS.obj (.text:ti_sysbios_family_arm_msp432_ClockFreqs_setFrequency__E)
                  00008b6c    00000024     Robot_pem4f.oem4f (.text:ti_sysbios_gates_GateMutex_Object__delete__S)
                  00008b90    00000024     sysbios.aem4f : BIOS.obj (.text:ti_sysbios_knl_Clock_Module_startup__E)
                  00008bb4    00000004     --HOLE-- [fill = 0]
                  00008bb8    00000024                   : BIOS.obj (.text:ti_sysbios_knl_Task_restoreHwi__E)
                  00008bdc    00000024     ti.targets.arm.rtsarm.aem4f : System.oem4f (.text:xdc_runtime_System_vprintf__E)
                  00008c00    00000022     Robot_pem4f.oem4f (.text:xdc_runtime_SysMin_output__I)
                  00008c22    00000002     --HOLE-- [fill = 0]
                  00008c24    00000020     msp432p4xx_driverlib.lib : gpio.o (.text:GPIO_interruptEdgeSelect)
                  00008c44    00000020     drivers_MSP432P401R.aem4f : PowerMSP432.oem4f (.text:PowerMSP432_getFreqs)
                  00008c64    00000020                               : PowerMSP432.oem4f (.text:Power_unregisterNotify)
                  00008c84    00000020     msp432p4xx_driverlib.lib : spi.o (.text:SPI_transmitData)
                  00008ca4    00000020     Robot_pem4f.oem4f (.text:ti_sysbios_BIOS_rtsLock__I)
                  00008cc4    00000020     sysbios.aem4f : m3_Hwi_asm.obj (.text:ti_sysbios_family_arm_m3_Hwi_excHandlerAsm__I)
                  00008ce4    00000004     --HOLE-- [fill = 0]
                  00008ce8    00000020                   : BIOS.obj (.text:ti_sysbios_family_arm_m3_Hwi_excHandler__I)
                  00008d08    00000020     Robot_pem4f.oem4f (.text:ti_sysbios_gates_GateHwi_Object__delete__S)
                  00008d28    00000020     Robot_pem4f.oem4f (.text:ti_sysbios_heaps_HeapMem_Object__delete__S)
                  00008d48    00000020     sysbios.aem4f : BIOS.obj (.text:ti_sysbios_knl_Idle_run__E)
                  00008d68    00000020     Robot_pem4f.oem4f (.text:ti_sysbios_knl_Semaphore_Object__destruct__S)
                  00008d88    00000020     ti.targets.arm.rtsarm.aem4f : Registry.oem4f (.text:xdc_runtime_Registry_findById__E)
                  00008da8    00000020                                 : SysMin.oem4f (.text:xdc_runtime_SysMin_Module_startup__E)
                  00008dc8    0000001e     drivers_MSP432P401R.aem4f : PWMTimerMSP432.oem4f (.text:corroboratePeriod)
                  00008de6    0000001e     sysbios.aem4f : m3_Hwi_asm_switch.obj (.text:ti_sysbios_family_xxx_Hwi_switchAndRunFunc)
                  00008e04    0000001c     msp432p4xx_driverlib.lib : spi.o (.text:EUSCI_B_SPI_isBusy)
                  00008e20    0000001c                              : pcm.o (.text:PCM_enableRudeMode)
                  00008e3c    0000001c     drivers_MSP432P401R.aem4f : PowerMSP432.oem4f (.text:Power_registerNotify)
                  00008e58    0000001c     rtsv7M4_T_le_v4SPD16_eabi.lib : memccpy.obj (.text)
                  00008e74    0000001c     Robot_pem4f.oem4f (.text:ti_sysbios_family_arm_m3_Hwi_Object__destruct__S)
                  00008e90    0000001c     sysbios.aem4f : BIOS.obj (.text:ti_sysbios_gates_GateMutex_Instance_init__E)
                  00008eac    0000001c     Robot_pem4f.oem4f (.text:ti_sysbios_knl_Queue_Object__destruct__S)
                  00008ec8    0000001c     sysbios.aem4f : BIOS.obj (.text:ti_sysbios_knl_Queue_put__E)
                  00008ee4    00000004     --HOLE-- [fill = 0]
                  00008ee8    0000001c                   : BIOS.obj (.text:ti_sysbios_knl_Task_enter__I)
                  00008f04    0000001c     ti.targets.arm.rtsarm.aem4f : Error.oem4f (.text:xdc_runtime_Error_raiseX__E)
                  00008f20    0000001c                                 : Memory.oem4f (.text:xdc_runtime_Memory_valloc__E)
                  00008f3c    0000001c                                 : SysMin.oem4f (.text:xdc_runtime_SysMin_exit__E)
                  00008f58    0000001c                                 : System.oem4f (.text:xdc_runtime_System_abort__E)
                  00008f74    0000001a     drivers_MSP432P401R.aem4f : List.oem4f (.text:List_remove)
                  00008f8e    0000001a     msp432p4xx_driverlib.lib : spi.o (.text:SPI_enableModule)
                  00008fa8    0000001a     Robot_pem4f.oem4f (.text:ti_sysbios_family_arm_m3_Hwi_Handle__label__S)
                  00008fc2    0000001a     Robot_pem4f.oem4f (.text:ti_sysbios_gates_GateHwi_Handle__label__S)
                  00008fdc    0000001a     Robot_pem4f.oem4f (.text:ti_sysbios_gates_GateMutex_Handle__label__S)
                  00008ff6    0000001a     Robot_pem4f.oem4f (.text:ti_sysbios_heaps_HeapMem_Handle__label__S)
                  00009010    0000001a     Robot_pem4f.oem4f (.text:ti_sysbios_knl_Swi_Handle__label__S)
                  0000902a    0000001a     Robot_pem4f.oem4f (.text:ti_sysbios_knl_Task_Handle__label__S)
                  00009044    0000001a     Robot_pem4f.oem4f (.text:xdc_runtime_System_aprintf__E)
                  0000905e    0000001a     Robot_pem4f.oem4f (.text:xdc_runtime_System_printf__E)
                  00009078    00000018     msp432p4xx_driverlib.lib : gpio.o (.text:GPIO_clearInterruptFlag)
                  00009090    00000018                              : gpio.o (.text:GPIO_setDriveStrengthLow)
                  000090a8    00000018                              : gpio.o (.text:GPIO_setOutputLowOnPin)
                  000090c0    00000018                              : i2c.o (.text:I2C_masterIsStartSent)
                  000090d8    00000018                              : wdt_a.o (.text:WDT_A_holdTimer)
                  000090f0    00000018     drivers_MSP432P401R.aem4f : PWMTimerMSP432.oem4f (.text:corroborateDuty)
                  00009108    00000018     rtsv7M4_T_le_v4SPD16_eabi.lib : args_main.obj (.text)
                  00009120    00000018     Robot_pem4f.oem4f (.text:ti_sysbios_BIOS_rtsUnlock__I)
                  00009138    00000018     Robot_pem4f.oem4f (.text:ti_sysbios_family_arm_m3_Hwi_Module__startupDone__F)
                  00009150    00000018     sysbios.aem4f : m3_TaskSupport_asm.obj (.text:ti_sysbios_family_arm_m3_TaskSupport_swap__E)
                  00009168    00000018     Robot_pem4f.oem4f (.text:ti_sysbios_family_arm_msp432_Timer_Module__startupDone__F)
                  00009180    00000018     sysbios.aem4f : BIOS.obj (.text:ti_sysbios_gates_GateMutex_leave__E)
                  00009198    00000018                   : BIOS.obj (.text:ti_sysbios_knl_Task_sleepTimeout__I)
                  000091b0    00000018     ti.targets.arm.rtsarm.aem4f : Error.oem4f (.text:xdc_runtime_Error_check__E)
                  000091c8    00000018                                 : System.oem4f (.text:xdc_runtime_System_exit__E)
                  000091e0    00000018                                 : Text.oem4f (.text:xdc_runtime_Text_ropeText__E)
                  000091f8    00000016     tirtosport.aem4f : HwiP_tirtos.oem4f (.text:HwiP_delete)
                  0000920e    00000016                      : SemaphoreP_tirtos.oem4f (.text:SemaphoreP_delete)
                  00009224    00000016     rtsv7M4_T_le_v4SPD16_eabi.lib : strchr.obj (.text)
                  0000923a    00000016     Robot_pem4f.oem4f (.text:ti_sysbios_BIOS_exitFunc__I)
                  00009250    00000014     msp432p4xx_driverlib.lib : gpio.o (.text:GPIO_enableInterrupt)
                  00009264    00000014                              : gpio.o (.text:GPIO_setDriveStrengthHigh)
                  00009278    00000014                              : gpio.o (.text:GPIO_setOutputHighOnPin)
                  0000928c    00000014     drivers_MSP432P401R.aem4f : PowerMSP432.oem4f (.text:Power_idleFunc)
                  000092a0    00000014     Sharp96x96.obj (.text:Sharp96x96_ClearBuffer)
                  000092b4    00000014     msp432p4xx_driverlib.lib : wdt_a.o (.text:WDT_A_startTimer)
                  000092c8    00000014     buttons.obj (.text:gpioButtonFxn0)
                  000092dc    00000014     buttons.obj (.text:gpioButtonFxn1)
                  000092f0    00000014     rtsv7M4_T_le_v4SPD16_eabi.lib : _lock.obj (.text)
                  00009304    00000014                                   : s_copysign.obj (.text)
                  00009318    00000014                                   : strlen.obj (.text)
                  0000932c    00000014     Robot_pem4f.oem4f (.text:ti_sysbios_family_arm_m3_Hwi_Object__get__S)
                  00009340    00000014     sysbios.aem4f : BIOS.obj (.text:ti_sysbios_family_arm_m3_Hwi_switchFromBootStack__E)
                  00009354    00000014     Robot_pem4f.oem4f (.text:ti_sysbios_heaps_HeapMem_Object__get__S)
                  00009368    00000014     Robot_pem4f.oem4f (.text:ti_sysbios_knl_Swi_Object__get__S)
                  0000937c    00000012     tirtosport.aem4f : SemaphoreP_tirtos.oem4f (.text:SemaphoreP_pend)
                  0000938e    00000012     Sharp96x96.obj (.text:Sharp96x96_ColorTranslate)
                  000093a0    00000012     heartBeatTask.obj (.text:heartBeatTaskFxn)
                  000093b2    00000006     drivers_MSP432P401R.aem4f : I2CMSP432.oem4f (.text:I2CMSP432_control)
                  000093b8    00000012     sysbios.aem4f : BIOS.obj (.text:ti_sysbios_hal_Hwi_Module_startup__E)
                  000093ca    00000012     Robot_pem4f.oem4f (.text:xdc_runtime_Startup_exec__I)
                  000093dc    00000010     msp432p4xx_driverlib.lib : gpio.o (.text:GPIO_getInterruptStatus)
                  000093ec    00000010     drivers_MSP432P401R.aem4f : I2C.oem4f (.text:I2C_Params_init)
                  000093fc    00000010     msp432p4xx_driverlib.lib : i2c.o (.text:I2C_masterReceiveMultiByteStop)
                  0000940c    00000010                              : i2c.o (.text:I2C_masterReceiveStart)
                  0000941c    00000010                              : i2c.o (.text:I2C_masterSendStart)
                  0000942c    00000010                              : pcm.o (.text:PCM_gotoLPM4)
                  0000943c    00000004     --HOLE-- [fill = 0]
                  00009440    00000010     sysbios.aem4f : BIOS.obj (.text:ti_sysbios_BIOS_setCpuFreq__E)
                  00009450    00000010                   : BIOS.obj (.text:ti_sysbios_BIOS_setThreadType__E)
                  00009460    00000010                   : BIOS.obj (.text:ti_sysbios_BIOS_start__E)
                  00009470    00000010                   : m3_TaskSupport_asm.obj (.text:ti_sysbios_family_arm_m3_TaskSupport_glue)
                  00009480    00000010                   : BIOS.obj (.text:ti_sysbios_family_arm_msp432_init_Boot_disableWatchdog)
                  00009490    00000010                   : BIOS.obj (.text:ti_sysbios_gates_GateMutex_Instance_finalize__E)
                  000094a0    00000010                   : BIOS.obj (.text:ti_sysbios_knl_Semaphore_Instance_finalize__E)
                  000094b0    00000010                   : BIOS.obj (.text:ti_sysbios_knl_Swi_disable__E)
                  000094c0    00000010     Robot_pem4f.oem4f (.text:ti_sysbios_knl_Task_Object__get__S)
                  000094d0    00000010     sysbios.aem4f : BIOS.obj (.text:ti_sysbios_knl_Task_disable__E)
                  000094e0    00000010     ti.targets.arm.rtsarm.aem4f : Gate.oem4f (.text:xdc_runtime_Gate_leaveSystem__E)
                  000094f0    00000010                                 : Memory.oem4f (.text:xdc_runtime_Memory_free__E)
                  00009500    00000010                                 : SysMin.oem4f (.text:xdc_runtime_SysMin_ready__E)
                  00009510    00000010                                 : System.oem4f (.text:xdc_runtime_System_vsnprintf__E)
                  00009520    00000010     Robot_pem4f.oem4f (.text:xdc_runtime_Text_visitRope__I)
                  00009530    0000000e     tirtosport.aem4f : HwiP_tirtos.oem4f (.text:HwiP_Params_init)
                  0000953e    0000000e     msp432p4xx_driverlib.lib : i2c.o (.text:I2C_clearInterruptFlag)
                  0000954c    0000000e                              : i2c.o (.text:I2C_disableInterrupt)
                  0000955a    0000000e                              : i2c.o (.text:I2C_setMode)
                  00009568    0000000e                              : timer_a.o (.text:Timer_A_setCompareValue)
                  00009576    0000000e     rtsv7M4_T_le_v4SPD16_eabi.lib : copy_decompress_none.obj (.text:decompress:none)
                  00009584    00000004     --HOLE-- [fill = 0]
                  00009588    0000000e     sysbios.aem4f : BIOS.obj (.text:ti_sysbios_knl_Idle_loop__E)
                  00009596    00000002     --HOLE-- [fill = 0]
                  00009598    0000000e                   : BIOS.obj (.text:ti_sysbios_knl_Queue_empty__E)
                  000095a6    0000000c     Robot_pem4f.oem4f (.text:.bootCodeSection:ti_sysbios_family_arm_msp432_init_Boot_init__I)
                  000095b2    0000000c     msp432p4xx_driverlib.lib : cpu.o (.text:CPU_cpsid)
                  000095be    0000000c                              : cpu.o (.text:CPU_cpsie)
                  000095ca    0000000c                              : spi.o (.text:EUSCI_A_SPI_enable)
                  000095d6    0000000c                              : spi.o (.text:EUSCI_B_SPI_enable)
                  000095e2    0000000c                              : i2c.o (.text:I2C_disableModule)
                  000095ee    0000000c                              : i2c.o (.text:I2C_enableModule)
                  000095fa    00000002     --HOLE-- [fill = 0]
                  000095fc    0000000c                              : pcm.o (.text:PCM_getPowerState)
                  00009608    0000000c     drivers_MSP432P401R.aem4f : PowerMSP432.oem4f (.text:Power_getConstraintMask)
                  00009614    0000000c                               : PowerMSP432.oem4f (.text:Power_getPerformanceLevel)
                  00009620    0000000c     msp432p4xx_driverlib.lib : timer_a.o (.text:Timer_A_stopTimer)
                  0000962c    0000000c     rtsv7M4_T_le_v4SPD16_eabi.lib : copy_zero_init.obj (.text:decompress:ZI)
                  00009638    0000000c     Robot_pem4f.oem4f (.text:ti_sysbios_family_arm_m3_Hwi_Params__init__S)
                  00009644    00000004     --HOLE-- [fill = 0]
                  00009648    0000000c     sysbios.aem4f : BIOS.obj (.text:ti_sysbios_family_arm_m3_Hwi_disableFxn__E)
                  00009654    00000004     --HOLE-- [fill = 0]
                  00009658    0000000c                   : BIOS.obj (.text:ti_sysbios_family_arm_m3_TaskSupport_checkStack__E)
                  00009664    00000004     --HOLE-- [fill = 0]
                  00009668    0000000c                   : BIOS.obj (.text:ti_sysbios_family_arm_msp432_Timer_getMaxTicks__E)
                  00009674    00000004     --HOLE-- [fill = 0]
                  00009678    0000000c                   : BIOS.obj (.text:ti_sysbios_gates_GateHwi_enter__E)
                  00009684    0000000c     Robot_pem4f.oem4f (.text:ti_sysbios_knl_Queue_Object__get__S)
                  00009690    0000000c     Robot_pem4f.oem4f (.text:ti_sysbios_knl_Semaphore_Params__init__S)
                  0000969c    0000000c     ti.targets.arm.rtsarm.aem4f : Error.oem4f (.text:xdc_runtime_Error_init__E)
                  000096a8    0000000c                                 : Gate.oem4f (.text:xdc_runtime_Gate_enterSystem__E)
                  000096b4    0000000c                                 : Memory.oem4f (.text:xdc_runtime_Memory_calloc__E)
                  000096c0    0000000c                                 : Memory.oem4f (.text:xdc_runtime_Memory_getMaxDefaultTypeAlign__E)
                  000096cc    0000000c                                 : Startup.oem4f (.text:xdc_runtime_Startup_rtsDone__E)
                  000096d8    0000000a     drivers_MSP432P401R.aem4f : I2CMSP432.oem4f (.text:I2CMSP432_init)
                  000096e2    0000000a                               : I2C.oem4f (.text:I2C_close)
                  000096ec    0000000a                               : I2C.oem4f (.text:I2C_transfer)
                  000096f6    0000000a     tirtosport.aem4f : SemaphoreP_tirtos.oem4f (.text:SemaphoreP_post)
                  00009700    0000000a     Robot_pem4f.oem4f (.text:xdc_runtime_IHeap_alloc)
                  0000970a    0000000a     Robot_pem4f.oem4f (.text:xdc_runtime_IHeap_free)
                  00009714    00000008     msp432p4xx_driverlib.lib : i2c.o (.text:I2C_enableInterrupt)
                  0000971c    00000008     MSP_EXP432P401R.obj (.text:MSP_EXP432P401R_initGPIO)
                  00009724    00000008     MSP_EXP432P401R.obj (.text:MSP_EXP432P401R_initGeneral)
                  0000972c    00000008     msp432p4xx_driverlib.lib : pcm.o (.text:PCM_setPowerMode)
                  00009734    00000008                              : pcm.o (.text:PCM_setPowerState)
                  0000973c    00000008     drivers_MSP432P401R.aem4f : PWMTimerMSP432.oem4f (.text:PWMTimerMSP432_init)
                  00009744    00000008     tirtosport.aem4f : SemaphoreP_tirtos.oem4f (.text:SemaphoreP_Params_init)
                  0000974c    00000008     msp432p4xx_driverlib.lib : timer_a.o (.text:Timer_A_startCounter)
                  00009754    00000008     drivers_MSP432P401R.aem4f : I2CMSP432.oem4f (.text:blockingTransferCallback)
                  0000975c    00000004     --HOLE-- [fill = 0]
                  00009760    00000008     sysbios.aem4f : BIOS.obj (.text:ti_sysbios_family_arm_m3_Hwi_doSwiRestore__I)
                  00009768    00000008                   : BIOS.obj (.text:ti_sysbios_family_arm_m3_Hwi_startup__E)
                  00009770    00000006     msp432p4xx_driverlib.lib : i2c.o (.text:I2C_getEnabledInterruptStatus)
                  00009776    00000006                              : i2c.o (.text:I2C_getInterruptStatus)
                  0000977c    00000006                              : i2c.o (.text:I2C_masterReceiveMultiByteNext)
                  00009782    00000006     drivers_MSP432P401R.aem4f : PWMTimerMSP432.oem4f (.text:PWMTimerMSP432_control)
                  00009788    00000006     sysbios.aem4f : BIOS.obj (.text:ti_sysbios_family_arm_m3_Hwi_doTaskRestore__I)
                  0000978e    00000002     --HOLE-- [fill = 0]
                  00009790    00000006                   : BIOS.obj (.text:ti_sysbios_family_arm_m3_Hwi_restoreFxn__E)
                  00009796    00000002     --HOLE-- [fill = 0]
                  00009798    00000006                   : BIOS.obj (.text:ti_sysbios_gates_GateHwi_leave__E)
                  0000979e    00000002     --HOLE-- [fill = 0]
                  000097a0    00000006                   : BIOS.obj (.text:ti_sysbios_heaps_HeapMem_isBlocking__E)
                  000097a6    00000002     --HOLE-- [fill = 0]
                  000097a8    00000006                   : BIOS.obj (.text:ti_sysbios_knl_Queue_Instance_init__E)
                  000097ae    00000002     --HOLE-- [fill = 0]
                  000097b0    00000006                   : BIOS.obj (.text:ti_sysbios_knl_Swi_startup__E)
                  000097b6    00000006     ti.targets.arm.rtsarm.aem4f : System.oem4f (.text:xdc_runtime_System_Module_startup__E)
                  000097bc    00000004     --HOLE-- [fill = 0]
                  000097c0    00000004     sysbios.aem4f : BIOS.obj (.text:ti_sysbios_gates_GateHwi_query__E)
                  000097c4    00000004     --HOLE-- [fill = 0]
                  000097c8    00000004                   : BIOS.obj (.text:ti_sysbios_gates_GateMutex_query__E)
                  000097cc    00000004     --HOLE-- [fill = 0]
                  000097d0    00000004                   : BIOS.obj (.text:ti_sysbios_knl_Task_startup__E)
                  000097d4    00000004     --HOLE-- [fill = 0]
                  000097d8    00000002                   : BIOS.obj (.text:ti_sysbios_BIOS_linkedWithIncorrectBootLibrary__E)
                  000097da    00000006     --HOLE-- [fill = 0]
                  000097e0    00000002                   : BIOS.obj (.text:ti_sysbios_gates_GateHwi_Instance_init__E)
                  000097e2    00000006     --HOLE-- [fill = 0]
                  000097e8    00000002                   : BIOS.obj (.text:ti_sysbios_knl_Clock_logTick__E)

.const     0    000097ec    000029d7     
                  000097ec    0000183e     Robot_pem4f.oem4f (.const:xdc_runtime_Text_charTab__A)
                  0000b02a    0000094d     fontcm20b.obj (.const:.string:g_pucCm20bData)
                  0000b977    00000101     rtsv7M4_T_le_v4SPD16_eabi.lib : ctype.obj (.const:.string:_ctypes_)
                  0000ba78    000000c8     fontcm20b.obj (.const:g_sFontCm20b)
                  0000bb40    000000b0     Robot_pem4f.oem4f (.const:xdc_runtime_Text_nodeTab__A)
                  0000bbf0    00000048     Robot_pem4f.oem4f (.const:.string)
                  0000bc38    0000003c     MSP_EXP432P401R.obj (.const:PWM_config)
                  0000bc74    00000030     MSP_EXP432P401R.obj (.const:I2C_config)
                  0000bca4    00000030     Sharp96x96.obj (.const:g_sharp96x96LCD)
                  0000bcd4    00000030     MSP_EXP432P401R.obj (.const:i2cMSP432HWAttrs)
                  0000bd04    00000030     MSP_EXP432P401R.obj (.const:pwmTimerMSP432HWAttrs)
                  0000bd34    00000030     Robot_pem4f.oem4f (.const:ti_sysbios_family_arm_m3_Hwi_Object__PARAMS__C)
                  0000bd64    00000028     drivers_MSP432P401R.aem4f : PWMTimerMSP432.oem4f (.const)
                  0000bd8c    00000028     Robot_pem4f.oem4f (.const:ti_sysbios_heaps_HeapMem_Module__FXNS__C)
                  0000bdb4    00000024     Robot_pem4f.oem4f (.const:ti_sysbios_gates_GateHwi_Module__FXNS__C)
                  0000bdd8    00000024     Robot_pem4f.oem4f (.const:ti_sysbios_gates_GateMutex_Module__FXNS__C)
                  0000bdfc    00000024     Robot_pem4f.oem4f (.const:ti_sysbios_heaps_HeapMem_Object__PARAMS__C)
                  0000be20    00000024     Robot_pem4f.oem4f (.const:ti_sysbios_knl_Semaphore_Object__PARAMS__C)
                  0000be44    00000020     drivers_MSP432P401R.aem4f : I2CMSP432.oem4f (.const)
                  0000be64    00000020     Robot_pem4f.oem4f (.const:ti_sysbios_family_arm_m3_Hwi_Object__DESC__C)
                  0000be84    00000020     Robot_pem4f.oem4f (.const:ti_sysbios_gates_GateHwi_Object__DESC__C)
                  0000bea4    00000020     Robot_pem4f.oem4f (.const:ti_sysbios_gates_GateMutex_Object__DESC__C)
                  0000bec4    00000020     Robot_pem4f.oem4f (.const:ti_sysbios_heaps_HeapMem_Object__DESC__C)
                  0000bee4    00000020     Robot_pem4f.oem4f (.const:ti_sysbios_knl_Queue_Object__DESC__C)
                  0000bf04    00000020     Robot_pem4f.oem4f (.const:ti_sysbios_knl_Semaphore_Object__DESC__C)
                  0000bf24    00000020     Robot_pem4f.oem4f (.const:xdc_runtime_Startup_sfxnTab__A)
                  0000bf44    0000001c     Sharp96x96.obj (.const:$P$T0$1)
                  0000bf60    00000018     Robot_pem4f.oem4f (.const:ti_sysbios_gates_GateHwi_Object__PARAMS__C)
                  0000bf78    00000018     Robot_pem4f.oem4f (.const:ti_sysbios_gates_GateMutex_Object__PARAMS__C)
                  0000bf90    00000018     Robot_pem4f.oem4f (.const:ti_sysbios_knl_Queue_Object__PARAMS__C)
                  0000bfa8    00000014     MSP_EXP432P401R.obj (.const:GPIOMSP432_config)
                  0000bfbc    00000010     MSP_EXP432P401R.obj (.const:PowerMSP432_config)
                  0000bfcc    00000010     drivers_MSP432P401R.aem4f : I2C.oem4f (.const)
                  0000bfdc    00000010     Robot_pem4f.oem4f (.const:xdc_runtime_Startup_sfxnRts__A)
                  0000bfec    0000000c     drivers_MSP432P401R.aem4f : GPIOMSP432.oem4f (.const:.string)
                  0000bff8    0000000c     Robot_pem4f.oem4f (.const:xdc_runtime_Startup_firstFxns__A)
                  0000c004    00000008     MSP_EXP432P401R.obj (.const:.string:$P$T0$1)
                  0000c00c    00000008     Robot_pem4f.oem4f (.const:ti_sysbios_family_arm_m3_Hwi_excHookFuncs__A)
                  0000c014    00000008     Robot_pem4f.oem4f (.const:ti_sysbios_knl_Idle_funcList__A)
                  0000c01c    00000008     Robot_pem4f.oem4f (.const:ti_sysbios_knl_Idle_funcList__C)
                  0000c024    00000008     Robot_pem4f.oem4f (.const:xdc_runtime_Startup_firstFxns__C)
                  0000c02c    00000008     Robot_pem4f.oem4f (.const:xdc_runtime_Startup_lastFxns__C)
                  0000c034    00000004     Robot_pem4f.oem4f (.const:ti_sysbios_family_arm_m3_Hwi_E_NMI__C)
                  0000c038    00000004     Robot_pem4f.oem4f (.const:ti_sysbios_family_arm_m3_Hwi_E_alreadyDefined__C)
                  0000c03c    00000004     Robot_pem4f.oem4f (.const:ti_sysbios_family_arm_m3_Hwi_E_busFault__C)
                  0000c040    00000004     Robot_pem4f.oem4f (.const:ti_sysbios_family_arm_m3_Hwi_E_debugMon__C)
                  0000c044    00000004     Robot_pem4f.oem4f (.const:ti_sysbios_family_arm_m3_Hwi_E_hardFault__C)
                  0000c048    00000004     Robot_pem4f.oem4f (.const:ti_sysbios_family_arm_m3_Hwi_E_memFault__C)
                  0000c04c    00000004     Robot_pem4f.oem4f (.const:ti_sysbios_family_arm_m3_Hwi_E_noIsr__C)
                  0000c050    00000004     Robot_pem4f.oem4f (.const:ti_sysbios_family_arm_m3_Hwi_E_reserved__C)
                  0000c054    00000004     Robot_pem4f.oem4f (.const:ti_sysbios_family_arm_m3_Hwi_E_svCall__C)
                  0000c058    00000004     Robot_pem4f.oem4f (.const:ti_sysbios_family_arm_m3_Hwi_E_usageFault__C)
                  0000c05c    00000004     Robot_pem4f.oem4f (.const:ti_sysbios_family_arm_m3_Hwi_NUM_INTERRUPTS__C)
                  0000c060    00000004     Robot_pem4f.oem4f (.const:ti_sysbios_family_arm_m3_Hwi_Object__count__C)
                  0000c064    00000004     Robot_pem4f.oem4f (.const:ti_sysbios_family_arm_m3_Hwi_ccr__C)
                  0000c068    00000004     Robot_pem4f.oem4f (.const:ti_sysbios_family_arm_m3_Hwi_excHandlerFunc__C)
                  0000c06c    00000004     Robot_pem4f.oem4f (.const:ti_sysbios_family_arm_m3_Hwi_excHookFuncs__C)
                  0000c070    00000004     Robot_pem4f.oem4f (.const:ti_sysbios_family_arm_m3_Hwi_nullIsrFunc__C)
                  0000c074    00000004     Robot_pem4f.oem4f (.const:ti_sysbios_family_arm_m3_Hwi_priGroup__C)
                  0000c078    00000004     Robot_pem4f.oem4f (.const:ti_sysbios_family_arm_msp432_Timer_numTimerDevices__C)
                  0000c07c    00000004     Robot_pem4f.oem4f (.const:ti_sysbios_family_arm_msp432_Timer_startupNeeded__C)
                  0000c080    00000004     Robot_pem4f.oem4f (.const:ti_sysbios_gates_GateMutex_A_badContext__C)
                  0000c084    00000004     Robot_pem4f.oem4f (.const:ti_sysbios_gates_GateMutex_Instance_State_sem__O)
                  0000c088    00000004     Robot_pem4f.oem4f (.const:ti_sysbios_gates_GateMutex_Module__diagsEnabled__C)
                  0000c08c    00000004     Robot_pem4f.oem4f (.const:ti_sysbios_gates_GateMutex_Module__diagsIncluded__C)
                  0000c090    00000004     Robot_pem4f.oem4f (.const:ti_sysbios_gates_GateMutex_Module__diagsMask__C)
                  0000c094    00000004     Robot_pem4f.oem4f (.const:ti_sysbios_hal_Hwi_E_stackOverflow__C)
                  0000c098    00000004     Robot_pem4f.oem4f (.const:ti_sysbios_heaps_HeapMem_A_align__C)
                  0000c09c    00000004     Robot_pem4f.oem4f (.const:ti_sysbios_heaps_HeapMem_A_heapSize__C)
                  0000c0a0    00000004     Robot_pem4f.oem4f (.const:ti_sysbios_heaps_HeapMem_A_invalidFree__C)
                  0000c0a4    00000004     Robot_pem4f.oem4f (.const:ti_sysbios_heaps_HeapMem_A_zeroBlock__C)
                  0000c0a8    00000004     Robot_pem4f.oem4f (.const:ti_sysbios_heaps_HeapMem_E_memory__C)
                  0000c0ac    00000004     Robot_pem4f.oem4f (.const:ti_sysbios_heaps_HeapMem_Module__diagsEnabled__C)
                  0000c0b0    00000004     Robot_pem4f.oem4f (.const:ti_sysbios_heaps_HeapMem_Module__diagsIncluded__C)
                  0000c0b4    00000004     Robot_pem4f.oem4f (.const:ti_sysbios_heaps_HeapMem_Module__diagsMask__C)
                  0000c0b8    00000004     Robot_pem4f.oem4f (.const:ti_sysbios_heaps_HeapMem_Module__gateObj__C)
                  0000c0bc    00000004     Robot_pem4f.oem4f (.const:ti_sysbios_heaps_HeapMem_Object__count__C)
                  0000c0c0    00000004     Robot_pem4f.oem4f (.const:ti_sysbios_heaps_HeapMem_reqAlign__C)
                  0000c0c4    00000004     Robot_pem4f.oem4f (.const:ti_sysbios_knl_Clock_Module_State_clockQ__O)
                  0000c0c8    00000004     Robot_pem4f.oem4f (.const:ti_sysbios_knl_Semaphore_A_badContext__C)
                  0000c0cc    00000004     Robot_pem4f.oem4f (.const:ti_sysbios_knl_Semaphore_A_noEvents__C)
                  0000c0d0    00000004     Robot_pem4f.oem4f (.const:ti_sysbios_knl_Semaphore_A_overflow__C)
                  0000c0d4    00000004     Robot_pem4f.oem4f (.const:ti_sysbios_knl_Semaphore_A_pendTaskDisabled__C)
                  0000c0d8    00000004     Robot_pem4f.oem4f (.const:ti_sysbios_knl_Semaphore_Instance_State_pendQ__O)
                  0000c0dc    00000004     Robot_pem4f.oem4f (.const:ti_sysbios_knl_Semaphore_Module__diagsEnabled__C)
                  0000c0e0    00000004     Robot_pem4f.oem4f (.const:ti_sysbios_knl_Semaphore_Module__diagsIncluded__C)
                  0000c0e4    00000004     Robot_pem4f.oem4f (.const:ti_sysbios_knl_Semaphore_Module__diagsMask__C)
                  0000c0e8    00000004     Robot_pem4f.oem4f (.const:ti_sysbios_knl_Swi_Object__count__C)
                  0000c0ec    00000004     Robot_pem4f.oem4f (.const:ti_sysbios_knl_Task_A_badTimeout__C)
                  0000c0f0    00000004     Robot_pem4f.oem4f (.const:ti_sysbios_knl_Task_A_sleepTaskDisabled__C)
                  0000c0f4    00000004     Robot_pem4f.oem4f (.const:ti_sysbios_knl_Task_E_spOutOfBounds__C)
                  0000c0f8    00000004     Robot_pem4f.oem4f (.const:ti_sysbios_knl_Task_E_stackOverflow__C)
                  0000c0fc    00000004     Robot_pem4f.oem4f (.const:ti_sysbios_knl_Task_Module_State_inactiveQ__O)
                  0000c100    00000004     Robot_pem4f.oem4f (.const:ti_sysbios_knl_Task_Module__diagsEnabled__C)
                  0000c104    00000004     Robot_pem4f.oem4f (.const:ti_sysbios_knl_Task_Module__diagsIncluded__C)
                  0000c108    00000004     Robot_pem4f.oem4f (.const:ti_sysbios_knl_Task_Module__diagsMask__C)
                  0000c10c    00000004     Robot_pem4f.oem4f (.const:ti_sysbios_knl_Task_Object__count__C)
                  0000c110    00000004     Robot_pem4f.oem4f (.const:ti_sysbios_knl_Task_allBlockedFunc__C)
                  0000c114    00000004     Robot_pem4f.oem4f (.const:ti_sysbios_knl_Task_numConstructedTasks__C)
                  0000c118    00000004     Robot_pem4f.oem4f (.const:xdc_runtime_Assert_E_assertFailed__C)
                  0000c11c    00000004     Robot_pem4f.oem4f (.const:xdc_runtime_Core_A_initializedParams__C)
                  0000c120    00000004     Robot_pem4f.oem4f (.const:xdc_runtime_Core_Module__diagsEnabled__C)
                  0000c124    00000004     Robot_pem4f.oem4f (.const:xdc_runtime_Core_Module__diagsIncluded__C)
                  0000c128    00000004     Robot_pem4f.oem4f (.const:xdc_runtime_Core_Module__diagsMask__C)
                  0000c12c    00000004     Robot_pem4f.oem4f (.const:xdc_runtime_Error_E_memory__C)
                  0000c130    00000004     Robot_pem4f.oem4f (.const:xdc_runtime_Error_Module__diagsEnabled__C)
                  0000c134    00000004     Robot_pem4f.oem4f (.const:xdc_runtime_Error_Module__diagsIncluded__C)
                  0000c138    00000004     Robot_pem4f.oem4f (.const:xdc_runtime_Error_Module__diagsMask__C)
                  0000c13c    00000004     Robot_pem4f.oem4f (.const:xdc_runtime_Error_Module__loggerFxn8__C)
                  0000c140    00000004     Robot_pem4f.oem4f (.const:xdc_runtime_Error_Module__loggerObj__C)
                  0000c144    00000004     Robot_pem4f.oem4f (.const:xdc_runtime_Error_policyFxn__C)
                  0000c148    00000004     Robot_pem4f.oem4f (.const:xdc_runtime_Error_raiseHook__C)
                  0000c14c    00000004     Robot_pem4f.oem4f (.const:xdc_runtime_IGateProvider_Interface__BASE__C)
                  0000c150    00000004     Robot_pem4f.oem4f (.const:xdc_runtime_IHeap_Interface__BASE__C)
                  0000c154    00000004     Robot_pem4f.oem4f (.const:xdc_runtime_IModule_Interface__BASE__C)
                  0000c158    00000004     Robot_pem4f.oem4f (.const:xdc_runtime_Log_L_error__C)
                  0000c15c    00000004     Robot_pem4f.oem4f (.const:xdc_runtime_Memory_defaultHeapInstance__C)
                  0000c160    00000004     Robot_pem4f.oem4f (.const:xdc_runtime_Startup_execImpl__C)
                  0000c164    00000004     Robot_pem4f.oem4f (.const:xdc_runtime_Startup_maxPasses__C)
                  0000c168    00000004     Robot_pem4f.oem4f (.const:xdc_runtime_Startup_sfxnRts__C)
                  0000c16c    00000004     Robot_pem4f.oem4f (.const:xdc_runtime_Startup_sfxnTab__C)
                  0000c170    00000004     Robot_pem4f.oem4f (.const:xdc_runtime_SysMin_bufSize__C)
                  0000c174    00000004     Robot_pem4f.oem4f (.const:xdc_runtime_SysMin_outputFunc__C)
                  0000c178    00000004     Robot_pem4f.oem4f (.const:xdc_runtime_System_Module__gateObj__C)
                  0000c17c    00000004     Robot_pem4f.oem4f (.const:xdc_runtime_System_abortFxn__C)
                  0000c180    00000004     Robot_pem4f.oem4f (.const:xdc_runtime_System_exitFxn__C)
                  0000c184    00000004     Robot_pem4f.oem4f (.const:xdc_runtime_System_extendFxn__C)
                  0000c188    00000004     Robot_pem4f.oem4f (.const:xdc_runtime_System_maxAtexitHandlers__C)
                  0000c18c    00000004     Robot_pem4f.oem4f (.const:xdc_runtime_Text_charTab__C)
                  0000c190    00000004     Robot_pem4f.oem4f (.const:xdc_runtime_Text_nameEmpty__C)
                  0000c194    00000004     Robot_pem4f.oem4f (.const:xdc_runtime_Text_nameStatic__C)
                  0000c198    00000004     Robot_pem4f.oem4f (.const:xdc_runtime_Text_nameUnknown__C)
                  0000c19c    00000004     Robot_pem4f.oem4f (.const:xdc_runtime_Text_nodeTab__C)
                  0000c1a0    00000004     Robot_pem4f.oem4f (.const:xdc_runtime_Text_visitRopeFxn__C)
                  0000c1a4    00000002     Robot_pem4f.oem4f (.const:ti_sysbios_family_arm_m3_Hwi_Module__id__C)
                  0000c1a6    00000002     Robot_pem4f.oem4f (.const:ti_sysbios_gates_GateMutex_Module__id__C)
                  0000c1a8    00000002     Robot_pem4f.oem4f (.const:ti_sysbios_hal_Hwi_Module__id__C)
                  0000c1aa    00000002     Robot_pem4f.oem4f (.const:ti_sysbios_heaps_HeapMem_Module__id__C)
                  0000c1ac    00000002     Robot_pem4f.oem4f (.const:ti_sysbios_knl_Semaphore_Module__id__C)
                  0000c1ae    00000002     Robot_pem4f.oem4f (.const:ti_sysbios_knl_Task_Module__id__C)
                  0000c1b0    00000002     Robot_pem4f.oem4f (.const:xdc_runtime_Core_Module__id__C)
                  0000c1b2    00000002     Robot_pem4f.oem4f (.const:xdc_runtime_Error_Module__loggerDefined__C)
                  0000c1b4    00000002     Robot_pem4f.oem4f (.const:xdc_runtime_Error_maxDepth__C)
                  0000c1b6    00000002     Robot_pem4f.oem4f (.const:xdc_runtime_Memory_Module__id__C)
                  0000c1b8    00000002     Robot_pem4f.oem4f (.const:xdc_runtime_SysMin_flushAtExit__C)
                  0000c1ba    00000002     Robot_pem4f.oem4f (.const:xdc_runtime_Text_charCnt__C)
                  0000c1bc    00000002     Robot_pem4f.oem4f (.const:xdc_runtime_Text_isLoaded__C)
                  0000c1be    00000002     Robot_pem4f.oem4f (.const:xdc_runtime_Text_registryModsLastId__C)
                  0000c1c0    00000002     Robot_pem4f.oem4f (.const:xdc_runtime_Text_unnamedModsLastId__C)
                  0000c1c2    00000001     Robot_pem4f.oem4f (.const:xdc_runtime_Error_policy__C)

.cinit     0    0000c1c8    00000300     
                  0000c1c8    000002c6     (.cinit..data.load) [load image, compression = lzss]
                  0000c48e    00000002     --HOLE-- [fill = 0]
                  0000c490    0000000c     (__TI_handler_table)
                  0000c49c    00000004     --HOLE-- [fill = 0]
                  0000c4a0    00000008     (.cinit..bss.load) [load image, compression = zero_init]
                  0000c4a8    00000008     (.cinit..vecs.load) [load image, compression = zero_init]
                  0000c4b0    00000018     (__TI_cinit_table)

.resetVecs 
*          0    00000000    0000003c     
                  00000000    0000003c     Robot_pem4f.oem4f (.resetVecs)

.vecs      0    20000000    00000140     UNINITIALIZED
                  20000000    00000140     Robot_pem4f.oem4f (.vecs)

.bss       0    20000140    00004b08     UNINITIALIZED
                  20000140    00002ee0     (.common:DisplayBuffer)
                  20003020    00001400     Robot_pem4f.oem4f (.bss:taskStackSection)
                  20004420    00000400     (.common:ti_sysbios_heaps_HeapMem_Instance_State_0_buf__A)
                  20004820    00000140     (.common:ti_sysbios_family_arm_m3_Hwi_dispatchTable)
                  20004960    00000120     rtsv7M4_T_le_v4SPD16_eabi.lib : trgmsg.obj (.bss:_CIOBUF_)
                  20004a80    000000d8     (.common:i2cMSP432Objects)
                  20004b58    00000080     (.common:xdc_runtime_SysMin_Module_State_0_outbuf__A)
                  20004bd8    00000030     drivers_MSP432P401R.aem4f : GPIOMSP432.oem4f (.bss:gpioCallbackInfo)
                  20004c08    00000030     (.common:pwmTimerMSP432Objects)
                  20004c38    00000008     (.common:parmbuf)
                  20004c40    00000004     (.common:distL)
                  20004c44    00000004     (.common:distR)

.data      0    20004c48    00000728     UNINITIALIZED
                  20004c48    00000130     Robot_pem4f.oem4f (.data:ti_sysbios_knl_Task_Object__table__V)
                  20004d78    0000009c     drivers_MSP432P401R.aem4f : PowerMSP432.oem4f (.data:PowerMSP432_perfLevels)
                  20004e14    00000080                               : PWMTimerMSP432.oem4f (.data:pwmTimerStatus)
                  20004e94    00000080     Robot_pem4f.oem4f (.data:ti_sysbios_knl_Swi_Module_State_0_readyQ__A)
                  20004f14    00000080     Robot_pem4f.oem4f (.data:ti_sysbios_knl_Task_Module_State_0_readyQ__A)
                  20004f94    0000006c     MSP_EXP432P401R.obj (.data:gpioCallbackFunctions)
                  20005000    0000006c     MSP_EXP432P401R.obj (.data:gpioPinConfigs)
                  2000506c    0000004c     Robot_pem4f.oem4f (.data:ti_sysbios_family_arm_msp432_Timer_Object__table__V)
                  200050b8    00000044     Robot_pem4f.oem4f (.data:ti_sysbios_knl_Task_Module__state__V)
                  200050fc    00000038     Robot_pem4f.oem4f (.data:ti_sysbios_gates_GateMutex_Object__table__V)
                  20005134    00000034     Robot_pem4f.oem4f (.data:ti_sysbios_family_arm_m3_Hwi_Module__state__V)
                  20005168    00000030     msp432p4xx_driverlib.lib : gpio.o (.data:GPIO_PORT_TO_BASE)
                  20005198    00000030     Robot_pem4f.oem4f (.data:ti_sysbios_knl_Swi_Object__table__V)
                  200051c8    0000002c     Robot_pem4f.oem4f (.data:ti_sysbios_knl_Clock_Module__state__V)
                  200051f4    00000028     drivers_MSP432P401R.aem4f : PowerMSP432.oem4f (.data:PowerMSP432_module)
                  2000521c    00000024     Robot_pem4f.oem4f (.data:ti_sysbios_BIOS_Module__state__V)
                  20005240    00000020     Robot_pem4f.oem4f (.data:ti_sysbios_family_arm_msp432_Timer_Module_State_0_device__A)
                  20005260    0000001c     Robot_pem4f.oem4f (.data:ti_sysbios_knl_Swi_Module__state__V)
                  2000527c    00000018     Robot_pem4f.oem4f (.data:ti_sysbios_family_arm_m3_Hwi_Object__table__V)
                  20005294    00000018     Robot_pem4f.oem4f (.data:ti_sysbios_heaps_HeapMem_Object__table__V)
                  200052ac    00000010     Robot_pem4f.oem4f (.data:ti_sysbios_family_arm_msp432_Timer_Module_State_0_handles__A)
                  200052bc    0000000c     rtsv7M4_T_le_v4SPD16_eabi.lib : exit.obj (.data:$O1$$)
                  200052c8    0000000c     Robot_pem4f.oem4f (.data:ti_sysbios_family_arm_msp432_ClockFreqs_Module__state__V)
                  200052d4    0000000c     Robot_pem4f.oem4f (.data:ti_sysbios_family_arm_msp432_Timer_Module__state__V)
                  200052e0    0000000c     Robot_pem4f.oem4f (.data:xdc_runtime_SysMin_Module__state__V)
                  200052ec    00000008     rtsv7M4_T_le_v4SPD16_eabi.lib : _lock.obj (.data:$O1$$)
                  200052f4    00000008     Robot_pem4f.oem4f (.data:ti_sysbios_family_arm_m3_Hwi_Module__root__V)
                  200052fc    00000008     Robot_pem4f.oem4f (.data:ti_sysbios_gates_GateHwi_Module__root__V)
                  20005304    00000008     Robot_pem4f.oem4f (.data:ti_sysbios_gates_GateMutex_Module__root__V)
                  2000530c    00000008     Robot_pem4f.oem4f (.data:ti_sysbios_heaps_HeapMem_Module__root__V)
                  20005314    00000008     Robot_pem4f.oem4f (.data:ti_sysbios_knl_Queue_Module__root__V)
                  2000531c    00000008     Robot_pem4f.oem4f (.data:ti_sysbios_knl_Semaphore_Module__root__V)
                  20005324    00000008     Robot_pem4f.oem4f (.data:xdc_runtime_Registry_Module__state__V)
                  2000532c    00000008     Robot_pem4f.oem4f (.data:xdc_runtime_Startup_Module__state__V)
                  20005334    00000008     Robot_pem4f.oem4f (.data:xdc_runtime_System_Module_State_0_atexitHandlers__A)
                  2000533c    00000008     Robot_pem4f.oem4f (.data:xdc_runtime_System_Module__state__V)
                  20005344    00000004     drivers_MSP432P401R.aem4f : I2C.oem4f (.data)
                  20005348    00000004                               : PWM.oem4f (.data)
                  2000534c    00000004     rtsv7M4_T_le_v4SPD16_eabi.lib : errno.obj (.data)
                  20005350    00000004                                   : stkdepth_vars.obj (.data)
                  20005354    00000004     Robot_pem4f.oem4f (.data:ti_sysbios_family_arm_m3_Hwi_Module_State_0_excContext__A)
                  20005358    00000004     Robot_pem4f.oem4f (.data:ti_sysbios_family_arm_m3_Hwi_Module_State_0_excStack__A)
                  2000535c    00000004     Robot_pem4f.oem4f (.data:ti_sysbios_gates_GateHwi_Object__table__V)
                  20005360    00000004     Robot_pem4f.oem4f (.data:ti_sysbios_knl_Task_Module_State_0_idleTask__A)
                  20005364    00000004     Robot_pem4f.oem4f (.data:xdc_runtime_Memory_Module__state__V)
                  20005368    00000002     Sharp96x96.obj (.data)
                  2000536a    00000002     Robot_pem4f.oem4f (.data:ti_sysbios_family_arm_m3_Hwi_Module_State_0_excActive__A)
                  2000536c    00000002     Robot_pem4f.oem4f (.data:xdc_runtime_Error_Module__state__V)
                  2000536e    00000001     drivers_MSP432P401R.aem4f : GPIOMSP432.oem4f (.data)
                  2000536f    00000001     main.obj (.data)

.stack     0    2000fd00    00000300     UNINITIALIZED
                  2000fd00    00000300     --HOLE--

.bootVecs 
*          0    00000000    00000008     DSECT
                  00000000    00000008     boot.aem4f : boot.oem4f (.bootVecs)

xdc.meta   0    00000000    000000fe     COPY SECTION
                  00000000    000000fe     Robot_pem4f.oem4f (xdc.meta)

.binit     0    00000000    00000000     

MODULE SUMMARY

       Module                     code    ro data   rw data
       ------                     ----    -------   -------
    .\
       rangeRead.obj              1211    0         0      
       MSP_EXP432P401R.obj        144     248       480    
       screenTask.obj             656     0         8      
       main.obj                   196     0         1      
       buttons.obj                40      0         0      
       heartBeatTask.obj          18      0         0      
    +--+--------------------------+-------+---------+---------+
       Total:                     2265    248       489    
                                                           
    .\LCDDriver\
       Sharp96x96.obj             1706    76        12002  
       Sharp96x96utils.obj        98      0         0      
    +--+--------------------------+-------+---------+---------+
       Total:                     1804    76        12002  
                                                           
    .\fonts\
       fontcm20b.obj              0       2581      0      
    +--+--------------------------+-------+---------+---------+
       Total:                     0       2581      0      
                                                           
    .\grlib\
       string.obj                 1234    0         0      
       line.obj                   164     0         0      
       context.obj                74      0         0      
    +--+--------------------------+-------+---------+---------+
       Total:                     1472    0         0      
                                                           
    C:\Users\jingwen\Desktop\MRes Robotics\GX02-Control\CSRobot_01_2017\Debug\configPkg\package\cfg\
       Robot_pem4f.oem4f          1600    7509      8116   
    +--+--------------------------+-------+---------+---------+
       Total:                     1600    7509      8116   
                                                           
    C:/ti/tirtos_msp43x_2_20_00_06/products/msp432_driverlib_3_21_00_05/driverlib/MSP432P4xx/ccs/msp432p4xx_driverlib.lib
       pcm.o                      1214    0         0      
       gpio.o                     480     0         48     
       i2c.o                      330     0         0      
       spi.o                      302     0         0      
       timer_a.o                  284     0         0      
       cs.o                       260     0         0      
       flash.o                    156     0         0      
       rtc_c.o                    72      0         0      
       wdt_a.o                    44      0         0      
       cpu.o                      28      0         0      
    +--+--------------------------+-------+---------+---------+
       Total:                     3170    0         48     
                                                           
    C:/ti/tirtos_msp43x_2_20_00_06/products/tidrivers_msp43x_2_20_00_08/packages/ti/drivers/lib/drivers_MSP432P401R.aem4f
       I2CMSP432.oem4f            1378    32        0      
       PowerMSP432.oem4f          1212    0         196    
       PWMTimerMSP432.oem4f       1088    40        128    
       GPIOMSP432.oem4f           700     12        49     
       I2C.oem4f                  140     16        4      
       List.oem4f                 72      0         0      
       PWM.oem4f                  56      0         4      
    +--+--------------------------+-------+---------+---------+
       Total:                     4646    100       381    
                                                           
    C:/ti/tirtos_msp43x_2_20_00_06/products/tidrivers_msp43x_2_20_00_08/packages/ti/drivers/lib/power_tirtos_MSP432P401R.aem4f
       PowerMSP432_tirtos.oem4f   106     0         0      
    +--+--------------------------+-------+---------+---------+
       Total:                     106     0         0      
                                                           
    C:/ti/tirtos_msp43x_2_20_00_06/products/tidrivers_msp43x_2_20_00_08/packages/ti/drivers/ports/lib/tirtosport.aem4f
       SemaphoreP_tirtos.oem4f    146     0         0      
       HwiP_tirtos.oem4f          138     0         0      
    +--+--------------------------+-------+---------+---------+
       Total:                     284     0         0      
                                                           
    C:\Users\jingwen\Desktop\MRes Robotics\GX02-Control\CSRobot_01_2017\src\sysbios\sysbios.aem4f
       BIOS.obj                   10534   0         0      
       m3_Hwi_asm.obj             306     0         0      
       m3_TaskSupport_asm.obj     180     0         0      
       m3_Hwi_asm_switch.obj      118     0         0      
    +--+--------------------------+-------+---------+---------+
       Total:                     11138   0         0      
                                                           
[...]
00009649  ti_sysbios_family_arm_m3_Hwi_disableFxn__E                  
00009649  ti_sysbios_hal_Hwi_HwiProxy_disable__E                      
00009659  ti_sysbios_family_arm_m3_TaskSupport_checkStack__E          
00009659  ti_sysbios_knl_Task_SupportProxy_checkStack__E              
00009669  ti_sysbios_family_arm_msp432_Timer_getMaxTicks__E           
00009679  ti_sysbios_gates_GateHwi_enter__E                           
00009685  ti_sysbios_knl_Queue_Object__get__S                         
00009691  ti_sysbios_knl_Semaphore_Params__init__S                    
0000969d  xdc_runtime_Error_init__E                                   
000096a9  xdc_runtime_Gate_enterSystem__E                             
000096b5  xdc_runtime_Memory_calloc__E                                
000096c1  xdc_runtime_Memory_getMaxDefaultTypeAlign__E                
000096cd  xdc_runtime_Startup_rtsDone__E                              
000096d9  I2CMSP432_init                                              
000096e3  I2C_close                                                   
000096ed  I2C_transfer                                                
000096f7  SemaphoreP_post                                             
000096f7  SemaphoreP_postFromClock                                    
000096f7  SemaphoreP_postFromISR                                      
00009701  xdc_runtime_Memory_HeapProxy_alloc__E                       
0000970b  xdc_runtime_Memory_HeapProxy_free__E                        
00009715  I2C_enableInterrupt                                         
0000971d  MSP_EXP432P401R_initGPIO                                    
00009725  MSP_EXP432P401R_initGeneral                                 
0000972d  PCM_setPowerMode                                            
00009735  PCM_setPowerState                                           
0000973d  PWMTimerMSP432_init                                         
00009745  SemaphoreP_Params_init                                      
0000974d  Timer_A_startCounter                                        
00009761  ti_sysbios_family_arm_m3_Hwi_doSwiRestore__I                
00009769  ti_sysbios_family_arm_m3_Hwi_startup__E                     
00009769  ti_sysbios_hal_Hwi_HwiProxy_startup__E                      
00009771  I2C_getEnabledInterruptStatus                               
00009777  I2C_getInterruptStatus                                      
0000977d  I2C_masterReceiveMultiByteNext                              
00009783  PWMTimerMSP432_control                                      
00009789  ti_sysbios_family_arm_m3_Hwi_doTaskRestore__I               
00009791  HwiP_restore                                                
00009791  ti_sysbios_family_arm_m3_Hwi_restoreFxn__E                  
00009791  ti_sysbios_hal_Hwi_HwiProxy_restore__E                      
00009799  ti_sysbios_gates_GateHwi_leave__E                           
000097a1  ti_sysbios_heaps_HeapMem_isBlocking__E                      
000097a9  ti_sysbios_knl_Queue_Instance_init__E                       
000097b1  ti_sysbios_knl_Swi_startup__E                               
000097b7  xdc_runtime_System_Module_startup__E                        
000097c1  ti_sysbios_gates_GateHwi_query__E                           
000097c1  xdc_runtime_Main_Module_GateProxy_query__E                  
000097c1  xdc_runtime_System_Module_GateProxy_query__E                
000097c9  ti_sysbios_BIOS_RtsGateProxy_query__E                       
000097c9  ti_sysbios_gates_GateMutex_query__E                         
000097c9  ti_sysbios_heaps_HeapMem_Module_GateProxy_query__E          
000097d1  ti_sysbios_knl_Task_startup__E                              
000097d9  ti_sysbios_BIOS_linkedWithIncorrectBootLibrary__E           
000097e1  ti_sysbios_gates_GateHwi_Instance_init__E                   
000097e9  ti_sysbios_knl_Clock_logTick__E                             
000097ec  xdc_runtime_Text_charTab__A                                 
0000b977  _ctypes_                                                    
0000ba78  g_sFontCm20b                                                
0000bb40  xdc_runtime_Text_nodeTab__A                                 
0000bc38  PWM_config                                                  
0000bc74  I2C_config                                                  
0000bca4  g_sharp96x96LCD                                             
0000bcd4  i2cMSP432HWAttrs                                            
0000bd04  pwmTimerMSP432HWAttrs                                       
0000bd34  ti_sysbios_family_arm_m3_Hwi_Object__PARAMS__C              
0000bd64  PWMTimerMSP432_fxnTable                                     
0000bd8c  ti_sysbios_heaps_HeapMem_Module__FXNS__C                    
0000bdb4  ti_sysbios_gates_GateHwi_Module__FXNS__C                    
0000bdd8  ti_sysbios_gates_GateMutex_Module__FXNS__C                  
0000bdfc  ti_sysbios_heaps_HeapMem_Object__PARAMS__C                  
0000be20  ti_sysbios_knl_Semaphore_Object__PARAMS__C                  
0000be44  I2CMSP432_fxnTable                                          
0000be64  ti_sysbios_family_arm_m3_Hwi_Object__DESC__C                
0000be84  ti_sysbios_gates_GateHwi_Object__DESC__C                    
0000bea4  ti_sysbios_gates_GateMutex_Object__DESC__C                  
0000bec4  ti_sysbios_heaps_HeapMem_Object__DESC__C                    
0000bee4  ti_sysbios_knl_Queue_Object__DESC__C                        
0000bf04  ti_sysbios_knl_Semaphore_Object__DESC__C                    
0000bf24  xdc_runtime_Startup_sfxnTab__A                              
0000bf60  ti_sysbios_gates_GateHwi_Object__PARAMS__C                  
0000bf78  ti_sysbios_gates_GateMutex_Object__PARAMS__C                
0000bf90  ti_sysbios_knl_Queue_Object__PARAMS__C                      
0000bfa8  GPIOMSP432_config                                           
0000bfbc  PowerMSP432_config                                          
0000bfcc  I2C_defaultParams                                           
0000bfdc  xdc_runtime_Startup_sfxnRts__A                              
0000bff8  xdc_runtime_Startup_firstFxns__A                            
0000c00c  ti_sysbios_family_arm_m3_Hwi_excHookFuncs__A                
0000c014  ti_sysbios_knl_Idle_funcList__A                             
0000c01c  ti_sysbios_knl_Idle_funcList__C                             
0000c024  xdc_runtime_Startup_firstFxns__C                            
0000c02c  xdc_runtime_Startup_lastFxns__C                             
0000c034  ti_sysbios_family_arm_m3_Hwi_E_NMI__C                       
0000c038  ti_sysbios_family_arm_m3_Hwi_E_alreadyDefined__C            
0000c03c  ti_sysbios_family_arm_m3_Hwi_E_busFault__C                  
0000c040  ti_sysbios_family_arm_m3_Hwi_E_debugMon__C                  
0000c044  ti_sysbios_family_arm_m3_Hwi_E_hardFault__C                 
0000c048  ti_sysbios_family_arm_m3_Hwi_E_memFault__C                  
0000c04c  ti_sysbios_family_arm_m3_Hwi_E_noIsr__C                     
0000c050  ti_sysbios_family_arm_m3_Hwi_E_reserved__C                  
0000c054  ti_sysbios_family_arm_m3_Hwi_E_svCall__C                    
0000c058  ti_sysbios_family_arm_m3_Hwi_E_usageFault__C                
0000c05c  ti_sysbios_family_arm_m3_Hwi_NUM_INTERRUPTS__C              
0000c060  ti_sysbios_family_arm_m3_Hwi_Object__count__C               
0000c064  ti_sysbios_family_arm_m3_Hwi_ccr__C                         
0000c068  ti_sysbios_family_arm_m3_Hwi_excHandlerFunc__C              
0000c06c  ti_sysbios_family_arm_m3_Hwi_excHookFuncs__C                
0000c070  ti_sysbios_family_arm_m3_Hwi_nullIsrFunc__C                 
0000c074  ti_sysbios_family_arm_m3_Hwi_priGroup__C                    
0000c078  ti_sysbios_family_arm_msp432_Timer_numTimerDevices__C       
0000c07c  ti_sysbios_family_arm_msp432_Timer_startupNeeded__C         
0000c080  ti_sysbios_gates_GateMutex_A_badContext__C                  
0000c084  ti_sysbios_gates_GateMutex_Instance_State_sem__O            
0000c088  ti_sysbios_gates_GateMutex_Module__diagsEnabled__C          
0000c08c  ti_sysbios_gates_GateMutex_Module__diagsIncluded__C         
0000c090  ti_sysbios_gates_GateMutex_Module__diagsMask__C             
0000c094  ti_sysbios_hal_Hwi_E_stackOverflow__C                       
0000c098  ti_sysbios_heaps_HeapMem_A_align__C                         
0000c09c  ti_sysbios_heaps_HeapMem_A_heapSize__C                      
0000c0a0  ti_sysbios_heaps_HeapMem_A_invalidFree__C                   
0000c0a4  ti_sysbios_heaps_HeapMem_A_zeroBlock__C                     
0000c0a8  ti_sysbios_heaps_HeapMem_E_memory__C                        
0000c0ac  ti_sysbios_heaps_HeapMem_Module__diagsEnabled__C            
0000c0b0  ti_sysbios_heaps_HeapMem_Module__diagsIncluded__C           
0000c0b4  ti_sysbios_heaps_HeapMem_Module__diagsMask__C               
0000c0b8  ti_sysbios_heaps_HeapMem_Module__gateObj__C                 
0000c0bc  ti_sysbios_heaps_HeapMem_Object__count__C                   
0000c0c0  ti_sysbios_heaps_HeapMem_reqAlign__C                        
0000c0c4  ti_sysbios_knl_Clock_Module_State_clockQ__O                 
0000c0c8  ti_sysbios_knl_Semaphore_A_badContext__C                    
0000c0cc  ti_sysbios_knl_Semaphore_A_noEvents__C                      
0000c0d0  ti_sysbios_knl_Semaphore_A_overflow__C                      
0000c0d4  ti_sysbios_knl_Semaphore_A_pendTaskDisabled__C              
0000c0d8  ti_sysbios_knl_Semaphore_Instance_State_pendQ__O            
0000c0dc  ti_sysbios_knl_Semaphore_Module__diagsEnabled__C            
0000c0e0  ti_sysbios_knl_Semaphore_Module__diagsIncluded__C           
0000c0e4  ti_sysbios_knl_Semaphore_Module__diagsMask__C               
0000c0e8  ti_sysbios_knl_Swi_Object__count__C                         
0000c0ec  ti_sysbios_knl_Task_A_badTimeout__C                         
0000c0f0  ti_sysbios_knl_Task_A_sleepTaskDisabled__C                  
0000c0f4  ti_sysbios_knl_Task_E_spOutOfBounds__C                      
0000c0f8  ti_sysbios_knl_Task_E_stackOverflow__C                      
0000c0fc  ti_sysbios_knl_Task_Module_State_inactiveQ__O               
0000c100  ti_sysbios_knl_Task_Module__diagsEnabled__C                 
0000c104  ti_sysbios_knl_Task_Module__diagsIncluded__C                
0000c108  ti_sysbios_knl_Task_Module__diagsMask__C                    
0000c10c  ti_sysbios_knl_Task_Object__count__C                        
0000c110  ti_sysbios_knl_Task_allBlockedFunc__C                       
0000c114  ti_sysbios_knl_Task_numConstructedTasks__C                  
0000c118  xdc_runtime_Assert_E_assertFailed__C                        
0000c11c  xdc_runtime_Core_A_initializedParams__C                     
0000c120  xdc_runtime_Core_Module__diagsEnabled__C                    
0000c124  xdc_runtime_Core_Module__diagsIncluded__C                   
0000c128  xdc_runtime_Core_Module__diagsMask__C                       
0000c12c  xdc_runtime_Error_E_memory__C                               
0000c130  xdc_runtime_Error_Module__diagsEnabled__C                   
0000c134  xdc_runtime_Error_Module__diagsIncluded__C                  
0000c138  xdc_runtime_Error_Module__diagsMask__C                      
0000c13c  xdc_runtime_Error_Module__loggerFxn8__C                     
0000c140  xdc_runtime_Error_Module__loggerObj__C                      
0000c144  xdc_runtime_Error_policyFxn__C                              
0000c148  xdc_runtime_Error_raiseHook__C                              
0000c14c  xdc_runtime_IGateProvider_Interface__BASE__C                
0000c150  xdc_runtime_IHeap_Interface__BASE__C                        
0000c154  xdc_runtime_IModule_Interface__BASE__C                      
0000c158  xdc_runtime_Log_L_error__C                                  
0000c15c  xdc_runtime_Memory_defaultHeapInstance__C                   
0000c160  xdc_runtime_Startup_execImpl__C                             
0000c164  xdc_runtime_Startup_maxPasses__C                            
0000c168  xdc_runtime_Startup_sfxnRts__C                              
0000c16c  xdc_runtime_Startup_sfxnTab__C                              
0000c170  xdc_runtime_SysMin_bufSize__C                               
0000c174  xdc_runtime_SysMin_outputFunc__C                            
0000c178  xdc_runtime_System_Module__gateObj__C                       
0000c17c  xdc_runtime_System_abortFxn__C                              
0000c180  xdc_runtime_System_exitFxn__C                               
0000c184  xdc_runtime_System_extendFxn__C                             
0000c188  xdc_runtime_System_maxAtexitHandlers__C                     
0000c18c  xdc_runtime_Text_charTab__C                                 
0000c190  xdc_runtime_Text_nameEmpty__C                               
0000c194  xdc_runtime_Text_nameStatic__C                              
0000c198  xdc_runtime_Text_nameUnknown__C                             
0000c19c  xdc_runtime_Text_nodeTab__C                                 
0000c1a0  xdc_runtime_Text_visitRopeFxn__C                            
0000c1a4  ti_sysbios_family_arm_m3_Hwi_Module__id__C                  
0000c1a6  ti_sysbios_gates_GateMutex_Module__id__C                    
0000c1a8  ti_sysbios_hal_Hwi_Module__id__C                            
0000c1aa  ti_sysbios_heaps_HeapMem_Module__id__C                      
0000c1ac  ti_sysbios_knl_Semaphore_Module__id__C                      
0000c1ae  ti_sysbios_knl_Task_Module__id__C                           
0000c1b0  xdc_runtime_Core_Module__id__C                              
0000c1b2  xdc_runtime_Error_Module__loggerDefined__C                  
0000c1b4  xdc_runtime_Error_maxDepth__C                               
0000c1b6  xdc_runtime_Memory_Module__id__C                            
0000c1b8  xdc_runtime_SysMin_flushAtExit__C                           
0000c1ba  xdc_runtime_Text_charCnt__C                                 
0000c1bc  xdc_runtime_Text_isLoaded__C                                
0000c1be  xdc_runtime_Text_registryModsLastId__C                      
0000c1c0  xdc_runtime_Text_unnamedModsLastId__C                       
0000c1c2  xdc_runtime_Error_policy__C                                 
0000c1c8  __TI_static_base__                                          
0000c490  __TI_Handler_Table_Base                                     
0000c49c  __TI_Handler_Table_Limit                                    
0000c4b0  __TI_CINIT_Base                                             
0000c4c8  __TI_CINIT_Limit                                            
20000000  ti_sysbios_family_arm_m3_Hwi_ramVectors                     
20000140  DisplayBuffer                                               
20003020  ti_sysbios_knl_Task_Instance_State_0_stack__A               
20003220  ti_sysbios_knl_Task_Instance_State_1_stack__A               
20003a20  ti_sysbios_knl_Task_Instance_State_2_stack__A               
20004220  ti_sysbios_knl_Task_Instance_State_3_stack__A               
20004420  ti_sysbios_heaps_HeapMem_Instance_State_0_buf__A            
20004820  ti_sysbios_family_arm_m3_Hwi_dispatchTable                  
20004960  __CIOBUF_                                                   
20004a80  i2cMSP432Objects                                            
20004b58  xdc_runtime_SysMin_Module_State_0_outbuf__A                 
20004c08  pwmTimerMSP432Objects                                       
20004c38  parmbuf                                                     
20004c40  distL                                                       
20004c44  distR                                                       
20004c48  ti_sysbios_knl_Task_Object__table__V                        
20004d78  PowerMSP432_perfLevels                                      
20004e94  ti_sysbios_knl_Swi_Module_State_0_readyQ__A                 
20004f14  ti_sysbios_knl_Task_Module_State_0_readyQ__A                
20004f94  gpioCallbackFunctions                                       
20005000  gpioPinConfigs                                              
2000506c  ti_sysbios_family_arm_msp432_Timer_Object__table__V         
200050b8  ti_sysbios_knl_Task_Module__state__V                        
200050fc  ti_sysbios_gates_GateMutex_Object__table__V                 
20005134  ti_sysbios_family_arm_m3_Hwi_Module__state__V               
20005198  ti_sysbios_knl_Swi_Object__table__V                         
200051c8  ti_sysbios_knl_Clock_Module__state__V                       
200051f4  PowerMSP432_module                                          
2000521c  ti_sysbios_BIOS_Module__state__V                            
20005240  ti_sysbios_family_arm_msp432_Timer_Module_State_0_device__A 
20005260  ti_sysbios_knl_Swi_Module__state__V                         
2000527c  ti_sysbios_family_arm_m3_Hwi_Object__table__V               
20005294  ti_sysbios_heaps_HeapMem_Object__table__V                   
200052ac  ti_sysbios_family_arm_msp432_Timer_Module_State_0_handles__A
200052bc  __TI_cleanup_ptr                                            
200052c0  __TI_dtors_ptr                                              
200052c4  __TI_enable_exit_profile_output                             
200052c8  ti_sysbios_family_arm_msp432_ClockFreqs_Module__state__V    
200052d4  ti_sysbios_family_arm_msp432_Timer_Module__state__V         
200052e0  xdc_runtime_SysMin_Module__state__V                         
200052ec  _lock                                                       
200052f0  _unlock                                                     
200052f4  ti_sysbios_family_arm_m3_Hwi_Module__root__V                
200052fc  ti_sysbios_gates_GateHwi_Module__root__V                    
20005304  ti_sysbios_gates_GateMutex_Module__root__V                  
2000530c  ti_sysbios_heaps_HeapMem_Module__root__V                    
20005314  ti_sysbios_knl_Queue_Module__root__V                        
2000531c  ti_sysbios_knl_Semaphore_Module__root__V                    
20005324  xdc_runtime_Registry_Module__state__V                       
2000532c  xdc_runtime_Startup_Module__state__V                        
20005334  xdc_runtime_System_Module_State_0_atexitHandlers__A         
2000533c  xdc_runtime_System_Module__state__V                         
2000534c  errno                                                       
20005350  main_func_sp                                                
20005354  ti_sysbios_family_arm_m3_Hwi_Module_State_0_excContext__A   
20005358  ti_sysbios_family_arm_m3_Hwi_Module_State_0_excStack__A     
2000535c  ti_sysbios_gates_GateHwi_Object__table__V                   
20005360  ti_sysbios_knl_Task_Module_State_0_idleTask__A              
20005364  xdc_runtime_Memory_Module__state__V                         
20005368  VCOMbit                                                     
20005369  flagSendToggleVCOMCommand                                   
2000536a  ti_sysbios_family_arm_m3_Hwi_Module_State_0_excActive__A    
2000536c  xdc_runtime_Error_Module__state__V                          
2000536f  state                                                       
2000fd00  __stack                                                     
20010000  __STACK_END                                                 
4000480c  WDTCTL_SYM                                                  
e000e000  ti_sysbios_family_arm_m3_Hwi_nvic                           
ffffffff  __TI_pprof_out_hndl                                         
ffffffff  __TI_prof_data_size                                         
ffffffff  __TI_prof_data_start                                        
ffffffff  __binit__                                                   
ffffffff  __c_args__                                                  
ffffffff  binit                                                       
UNDEFED   SHT$$INIT_ARRAY$$Base                                       
UNDEFED   SHT$$INIT_ARRAY$$Limit                                      

[693 symbols]
