******************************************************************************
                  TI ARM Linker PC v16.9.4                     
******************************************************************************
>> Linked Fri Oct 27 02:51:29 2017

OUTPUT FILE NAME:   <CSRobot_01.out>
ENTRY POINT SYMBOL: "_c_int00"  address: 00007421


MEMORY CONFIGURATION

         name            origin    length      used     unused   attr    fill
----------------------  --------  ---------  --------  --------  ----  --------
  MAIN                  00000000   00040000  0000c983  0003367d  R  X
  INFO                  00200000   00004000  00000000  00004000  R  X
  SRAM_CODE             01000000   00010000  00000000  00010000  RW X
  SRAM_DATA             20000000   00010000  000058d8  0000a728  RW  


SEGMENT ALLOCATION MAP

run origin  load origin   length   init length attrs members
----------  ----------- ---------- ----------- ----- -------
00000000    00000000    0000c990   0000c990    r-x
  00000000    00000000    0000003c   0000003c    r-- .resetVecs
  00000040    00000040    00009c42   00009c42    r-x .text
  00009c84    00009c84    000029f5   000029f5    r-- .const
  0000c680    0000c680    00000310   00000310    r-- .cinit
20000000    20000000    000055d8   00000000    rw-
  20000000    20000000    00000140   00000000    rw- .vecs
  20000140    20000140    00004d08   00000000    rw- .bss
  20004e48    20004e48    00000790   00000000    rw- .data
2000fd00    2000fd00    00000300   00000000    rw-
  2000fd00    2000fd00    00000300   00000000    rw- .stack


SECTION ALLOCATION MAP

 output                                  attributes/
section   page    origin      length       input sections
--------  ----  ----------  ----------   ----------------
.text      0    00000040    00009c42     
                  00000040    0000113e     rtsv7M4_T_le_v4SPD16_eabi.lib : _printfi.obj (.text)
                  0000117e    00000492     string.obj (.text:Graphics_drawString)
                  00001610    00000430     sysbios.aem4f : BIOS.obj (.text:ti_sysbios_family_arm_m3_Hwi_excDumpRegs__I)
                  00001a40    0000035c     motor.obj (.text:PWM_Fxn)
                  00001d9c    0000034c     ti.targets.arm.rtsarm.aem4f : System.oem4f (.text:xdc_runtime_System_doPrint__I)
                  000020e8    00000320     screenTask.obj (.text:screenTaskFxn)
                  00002408    000002b0     sysbios.aem4f : BIOS.obj (.text:ti_sysbios_knl_Semaphore_pend__E)
                  000026b8    00000264     drivers_MSP432P401R.aem4f : PowerMSP432.oem4f (.text:Power_sleep)
                  0000291c    00000004     msp432p4xx_driverlib.lib : cpu.o (.text:CPU_wfi)
                  00002920    00000258     sysbios.aem4f : BIOS.obj (.text:ti_sysbios_heaps_HeapMem_free__E)
                  00002b78    00000248                   : BIOS.obj (.text:ti_sysbios_heaps_HeapMem_alloc__E)
                  00002dc0    000001fc                   : BIOS.obj (.text:ti_sysbios_family_arm_m3_Hwi_excHandlerMax__I)
                  00002fbc    000001f4     rtsv7M4_T_le_v4SPD16_eabi.lib : ull_div_t2.obj (.text)
                  000031b0    000001c4     sysbios.aem4f : BIOS.obj (.text:ti_sysbios_knl_Task_sleep__E)
                  00003374    000001b6     rtsv7M4_T_le_v4SPD16_eabi.lib : fd_add_t2.obj (.text)
                  0000352a    000001a0     msp432p4xx_driverlib.lib : pcm.o (.text:__PCM_setPowerStateAdvanced)
                  000036ca    00000002     power_tirtos_MSP432P401R.aem4f : PowerMSP432_tirtos.oem4f (.text:PowerMSP432_initPolicy)
                  000036cc    00000178     drivers_MSP432P401R.aem4f : I2CMSP432.oem4f (.text:I2CMSP432_open)
                  00003844    00000004     msp432p4xx_driverlib.lib : spi.o (.text:EUSCI_A_SPI_transmitData)
                  00003848    00000174     sysbios.aem4f : BIOS.obj (.text:ti_sysbios_family_arm_m3_Hwi_excBusFault__I)
                  000039bc    00000004     msp432p4xx_driverlib.lib : spi.o (.text:EUSCI_B_SPI_transmitData)
                  000039c0    00000164     sysbios.aem4f : BIOS.obj (.text:ti_sysbios_family_arm_m3_Hwi_excUsageFault__I)
                  00003b24    00000158     Sharp96x96.obj (.text:Sharp96x96_RectFill)
                  00003c7c    00000004     tirtosport.aem4f : HwiP_tirtos.oem4f (.text:HwiP_disable)
                  00003c80    00000148     sysbios.aem4f : BIOS.obj (.text:ti_sysbios_family_arm_m3_Hwi_excMemFault__I)
                  00003dc8    00000146     rangeRead.obj (.text:sensorInit)
                  00003f0e    00000002     rtsv7M4_T_le_v4SPD16_eabi.lib : i_div0.obj (.text)
                  00003f10    00000140     drivers_MSP432P401R.aem4f : GPIOMSP432.oem4f (.text:GPIO_setConfig)
                  00004050    0000013c     sysbios.aem4f : BIOS.obj (.text:ti_sysbios_heaps_HeapMem_Instance_init__E)
                  0000418c    00000138     Sharp96x96.obj (.text:Sharp96x96_LineDrawH)
                  000042c4    00000136     rtsv7M4_T_le_v4SPD16_eabi.lib : fd_div_t2.obj (.text)
                  000043fa    00000118     drivers_MSP432P401R.aem4f : I2CMSP432.oem4f (.text:I2CMSP432_hwiIntFxn)
                  00004512    00000002     Robot_pem4f.oem4f (.text:ti_sysbios_BIOS_nullFunc__I)
                  00004514    00000118     ti.targets.arm.rtsarm.aem4f : Error.oem4f (.text:xdc_runtime_Error_policyDefault__E)
                  0000462c    00000100     main.obj (.text:main)
                  0000472c    00000100     ti.targets.arm.rtsarm.aem4f : Core-mem.oem4f (.text:xdc_runtime_Core_createObject__I)
                  0000482c    000000fc     rtsv7M4_T_le_v4SPD16_eabi.lib : fd_mul_t2.obj (.text)
                  00004928    000000fc                                   : s_scalbn.obj (.text)
                  00004a24    000000f8     rangeRead.obj (.text:readResult)
                  00004b1c    000000f8     ti.targets.arm.rtsarm.aem4f : Startup.oem4f (.text:xdc_runtime_Startup_startMods__I)
                  00004c14    000000f8     Robot_pem4f.oem4f (.text:xdc_runtime_System_printfExtend__I)
                  00004d0c    000000f0     drivers_MSP432P401R.aem4f : PowerMSP432.oem4f (.text:initPerfControl)
                  00004dfc    000000ec     sysbios.aem4f : m3_Hwi_asm.obj (.text:ti_sysbios_family_arm_m3_Hwi_dispatch__I)
                  00004ee8    000000ec                   : BIOS.obj (.text:ti_sysbios_knl_Semaphore_post__E)
                  00004fd4    000000e2     drivers_MSP432P401R.aem4f : PWMTimerMSP432.oem4f (.text:initHw)
                  000050b6    00000002     --HOLE-- [fill = 0]
                  000050b8    000000e0     msp432p4xx_driverlib.lib : cs.o (.text:CS_initClockSignal)
                  00005198    000000dc                              : pcm.o (.text:__PCM_setPowerModeAdvanced)
                  00005274    000000dc     rangeRead.obj (.text:readRangeFxn)
                  00005350    000000d8     Sharp96x96.obj (.text:Sharp96x96_Flush)
                  00005428    000000cc     ti.targets.arm.rtsarm.aem4f : Core-smem.oem4f (.text:xdc_runtime_Core_constructObject__I)
                  000054f4    00000004     msp432p4xx_driverlib.lib : i2c.o (.text:I2C_setSlaveAddress)
                  000054f8    000000bc     sysbios.aem4f : BIOS.obj (.text:ti_sysbios_family_arm_m3_Hwi_excDebugMon__I)
                  000055b4    00000004     drivers_MSP432P401R.aem4f : List.oem4f (.text:List_head)
                  000055b8    000000bc     sysbios.aem4f : BIOS.obj (.text:ti_sysbios_family_arm_m3_Hwi_excHardFault__I)
                  00005674    00000004     drivers_MSP432P401R.aem4f : List.oem4f (.text:List_next)
                  00005678    000000b4     sysbios.aem4f : BIOS.obj (.text:ti_sysbios_gates_GateMutex_enter__E)
                  0000572c    00000004     drivers_MSP432P401R.aem4f : PowerMSP432.oem4f (.text:PowerMSP432_getNumPerfLevels)
                  00005730    000000b4     sysbios.aem4f : BIOS.obj (.text:ti_sysbios_knl_Task_checkStacks__E)
                  000057e4    000000b2     msp432p4xx_driverlib.lib : timer_a.o (.text:privateTimer_AProcessClockSourceDivider)
                  00005896    00000002     --HOLE-- [fill = 0]
                  00005898    000000b0                              : pcm.o (.text:__PCM_setCoreVoltageLevelAdvanced)
                  00005948    000000ac     drivers_MSP432P401R.aem4f : PWMTimerMSP432.oem4f (.text:PWMTimerMSP432_open)
                  000059f4    00000004     Robot_pem4f.oem4f (.text:ti_sysbios_BIOS_RtsGateProxy_enter__E)
                  000059f8    000000a8     sysbios.aem4f : BIOS.obj (.text:ti_sysbios_family_arm_msp432_Timer_periodicStub__E)
                  00005aa0    000000a4     line.obj (.text:Graphics_drawLineH)
                  00005b44    000000a0     auto_init.aem4f : auto_init.oem4f (.text)
                  00005be4    000000a0     ti.targets.arm.rtsarm.aem4f : Text.oem4f (.text:xdc_runtime_Text_putMod__E)
                  00005c84    0000009c     rtsv7M4_T_le_v4SPD16_eabi.lib : memcpy_t2.obj (.text)
                  00005d20    0000009c     sysbios.aem4f : BIOS.obj (.text:ti_sysbios_knl_Semaphore_Instance_init__E)
                  00005dbc    00000004     Robot_pem4f.oem4f (.text:ti_sysbios_BIOS_RtsGateProxy_leave__E)
                  00005dc0    0000009c     sysbios.aem4f : BIOS.obj (.text:ti_sysbios_knl_Task_postInit__I)
                  00005e5c    0000009a     ti.targets.arm.rtsarm.aem4f : Text.oem4f (.text:xdc_runtime_Text_putSite__E)
                  00005ef6    00000002     --HOLE-- [fill = 0]
                  00005ef8    00000094     sysbios.aem4f : BIOS.obj (.text:ti_sysbios_family_arm_m3_Hwi_Instance_init__E)
                  00005f8c    00000004     Robot_pem4f.oem4f (.text:ti_sysbios_family_arm_m3_Hwi_destruct)
                  00005f90    00000094     sysbios.aem4f : BIOS.obj (.text:ti_sysbios_family_arm_m3_Hwi_initNVIC__E)
                  00006024    00000092     drivers_MSP432P401R.aem4f : I2CMSP432.oem4f (.text:I2CMSP432_cancel)
                  000060b6    00000092                               : PWMTimerMSP432.oem4f (.text:PWMTimerMSP432_setPeriod)
                  00006148    00000090     Sharp96x96.obj (.text:Sharp96x96_LineDrawV)
                  000061d8    0000008c     drivers_MSP432P401R.aem4f : I2CMSP432.oem4f (.text:I2CMSP432_transfer)
                  00006264    0000008c     sysbios.aem4f : m3_TaskSupport_asm.obj (.text:ti_sysbios_family_arm_m3_TaskSupport_buildTaskStack)
                  000062f0    00000088     msp432p4xx_driverlib.lib : spi.o (.text:SPI_initMaster)
                  00006378    00000088     sysbios.aem4f : BIOS.obj (.text:ti_sysbios_family_arm_msp432_Timer_Module_startup__E)
                  00006400    00000086     rtsv7M4_T_le_v4SPD16_eabi.lib : fd_cmp_t2.obj (.text:__aeabi_cdcmple)
                  00006486    00000086                                   : fd_cmp_t2.obj (.text:__aeabi_cdrcmple)
                  0000650c    00000084     drivers_MSP432P401R.aem4f : PWMTimerMSP432.oem4f (.text:PWMTimerMSP432_setDuty)
                  00006590    00000084     sysbios.aem4f : BIOS.obj (.text:ti_sysbios_family_arm_m3_Hwi_postInit__I)
                  00006614    00000080     Sharp96x96.obj (.text:Sharp96x96_SendToggleVCOMCommand)
                  00006694    0000007c     msp432p4xx_driverlib.lib : pcm.o (.text:PCM_gotoLPM3)
                  00006710    0000007c     Sharp96x96.obj (.text:Sharp96x96_ClearScreen)
                  0000678c    0000007c     Sharp96x96.obj (.text:Sharp96x96_DrawMultiple)
                  00006808    0000007a     rtsv7M4_T_le_v4SPD16_eabi.lib : memset_t2.obj (.text)
                  00006882    00000002     --HOLE-- [fill = 0]
                  00006884    00000077     rangeRead.obj (.text:sensor_read)
                  000068fb    00000001     --HOLE-- [fill = 0]
                  000068fc    00000077     rangeRead.obj (.text:sensor_write)
                  00006973    00000001     --HOLE-- [fill = 0]
                  00006974    00000073     rangeRead.obj (.text:switchOpen)
                  000069e7    00000001     --HOLE-- [fill = 0]
                  000069e8    00000070     sysbios.aem4f : BIOS.obj (.text:ti_sysbios_knl_Task_exit__E)
                  00006a58    0000006d     ti.targets.arm.rtsarm.aem4f : System.oem4f (.text:xdc_runtime_System_formatNum__I)
                  00006ac5    00000003     --HOLE-- [fill = 0]
                  00006ac8    0000006c     sysbios.aem4f : BIOS.obj (.text:ti_sysbios_knl_Clock_workFunc__E)
                  00006b34    00000004     Robot_pem4f.oem4f (.text:ti_sysbios_family_arm_m3_TaskSupport_Module__startupDone__S)
                  00006b38    0000006c     sysbios.aem4f : BIOS.obj (.text:ti_sysbios_knl_Swi_restoreHwi__E)
                  00006ba4    0000006c     ti.targets.arm.rtsarm.aem4f : Error.oem4f (.text:xdc_runtime_Error_print__E)
                  00006c10    0000006c                                 : Memory.oem4f (.text:xdc_runtime_Memory_alloc__E)
                  00006c7c    00000068     Sharp96x96.obj (.text:Sharp96x96_PixelDraw)
                  00006ce4    00000068     rtsv7M4_T_le_v4SPD16_eabi.lib : copy_decompress_lzss.obj (.text:decompress:lzss)
                  00006d4c    00000068     drivers_MSP432P401R.aem4f : I2CMSP432.oem4f (.text:primeTransfer)
                  00006db4    00000068     rtsv7M4_T_le_v4SPD16_eabi.lib : trgmsg.obj (.text)
                  00006e1c    00000066     drivers_MSP432P401R.aem4f : I2CMSP432.oem4f (.text:I2CMSP432_close)
                  00006e82    00000066     ti.targets.arm.rtsarm.aem4f : Core-mem.oem4f (.text:xdc_runtime_Core_deleteObject__I)
                  00006ee8    00000064     rtsv7M4_T_le_v4SPD16_eabi.lib : s_frexp.obj (.text)
                  00006f4c    00000004     Robot_pem4f.oem4f (.text:ti_sysbios_heaps_HeapMem_Module_GateProxy_enter__E)
                  00006f50    00000064     sysbios.aem4f : BIOS.obj (.text:ti_sysbios_family_arm_m3_Hwi_dispatchC__I)
                  00006fb4    00000062     tirtosport.aem4f : HwiP_tirtos.oem4f (.text:HwiP_create)
                  00007016    00000062     Sharp96x96utils.obj (.text:reverse)
                  00007078    00000060     rtsv7M4_T_le_v4SPD16_eabi.lib : sprintf.obj (.text)
                  000070d8    00000060     sysbios.aem4f : BIOS.obj (.text:ti_sysbios_knl_Task_schedule__I)
                  00007138    0000005c     drivers_MSP432P401R.aem4f : GPIOMSP432.oem4f (.text:GPIO_init)
                  00007194    00000004     Robot_pem4f.oem4f (.text:ti_sysbios_heaps_HeapMem_Module_GateProxy_leave__E)
                  00007198    0000005c     sysbios.aem4f : BIOS.obj (.text:ti_sysbios_knl_Swi_run__I)
                  000071f4    00000004     Robot_pem4f.oem4f (.text:ti_sysbios_knl_Clock_TimerProxy_getMaxTicks__E)
                  000071f8    0000005c     sysbios.aem4f : BIOS.obj (.text:ti_sysbios_knl_Swi_schedule__I)
                  00007254    00000004     Robot_pem4f.oem4f (.text:ti_sysbios_knl_Queue_destruct)
                  00007258    0000005c     sysbios.aem4f : BIOS.obj (.text:ti_sysbios_knl_Task_Module_startup__E)
                  000072b4    00000004     Robot_pem4f.oem4f (.text:ti_sysbios_knl_Semaphore_destruct)
                  000072b8    0000005c     sysbios.aem4f : BIOS.obj (.text:ti_sysbios_knl_Task_startCore__E)
                  00007314    0000005b     ti.targets.arm.rtsarm.aem4f : Text.oem4f (.text:xdc_runtime_Text_putLab__E)
                  0000736f    00000001     --HOLE-- [fill = 0]
                  00007370    00000058     tirtosport.aem4f : SemaphoreP_tirtos.oem4f (.text:SemaphoreP_create)
                  000073c8    00000058     Sharp96x96.obj (.text:Sharp96x96_InitializeDisplayBuffer)
                  00007420    00000058     boot.aem4f : boot.oem4f (.text)
                  00007478    00000058     rtsv7M4_T_le_v4SPD16_eabi.lib : hostwrite.obj (.text)
                  000074d0    00000058     Robot_pem4f.oem4f (.text:ti_sysbios_family_arm_m3_Hwi_construct)
                  00007528    00000058     sysbios.aem4f : m3_Hwi_asm_switch.obj (.text:ti_sysbios_family_arm_m3_Hwi_initStacks__E)
                  00007580    00000054     drivers_MSP432P401R.aem4f : GPIOMSP432.oem4f (.text:GPIO_hwiIntFxn)
                  000075d4    00000054                               : GPIOMSP432.oem4f (.text:GPIO_setCallback)
                  00007628    00000054                               : PWMTimerMSP432.oem4f (.text:PWMTimerMSP432_stop)
                  0000767c    00000054     Sharp96x96.obj (.text:Sharp96x96_LCDInit)
                  000076d0    00000054     drivers_MSP432P401R.aem4f : I2CMSP432.oem4f (.text:initHw)
                  00007724    00000054     rtsv7M4_T_le_v4SPD16_eabi.lib : exit.obj (.text)
                  00007778    00000054                                   : ltoa.obj (.text)
                  000077cc    00000004     ti.targets.arm.rtsarm.aem4f : Error.oem4f (.text:xdc_runtime_Error_getSite__E)
                  000077d0    00000054     sysbios.aem4f : BIOS.obj (.text:ti_sysbios_family_arm_msp432_Timer_initDevice__I)
                  00007824    00000004     Robot_pem4f.oem4f (.text:xdc_runtime_System_Module_GateProxy_enter__E)
                  00007828    00000054     sysbios.aem4f : BIOS.obj (.text:ti_sysbios_family_arm_msp432_init_Boot_configureClocksHigh)
                  0000787c    00000054     ti.targets.arm.rtsarm.aem4f : Assert.oem4f (.text:xdc_runtime_Assert_raise__I)
                  000078d0    00000050     drivers_MSP432P401R.aem4f : GPIOMSP432.oem4f (.text:GPIO_write)
                  00007920    00000050     msp432p4xx_driverlib.lib : pcm.o (.text:PCM_shutdownDevice)
                  00007970    00000050     drivers_MSP432P401R.aem4f : PWMTimerMSP432.oem4f (.text:PWMTimerMSP432_close)
                  000079c0    00000050     sysbios.aem4f : BIOS.obj (.text:ti_sysbios_family_arm_m3_Hwi_Module_startup__E)
                  00007a10    00000050     ti.targets.arm.rtsarm.aem4f : Startup.oem4f (.text:xdc_runtime_Startup_exec__E)
                  00007a60    00000050                                 : Text.oem4f (.text:xdc_runtime_Text_visitRope2__I)
                  00007ab0    0000004c     msp432p4xx_driverlib.lib : gpio.o (.text:GPIO_setAsPeripheralModuleFunctionOutputPin)
                  00007afc    0000004c     rtsv7M4_T_le_v4SPD16_eabi.lib : atoi.obj (.text)
                  00007b48    0000004c                                   : cpy_tbl.obj (.text)
                  00007b94    00000004     Robot_pem4f.oem4f (.text:xdc_runtime_System_Module_GateProxy_leave__E)
                  00007b98    0000004c     sysbios.aem4f : BIOS.obj (.text:ti_sysbios_family_arm_msp432_Timer_start__E)
                  00007be4    00000004     ti.targets.arm.rtsarm.aem4f : System.oem4f (.text:xdc_runtime_System_aprintf_va__F)
                  00007be8    0000004c     sysbios.aem4f : BIOS.obj (.text:ti_sysbios_heaps_HeapMem_getStats__E)
                  00007c34    00000004     ti.targets.arm.rtsarm.aem4f : System.oem4f (.text:xdc_runtime_System_printf_va__F)
                  00007c38    0000004c     sysbios.aem4f : BIOS.obj (.text:ti_sysbios_knl_Swi_runLoop__I)
                  00007c84    00000004     --HOLE-- [fill = 0]
                  00007c88    0000004c                   : BIOS.obj (.text:ti_sysbios_knl_Task_allBlockedFunction__I)
                  00007cd4    0000004a     context.obj (.text:Graphics_initContext)
                  00007d1e    00000048     msp432p4xx_driverlib.lib : timer_a.o (.text:Timer_A_generatePWM)
                  00007d66    00000048     rtsv7M4_T_le_v4SPD16_eabi.lib : fd_toi_t2.obj (.text)
                  00007dae    00000002     --HOLE-- [fill = 0]
                  00007db0    00000048     sysbios.aem4f : BIOS.obj (.text:ti_sysbios_family_arm_m3_Hwi_disableInterrupt__E)
                  00007df8    00000048                   : BIOS.obj (.text:ti_sysbios_family_arm_m3_Hwi_enableInterrupt__E)
                  00007e40    00000048                   : BIOS.obj (.text:ti_sysbios_family_arm_m3_Hwi_excReserved__I)
                  00007e88    00000046     ti.targets.arm.rtsarm.aem4f : Core-params.oem4f (.text:xdc_runtime_Core_assignParams__I)
                  00007ece    00000002     --HOLE-- [fill = 0]
                  00007ed0    00000044     MSP_EXP432P401R.obj (.text:MSP_EXP432P401R_initPWM)
                  00007f14    00000044     drivers_MSP432P401R.aem4f : PowerMSP432.oem4f (.text:Power_init)
                  00007f58    00000044     sysbios.aem4f : BIOS.obj (.text:ti_sysbios_family_arm_m3_Hwi_getStackInfo__E)
                  00007f9c    00000004     --HOLE-- [fill = 0]
                  00007fa0    00000044                   : BIOS.obj (.text:ti_sysbios_knl_Swi_post__E)
                  00007fe4    00000044     ti.targets.arm.rtsarm.aem4f : Error.oem4f (.text:xdc_runtime_Error_setX__E)
                  00008028    00000044                                 : SysMin.oem4f (.text:xdc_runtime_SysMin_flush__E)
                  0000806c    00000044                                 : Text.oem4f (.text:xdc_runtime_Text_xprintf__I)
                  000080b0    00000042     drivers_MSP432P401R.aem4f : I2CMSP432.oem4f (.text:completeTransfer)
                  000080f2    00000002     --HOLE-- [fill = 0]
                  000080f4    00000040     msp432p4xx_driverlib.lib : flash.o (.text:FlashCtl_disableReadBuffering)
                  00008134    00000040     string.obj (.text:Graphics_getNumberOfLeadingZeros)
                  00008174    00000040     msp432p4xx_driverlib.lib : i2c.o (.text:I2C_masterSendMultiByteFinish)
                  000081b4    00000040     drivers_MSP432P401R.aem4f : PWMTimerMSP432.oem4f (.text:PWMTimerMSP432_start)
                  000081f4    00000040                               : PowerMSP432.oem4f (.text:notify)
                  00008234    00000040     rtsv7M4_T_le_v4SPD16_eabi.lib : u_divt2.obj (.text)
                  00008274    00000004     --HOLE-- [fill = 0]
                  00008278    00000040     sysbios.aem4f : BIOS.obj (.text:ti_sysbios_family_arm_msp432_Timer_startup__E)
                  000082b8    0000003e     msp432p4xx_driverlib.lib : i2c.o (.text:I2C_initMaster)
                  000082f6    00000002     --HOLE-- [fill = 0]
                  000082f8    0000003c     MSP_EXP432P401R.obj (.text:MSP_EXP432P401R_initI2C)
                  00008334    0000003c     power_tirtos_MSP432P401R.aem4f : PowerMSP432_tirtos.oem4f (.text:PowerMSP432_sleepPolicy)
                  00008370    0000003c     drivers_MSP432P401R.aem4f : PWMTimerMSP432.oem4f (.text:getPeriodCounts)
                  000083ac    00000004     --HOLE-- [fill = 0]
                  000083b0    0000003c     sysbios.aem4f : BIOS.obj (.text:ti_sysbios_family_arm_m3_Hwi_excSvCall__I)
                  000083ec    00000004     --HOLE-- [fill = 0]
                  000083f0    0000003c                   : BIOS.obj (.text:ti_sysbios_heaps_HeapMem_init__I)
                  0000842c    00000004     --HOLE-- [fill = 0]
                  00008430    0000003c                   : BIOS.obj (.text:ti_sysbios_knl_Swi_restore__E)
                  0000846c    00000038     drivers_MSP432P401R.aem4f : I2C.oem4f (.text:I2C_init)
                  000084a4    00000038                               : PWM.oem4f (.text:PWM_init)
                  000084dc    00000038                               : PWMTimerMSP432.oem4f (.text:getDutyCounts)
                  00008514    00000038                               : I2CMSP432.oem4f (.text:perfChangeNotifyFxn)
                  0000854c    00000038     rtsv7M4_T_le_v4SPD16_eabi.lib : fs_tod_t2.obj (.text)
                  00008584    00000004     --HOLE-- [fill = 0]
                  00008588    00000038     sysbios.aem4f : BIOS.obj (.text:ti_sysbios_family_arm_m3_Hwi_excNoIsr__I)
                  000085c0    00000038                   : BIOS.obj (.text:ti_sysbios_knl_Task_processVitalTaskFlag__I)
                  000085f8    00000038     ti.targets.arm.rtsarm.aem4f : SysMin.oem4f (.text:xdc_runtime_SysMin_putch__E)
                  00008630    00000038                                 : System.oem4f (.text:xdc_runtime_System_atexit__E)
                  00008668    00000034     msp432p4xx_driverlib.lib : flash.o (.text:FlashCtl_enableReadBuffering)
                  0000869c    00000004     --HOLE-- [fill = 0]
                  000086a0    00000034     sysbios.aem4f : BIOS.obj (.text:ti_sysbios_family_arm_m3_Hwi_Instance_finalize__E)
                  000086d4    00000004     --HOLE-- [fill = 0]
                  000086d8    00000034                   : BIOS.obj (.text:ti_sysbios_family_arm_m3_Hwi_excNmi__I)
                  0000870c    00000004     --HOLE-- [fill = 0]
                  00008710    00000034                   : BIOS.obj (.text:ti_sysbios_hal_Hwi_checkStack)
                  00008744    00000034     ti.targets.arm.rtsarm.aem4f : Core-label.oem4f (.text:xdc_runtime_Core_assignLabel__I)
                  00008778    00000033                                 : Text.oem4f (.text:xdc_runtime_Text_printVisFxn__I)
                  000087ab    00000005     --HOLE-- [fill = 0]
                  000087b0    00000032     sysbios.aem4f : BIOS.obj (.text:ti_sysbios_hal_Hwi_initStack)
                  000087e2    00000002     --HOLE-- [fill = 0]
                  000087e4    00000030     msp432p4xx_driverlib.lib : gpio.o (.text:GPIO_getEnabledInterruptStatus)
                  00008814    00000030                              : gpio.o (.text:GPIO_setAsInputPinWithPullDownResistor)
                  00008844    00000030                              : gpio.o (.text:GPIO_setAsInputPinWithPullUpResistor)
                  00008874    00000030     drivers_MSP432P401R.aem4f : I2C.oem4f (.text:I2C_open)
                  000088a4    00000030                               : PWM.oem4f (.text:PWM_open)
                  000088d4    00000030     msp432p4xx_driverlib.lib : spi.o (.text:is_A_Module)
                  00008904    00000030     Robot_pem4f.oem4f (.text:ti_sysbios_BIOS_atExitFunc__I)
                  00008934    00000030     Robot_pem4f.oem4f (.text:ti_sysbios_BIOS_startFunc__I)
                  00008964    00000004     --HOLE-- [fill = 0]
                  00008968    00000030     sysbios.aem4f : BIOS.obj (.text:ti_sysbios_family_arm_m3_TaskSupport_start__E)
                  00008998    00000030     Robot_pem4f.oem4f (.text:ti_sysbios_gates_GateHwi_Object__create__S)
                  000089c8    00000030     Robot_pem4f.oem4f (.text:ti_sysbios_gates_GateMutex_Object__create__S)
                  000089f8    00000030     Robot_pem4f.oem4f (.text:ti_sysbios_heaps_HeapMem_Object__create__S)
                  00008a28    00000030     Robot_pem4f.oem4f (.text:ti_sysbios_knl_Semaphore_construct)
                  00008a58    00000030     sysbios.aem4f : BIOS.obj (.text:ti_sysbios_knl_Semaphore_pendTimeout__I)
                  00008a88    00000030                   : BIOS.obj (.text:ti_sysbios_knl_Task_unblockI__E)
                  00008ab8    00000030     ti.targets.arm.rtsarm.aem4f : SysMin.oem4f (.text:xdc_runtime_SysMin_abort__E)
                  00008ae8    00000030                                 : System.oem4f (.text:xdc_runtime_System_processAtExit__E)
                  00008b18    0000002e     rtsv7M4_T_le_v4SPD16_eabi.lib : i_tofd_t2.obj (.text)
                  00008b46    00000002     --HOLE-- [fill = 0]
                  00008b48    0000002c     msp432p4xx_driverlib.lib : gpio.o (.text:GPIO_setAsInputPin)
                  00008b74    0000002c                              : pcm.o (.text:PCM_getCoreVoltageLevel)
                  00008ba0    0000002c     power_tirtos_MSP432P401R.aem4f : PowerMSP432_tirtos.oem4f (.text:PowerMSP432_updateFreqs)
                  00008bcc    0000002c     drivers_MSP432P401R.aem4f : PowerMSP432.oem4f (.text:Power_releaseConstraint)
                  00008bf8    0000002c                               : PowerMSP432.oem4f (.text:Power_setConstraint)
                  00008c24    0000002c     Robot_pem4f.oem4f (.text:ti_sysbios_knl_Clock_doTick__I)
                  00008c50    0000002c     Robot_pem4f.oem4f (.text:ti_sysbios_knl_Queue_construct)
                  00008c7c    00000004     --HOLE-- [fill = 0]
                  00008c80    0000002c     sysbios.aem4f : BIOS.obj (.text:ti_sysbios_knl_Task_restore__E)
                  00008cac    0000002c     ti.targets.arm.rtsarm.aem4f : Text.oem4f (.text:xdc_runtime_Text_cordText__E)
                  00008cd8    0000002a     msp432p4xx_driverlib.lib : pcm.o (.text:PCM_getPowerMode)
                  00008d02    0000002a     ti.targets.arm.rtsarm.aem4f : System.oem4f (.text:xdc_runtime_System_putchar__I)
                  00008d2c    00000028     msp432p4xx_driverlib.lib : flash.o (.text:FlashCtl_setWaitState)
                  00008d54    00000028     drivers_MSP432P401R.aem4f : GPIOMSP432.oem4f (.text:GPIO_enableInt)
                  00008d7c    00000028     msp432p4xx_driverlib.lib : pcm.o (.text:PCM_gotoLPM0)
                  00008da4    00000004     --HOLE-- [fill = 0]
                  00008da8    00000028     sysbios.aem4f : BIOS.obj (.text:ti_sysbios_knl_Clock_addI__E)
                  00008dd0    00000028                   : BIOS.obj (.text:ti_sysbios_knl_Swi_Module_startup__E)
                  00008df8    00000026     drivers_MSP432P401R.aem4f : List.oem4f (.text:List_put)
                  00008e1e    00000026     sysbios.aem4f : m3_Hwi_asm.obj (.text:ti_sysbios_family_arm_m3_Hwi_pendSV__I)
                  00008e44    00000026     ti.targets.arm.rtsarm.aem4f : System.oem4f (.text:xdc_runtime_System_avprintf__E)
                  00008e6a    00000002     --HOLE-- [fill = 0]
                  00008e6c    00000024     msp432p4xx_driverlib.lib : cs.o (.text:CS_setDCOCenteredFrequency)
                  00008e90    00000024                              : gpio.o (.text:GPIO_setAsOutputPin)
                  00008eb4    00000024                              : i2c.o (.text:I2C_masterSendMultiByteNext)
                  00008ed8    00000024                              : rtc_c.o (.text:RTC_C_holdClock)
                  00008efc    00000024                              : rtc_c.o (.text:RTC_C_startClock)
                  00008f20    00000024     Robot_pem4f.oem4f (.text:ti_sysbios_BIOS_errorRaiseHook__I)
                  00008f44    00000024     Robot_pem4f.oem4f (.text:ti_sysbios_BIOS_registerRTSLock__I)
                  00008f68    00000024     Robot_pem4f.oem4f (.text:ti_sysbios_BIOS_removeRTSLock__I)
                  00008f8c    00000004     --HOLE-- [fill = 0]
                  00008f90    00000024     sysbios.aem4f : BIOS.obj (.text:ti_sysbios_family_arm_msp432_ClockFreqs_setFrequency__E)
                  00008fb4    00000024     Robot_pem4f.oem4f (.text:ti_sysbios_gates_GateMutex_Object__delete__S)
                  00008fd8    00000024     sysbios.aem4f : BIOS.obj (.text:ti_sysbios_knl_Clock_Module_startup__E)
                  00008ffc    00000004     --HOLE-- [fill = 0]
                  00009000    00000024                   : BIOS.obj (.text:ti_sysbios_knl_Task_restoreHwi__E)
                  00009024    00000024     ti.targets.arm.rtsarm.aem4f : System.oem4f (.text:xdc_runtime_System_vprintf__E)
                  00009048    00000022     Robot_pem4f.oem4f (.text:xdc_runtime_SysMin_output__I)
                  0000906a    00000002     --HOLE-- [fill = 0]
                  0000906c    00000020     msp432p4xx_driverlib.lib : gpio.o (.text:GPIO_interruptEdgeSelect)
                  0000908c    00000020     drivers_MSP432P401R.aem4f : PowerMSP432.oem4f (.text:PowerMSP432_getFreqs)
                  000090ac    00000020                               : PowerMSP432.oem4f (.text:Power_unregisterNotify)
                  000090cc    00000020     msp432p4xx_driverlib.lib : spi.o (.text:SPI_transmitData)
                  000090ec    00000020     Robot_pem4f.oem4f (.text:ti_sysbios_BIOS_rtsLock__I)
                  0000910c    00000020     sysbios.aem4f : m3_Hwi_asm.obj (.text:ti_sysbios_family_arm_m3_Hwi_excHandlerAsm__I)
                  0000912c    00000004     --HOLE-- [fill = 0]
                  00009130    00000020                   : BIOS.obj (.text:ti_sysbios_family_arm_m3_Hwi_excHandler__I)
                  00009150    00000020     Robot_pem4f.oem4f (.text:ti_sysbios_gates_GateHwi_Object__delete__S)
                  00009170    00000020     Robot_pem4f.oem4f (.text:ti_sysbios_heaps_HeapMem_Object__delete__S)
                  00009190    00000020     sysbios.aem4f : BIOS.obj (.text:ti_sysbios_knl_Idle_run__E)
                  000091b0    00000020     Robot_pem4f.oem4f (.text:ti_sysbios_knl_Semaphore_Object__destruct__S)
                  000091d0    00000020     ti.targets.arm.rtsarm.aem4f : Registry.oem4f (.text:xdc_runtime_Registry_findById__E)
                  000091f0    00000020                                 : SysMin.oem4f (.text:xdc_runtime_SysMin_Module_startup__E)
                  00009210    0000001e     drivers_MSP432P401R.aem4f : PWMTimerMSP432.oem4f (.text:corroboratePeriod)
                  0000922e    0000001e     sysbios.aem4f : m3_Hwi_asm_switch.obj (.text:ti_sysbios_family_xxx_Hwi_switchAndRunFunc)
                  0000924c    0000001c     msp432p4xx_driverlib.lib : spi.o (.text:EUSCI_B_SPI_isBusy)
                  00009268    0000001c                              : pcm.o (.text:PCM_enableRudeMode)
                  00009284    0000001c     drivers_MSP432P401R.aem4f : PowerMSP432.oem4f (.text:Power_registerNotify)
                  000092a0    0000001c     rtsv7M4_T_le_v4SPD16_eabi.lib : memccpy.obj (.text)
                  000092bc    0000001c     Robot_pem4f.oem4f (.text:ti_sysbios_family_arm_m3_Hwi_Object__destruct__S)
                  000092d8    0000001c     sysbios.aem4f : BIOS.obj (.text:ti_sysbios_gates_GateMutex_Instance_init__E)
                  000092f4    0000001c     Robot_pem4f.oem4f (.text:ti_sysbios_knl_Queue_Object__destruct__S)
                  00009310    0000001c     sysbios.aem4f : BIOS.obj (.text:ti_sysbios_knl_Queue_put__E)
                  0000932c    00000004     --HOLE-- [fill = 0]
                  00009330    0000001c                   : BIOS.obj (.text:ti_sysbios_knl_Task_enter__I)
                  0000934c    0000001c     ti.targets.arm.rtsarm.aem4f : Error.oem4f (.text:xdc_runtime_Error_raiseX__E)
                  00009368    0000001c                                 : Memory.oem4f (.text:xdc_runtime_Memory_valloc__E)
                  00009384    0000001c                                 : SysMin.oem4f (.text:xdc_runtime_SysMin_exit__E)
                  000093a0    0000001c                                 : System.oem4f (.text:xdc_runtime_System_abort__E)
                  000093bc    0000001a     drivers_MSP432P401R.aem4f : List.oem4f (.text:List_remove)
                  000093d6    0000001a     msp432p4xx_driverlib.lib : spi.o (.text:SPI_enableModule)
                  000093f0    0000001a     Robot_pem4f.oem4f (.text:ti_sysbios_family_arm_m3_Hwi_Handle__label__S)
                  0000940a    0000001a     Robot_pem4f.oem4f (.text:ti_sysbios_gates_GateHwi_Handle__label__S)
                  00009424    0000001a     Robot_pem4f.oem4f (.text:ti_sysbios_gates_GateMutex_Handle__label__S)
                  0000943e    0000001a     Robot_pem4f.oem4f (.text:ti_sysbios_heaps_HeapMem_Handle__label__S)
                  00009458    0000001a     Robot_pem4f.oem4f (.text:ti_sysbios_knl_Swi_Handle__label__S)
                  00009472    0000001a     Robot_pem4f.oem4f (.text:ti_sysbios_knl_Task_Handle__label__S)
                  0000948c    0000001a     Robot_pem4f.oem4f (.text:xdc_runtime_System_aprintf__E)
                  000094a6    0000001a     Robot_pem4f.oem4f (.text:xdc_runtime_System_printf__E)
                  000094c0    00000018     msp432p4xx_driverlib.lib : gpio.o (.text:GPIO_clearInterruptFlag)
                  000094d8    00000018                              : gpio.o (.text:GPIO_setDriveStrengthLow)
                  000094f0    00000018                              : gpio.o (.text:GPIO_setOutputLowOnPin)
                  00009508    00000018                              : i2c.o (.text:I2C_masterIsStartSent)
                  00009520    00000018                              : wdt_a.o (.text:WDT_A_holdTimer)
                  00009538    00000018     drivers_MSP432P401R.aem4f : PWMTimerMSP432.oem4f (.text:corroborateDuty)
                  00009550    00000018     rtsv7M4_T_le_v4SPD16_eabi.lib : args_main.obj (.text)
                  00009568    00000018     Robot_pem4f.oem4f (.text:ti_sysbios_BIOS_rtsUnlock__I)
                  00009580    00000018     Robot_pem4f.oem4f (.text:ti_sysbios_family_arm_m3_Hwi_Module__startupDone__F)
                  00009598    00000018     sysbios.aem4f : m3_TaskSupport_asm.obj (.text:ti_sysbios_family_arm_m3_TaskSupport_swap__E)
                  000095b0    00000018     Robot_pem4f.oem4f (.text:ti_sysbios_family_arm_msp432_Timer_Module__startupDone__F)
                  000095c8    00000018     sysbios.aem4f : BIOS.obj (.text:ti_sysbios_gates_GateMutex_leave__E)
                  000095e0    00000018                   : BIOS.obj (.text:ti_sysbios_knl_Task_sleepTimeout__I)
                  000095f8    00000018     ti.targets.arm.rtsarm.aem4f : Error.oem4f (.text:xdc_runtime_Error_check__E)
                  00009610    00000018                                 : System.oem4f (.text:xdc_runtime_System_exit__E)
                  00009628    00000018                                 : Text.oem4f (.text:xdc_runtime_Text_ropeText__E)
                  00009640    00000016     tirtosport.aem4f : HwiP_tirtos.oem4f (.text:HwiP_delete)
                  00009656    00000016                      : SemaphoreP_tirtos.oem4f (.text:SemaphoreP_delete)
                  0000966c    00000016     rtsv7M4_T_le_v4SPD16_eabi.lib : strchr.obj (.text)
                  00009682    00000016     Robot_pem4f.oem4f (.text:ti_sysbios_BIOS_exitFunc__I)
                  00009698    00000014     msp432p4xx_driverlib.lib : gpio.o (.text:GPIO_enableInterrupt)
                  000096ac    00000014                              : gpio.o (.text:GPIO_setDriveStrengthHigh)
                  000096c0    00000014                              : gpio.o (.text:GPIO_setOutputHighOnPin)
                  000096d4    00000014     drivers_MSP432P401R.aem4f : PWM.oem4f (.text:PWM_Params_init)
                  000096e8    00000014                               : PowerMSP432.oem4f (.text:Power_idleFunc)
                  000096fc    00000014     Sharp96x96.obj (.text:Sharp96x96_ClearBuffer)
                  00009710    00000014     msp432p4xx_driverlib.lib : wdt_a.o (.text:WDT_A_startTimer)
                  00009724    00000014     buttons.obj (.text:gpioButtonFxn0)
                  00009738    00000014     buttons.obj (.text:gpioButtonFxn1)
                  0000974c    00000014     rtsv7M4_T_le_v4SPD16_eabi.lib : _lock.obj (.text)
                  00009760    00000014                                   : s_copysign.obj (.text)
                  00009774    00000014                                   : strlen.obj (.text)
                  00009788    00000014     Robot_pem4f.oem4f (.text:ti_sysbios_family_arm_m3_Hwi_Object__get__S)
                  0000979c    00000004     --HOLE-- [fill = 0]
                  000097a0    00000014     sysbios.aem4f : BIOS.obj (.text:ti_sysbios_family_arm_m3_Hwi_switchFromBootStack__E)
                  000097b4    00000014     Robot_pem4f.oem4f (.text:ti_sysbios_heaps_HeapMem_Object__get__S)
                  000097c8    00000014     Robot_pem4f.oem4f (.text:ti_sysbios_knl_Swi_Object__get__S)
                  000097dc    00000012     tirtosport.aem4f : SemaphoreP_tirtos.oem4f (.text:SemaphoreP_pend)
                  000097ee    00000012     Sharp96x96.obj (.text:Sharp96x96_ColorTranslate)
                  00009800    00000012     heartBeatTask.obj (.text:heartBeatTaskFxn)
                  00009812    00000006     drivers_MSP432P401R.aem4f : I2CMSP432.oem4f (.text:I2CMSP432_control)
                  00009818    00000012     sysbios.aem4f : BIOS.obj (.text:ti_sysbios_hal_Hwi_Module_startup__E)
                  0000982a    00000012     Robot_pem4f.oem4f (.text:xdc_runtime_Startup_exec__I)
                  0000983c    00000010     msp432p4xx_driverlib.lib : gpio.o (.text:GPIO_getInterruptStatus)
                  0000984c    00000010     drivers_MSP432P401R.aem4f : I2C.oem4f (.text:I2C_Params_init)
                  0000985c    00000010     msp432p4xx_driverlib.lib : i2c.o (.text:I2C_masterReceiveMultiByteStop)
                  0000986c    00000010                              : i2c.o (.text:I2C_masterReceiveStart)
                  0000987c    00000010                              : i2c.o (.text:I2C_masterSendStart)
                  0000988c    00000010     motor.obj (.text:LHMotorChannelAFallingFxn)
                  0000989c    00000010     msp432p4xx_driverlib.lib : pcm.o (.text:PCM_gotoLPM4)
                  000098ac    00000010     motor.obj (.text:RHMotorChannelAFallingFxn)
                  000098bc    00000004     --HOLE-- [fill = 0]
                  000098c0    00000010     sysbios.aem4f : BIOS.obj (.text:ti_sysbios_BIOS_setCpuFreq__E)
                  000098d0    00000010                   : BIOS.obj (.text:ti_sysbios_BIOS_setThreadType__E)
                  000098e0    00000010                   : BIOS.obj (.text:ti_sysbios_BIOS_start__E)
                  000098f0    00000010                   : m3_TaskSupport_asm.obj (.text:ti_sysbios_family_arm_m3_TaskSupport_glue)
                  00009900    00000010                   : BIOS.obj (.text:ti_sysbios_family_arm_msp432_init_Boot_disableWatchdog)
                  00009910    00000010                   : BIOS.obj (.text:ti_sysbios_gates_GateMutex_Instance_finalize__E)
                  00009920    00000010                   : BIOS.obj (.text:ti_sysbios_knl_Semaphore_Instance_finalize__E)
                  00009930    00000010                   : BIOS.obj (.text:ti_sysbios_knl_Swi_disable__E)
                  00009940    00000010     Robot_pem4f.oem4f (.text:ti_sysbios_knl_Task_Object__get__S)
                  00009950    00000010     sysbios.aem4f : BIOS.obj (.text:ti_sysbios_knl_Task_disable__E)
                  00009960    00000010     ti.targets.arm.rtsarm.aem4f : Gate.oem4f (.text:xdc_runtime_Gate_leaveSystem__E)
                  00009970    00000010                                 : Memory.oem4f (.text:xdc_runtime_Memory_free__E)
                  00009980    00000010                                 : SysMin.oem4f (.text:xdc_runtime_SysMin_ready__E)
                  00009990    00000010                                 : System.oem4f (.text:xdc_runtime_System_vsnprintf__E)
                  000099a0    00000010     Robot_pem4f.oem4f (.text:xdc_runtime_Text_visitRope__I)
                  000099b0    0000000e     tirtosport.aem4f : HwiP_tirtos.oem4f (.text:HwiP_Params_init)
                  000099be    0000000e     msp432p4xx_driverlib.lib : i2c.o (.text:I2C_clearInterruptFlag)
                  000099cc    0000000e                              : i2c.o (.text:I2C_disableInterrupt)
                  000099da    0000000e                              : i2c.o (.text:I2C_setMode)
                  000099e8    0000000e                              : timer_a.o (.text:Timer_A_setCompareValue)
                  000099f6    0000000e     rtsv7M4_T_le_v4SPD16_eabi.lib : copy_decompress_none.obj (.text:decompress:none)
                  00009a04    00000004     --HOLE-- [fill = 0]
                  00009a08    0000000e     sysbios.aem4f : BIOS.obj (.text:ti_sysbios_knl_Idle_loop__E)
                  00009a16    00000002     --HOLE-- [fill = 0]
                  00009a18    0000000e                   : BIOS.obj (.text:ti_sysbios_knl_Queue_empty__E)
                  00009a26    0000000c     Robot_pem4f.oem4f (.text:.bootCodeSection:ti_sysbios_family_arm_msp432_init_Boot_init__I)
                  00009a32    0000000c     msp432p4xx_driverlib.lib : cpu.o (.text:CPU_cpsid)
                  00009a3e    0000000c                              : cpu.o (.text:CPU_cpsie)
                  00009a4a    0000000c                              : spi.o (.text:EUSCI_A_SPI_enable)
                  00009a56    0000000c                              : spi.o (.text:EUSCI_B_SPI_enable)
                  00009a62    0000000c                              : i2c.o (.text:I2C_disableModule)
                  00009a6e    0000000c                              : i2c.o (.text:I2C_enableModule)
                  00009a7a    00000002     --HOLE-- [fill = 0]
                  00009a7c    0000000c                              : pcm.o (.text:PCM_getPowerState)
                  00009a88    0000000c     drivers_MSP432P401R.aem4f : PowerMSP432.oem4f (.text:Power_getConstraintMask)
                  00009a94    0000000c                               : PowerMSP432.oem4f (.text:Power_getPerformanceLevel)
                  00009aa0    0000000c     msp432p4xx_driverlib.lib : timer_a.o (.text:Timer_A_stopTimer)
                  00009aac    0000000c     rtsv7M4_T_le_v4SPD16_eabi.lib : copy_zero_init.obj (.text:decompress:ZI)
                  00009ab8    0000000c     Robot_pem4f.oem4f (.text:ti_sysbios_family_arm_m3_Hwi_Params__init__S)
                  00009ac4    00000004     --HOLE-- [fill = 0]
                  00009ac8    0000000c     sysbios.aem4f : BIOS.obj (.text:ti_sysbios_family_arm_m3_Hwi_disableFxn__E)
                  00009ad4    00000004     --HOLE-- [fill = 0]
                  00009ad8    0000000c                   : BIOS.obj (.text:ti_sysbios_family_arm_m3_TaskSupport_checkStack__E)
                  00009ae4    00000004     --HOLE-- [fill = 0]
                  00009ae8    0000000c                   : BIOS.obj (.text:ti_sysbios_family_arm_msp432_Timer_getMaxTicks__E)
                  00009af4    00000004     --HOLE-- [fill = 0]
                  00009af8    0000000c                   : BIOS.obj (.text:ti_sysbios_gates_GateHwi_enter__E)
                  00009b04    00000004     --HOLE-- [fill = 0]
                  00009b08    0000000c                   : BIOS.obj (.text:ti_sysbios_knl_Clock_getTicks__E)
                  00009b14    0000000c     Robot_pem4f.oem4f (.text:ti_sysbios_knl_Queue_Object__get__S)
                  00009b20    0000000c     Robot_pem4f.oem4f (.text:ti_sysbios_knl_Semaphore_Params__init__S)
                  00009b2c    0000000c     ti.targets.arm.rtsarm.aem4f : Error.oem4f (.text:xdc_runtime_Error_init__E)
                  00009b38    0000000c                                 : Gate.oem4f (.text:xdc_runtime_Gate_enterSystem__E)
                  00009b44    0000000c                                 : Memory.oem4f (.text:xdc_runtime_Memory_calloc__E)
                  00009b50    0000000c                                 : Memory.oem4f (.text:xdc_runtime_Memory_getMaxDefaultTypeAlign__E)
                  00009b5c    0000000c                                 : Startup.oem4f (.text:xdc_runtime_Startup_rtsDone__E)
                  00009b68    0000000a     drivers_MSP432P401R.aem4f : I2CMSP432.oem4f (.text:I2CMSP432_init)
                  00009b72    0000000a                               : I2C.oem4f (.text:I2C_transfer)
                  00009b7c    0000000a                               : PWM.oem4f (.text:PWM_setDuty)
                  00009b86    0000000a                               : PWM.oem4f (.text:PWM_start)
                  00009b90    0000000a     tirtosport.aem4f : SemaphoreP_tirtos.oem4f (.text:SemaphoreP_post)
                  00009b9a    0000000a     Robot_pem4f.oem4f (.text:xdc_runtime_IHeap_alloc)
                  00009ba4    0000000a     Robot_pem4f.oem4f (.text:xdc_runtime_IHeap_free)
                  00009bae    00000008     msp432p4xx_driverlib.lib : i2c.o (.text:I2C_enableInterrupt)
                  00009bb6    00000008     MSP_EXP432P401R.obj (.text:MSP_EXP432P401R_initGPIO)
                  00009bbe    00000008     MSP_EXP432P401R.obj (.text:MSP_EXP432P401R_initGeneral)
                  00009bc6    00000008     msp432p4xx_driverlib.lib : pcm.o (.text:PCM_setPowerMode)
                  00009bce    00000008                              : pcm.o (.text:PCM_setPowerState)
                  00009bd6    00000008     drivers_MSP432P401R.aem4f : PWMTimerMSP432.oem4f (.text:PWMTimerMSP432_init)
                  00009bde    00000008     tirtosport.aem4f : SemaphoreP_tirtos.oem4f (.text:SemaphoreP_Params_init)
                  00009be6    00000008     msp432p4xx_driverlib.lib : timer_a.o (.text:Timer_A_startCounter)
                  00009bee    00000008     drivers_MSP432P401R.aem4f : I2CMSP432.oem4f (.text:blockingTransferCallback)
                  00009bf6    00000002     --HOLE-- [fill = 0]
                  00009bf8    00000008     sysbios.aem4f : BIOS.obj (.text:ti_sysbios_family_arm_m3_Hwi_doSwiRestore__I)
                  00009c00    00000008                   : BIOS.obj (.text:ti_sysbios_family_arm_m3_Hwi_startup__E)
                  00009c08    00000006     msp432p4xx_driverlib.lib : i2c.o (.text:I2C_getEnabledInterruptStatus)
                  00009c0e    00000006                              : i2c.o (.text:I2C_getInterruptStatus)
                  00009c14    00000006                              : i2c.o (.text:I2C_masterReceiveMultiByteNext)
                  00009c1a    00000006     drivers_MSP432P401R.aem4f : PWMTimerMSP432.oem4f (.text:PWMTimerMSP432_control)
                  00009c20    00000006     sysbios.aem4f : BIOS.obj (.text:ti_sysbios_family_arm_m3_Hwi_doTaskRestore__I)
                  00009c26    00000002     --HOLE-- [fill = 0]
                  00009c28    00000006                   : BIOS.obj (.text:ti_sysbios_family_arm_m3_Hwi_restoreFxn__E)
                  00009c2e    00000002     --HOLE-- [fill = 0]
                  00009c30    00000006                   : BIOS.obj (.text:ti_sysbios_gates_GateHwi_leave__E)
                  00009c36    00000002     --HOLE-- [fill = 0]
                  00009c38    00000006                   : BIOS.obj (.text:ti_sysbios_heaps_HeapMem_isBlocking__E)
                  00009c3e    00000002     --HOLE-- [fill = 0]
                  00009c40    00000006                   : BIOS.obj (.text:ti_sysbios_knl_Queue_Instance_init__E)
                  00009c46    00000002     --HOLE-- [fill = 0]
                  00009c48    00000006                   : BIOS.obj (.text:ti_sysbios_knl_Swi_startup__E)
                  00009c4e    00000006     ti.targets.arm.rtsarm.aem4f : System.oem4f (.text:xdc_runtime_System_Module_startup__E)
                  00009c54    00000004     --HOLE-- [fill = 0]
                  00009c58    00000004     sysbios.aem4f : BIOS.obj (.text:ti_sysbios_gates_GateHwi_query__E)
                  00009c5c    00000004     --HOLE-- [fill = 0]
                  00009c60    00000004                   : BIOS.obj (.text:ti_sysbios_gates_GateMutex_query__E)
                  00009c64    00000004     --HOLE-- [fill = 0]
                  00009c68    00000004                   : BIOS.obj (.text:ti_sysbios_knl_Task_startup__E)
                  00009c6c    00000004     --HOLE-- [fill = 0]
                  00009c70    00000002                   : BIOS.obj (.text:ti_sysbios_BIOS_linkedWithIncorrectBootLibrary__E)
                  00009c72    00000006     --HOLE-- [fill = 0]
                  00009c78    00000002                   : BIOS.obj (.text:ti_sysbios_gates_GateHwi_Instance_init__E)
                  00009c7a    00000006     --HOLE-- [fill = 0]
                  00009c80    00000002                   : BIOS.obj (.text:ti_sysbios_knl_Clock_logTick__E)

.const     0    00009c84    000029f5     
                  00009c84    00001844     Robot_pem4f.oem4f (.const:xdc_runtime_Text_charTab__A)
                  0000b4c8    0000094d     fontcm20b.obj (.const:.string:g_pucCm20bData)
                  0000be15    00000101     rtsv7M4_T_le_v4SPD16_eabi.lib : ctype.obj (.const:.string:_ctypes_)
                  0000bf16    00000002     Robot_pem4f.oem4f (.const:ti_sysbios_family_arm_m3_Hwi_Module__id__C)
                  0000bf18    000000c8     fontcm20b.obj (.const:g_sFontCm20b)
                  0000bfe0    000000b0     Robot_pem4f.oem4f (.const:xdc_runtime_Text_nodeTab__A)
                  0000c090    00000048     Robot_pem4f.oem4f (.const:.string)
                  0000c0d8    0000003c     MSP_EXP432P401R.obj (.const:PWM_config)
                  0000c114    00000030     MSP_EXP432P401R.obj (.const:I2C_config)
                  0000c144    00000030     Sharp96x96.obj (.const:g_sharp96x96LCD)
                  0000c174    00000030     MSP_EXP432P401R.obj (.const:i2cMSP432HWAttrs)
                  0000c1a4    00000030     MSP_EXP432P401R.obj (.const:pwmTimerMSP432HWAttrs)
                  0000c1d4    00000030     Robot_pem4f.oem4f (.const:ti_sysbios_family_arm_m3_Hwi_Object__PARAMS__C)
                  0000c204    00000028     drivers_MSP432P401R.aem4f : PWMTimerMSP432.oem4f (.const)
                  0000c22c    00000028     Robot_pem4f.oem4f (.const:ti_sysbios_heaps_HeapMem_Module__FXNS__C)
                  0000c254    00000024     Robot_pem4f.oem4f (.const:ti_sysbios_gates_GateHwi_Module__FXNS__C)
                  0000c278    00000024     Robot_pem4f.oem4f (.const:ti_sysbios_gates_GateMutex_Module__FXNS__C)
                  0000c29c    00000024     Robot_pem4f.oem4f (.const:ti_sysbios_heaps_HeapMem_Object__PARAMS__C)
                  0000c2c0    00000024     Robot_pem4f.oem4f (.const:ti_sysbios_knl_Semaphore_Object__PARAMS__C)
                  0000c2e4    00000020     drivers_MSP432P401R.aem4f : I2CMSP432.oem4f (.const)
                  0000c304    00000020     Robot_pem4f.oem4f (.const:ti_sysbios_family_arm_m3_Hwi_Object__DESC__C)
                  0000c324    00000020     Robot_pem4f.oem4f (.const:ti_sysbios_gates_GateHwi_Object__DESC__C)
                  0000c344    00000020     Robot_pem4f.oem4f (.const:ti_sysbios_gates_GateMutex_Object__DESC__C)
                  0000c364    00000020     Robot_pem4f.oem4f (.const:ti_sysbios_heaps_HeapMem_Object__DESC__C)
                  0000c384    00000020     Robot_pem4f.oem4f (.const:ti_sysbios_knl_Queue_Object__DESC__C)
                  0000c3a4    00000020     Robot_pem4f.oem4f (.const:ti_sysbios_knl_Semaphore_Object__DESC__C)
                  0000c3c4    00000020     Robot_pem4f.oem4f (.const:xdc_runtime_Startup_sfxnTab__A)
                  0000c3e4    0000001c     Sharp96x96.obj (.const:$P$T0$1)
                  0000c400    00000018     drivers_MSP432P401R.aem4f : PWM.oem4f (.const)
                  0000c418    00000018     Robot_pem4f.oem4f (.const:ti_sysbios_gates_GateHwi_Object__PARAMS__C)
                  0000c430    00000018     Robot_pem4f.oem4f (.const:ti_sysbios_gates_GateMutex_Object__PARAMS__C)
                  0000c448    00000018     Robot_pem4f.oem4f (.const:ti_sysbios_knl_Queue_Object__PARAMS__C)
                  0000c460    00000014     MSP_EXP432P401R.obj (.const:GPIOMSP432_config)
                  0000c474    00000010     MSP_EXP432P401R.obj (.const:PowerMSP432_config)
                  0000c484    00000010     drivers_MSP432P401R.aem4f : I2C.oem4f (.const)
                  0000c494    00000010     Robot_pem4f.oem4f (.const:xdc_runtime_Startup_sfxnRts__A)
                  0000c4a4    0000000c     drivers_MSP432P401R.aem4f : GPIOMSP432.oem4f (.const:.string)
                  0000c4b0    0000000c     Robot_pem4f.oem4f (.const:xdc_runtime_Startup_firstFxns__A)
                  0000c4bc    00000008     MSP_EXP432P401R.obj (.const:.string:$P$T0$1)
                  0000c4c4    00000008     Robot_pem4f.oem4f (.const:ti_sysbios_family_arm_m3_Hwi_excHookFuncs__A)
                  0000c4cc    00000008     Robot_pem4f.oem4f (.const:ti_sysbios_knl_Idle_funcList__A)
                  0000c4d4    00000008     Robot_pem4f.oem4f (.const:ti_sysbios_knl_Idle_funcList__C)
                  0000c4dc    00000008     Robot_pem4f.oem4f (.const:xdc_runtime_Startup_firstFxns__C)
                  0000c4e4    00000008     Robot_pem4f.oem4f (.const:xdc_runtime_Startup_lastFxns__C)
                  0000c4ec    00000004     Robot_pem4f.oem4f (.const:ti_sysbios_family_arm_m3_Hwi_E_NMI__C)
                  0000c4f0    00000004     Robot_pem4f.oem4f (.const:ti_sysbios_family_arm_m3_Hwi_E_alreadyDefined__C)
                  0000c4f4    00000004     Robot_pem4f.oem4f (.const:ti_sysbios_family_arm_m3_Hwi_E_busFault__C)
                  0000c4f8    00000004     Robot_pem4f.oem4f (.const:ti_sysbios_family_arm_m3_Hwi_E_debugMon__C)
                  0000c4fc    00000004     Robot_pem4f.oem4f (.const:ti_sysbios_family_arm_m3_Hwi_E_hardFault__C)
                  0000c500    00000004     Robot_pem4f.oem4f (.const:ti_sysbios_family_arm_m3_Hwi_E_memFault__C)
                  0000c504    00000004     Robot_pem4f.oem4f (.const:ti_sysbios_family_arm_m3_Hwi_E_noIsr__C)
                  0000c508    00000004     Robot_pem4f.oem4f (.const:ti_sysbios_family_arm_m3_Hwi_E_reserved__C)
                  0000c50c    00000004     Robot_pem4f.oem4f (.const:ti_sysbios_family_arm_m3_Hwi_E_svCall__C)
                  0000c510    00000004     Robot_pem4f.oem4f (.const:ti_sysbios_family_arm_m3_Hwi_E_usageFault__C)
                  0000c514    00000004     Robot_pem4f.oem4f (.const:ti_sysbios_family_arm_m3_Hwi_NUM_INTERRUPTS__C)
                  0000c518    00000004     Robot_pem4f.oem4f (.const:ti_sysbios_family_arm_m3_Hwi_Object__count__C)
                  0000c51c    00000004     Robot_pem4f.oem4f (.const:ti_sysbios_family_arm_m3_Hwi_ccr__C)
                  0000c520    00000004     Robot_pem4f.oem4f (.const:ti_sysbios_family_arm_m3_Hwi_excHandlerFunc__C)
                  0000c524    00000004     Robot_pem4f.oem4f (.const:ti_sysbios_family_arm_m3_Hwi_excHookFuncs__C)
                  0000c528    00000004     Robot_pem4f.oem4f (.const:ti_sysbios_family_arm_m3_Hwi_nullIsrFunc__C)
                  0000c52c    00000004     Robot_pem4f.oem4f (.const:ti_sysbios_family_arm_m3_Hwi_priGroup__C)
                  0000c530    00000004     Robot_pem4f.oem4f (.const:ti_sysbios_family_arm_msp432_Timer_numTimerDevices__C)
                  0000c534    00000004     Robot_pem4f.oem4f (.const:ti_sysbios_family_arm_msp432_Timer_startupNeeded__C)
                  0000c538    00000004     Robot_pem4f.oem4f (.const:ti_sysbios_gates_GateMutex_A_badContext__C)
                  0000c53c    00000004     Robot_pem4f.oem4f (.const:ti_sysbios_gates_GateMutex_Instance_State_sem__O)
                  0000c540    00000004     Robot_pem4f.oem4f (.const:ti_sysbios_gates_GateMutex_Module__diagsEnabled__C)
                  0000c544    00000004     Robot_pem4f.oem4f (.const:ti_sysbios_gates_GateMutex_Module__diagsIncluded__C)
                  0000c548    00000004     Robot_pem4f.oem4f (.const:ti_sysbios_gates_GateMutex_Module__diagsMask__C)
                  0000c54c    00000004     Robot_pem4f.oem4f (.const:ti_sysbios_hal_Hwi_E_stackOverflow__C)
                  0000c550    00000004     Robot_pem4f.oem4f (.const:ti_sysbios_heaps_HeapMem_A_align__C)
                  0000c554    00000004     Robot_pem4f.oem4f (.const:ti_sysbios_heaps_HeapMem_A_heapSize__C)
                  0000c558    00000004     Robot_pem4f.oem4f (.const:ti_sysbios_heaps_HeapMem_A_invalidFree__C)
                  0000c55c    00000004     Robot_pem4f.oem4f (.const:ti_sysbios_heaps_HeapMem_A_zeroBlock__C)
                  0000c560    00000004     Robot_pem4f.oem4f (.const:ti_sysbios_heaps_HeapMem_E_memory__C)
                  0000c564    00000004     Robot_pem4f.oem4f (.const:ti_sysbios_heaps_HeapMem_Module__diagsEnabled__C)
                  0000c568    00000004     Robot_pem4f.oem4f (.const:ti_sysbios_heaps_HeapMem_Module__diagsIncluded__C)
                  0000c56c    00000004     Robot_pem4f.oem4f (.const:ti_sysbios_heaps_HeapMem_Module__diagsMask__C)
                  0000c570    00000004     Robot_pem4f.oem4f (.const:ti_sysbios_heaps_HeapMem_Module__gateObj__C)
                  0000c574    00000004     Robot_pem4f.oem4f (.const:ti_sysbios_heaps_HeapMem_Object__count__C)
                  0000c578    00000004     Robot_pem4f.oem4f (.const:ti_sysbios_heaps_HeapMem_reqAlign__C)
                  0000c57c    00000004     Robot_pem4f.oem4f (.const:ti_sysbios_knl_Clock_Module_State_clockQ__O)
                  0000c580    00000004     Robot_pem4f.oem4f (.const:ti_sysbios_knl_Semaphore_A_badContext__C)
                  0000c584    00000004     Robot_pem4f.oem4f (.const:ti_sysbios_knl_Semaphore_A_noEvents__C)
                  0000c588    00000004     Robot_pem4f.oem4f (.const:ti_sysbios_knl_Semaphore_A_overflow__C)
                  0000c58c    00000004     Robot_pem4f.oem4f (.const:ti_sysbios_knl_Semaphore_A_pendTaskDisabled__C)
                  0000c590    00000004     Robot_pem4f.oem4f (.const:ti_sysbios_knl_Semaphore_Instance_State_pendQ__O)
                  0000c594    00000004     Robot_pem4f.oem4f (.const:ti_sysbios_knl_Semaphore_Module__diagsEnabled__C)
                  0000c598    00000004     Robot_pem4f.oem4f (.const:ti_sysbios_knl_Semaphore_Module__diagsIncluded__C)
                  0000c59c    00000004     Robot_pem4f.oem4f (.const:ti_sysbios_knl_Semaphore_Module__diagsMask__C)
                  0000c5a0    00000004     Robot_pem4f.oem4f (.const:ti_sysbios_knl_Swi_Object__count__C)
                  0000c5a4    00000004     Robot_pem4f.oem4f (.const:ti_sysbios_knl_Task_A_badTimeout__C)
                  0000c5a8    00000004     Robot_pem4f.oem4f (.const:ti_sysbios_knl_Task_A_sleepTaskDisabled__C)
                  0000c5ac    00000004     Robot_pem4f.oem4f (.const:ti_sysbios_knl_Task_E_spOutOfBounds__C)
                  0000c5b0    00000004     Robot_pem4f.oem4f (.const:ti_sysbios_knl_Task_E_stackOverflow__C)
                  0000c5b4    00000004     Robot_pem4f.oem4f (.const:ti_sysbios_knl_Task_Module_State_inactiveQ__O)
                  0000c5b8    00000004     Robot_pem4f.oem4f (.const:ti_sysbios_knl_Task_Module__diagsEnabled__C)
                  0000c5bc    00000004     Robot_pem4f.oem4f (.const:ti_sysbios_knl_Task_Module__diagsIncluded__C)
                  0000c5c0    00000004     Robot_pem4f.oem4f (.const:ti_sysbios_knl_Task_Module__diagsMask__C)
                  0000c5c4    00000004     Robot_pem4f.oem4f (.const:ti_sysbios_knl_Task_Object__count__C)
                  0000c5c8    00000004     Robot_pem4f.oem4f (.const:ti_sysbios_knl_Task_allBlockedFunc__C)
                  0000c5cc    00000004     Robot_pem4f.oem4f (.const:ti_sysbios_knl_Task_numConstructedTasks__C)
                  0000c5d0    00000004     Robot_pem4f.oem4f (.const:xdc_runtime_Assert_E_assertFailed__C)
                  0000c5d4    00000004     Robot_pem4f.oem4f (.const:xdc_runtime_Core_A_initializedParams__C)
                  0000c5d8    00000004     Robot_pem4f.oem4f (.const:xdc_runtime_Core_Module__diagsEnabled__C)
                  0000c5dc    00000004     Robot_pem4f.oem4f (.const:xdc_runtime_Core_Module__diagsIncluded__C)
                  0000c5e0    00000004     Robot_pem4f.oem4f (.const:xdc_runtime_Core_Module__diagsMask__C)
                  0000c5e4    00000004     Robot_pem4f.oem4f (.const:xdc_runtime_Error_E_memory__C)
                  0000c5e8    00000004     Robot_pem4f.oem4f (.const:xdc_runtime_Error_Module__diagsEnabled__C)
                  0000c5ec    00000004     Robot_pem4f.oem4f (.const:xdc_runtime_Error_Module__diagsIncluded__C)
                  0000c5f0    00000004     Robot_pem4f.oem4f (.const:xdc_runtime_Error_Module__diagsMask__C)
                  0000c5f4    00000004     Robot_pem4f.oem4f (.const:xdc_runtime_Error_Module__loggerFxn8__C)
                  0000c5f8    00000004     Robot_pem4f.oem4f (.const:xdc_runtime_Error_Module__loggerObj__C)
                  0000c5fc    00000004     Robot_pem4f.oem4f (.const:xdc_runtime_Error_policyFxn__C)
                  0000c600    00000004     Robot_pem4f.oem4f (.const:xdc_runtime_Error_raiseHook__C)
                  0000c604    00000004     Robot_pem4f.oem4f (.const:xdc_runtime_IGateProvider_Interface__BASE__C)
                  0000c608    00000004     Robot_pem4f.oem4f (.const:xdc_runtime_IHeap_Interface__BASE__C)
                  0000c60c    00000004     Robot_pem4f.oem4f (.const:xdc_runtime_IModule_Interface__BASE__C)
                  0000c610    00000004     Robot_pem4f.oem4f (.const:xdc_runtime_Log_L_error__C)
                  0000c614    00000004     Robot_pem4f.oem4f (.const:xdc_runtime_Memory_defaultHeapInstance__C)
                  0000c618    00000004     Robot_pem4f.oem4f (.const:xdc_runtime_Startup_execImpl__C)
                  0000c61c    00000004     Robot_pem4f.oem4f (.const:xdc_runtime_Startup_maxPasses__C)
                  0000c620    00000004     Robot_pem4f.oem4f (.const:xdc_runtime_Startup_sfxnRts__C)
                  0000c624    00000004     Robot_pem4f.oem4f (.const:xdc_runtime_Startup_sfxnTab__C)
                  0000c628    00000004     Robot_pem4f.oem4f (.const:xdc_runtime_SysMin_bufSize__C)
                  0000c62c    00000004     Robot_pem4f.oem4f (.const:xdc_runtime_SysMin_outputFunc__C)
                  0000c630    00000004     Robot_pem4f.oem4f (.const:xdc_runtime_System_Module__gateObj__C)
                  0000c634    00000004     Robot_pem4f.oem4f (.const:xdc_runtime_System_abortFxn__C)
                  0000c638    00000004     Robot_pem4f.oem4f (.const:xdc_runtime_System_exitFxn__C)
                  0000c63c    00000004     Robot_pem4f.oem4f (.const:xdc_runtime_System_extendFxn__C)
                  0000c640    00000004     Robot_pem4f.oem4f (.const:xdc_runtime_System_maxAtexitHandlers__C)
                  0000c644    00000004     Robot_pem4f.oem4f (.const:xdc_runtime_Text_charTab__C)
                  0000c648    00000004     Robot_pem4f.oem4f (.const:xdc_runtime_Text_nameEmpty__C)
                  0000c64c    00000004     Robot_pem4f.oem4f (.const:xdc_runtime_Text_nameStatic__C)
                  0000c650    00000004     Robot_pem4f.oem4f (.const:xdc_runtime_Text_nameUnknown__C)
                  0000c654    00000004     Robot_pem4f.oem4f (.const:xdc_runtime_Text_nodeTab__C)
                  0000c658    00000004     Robot_pem4f.oem4f (.const:xdc_runtime_Text_visitRopeFxn__C)
                  0000c65c    00000002     Robot_pem4f.oem4f (.const:ti_sysbios_gates_GateMutex_Module__id__C)
                  0000c65e    00000002     Robot_pem4f.oem4f (.const:ti_sysbios_hal_Hwi_Module__id__C)
                  0000c660    00000002     Robot_pem4f.oem4f (.const:ti_sysbios_heaps_HeapMem_Module__id__C)
                  0000c662    00000002     Robot_pem4f.oem4f (.const:ti_sysbios_knl_Semaphore_Module__id__C)
                  0000c664    00000002     Robot_pem4f.oem4f (.const:ti_sysbios_knl_Task_Module__id__C)
                  0000c666    00000002     Robot_pem4f.oem4f (.const:xdc_runtime_Core_Module__id__C)
                  0000c668    00000002     Robot_pem4f.oem4f (.const:xdc_runtime_Error_Module__loggerDefined__C)
                  0000c66a    00000002     Robot_pem4f.oem4f (.const:xdc_runtime_Error_maxDepth__C)
                  0000c66c    00000002     Robot_pem4f.oem4f (.const:xdc_runtime_Memory_Module__id__C)
                  0000c66e    00000002     Robot_pem4f.oem4f (.const:xdc_runtime_SysMin_flushAtExit__C)
                  0000c670    00000002     Robot_pem4f.oem4f (.const:xdc_runtime_Text_charCnt__C)
                  0000c672    00000002     Robot_pem4f.oem4f (.const:xdc_runtime_Text_isLoaded__C)
                  0000c674    00000002     Robot_pem4f.oem4f (.const:xdc_runtime_Text_registryModsLastId__C)
                  0000c676    00000002     Robot_pem4f.oem4f (.const:xdc_runtime_Text_unnamedModsLastId__C)
                  0000c678    00000001     Robot_pem4f.oem4f (.const:xdc_runtime_Error_policy__C)

.cinit     0    0000c680    00000310     
                  0000c680    000002d9     (.cinit..data.load) [load image, compression = lzss]
                  0000c959    00000003     --HOLE-- [fill = 0]
                  0000c95c    0000000c     (__TI_handler_table)
                  0000c968    00000008     (.cinit..bss.load) [load image, compression = zero_init]
                  0000c970    00000008     (.cinit..vecs.load) [load image, compression = zero_init]
                  0000c978    00000018     (__TI_cinit_table)

.resetVecs 
*          0    00000000    0000003c     
                  00000000    0000003c     Robot_pem4f.oem4f (.resetVecs)

.vecs      0    20000000    00000140     UNINITIALIZED
                  20000000    00000140     Robot_pem4f.oem4f (.vecs)

.bss       0    20000140    00004d08     UNINITIALIZED
                  20000140    00002ee0     (.common:DisplayBuffer)
                  20003020    00001600     Robot_pem4f.oem4f (.bss:taskStackSection)
                  20004620    00000400     (.common:ti_sysbios_heaps_HeapMem_Instance_State_0_buf__A)
                  20004a20    00000140     (.common:ti_sysbios_family_arm_m3_Hwi_dispatchTable)
                  20004b60    00000120     rtsv7M4_T_le_v4SPD16_eabi.lib : trgmsg.obj (.bss:_CIOBUF_)
                  20004c80    000000d8     (.common:i2cMSP432Objects)
                  20004d58    00000080     (.common:xdc_runtime_SysMin_Module_State_0_outbuf__A)
                  20004dd8    00000030     drivers_MSP432P401R.aem4f : GPIOMSP432.oem4f (.bss:gpioCallbackInfo)
                  20004e08    00000030     (.common:pwmTimerMSP432Objects)
                  20004e38    00000008     (.common:parmbuf)
                  20004e40    00000004     (.common:speedL)
                  20004e44    00000004     (.common:speedR)

.data      0    20004e48    00000790     UNINITIALIZED
                  20004e48    0000017c     Robot_pem4f.oem4f (.data:ti_sysbios_knl_Task_Object__table__V)
                  20004fc4    0000009c     drivers_MSP432P401R.aem4f : PowerMSP432.oem4f (.data:PowerMSP432_perfLevels)
                  20005060    00000080                               : PWMTimerMSP432.oem4f (.data:pwmTimerStatus)
                  200050e0    00000080     Robot_pem4f.oem4f (.data:ti_sysbios_knl_Swi_Module_State_0_readyQ__A)
                  20005160    00000080     Robot_pem4f.oem4f (.data:ti_sysbios_knl_Task_Module_State_0_readyQ__A)
                  200051e0    0000006c     MSP_EXP432P401R.obj (.data:gpioCallbackFunctions)
                  2000524c    0000006c     MSP_EXP432P401R.obj (.data:gpioPinConfigs)
                  200052b8    0000004c     Robot_pem4f.oem4f (.data:ti_sysbios_family_arm_msp432_Timer_Object__table__V)
                  20005304    00000044     Robot_pem4f.oem4f (.data:ti_sysbios_knl_Task_Module__state__V)
                  20005348    00000038     Robot_pem4f.oem4f (.data:ti_sysbios_gates_GateMutex_Object__table__V)
                  20005380    00000034     Robot_pem4f.oem4f (.data:ti_sysbios_family_arm_m3_Hwi_Module__state__V)
                  200053b4    00000030     msp432p4xx_driverlib.lib : gpio.o (.data:GPIO_PORT_TO_BASE)
                  200053e4    00000030     Robot_pem4f.oem4f (.data:ti_sysbios_knl_Swi_Object__table__V)
                  20005414    0000002c     Robot_pem4f.oem4f (.data:ti_sysbios_knl_Clock_Module__state__V)
                  20005440    00000028     drivers_MSP432P401R.aem4f : PowerMSP432.oem4f (.data:PowerMSP432_module)
                  20005468    00000024     Robot_pem4f.oem4f (.data:ti_sysbios_BIOS_Module__state__V)
                  2000548c    00000020     Robot_pem4f.oem4f (.data:ti_sysbios_family_arm_msp432_Timer_Module_State_0_device__A)
                  200054ac    0000001c     Robot_pem4f.oem4f (.data:ti_sysbios_knl_Swi_Module__state__V)
                  200054c8    00000018     Robot_pem4f.oem4f (.data:ti_sysbios_family_arm_m3_Hwi_Object__table__V)
                  200054e0    00000018     Robot_pem4f.oem4f (.data:ti_sysbios_heaps_HeapMem_Object__table__V)
                  200054f8    00000014     motor.obj (.data)
                  2000550c    00000010     Robot_pem4f.oem4f (.data:ti_sysbios_family_arm_msp432_Timer_Module_State_0_handles__A)
                  2000551c    0000000c     rtsv7M4_T_le_v4SPD16_eabi.lib : exit.obj (.data:$O1$$)
                  20005528    0000000c     Robot_pem4f.oem4f (.data:ti_sysbios_family_arm_msp432_ClockFreqs_Module__state__V)
                  20005534    0000000c     Robot_pem4f.oem4f (.data:ti_sysbios_family_arm_msp432_Timer_Module__state__V)
                  20005540    0000000c     Robot_pem4f.oem4f (.data:xdc_runtime_SysMin_Module__state__V)
                  2000554c    00000008     rtsv7M4_T_le_v4SPD16_eabi.lib : _lock.obj (.data:$O1$$)
                  20005554    00000008     Robot_pem4f.oem4f (.data:ti_sysbios_family_arm_m3_Hwi_Module__root__V)
                  2000555c    00000008     Robot_pem4f.oem4f (.data:ti_sysbios_gates_GateHwi_Module__root__V)
                  20005564    00000008     Robot_pem4f.oem4f (.data:ti_sysbios_gates_GateMutex_Module__root__V)
                  2000556c    00000008     Robot_pem4f.oem4f (.data:ti_sysbios_heaps_HeapMem_Module__root__V)
                  20005574    00000008     Robot_pem4f.oem4f (.data:ti_sysbios_knl_Queue_Module__root__V)
                  2000557c    00000008     Robot_pem4f.oem4f (.data:ti_sysbios_knl_Semaphore_Module__root__V)
                  20005584    00000008     Robot_pem4f.oem4f (.data:xdc_runtime_Registry_Module__state__V)
                  2000558c    00000008     Robot_pem4f.oem4f (.data:xdc_runtime_Startup_Module__state__V)
                  20005594    00000008     Robot_pem4f.oem4f (.data:xdc_runtime_System_Module_State_0_atexitHandlers__A)
                  2000559c    00000008     Robot_pem4f.oem4f (.data:xdc_runtime_System_Module__state__V)
                  200055a4    00000004     rangeRead.obj (.data:distL)
                  200055a8    00000004     rangeRead.obj (.data:distR)
                  200055ac    00000004     drivers_MSP432P401R.aem4f : I2C.oem4f (.data)
                  200055b0    00000004                               : PWM.oem4f (.data)
                  200055b4    00000004     rtsv7M4_T_le_v4SPD16_eabi.lib : errno.obj (.data)
                  200055b8    00000004                                   : stkdepth_vars.obj (.data)
                  200055bc    00000004     Robot_pem4f.oem4f (.data:ti_sysbios_family_arm_m3_Hwi_Module_State_0_excContext__A)
                  200055c0    00000004     Robot_pem4f.oem4f (.data:ti_sysbios_family_arm_m3_Hwi_Module_State_0_excStack__A)
                  200055c4    00000004     Robot_pem4f.oem4f (.data:ti_sysbios_gates_GateHwi_Object__table__V)
                  200055c8    00000004     Robot_pem4f.oem4f (.data:ti_sysbios_knl_Task_Module_State_0_idleTask__A)
                  200055cc    00000004     Robot_pem4f.oem4f (.data:xdc_runtime_Memory_Module__state__V)
                  200055d0    00000002     Sharp96x96.obj (.data)
                  200055d2    00000002     Robot_pem4f.oem4f (.data:ti_sysbios_family_arm_m3_Hwi_Module_State_0_excActive__A)
                  200055d4    00000002     Robot_pem4f.oem4f (.data:xdc_runtime_Error_Module__state__V)
                  200055d6    00000001     drivers_MSP432P401R.aem4f : GPIOMSP432.oem4f (.data)
                  200055d7    00000001     main.obj (.data)

.stack     0    2000fd00    00000300     UNINITIALIZED
                  2000fd00    00000300     --HOLE--

.bootVecs 
*          0    00000000    00000008     DSECT
                  00000000    00000008     boot.aem4f : boot.oem4f (.bootVecs)

xdc.meta   0    00000000    000000fe     COPY SECTION
                  00000000    000000fe     Robot_pem4f.oem4f (xdc.meta)

.binit     0    00000000    00000000     

MODULE SUMMARY

       Module                     code    ro data   rw data
       ------                     ----    -------   -------
    .\
       rangeRead.obj              1147    0         8      
       motor.obj                  892     0         28     
       MSP_EXP432P401R.obj        144     248       480    
       screenTask.obj             800     0         0      
       main.obj                   256     0         1      
       buttons.obj                40      0         0      
       heartBeatTask.obj          18      0         0      
    +--+--------------------------+-------+---------+---------+
       Total:                     3297    248       517    
                                                           
    .\LCDDriver\
       Sharp96x96.obj             1706    76        12002  
       Sharp96x96utils.obj        98      0         0      
    +--+--------------------------+-------+---------+---------+
       Total:                     1804    76        12002  
                                                           
    .\fonts\
       fontcm20b.obj              0       2581      0      
    +--+--------------------------+-------+---------+---------+
       Total:                     0       2581      0      
                                                           
    .\grlib\
       string.obj                 1234    0         0      
       line.obj                   164     0         0      
       context.obj                74      0         0      
    +--+--------------------------+-------+---------+---------+
       Total:                     1472    0         0      
                                                           
    C:\Users\jingwen\Desktop\MRes Robotics\GX02-Control\robotic_systems\Debug\configPkg\package\cfg\
       Robot_pem4f.oem4f          1600    7515      8704   
    +--+--------------------------+-------+---------+---------+
       Total:                     1600    7515      8704   
                                                           
    C:/ti/tirtos_msp43x_2_20_00_06/products/msp432_driverlib_3_21_00_05/driverlib/MSP432P4xx/ccs/msp432p4xx_driverlib.lib
       pcm.o                      1214    0         0      
       gpio.o                     480     0         48     
       i2c.o                      330     0         0      
       spi.o                      302     0         0      
       timer_a.o                  284     0         0      
       cs.o                       260     0         0      
       flash.o                    156     0         0      
       rtc_c.o                    72      0         0      
       wdt_a.o                    44      0         0      
       cpu.o                      28      0         0      
    +--+--------------------------+-------+---------+---------+
       Total:                     3170    0         48     
                                                           
    C:/ti/tirtos_msp43x_2_20_00_06/products/tidrivers_msp43x_2_20_00_08/packages/ti/drivers/lib/drivers_MSP432P401R.aem4f
       I2CMSP432.oem4f            1378    32        0      
       PowerMSP432.oem4f          1212    0         196    
       PWMTimerMSP432.oem4f       1088    40        128    
       GPIOMSP432.oem4f           700     12        49     
       PWM.oem4f                  144     24        4      
       I2C.oem4f                  130     16        4      
       List.oem4f                 72      0         0      
    +--+--------------------------+-------+---------+---------+
       Total:                     4724    124       381    
                                                           
    C:/ti/tirtos_msp43x_2_20_00_06/products/tidrivers_msp43x_2_20_00_08/packages/ti/drivers/lib/power_tirtos_MSP432P401R.aem4f
       PowerMSP432_tirtos.oem4f   106     0         0      
    +--+--------------------------+-------+---------+---------+
       Total:                     106     0         0      
[...]
00009b45  xdc_runtime_Memory_calloc__E                                
00009b51  xdc_runtime_Memory_getMaxDefaultTypeAlign__E                
00009b5d  xdc_runtime_Startup_rtsDone__E                              
00009b69  I2CMSP432_init                                              
00009b73  I2C_transfer                                                
00009b7d  PWM_setDuty                                                 
00009b87  PWM_start                                                   
00009b91  SemaphoreP_post                                             
00009b91  SemaphoreP_postFromClock                                    
00009b91  SemaphoreP_postFromISR                                      
00009b9b  xdc_runtime_Memory_HeapProxy_alloc__E                       
00009ba5  xdc_runtime_Memory_HeapProxy_free__E                        
00009baf  I2C_enableInterrupt                                         
00009bb7  MSP_EXP432P401R_initGPIO                                    
00009bbf  MSP_EXP432P401R_initGeneral                                 
00009bc7  PCM_setPowerMode                                            
00009bcf  PCM_setPowerState                                           
00009bd7  PWMTimerMSP432_init                                         
00009bdf  SemaphoreP_Params_init                                      
00009be7  Timer_A_startCounter                                        
00009bf9  ti_sysbios_family_arm_m3_Hwi_doSwiRestore__I                
00009c01  ti_sysbios_family_arm_m3_Hwi_startup__E                     
00009c01  ti_sysbios_hal_Hwi_HwiProxy_startup__E                      
00009c09  I2C_getEnabledInterruptStatus                               
00009c0f  I2C_getInterruptStatus                                      
00009c15  I2C_masterReceiveMultiByteNext                              
00009c1b  PWMTimerMSP432_control                                      
00009c21  ti_sysbios_family_arm_m3_Hwi_doTaskRestore__I               
00009c29  HwiP_restore                                                
00009c29  ti_sysbios_family_arm_m3_Hwi_restoreFxn__E                  
00009c29  ti_sysbios_hal_Hwi_HwiProxy_restore__E                      
00009c31  ti_sysbios_gates_GateHwi_leave__E                           
00009c39  ti_sysbios_heaps_HeapMem_isBlocking__E                      
00009c41  ti_sysbios_knl_Queue_Instance_init__E                       
00009c49  ti_sysbios_knl_Swi_startup__E                               
00009c4f  xdc_runtime_System_Module_startup__E                        
00009c59  ti_sysbios_gates_GateHwi_query__E                           
00009c59  xdc_runtime_Main_Module_GateProxy_query__E                  
00009c59  xdc_runtime_System_Module_GateProxy_query__E                
00009c61  ti_sysbios_BIOS_RtsGateProxy_query__E                       
00009c61  ti_sysbios_gates_GateMutex_query__E                         
00009c61  ti_sysbios_heaps_HeapMem_Module_GateProxy_query__E          
00009c69  ti_sysbios_knl_Task_startup__E                              
00009c71  ti_sysbios_BIOS_linkedWithIncorrectBootLibrary__E           
00009c79  ti_sysbios_gates_GateHwi_Instance_init__E                   
00009c81  ti_sysbios_knl_Clock_logTick__E                             
00009c84  xdc_runtime_Text_charTab__A                                 
0000be15  _ctypes_                                                    
0000bf16  ti_sysbios_family_arm_m3_Hwi_Module__id__C                  
0000bf18  g_sFontCm20b                                                
0000bfe0  xdc_runtime_Text_nodeTab__A                                 
0000c0d8  PWM_config                                                  
0000c114  I2C_config                                                  
0000c144  g_sharp96x96LCD                                             
0000c174  i2cMSP432HWAttrs                                            
0000c1a4  pwmTimerMSP432HWAttrs                                       
0000c1d4  ti_sysbios_family_arm_m3_Hwi_Object__PARAMS__C              
0000c204  PWMTimerMSP432_fxnTable                                     
0000c22c  ti_sysbios_heaps_HeapMem_Module__FXNS__C                    
0000c254  ti_sysbios_gates_GateHwi_Module__FXNS__C                    
0000c278  ti_sysbios_gates_GateMutex_Module__FXNS__C                  
0000c29c  ti_sysbios_heaps_HeapMem_Object__PARAMS__C                  
0000c2c0  ti_sysbios_knl_Semaphore_Object__PARAMS__C                  
0000c2e4  I2CMSP432_fxnTable                                          
0000c304  ti_sysbios_family_arm_m3_Hwi_Object__DESC__C                
0000c324  ti_sysbios_gates_GateHwi_Object__DESC__C                    
0000c344  ti_sysbios_gates_GateMutex_Object__DESC__C                  
0000c364  ti_sysbios_heaps_HeapMem_Object__DESC__C                    
0000c384  ti_sysbios_knl_Queue_Object__DESC__C                        
0000c3a4  ti_sysbios_knl_Semaphore_Object__DESC__C                    
0000c3c4  xdc_runtime_Startup_sfxnTab__A                              
0000c400  PWM_defaultParams                                           
0000c418  ti_sysbios_gates_GateHwi_Object__PARAMS__C                  
0000c430  ti_sysbios_gates_GateMutex_Object__PARAMS__C                
0000c448  ti_sysbios_knl_Queue_Object__PARAMS__C                      
0000c460  GPIOMSP432_config                                           
0000c474  PowerMSP432_config                                          
0000c484  I2C_defaultParams                                           
0000c494  xdc_runtime_Startup_sfxnRts__A                              
0000c4b0  xdc_runtime_Startup_firstFxns__A                            
0000c4c4  ti_sysbios_family_arm_m3_Hwi_excHookFuncs__A                
0000c4cc  ti_sysbios_knl_Idle_funcList__A                             
0000c4d4  ti_sysbios_knl_Idle_funcList__C                             
0000c4dc  xdc_runtime_Startup_firstFxns__C                            
0000c4e4  xdc_runtime_Startup_lastFxns__C                             
0000c4ec  ti_sysbios_family_arm_m3_Hwi_E_NMI__C                       
0000c4f0  ti_sysbios_family_arm_m3_Hwi_E_alreadyDefined__C            
0000c4f4  ti_sysbios_family_arm_m3_Hwi_E_busFault__C                  
0000c4f8  ti_sysbios_family_arm_m3_Hwi_E_debugMon__C                  
0000c4fc  ti_sysbios_family_arm_m3_Hwi_E_hardFault__C                 
0000c500  ti_sysbios_family_arm_m3_Hwi_E_memFault__C                  
0000c504  ti_sysbios_family_arm_m3_Hwi_E_noIsr__C                     
0000c508  ti_sysbios_family_arm_m3_Hwi_E_reserved__C                  
0000c50c  ti_sysbios_family_arm_m3_Hwi_E_svCall__C                    
0000c510  ti_sysbios_family_arm_m3_Hwi_E_usageFault__C                
0000c514  ti_sysbios_family_arm_m3_Hwi_NUM_INTERRUPTS__C              
0000c518  ti_sysbios_family_arm_m3_Hwi_Object__count__C               
0000c51c  ti_sysbios_family_arm_m3_Hwi_ccr__C                         
0000c520  ti_sysbios_family_arm_m3_Hwi_excHandlerFunc__C              
0000c524  ti_sysbios_family_arm_m3_Hwi_excHookFuncs__C                
0000c528  ti_sysbios_family_arm_m3_Hwi_nullIsrFunc__C                 
0000c52c  ti_sysbios_family_arm_m3_Hwi_priGroup__C                    
0000c530  ti_sysbios_family_arm_msp432_Timer_numTimerDevices__C       
0000c534  ti_sysbios_family_arm_msp432_Timer_startupNeeded__C         
0000c538  ti_sysbios_gates_GateMutex_A_badContext__C                  
0000c53c  ti_sysbios_gates_GateMutex_Instance_State_sem__O            
0000c540  ti_sysbios_gates_GateMutex_Module__diagsEnabled__C          
0000c544  ti_sysbios_gates_GateMutex_Module__diagsIncluded__C         
0000c548  ti_sysbios_gates_GateMutex_Module__diagsMask__C             
0000c54c  ti_sysbios_hal_Hwi_E_stackOverflow__C                       
0000c550  ti_sysbios_heaps_HeapMem_A_align__C                         
0000c554  ti_sysbios_heaps_HeapMem_A_heapSize__C                      
0000c558  ti_sysbios_heaps_HeapMem_A_invalidFree__C                   
0000c55c  ti_sysbios_heaps_HeapMem_A_zeroBlock__C                     
0000c560  ti_sysbios_heaps_HeapMem_E_memory__C                        
0000c564  ti_sysbios_heaps_HeapMem_Module__diagsEnabled__C            
0000c568  ti_sysbios_heaps_HeapMem_Module__diagsIncluded__C           
0000c56c  ti_sysbios_heaps_HeapMem_Module__diagsMask__C               
0000c570  ti_sysbios_heaps_HeapMem_Module__gateObj__C                 
0000c574  ti_sysbios_heaps_HeapMem_Object__count__C                   
0000c578  ti_sysbios_heaps_HeapMem_reqAlign__C                        
0000c57c  ti_sysbios_knl_Clock_Module_State_clockQ__O                 
0000c580  ti_sysbios_knl_Semaphore_A_badContext__C                    
0000c584  ti_sysbios_knl_Semaphore_A_noEvents__C                      
0000c588  ti_sysbios_knl_Semaphore_A_overflow__C                      
0000c58c  ti_sysbios_knl_Semaphore_A_pendTaskDisabled__C              
0000c590  ti_sysbios_knl_Semaphore_Instance_State_pendQ__O            
0000c594  ti_sysbios_knl_Semaphore_Module__diagsEnabled__C            
0000c598  ti_sysbios_knl_Semaphore_Module__diagsIncluded__C           
0000c59c  ti_sysbios_knl_Semaphore_Module__diagsMask__C               
0000c5a0  ti_sysbios_knl_Swi_Object__count__C                         
0000c5a4  ti_sysbios_knl_Task_A_badTimeout__C                         
0000c5a8  ti_sysbios_knl_Task_A_sleepTaskDisabled__C                  
0000c5ac  ti_sysbios_knl_Task_E_spOutOfBounds__C                      
0000c5b0  ti_sysbios_knl_Task_E_stackOverflow__C                      
0000c5b4  ti_sysbios_knl_Task_Module_State_inactiveQ__O               
0000c5b8  ti_sysbios_knl_Task_Module__diagsEnabled__C                 
0000c5bc  ti_sysbios_knl_Task_Module__diagsIncluded__C                
0000c5c0  ti_sysbios_knl_Task_Module__diagsMask__C                    
0000c5c4  ti_sysbios_knl_Task_Object__count__C                        
0000c5c8  ti_sysbios_knl_Task_allBlockedFunc__C                       
0000c5cc  ti_sysbios_knl_Task_numConstructedTasks__C                  
0000c5d0  xdc_runtime_Assert_E_assertFailed__C                        
0000c5d4  xdc_runtime_Core_A_initializedParams__C                     
0000c5d8  xdc_runtime_Core_Module__diagsEnabled__C                    
0000c5dc  xdc_runtime_Core_Module__diagsIncluded__C                   
0000c5e0  xdc_runtime_Core_Module__diagsMask__C                       
0000c5e4  xdc_runtime_Error_E_memory__C                               
0000c5e8  xdc_runtime_Error_Module__diagsEnabled__C                   
0000c5ec  xdc_runtime_Error_Module__diagsIncluded__C                  
0000c5f0  xdc_runtime_Error_Module__diagsMask__C                      
0000c5f4  xdc_runtime_Error_Module__loggerFxn8__C                     
0000c5f8  xdc_runtime_Error_Module__loggerObj__C                      
0000c5fc  xdc_runtime_Error_policyFxn__C                              
0000c600  xdc_runtime_Error_raiseHook__C                              
0000c604  xdc_runtime_IGateProvider_Interface__BASE__C                
0000c608  xdc_runtime_IHeap_Interface__BASE__C                        
0000c60c  xdc_runtime_IModule_Interface__BASE__C                      
0000c610  xdc_runtime_Log_L_error__C                                  
0000c614  xdc_runtime_Memory_defaultHeapInstance__C                   
0000c618  xdc_runtime_Startup_execImpl__C                             
0000c61c  xdc_runtime_Startup_maxPasses__C                            
0000c620  xdc_runtime_Startup_sfxnRts__C                              
0000c624  xdc_runtime_Startup_sfxnTab__C                              
0000c628  xdc_runtime_SysMin_bufSize__C                               
0000c62c  xdc_runtime_SysMin_outputFunc__C                            
0000c630  xdc_runtime_System_Module__gateObj__C                       
0000c634  xdc_runtime_System_abortFxn__C                              
0000c638  xdc_runtime_System_exitFxn__C                               
0000c63c  xdc_runtime_System_extendFxn__C                             
0000c640  xdc_runtime_System_maxAtexitHandlers__C                     
0000c644  xdc_runtime_Text_charTab__C                                 
0000c648  xdc_runtime_Text_nameEmpty__C                               
0000c64c  xdc_runtime_Text_nameStatic__C                              
0000c650  xdc_runtime_Text_nameUnknown__C                             
0000c654  xdc_runtime_Text_nodeTab__C                                 
0000c658  xdc_runtime_Text_visitRopeFxn__C                            
0000c65c  ti_sysbios_gates_GateMutex_Module__id__C                    
0000c65e  ti_sysbios_hal_Hwi_Module__id__C                            
0000c660  ti_sysbios_heaps_HeapMem_Module__id__C                      
0000c662  ti_sysbios_knl_Semaphore_Module__id__C                      
0000c664  ti_sysbios_knl_Task_Module__id__C                           
0000c666  xdc_runtime_Core_Module__id__C                              
0000c668  xdc_runtime_Error_Module__loggerDefined__C                  
0000c66a  xdc_runtime_Error_maxDepth__C                               
0000c66c  xdc_runtime_Memory_Module__id__C                            
0000c66e  xdc_runtime_SysMin_flushAtExit__C                           
0000c670  xdc_runtime_Text_charCnt__C                                 
0000c672  xdc_runtime_Text_isLoaded__C                                
0000c674  xdc_runtime_Text_registryModsLastId__C                      
0000c676  xdc_runtime_Text_unnamedModsLastId__C                       
0000c678  xdc_runtime_Error_policy__C                                 
0000c680  __TI_static_base__                                          
0000c95c  __TI_Handler_Table_Base                                     
0000c968  __TI_Handler_Table_Limit                                    
0000c978  __TI_CINIT_Base                                             
0000c990  __TI_CINIT_Limit                                            
20000000  ti_sysbios_family_arm_m3_Hwi_ramVectors                     
20000140  DisplayBuffer                                               
20003020  ti_sysbios_knl_Task_Instance_State_0_stack__A               
20003220  ti_sysbios_knl_Task_Instance_State_1_stack__A               
20003a20  ti_sysbios_knl_Task_Instance_State_2_stack__A               
20004220  ti_sysbios_knl_Task_Instance_State_3_stack__A               
20004420  ti_sysbios_knl_Task_Instance_State_4_stack__A               
20004620  ti_sysbios_heaps_HeapMem_Instance_State_0_buf__A            
20004a20  ti_sysbios_family_arm_m3_Hwi_dispatchTable                  
20004b60  __CIOBUF_                                                   
20004c80  i2cMSP432Objects                                            
20004d58  xdc_runtime_SysMin_Module_State_0_outbuf__A                 
20004e08  pwmTimerMSP432Objects                                       
20004e38  parmbuf                                                     
20004e40  speedL                                                      
20004e44  speedR                                                      
20004e48  ti_sysbios_knl_Task_Object__table__V                        
20004fc4  PowerMSP432_perfLevels                                      
200050e0  ti_sysbios_knl_Swi_Module_State_0_readyQ__A                 
20005160  ti_sysbios_knl_Task_Module_State_0_readyQ__A                
200051e0  gpioCallbackFunctions                                       
2000524c  gpioPinConfigs                                              
200052b8  ti_sysbios_family_arm_msp432_Timer_Object__table__V         
20005304  ti_sysbios_knl_Task_Module__state__V                        
20005348  ti_sysbios_gates_GateMutex_Object__table__V                 
20005380  ti_sysbios_family_arm_m3_Hwi_Module__state__V               
200053e4  ti_sysbios_knl_Swi_Object__table__V                         
20005414  ti_sysbios_knl_Clock_Module__state__V                       
20005440  PowerMSP432_module                                          
20005468  ti_sysbios_BIOS_Module__state__V                            
2000548c  ti_sysbios_family_arm_msp432_Timer_Module_State_0_device__A 
200054ac  ti_sysbios_knl_Swi_Module__state__V                         
200054c8  ti_sysbios_family_arm_m3_Hwi_Object__table__V               
200054e0  ti_sysbios_heaps_HeapMem_Object__table__V                   
200054f8  Rotation_R                                                  
200054fc  Rotation_L                                                  
20005500  Kp                                                          
20005504  Ki                                                          
20005508  Kd                                                          
2000550c  ti_sysbios_family_arm_msp432_Timer_Module_State_0_handles__A
2000551c  __TI_cleanup_ptr                                            
20005520  __TI_dtors_ptr                                              
20005524  __TI_enable_exit_profile_output                             
20005528  ti_sysbios_family_arm_msp432_ClockFreqs_Module__state__V    
20005534  ti_sysbios_family_arm_msp432_Timer_Module__state__V         
20005540  xdc_runtime_SysMin_Module__state__V                         
2000554c  _lock                                                       
20005550  _unlock                                                     
20005554  ti_sysbios_family_arm_m3_Hwi_Module__root__V                
2000555c  ti_sysbios_gates_GateHwi_Module__root__V                    
20005564  ti_sysbios_gates_GateMutex_Module__root__V                  
2000556c  ti_sysbios_heaps_HeapMem_Module__root__V                    
20005574  ti_sysbios_knl_Queue_Module__root__V                        
2000557c  ti_sysbios_knl_Semaphore_Module__root__V                    
20005584  xdc_runtime_Registry_Module__state__V                       
2000558c  xdc_runtime_Startup_Module__state__V                        
20005594  xdc_runtime_System_Module_State_0_atexitHandlers__A         
2000559c  xdc_runtime_System_Module__state__V                         
200055a4  distL                                                       
200055a8  distR                                                       
200055b4  errno                                                       
200055b8  main_func_sp                                                
200055bc  ti_sysbios_family_arm_m3_Hwi_Module_State_0_excContext__A   
200055c0  ti_sysbios_family_arm_m3_Hwi_Module_State_0_excStack__A     
200055c4  ti_sysbios_gates_GateHwi_Object__table__V                   
200055c8  ti_sysbios_knl_Task_Module_State_0_idleTask__A              
200055cc  xdc_runtime_Memory_Module__state__V                         
200055d0  VCOMbit                                                     
200055d1  flagSendToggleVCOMCommand                                   
200055d2  ti_sysbios_family_arm_m3_Hwi_Module_State_0_excActive__A    
200055d4  xdc_runtime_Error_Module__state__V                          
200055d7  state                                                       
2000fd00  __stack                                                     
20010000  __STACK_END                                                 
4000480c  WDTCTL_SYM                                                  
e000e000  ti_sysbios_family_arm_m3_Hwi_nvic                           
ffffffff  __TI_pprof_out_hndl                                         
ffffffff  __TI_prof_data_size                                         
ffffffff  __TI_prof_data_start                                        
ffffffff  __binit__                                                   
ffffffff  __c_args__                                                  
ffffffff  binit                                                       
UNDEFED   SHT$$INIT_ARRAY$$Base                                       
UNDEFED   SHT$$INIT_ARRAY$$Limit                                      

[711 symbols]
