******************************************************************************
                  TI ARM Linker PC v16.9.4                     
******************************************************************************
>> Linked Wed Nov 22 21:49:33 2017

OUTPUT FILE NAME:   <CSRobot_01.out>
ENTRY POINT SYMBOL: "_c_int00"  address: 000084e1


MEMORY CONFIGURATION

         name            origin    length      used     unused   attr    fill
----------------------  --------  ---------  --------  --------  ----  --------
  MAIN                  00000000   00040000  0000dc87  00032379  R  X
  INFO                  00200000   00004000  00000000  00004000  R  X
  SRAM_CODE             01000000   00010000  00000000  00010000  RW X
  SRAM_DATA             20000000   00010000  00006235  00009dcb  RW  


SEGMENT ALLOCATION MAP

run origin  load origin   length   init length attrs members
----------  ----------- ---------- ----------- ----- -------
00000000    00000000    0000dc90   0000dc90    r-x
  00000000    00000000    0000003c   0000003c    r-- .resetVecs
  00000040    00000040    0000aec2   0000aec2    r-x .text
  0000af04    0000af04    00002a59   00002a59    r-- .const
  0000d960    0000d960    00000330   00000330    r-- .cinit
20000000    20000000    00005f38   00000000    rw-
  20000000    20000000    00000140   00000000    rw- .vecs
  20000140    20000140    00005659   00000000    rw- .bss
  2000579c    2000579c    0000079c   00000000    rw- .data
2000fd00    2000fd00    00000300   00000000    rw-
  2000fd00    2000fd00    00000300   00000000    rw- .stack


SECTION ALLOCATION MAP

 output                                  attributes/
section   page    origin      length       input sections
--------  ----  ----------  ----------   ----------------
.text      0    00000040    0000aec2     
                  00000040    0000113e     rtsv7M4_T_le_v4SPD16_eabi.lib : _printfi.obj (.text)
                  0000117e    00000002     power_tirtos_MSP432P401R.aem4f : PowerMSP432_tirtos.oem4f (.text:PowerMSP432_initPolicy)
                  00001180    000004cc     screenTask.obj (.text:screenTaskFxn)
                  0000164c    00000492     string.obj (.text:Graphics_drawString)
                  00001ade    00000002     rtsv7M4_T_le_v4SPD16_eabi.lib : i_div0.obj (.text)
                  00001ae0    00000430     sysbios.aem4f : BIOS.obj (.text:ti_sysbios_family_arm_m3_Hwi_excDumpRegs__I)
                  00001f10    00000350     motor.obj (.text:speedPID)
                  00002260    0000034c     ti.targets.arm.rtsarm.aem4f : System.oem4f (.text:xdc_runtime_System_doPrint__I)
                  000025ac    00000004     msp432p4xx_driverlib.lib : cpu.o (.text:CPU_wfi)
                  000025b0    000002b0     sysbios.aem4f : BIOS.obj (.text:ti_sysbios_knl_Semaphore_pend__E)
                  00002860    00000264     drivers_MSP432P401R.aem4f : PowerMSP432.oem4f (.text:Power_sleep)
                  00002ac4    00000004     msp432p4xx_driverlib.lib : spi.o (.text:EUSCI_A_SPI_transmitData)
                  00002ac8    00000258     sysbios.aem4f : BIOS.obj (.text:ti_sysbios_heaps_HeapMem_free__E)
                  00002d20    00000248                   : BIOS.obj (.text:ti_sysbios_heaps_HeapMem_alloc__E)
                  00002f68    00000224                   : BIOS.obj (.text:ti_sysbios_knl_Task_Instance_finalize__E)
                  0000318c    00000004     msp432p4xx_driverlib.lib : spi.o (.text:EUSCI_B_SPI_transmitData)
                  00003190    000001fc     sysbios.aem4f : BIOS.obj (.text:ti_sysbios_family_arm_m3_Hwi_excHandlerMax__I)
                  0000338c    000001f4     rtsv7M4_T_le_v4SPD16_eabi.lib : ull_div_t2.obj (.text)
                  00003580    000001ec     rangeRead.obj (.text:filter)
                  0000376c    000001dc     wallFollower.obj (.text:follow_left)
                  00003948    000001dc     wallFollower.obj (.text:follow_right)
                  00003b24    00000004     tirtosport.aem4f : HwiP_tirtos.oem4f (.text:HwiP_disable)
                  00003b28    000001c8     sysbios.aem4f : BIOS.obj (.text:ti_sysbios_knl_Task_Instance_init__E)
                  00003cf0    000001c4                   : BIOS.obj (.text:ti_sysbios_knl_Task_sleep__E)
                  00003eb4    000001b6     rtsv7M4_T_le_v4SPD16_eabi.lib : fd_add_t2.obj (.text)
                  0000406a    000001a0     msp432p4xx_driverlib.lib : pcm.o (.text:__PCM_setPowerStateAdvanced)
                  0000420a    00000002     Robot_pem4f.oem4f (.text:ti_sysbios_BIOS_nullFunc__I)
                  0000420c    0000019c     wallFollower.obj (.text:calc_sensor_pid)
                  000043a8    0000017c     main.obj (.text:main)
                  00004524    00000178     drivers_MSP432P401R.aem4f : I2CMSP432.oem4f (.text:I2CMSP432_open)
                  0000469c    00000004     msp432p4xx_driverlib.lib : i2c.o (.text:I2C_setSlaveAddress)
                  000046a0    00000174     sysbios.aem4f : BIOS.obj (.text:ti_sysbios_family_arm_m3_Hwi_excBusFault__I)
                  00004814    00000004     drivers_MSP432P401R.aem4f : List.oem4f (.text:List_head)
                  00004818    00000164     sysbios.aem4f : BIOS.obj (.text:ti_sysbios_family_arm_m3_Hwi_excUsageFault__I)
                  0000497c    00000158     Sharp96x96.obj (.text:Sharp96x96_RectFill)
                  00004ad4    00000004     drivers_MSP432P401R.aem4f : List.oem4f (.text:List_next)
                  00004ad8    00000148     sysbios.aem4f : BIOS.obj (.text:ti_sysbios_family_arm_m3_Hwi_excMemFault__I)
                  00004c20    00000146     rangeRead.obj (.text:sensorInit)
                  00004d66    00000002     --HOLE-- [fill = 0]
                  00004d68    00000140     drivers_MSP432P401R.aem4f : GPIOMSP432.oem4f (.text:GPIO_setConfig)
                  00004ea8    0000013c     sysbios.aem4f : BIOS.obj (.text:ti_sysbios_heaps_HeapMem_Instance_init__E)
                  00004fe4    00000138     Sharp96x96.obj (.text:Sharp96x96_LineDrawH)
                  0000511c    00000136     rtsv7M4_T_le_v4SPD16_eabi.lib : fd_div_t2.obj (.text)
                  00005252    00000118     drivers_MSP432P401R.aem4f : I2CMSP432.oem4f (.text:I2CMSP432_hwiIntFxn)
                  0000536a    00000002     --HOLE-- [fill = 0]
                  0000536c    00000118     ti.targets.arm.rtsarm.aem4f : Error.oem4f (.text:xdc_runtime_Error_policyDefault__E)
                  00005484    00000100                                 : Core-mem.oem4f (.text:xdc_runtime_Core_createObject__I)
                  00005584    000000fc     rtsv7M4_T_le_v4SPD16_eabi.lib : fd_mul_t2.obj (.text)
                  00005680    000000fc                                   : s_scalbn.obj (.text)
                  0000577c    000000f8     motor.obj (.text:init_motors)
                  00005874    000000f8     rangeRead.obj (.text:readResult)
                  0000596c    000000f8     ti.targets.arm.rtsarm.aem4f : Startup.oem4f (.text:xdc_runtime_Startup_startMods__I)
                  00005a64    000000f8     Robot_pem4f.oem4f (.text:xdc_runtime_System_printfExtend__I)
                  00005b5c    000000f0     drivers_MSP432P401R.aem4f : PowerMSP432.oem4f (.text:initPerfControl)
                  00005c4c    000000ec     sysbios.aem4f : m3_Hwi_asm.obj (.text:ti_sysbios_family_arm_m3_Hwi_dispatch__I)
                  00005d38    000000ec                   : BIOS.obj (.text:ti_sysbios_knl_Semaphore_post__E)
                  00005e24    000000e2     drivers_MSP432P401R.aem4f : PWMTimerMSP432.oem4f (.text:initHw)
                  00005f06    00000002     --HOLE-- [fill = 0]
                  00005f08    000000e0     msp432p4xx_driverlib.lib : cs.o (.text:CS_initClockSignal)
                  00005fe8    000000e0     rangeRead.obj (.text:readRangeFxn)
                  000060c8    000000dc     msp432p4xx_driverlib.lib : pcm.o (.text:__PCM_setPowerModeAdvanced)
                  000061a4    000000d8     Sharp96x96.obj (.text:Sharp96x96_Flush)
                  0000627c    000000cc     ti.targets.arm.rtsarm.aem4f : Core-smem.oem4f (.text:xdc_runtime_Core_constructObject__I)
                  00006348    000000bc     sysbios.aem4f : BIOS.obj (.text:ti_sysbios_family_arm_m3_Hwi_excDebugMon__I)
                  00006404    00000004     drivers_MSP432P401R.aem4f : PowerMSP432.oem4f (.text:PowerMSP432_getNumPerfLevels)
                  00006408    000000bc     sysbios.aem4f : BIOS.obj (.text:ti_sysbios_family_arm_m3_Hwi_excHardFault__I)
                  000064c4    00000004     Robot_pem4f.oem4f (.text:ti_sysbios_BIOS_RtsGateProxy_enter__E)
                  000064c8    000000b4     sysbios.aem4f : BIOS.obj (.text:ti_sysbios_gates_GateMutex_enter__E)
                  0000657c    00000004     Robot_pem4f.oem4f (.text:ti_sysbios_BIOS_RtsGateProxy_leave__E)
                  00006580    000000b4     sysbios.aem4f : BIOS.obj (.text:ti_sysbios_knl_Task_checkStacks__E)
                  00006634    000000b2     msp432p4xx_driverlib.lib : timer_a.o (.text:privateTimer_AProcessClockSourceDivider)
                  000066e6    00000002     --HOLE-- [fill = 0]
                  000066e8    000000b0                              : pcm.o (.text:__PCM_setCoreVoltageLevelAdvanced)
                  00006798    000000b0     wallFollower.obj (.text:checkLeftSide)
                  00006848    000000b0     wallFollower.obj (.text:checkRightSide)
                  000068f8    000000ac     drivers_MSP432P401R.aem4f : PWMTimerMSP432.oem4f (.text:PWMTimerMSP432_open)
                  000069a4    00000004     Robot_pem4f.oem4f (.text:ti_sysbios_family_arm_m3_Hwi_destruct)
                  000069a8    000000a8     sysbios.aem4f : BIOS.obj (.text:ti_sysbios_family_arm_msp432_Timer_periodicStub__E)
                  00006a50    000000a4     line.obj (.text:Graphics_drawLineH)
                  00006af4    000000a0     auto_init.aem4f : auto_init.oem4f (.text)
                  00006b94    000000a0     ti.targets.arm.rtsarm.aem4f : Text.oem4f (.text:xdc_runtime_Text_putMod__E)
                  00006c34    0000009c     rtsv7M4_T_le_v4SPD16_eabi.lib : memcpy_t2.obj (.text)
                  00006cd0    0000009c     sysbios.aem4f : BIOS.obj (.text:ti_sysbios_knl_Semaphore_Instance_init__E)
                  00006d6c    00000004     Robot_pem4f.oem4f (.text:ti_sysbios_family_arm_m3_TaskSupport_Module__startupDone__S)
                  00006d70    0000009c     sysbios.aem4f : BIOS.obj (.text:ti_sysbios_knl_Task_postInit__I)
                  00006e0c    0000009a     ti.targets.arm.rtsarm.aem4f : Text.oem4f (.text:xdc_runtime_Text_putSite__E)
                  00006ea6    00000002     --HOLE-- [fill = 0]
                  00006ea8    00000094     motor.obj (.text:MoveStraight)
                  00006f3c    00000004     Robot_pem4f.oem4f (.text:ti_sysbios_heaps_HeapMem_Module_GateProxy_enter__E)
                  00006f40    00000094     sysbios.aem4f : BIOS.obj (.text:ti_sysbios_family_arm_m3_Hwi_Instance_init__E)
                  00006fd4    00000004     Robot_pem4f.oem4f (.text:ti_sysbios_heaps_HeapMem_Module_GateProxy_leave__E)
                  00006fd8    00000094     sysbios.aem4f : BIOS.obj (.text:ti_sysbios_family_arm_m3_Hwi_initNVIC__E)
                  0000706c    00000092     drivers_MSP432P401R.aem4f : I2CMSP432.oem4f (.text:I2CMSP432_cancel)
                  000070fe    00000092                               : PWMTimerMSP432.oem4f (.text:PWMTimerMSP432_setPeriod)
                  00007190    00000090     Sharp96x96.obj (.text:Sharp96x96_LineDrawV)
                  00007220    0000008c     drivers_MSP432P401R.aem4f : I2CMSP432.oem4f (.text:I2CMSP432_transfer)
                  000072ac    0000008c     sysbios.aem4f : m3_TaskSupport_asm.obj (.text:ti_sysbios_family_arm_m3_TaskSupport_buildTaskStack)
                  00007338    00000088     msp432p4xx_driverlib.lib : spi.o (.text:SPI_initMaster)
                  000073c0    00000088     sysbios.aem4f : BIOS.obj (.text:ti_sysbios_family_arm_msp432_Timer_Module_startup__E)
                  00007448    00000086     rtsv7M4_T_le_v4SPD16_eabi.lib : fd_cmp_t2.obj (.text:__aeabi_cdcmple)
                  000074ce    00000086                                   : fd_cmp_t2.obj (.text:__aeabi_cdrcmple)
                  00007554    00000084     drivers_MSP432P401R.aem4f : PWMTimerMSP432.oem4f (.text:PWMTimerMSP432_setDuty)
                  000075d8    00000084     wallFollower.obj (.text:readSensor)
                  0000765c    00000004     Robot_pem4f.oem4f (.text:ti_sysbios_knl_Clock_TimerProxy_getMaxTicks__E)
                  00007660    00000084     sysbios.aem4f : BIOS.obj (.text:ti_sysbios_family_arm_m3_Hwi_postInit__I)
                  000076e4    0000007c     msp432p4xx_driverlib.lib : pcm.o (.text:PCM_gotoLPM3)
                  00007760    0000007c     Sharp96x96.obj (.text:Sharp96x96_ClearScreen)
                  000077dc    0000007c     Sharp96x96.obj (.text:Sharp96x96_DrawMultiple)
                  00007858    0000007a     rtsv7M4_T_le_v4SPD16_eabi.lib : memset_t2.obj (.text)
                  000078d2    00000002     --HOLE-- [fill = 0]
                  000078d4    00000077     rangeRead.obj (.text:sensor_read)
                  0000794b    00000001     --HOLE-- [fill = 0]
                  0000794c    00000077     rangeRead.obj (.text:sensor_write)
                  000079c3    00000001     --HOLE-- [fill = 0]
                  000079c4    00000073     rangeRead.obj (.text:switchOpen)
                  00007a37    00000001     --HOLE-- [fill = 0]
                  00007a38    00000070     sysbios.aem4f : BIOS.obj (.text:ti_sysbios_knl_Task_exit__E)
                  00007aa8    0000006e     rtsv7M4_T_le_v4SPD16_eabi.lib : fd_tos_t2.obj (.text)
                  00007b16    00000002     --HOLE-- [fill = 0]
                  00007b18    0000006d     ti.targets.arm.rtsarm.aem4f : System.oem4f (.text:xdc_runtime_System_formatNum__I)
                  00007b85    00000003     --HOLE-- [fill = 0]
                  00007b88    0000006c     sysbios.aem4f : BIOS.obj (.text:ti_sysbios_knl_Clock_workFunc__E)
                  00007bf4    00000004     Robot_pem4f.oem4f (.text:ti_sysbios_knl_Queue_destruct)
                  00007bf8    0000006c     sysbios.aem4f : BIOS.obj (.text:ti_sysbios_knl_Swi_restoreHwi__E)
                  00007c64    0000006c     ti.targets.arm.rtsarm.aem4f : Error.oem4f (.text:xdc_runtime_Error_print__E)
                  00007cd0    0000006c                                 : Memory.oem4f (.text:xdc_runtime_Memory_alloc__E)
                  00007d3c    00000068     Sharp96x96.obj (.text:Sharp96x96_PixelDraw)
                  00007da4    00000068     rtsv7M4_T_le_v4SPD16_eabi.lib : copy_decompress_lzss.obj (.text:decompress:lzss)
                  00007e0c    00000068     drivers_MSP432P401R.aem4f : I2CMSP432.oem4f (.text:primeTransfer)
                  00007e74    00000068     rtsv7M4_T_le_v4SPD16_eabi.lib : trgmsg.obj (.text)
                  00007edc    00000066     drivers_MSP432P401R.aem4f : I2CMSP432.oem4f (.text:I2CMSP432_close)
                  00007f42    00000066     ti.targets.arm.rtsarm.aem4f : Core-mem.oem4f (.text:xdc_runtime_Core_deleteObject__I)
                  00007fa8    00000064     rtsv7M4_T_le_v4SPD16_eabi.lib : s_frexp.obj (.text)
                  0000800c    00000004     Robot_pem4f.oem4f (.text:ti_sysbios_knl_Semaphore_destruct)
                  00008010    00000064     sysbios.aem4f : BIOS.obj (.text:ti_sysbios_family_arm_m3_Hwi_dispatchC__I)
                  00008074    00000062     tirtosport.aem4f : HwiP_tirtos.oem4f (.text:HwiP_create)
                  000080d6    00000062     Sharp96x96utils.obj (.text:reverse)
                  00008138    00000060     rtsv7M4_T_le_v4SPD16_eabi.lib : sprintf.obj (.text)
                  00008198    00000060     sysbios.aem4f : BIOS.obj (.text:ti_sysbios_knl_Task_schedule__I)
                  000081f8    0000005c     drivers_MSP432P401R.aem4f : GPIOMSP432.oem4f (.text:GPIO_init)
                  00008254    00000004     ti.targets.arm.rtsarm.aem4f : Error.oem4f (.text:xdc_runtime_Error_getSite__E)
                  00008258    0000005c     sysbios.aem4f : BIOS.obj (.text:ti_sysbios_knl_Swi_run__I)
                  000082b4    00000004     Robot_pem4f.oem4f (.text:xdc_runtime_System_Module_GateProxy_enter__E)
                  000082b8    0000005c     sysbios.aem4f : BIOS.obj (.text:ti_sysbios_knl_Swi_schedule__I)
                  00008314    00000004     Robot_pem4f.oem4f (.text:xdc_runtime_System_Module_GateProxy_leave__E)
                  00008318    0000005c     sysbios.aem4f : BIOS.obj (.text:ti_sysbios_knl_Task_Module_startup__E)
                  00008374    00000004     ti.targets.arm.rtsarm.aem4f : System.oem4f (.text:xdc_runtime_System_aprintf_va__F)
                  00008378    0000005c     sysbios.aem4f : BIOS.obj (.text:ti_sysbios_knl_Task_startCore__E)
                  000083d4    0000005b     ti.targets.arm.rtsarm.aem4f : Text.oem4f (.text:xdc_runtime_Text_putLab__E)
                  0000842f    00000001     --HOLE-- [fill = 0]
                  00008430    00000058     tirtosport.aem4f : SemaphoreP_tirtos.oem4f (.text:SemaphoreP_create)
                  00008488    00000058     Sharp96x96.obj (.text:Sharp96x96_InitializeDisplayBuffer)
                  000084e0    00000058     boot.aem4f : boot.oem4f (.text)
                  00008538    00000058     rtsv7M4_T_le_v4SPD16_eabi.lib : hostwrite.obj (.text)
                  00008590    00000058     Robot_pem4f.oem4f (.text:ti_sysbios_family_arm_m3_Hwi_construct)
                  000085e8    00000058     sysbios.aem4f : m3_Hwi_asm_switch.obj (.text:ti_sysbios_family_arm_m3_Hwi_initStacks__E)
                  00008640    00000054     drivers_MSP432P401R.aem4f : GPIOMSP432.oem4f (.text:GPIO_hwiIntFxn)
                  00008694    00000054                               : GPIOMSP432.oem4f (.text:GPIO_setCallback)
                  000086e8    00000054                               : PWMTimerMSP432.oem4f (.text:PWMTimerMSP432_stop)
                  0000873c    00000054     Sharp96x96.obj (.text:Sharp96x96_LCDInit)
                  00008790    00000054     drivers_MSP432P401R.aem4f : I2CMSP432.oem4f (.text:initHw)
                  000087e4    00000054     rtsv7M4_T_le_v4SPD16_eabi.lib : exit.obj (.text)
                  00008838    00000054                                   : ltoa.obj (.text)
                  0000888c    00000004     ti.targets.arm.rtsarm.aem4f : System.oem4f (.text:xdc_runtime_System_printf_va__F)
                  00008890    00000054     sysbios.aem4f : BIOS.obj (.text:ti_sysbios_family_arm_msp432_Timer_initDevice__I)
                  000088e4    00000004     --HOLE-- [fill = 0]
                  000088e8    00000054                   : BIOS.obj (.text:ti_sysbios_family_arm_msp432_init_Boot_configureClocksHigh)
                  0000893c    00000054     Robot_pem4f.oem4f (.text:ti_sysbios_knl_Task_construct)
                  00008990    00000054     ti.targets.arm.rtsarm.aem4f : Assert.oem4f (.text:xdc_runtime_Assert_raise__I)
                  000089e4    00000050     drivers_MSP432P401R.aem4f : GPIOMSP432.oem4f (.text:GPIO_write)
                  00008a34    00000050     msp432p4xx_driverlib.lib : pcm.o (.text:PCM_shutdownDevice)
                  00008a84    00000050     drivers_MSP432P401R.aem4f : PWMTimerMSP432.oem4f (.text:PWMTimerMSP432_close)
                  00008ad4    00000004     --HOLE-- [fill = 0]
                  00008ad8    00000050     sysbios.aem4f : BIOS.obj (.text:ti_sysbios_family_arm_m3_Hwi_Module_startup__E)
                  00008b28    00000050     ti.targets.arm.rtsarm.aem4f : Startup.oem4f (.text:xdc_runtime_Startup_exec__E)
                  00008b78    00000050                                 : Text.oem4f (.text:xdc_runtime_Text_visitRope2__I)
                  00008bc8    0000004c     msp432p4xx_driverlib.lib : gpio.o (.text:GPIO_setAsPeripheralModuleFunctionOutputPin)
                  00008c14    0000004c     rtsv7M4_T_le_v4SPD16_eabi.lib : atoi.obj (.text)
                  00008c60    0000004c                                   : cpy_tbl.obj (.text)
                  00008cac    00000004     --HOLE-- [fill = 0]
                  00008cb0    0000004c     sysbios.aem4f : BIOS.obj (.text:ti_sysbios_family_arm_msp432_Timer_start__E)
                  00008cfc    00000004     --HOLE-- [fill = 0]
                  00008d00    0000004c                   : BIOS.obj (.text:ti_sysbios_heaps_HeapMem_getStats__E)
                  00008d4c    00000004     --HOLE-- [fill = 0]
                  00008d50    0000004c                   : BIOS.obj (.text:ti_sysbios_knl_Swi_runLoop__I)
                  00008d9c    00000004     --HOLE-- [fill = 0]
                  00008da0    0000004c                   : BIOS.obj (.text:ti_sysbios_knl_Task_allBlockedFunction__I)
                  00008dec    0000004c     wallFollower.obj (.text:wallFollow)
                  00008e38    0000004a     context.obj (.text:Graphics_initContext)
                  00008e82    00000048     msp432p4xx_driverlib.lib : timer_a.o (.text:Timer_A_generatePWM)
                  00008eca    00000048     rtsv7M4_T_le_v4SPD16_eabi.lib : fd_toi_t2.obj (.text)
                  00008f12    00000006     drivers_MSP432P401R.aem4f : I2CMSP432.oem4f (.text:I2CMSP432_control)
                  00008f18    00000048     sysbios.aem4f : BIOS.obj (.text:ti_sysbios_family_arm_m3_Hwi_disableInterrupt__E)
                  00008f60    00000048                   : BIOS.obj (.text:ti_sysbios_family_arm_m3_Hwi_enableInterrupt__E)
                  00008fa8    00000048                   : BIOS.obj (.text:ti_sysbios_family_arm_m3_Hwi_excReserved__I)
                  00008ff0    00000046     ti.targets.arm.rtsarm.aem4f : Core-params.oem4f (.text:xdc_runtime_Core_assignParams__I)
                  00009036    00000002     --HOLE-- [fill = 0]
                  00009038    00000044     MSP_EXP432P401R.obj (.text:MSP_EXP432P401R_initPWM)
                  0000907c    00000044     drivers_MSP432P401R.aem4f : PowerMSP432.oem4f (.text:Power_init)
                  000090c0    00000044     sysbios.aem4f : BIOS.obj (.text:ti_sysbios_family_arm_m3_Hwi_getStackInfo__E)
                  00009104    00000004     --HOLE-- [fill = 0]
                  00009108    00000044                   : BIOS.obj (.text:ti_sysbios_knl_Swi_post__E)
                  0000914c    00000044     ti.targets.arm.rtsarm.aem4f : Error.oem4f (.text:xdc_runtime_Error_setX__E)
                  00009190    00000044                                 : SysMin.oem4f (.text:xdc_runtime_SysMin_flush__E)
                  000091d4    00000044                                 : Text.oem4f (.text:xdc_runtime_Text_xprintf__I)
                  00009218    00000042     drivers_MSP432P401R.aem4f : I2CMSP432.oem4f (.text:completeTransfer)
                  0000925a    00000002     --HOLE-- [fill = 0]
                  0000925c    00000040     msp432p4xx_driverlib.lib : flash.o (.text:FlashCtl_disableReadBuffering)
                  0000929c    00000040     string.obj (.text:Graphics_getNumberOfLeadingZeros)
                  000092dc    00000040     msp432p4xx_driverlib.lib : i2c.o (.text:I2C_masterSendMultiByteFinish)
                  0000931c    00000040     drivers_MSP432P401R.aem4f : PWMTimerMSP432.oem4f (.text:PWMTimerMSP432_start)
                  0000935c    00000040     wallFollower.obj (.text:check_wall)
                  0000939c    00000040     drivers_MSP432P401R.aem4f : PowerMSP432.oem4f (.text:notify)
                  000093dc    00000040     rtsv7M4_T_le_v4SPD16_eabi.lib : u_divt2.obj (.text)
                  0000941c    00000040     motor.obj (.text:setMotorL)
                  0000945c    00000040     motor.obj (.text:setMotorR)
                  0000949c    00000004     --HOLE-- [fill = 0]
                  000094a0    00000040     sysbios.aem4f : BIOS.obj (.text:ti_sysbios_family_arm_msp432_Timer_startup__E)
                  000094e0    0000003e     msp432p4xx_driverlib.lib : i2c.o (.text:I2C_initMaster)
                  0000951e    00000002     --HOLE-- [fill = 0]
                  00009520    0000003c     MSP_EXP432P401R.obj (.text:MSP_EXP432P401R_initI2C)
                  0000955c    0000003c     power_tirtos_MSP432P401R.aem4f : PowerMSP432_tirtos.oem4f (.text:PowerMSP432_sleepPolicy)
                  00009598    0000003c     drivers_MSP432P401R.aem4f : PWMTimerMSP432.oem4f (.text:getPeriodCounts)
                  000095d4    00000004     --HOLE-- [fill = 0]
                  000095d8    0000003c     sysbios.aem4f : BIOS.obj (.text:ti_sysbios_family_arm_m3_Hwi_excSvCall__I)
                  00009614    00000004     --HOLE-- [fill = 0]
                  00009618    0000003c                   : BIOS.obj (.text:ti_sysbios_heaps_HeapMem_init__I)
                  00009654    00000004     --HOLE-- [fill = 0]
                  00009658    0000003c                   : BIOS.obj (.text:ti_sysbios_knl_Swi_restore__E)
                  00009694    00000038     drivers_MSP432P401R.aem4f : I2C.oem4f (.text:I2C_init)
                  000096cc    00000038                               : PWM.oem4f (.text:PWM_init)
                  00009704    00000038                               : PWMTimerMSP432.oem4f (.text:getDutyCounts)
                  0000973c    00000038                               : I2CMSP432.oem4f (.text:perfChangeNotifyFxn)
                  00009774    00000038     rtsv7M4_T_le_v4SPD16_eabi.lib : fs_tod_t2.obj (.text)
                  000097ac    00000004     --HOLE-- [fill = 0]
                  000097b0    00000038     sysbios.aem4f : BIOS.obj (.text:ti_sysbios_family_arm_m3_Hwi_excNoIsr__I)
                  000097e8    00000038                   : BIOS.obj (.text:ti_sysbios_knl_Task_processVitalTaskFlag__I)
                  00009820    00000038     ti.targets.arm.rtsarm.aem4f : SysMin.oem4f (.text:xdc_runtime_SysMin_putch__E)
                  00009858    00000038                                 : System.oem4f (.text:xdc_runtime_System_atexit__E)
                  00009890    00000034     msp432p4xx_driverlib.lib : flash.o (.text:FlashCtl_enableReadBuffering)
                  000098c4    00000004     --HOLE-- [fill = 0]
                  000098c8    00000034     sysbios.aem4f : BIOS.obj (.text:ti_sysbios_family_arm_m3_Hwi_Instance_finalize__E)
                  000098fc    00000004     --HOLE-- [fill = 0]
                  00009900    00000034                   : BIOS.obj (.text:ti_sysbios_family_arm_m3_Hwi_excNmi__I)
                  00009934    00000004     --HOLE-- [fill = 0]
                  00009938    00000034                   : BIOS.obj (.text:ti_sysbios_hal_Hwi_checkStack)
                  0000996c    00000034     ti.targets.arm.rtsarm.aem4f : Core-label.oem4f (.text:xdc_runtime_Core_assignLabel__I)
                  000099a0    00000033                                 : Text.oem4f (.text:xdc_runtime_Text_printVisFxn__I)
                  000099d3    00000005     --HOLE-- [fill = 0]
                  000099d8    00000032     sysbios.aem4f : BIOS.obj (.text:ti_sysbios_hal_Hwi_initStack)
                  00009a0a    00000002     --HOLE-- [fill = 0]
                  00009a0c    00000030     msp432p4xx_driverlib.lib : gpio.o (.text:GPIO_getEnabledInterruptStatus)
                  00009a3c    00000030                              : gpio.o (.text:GPIO_setAsInputPinWithPullDownResistor)
                  00009a6c    00000030                              : gpio.o (.text:GPIO_setAsInputPinWithPullUpResistor)
                  00009a9c    00000030     drivers_MSP432P401R.aem4f : I2C.oem4f (.text:I2C_open)
                  00009acc    00000030                               : PWM.oem4f (.text:PWM_open)
                  00009afc    00000030     deadReckon.obj (.text:__isnanf)
                  00009b2c    00000030     msp432p4xx_driverlib.lib : spi.o (.text:is_A_Module)
                  00009b5c    00000030     Robot_pem4f.oem4f (.text:ti_sysbios_BIOS_atExitFunc__I)
                  00009b8c    00000030     Robot_pem4f.oem4f (.text:ti_sysbios_BIOS_startFunc__I)
                  00009bbc    00000004     --HOLE-- [fill = 0]
                  00009bc0    00000030     sysbios.aem4f : BIOS.obj (.text:ti_sysbios_family_arm_m3_TaskSupport_start__E)
                  00009bf0    00000030     Robot_pem4f.oem4f (.text:ti_sysbios_gates_GateHwi_Object__create__S)
                  00009c20    00000030     Robot_pem4f.oem4f (.text:ti_sysbios_gates_GateMutex_Object__create__S)
                  00009c50    00000030     Robot_pem4f.oem4f (.text:ti_sysbios_heaps_HeapMem_Object__create__S)
                  00009c80    00000030     Robot_pem4f.oem4f (.text:ti_sysbios_knl_Semaphore_construct)
                  00009cb0    00000030     sysbios.aem4f : BIOS.obj (.text:ti_sysbios_knl_Semaphore_pendTimeout__I)
                  00009ce0    00000030                   : BIOS.obj (.text:ti_sysbios_knl_Task_unblockI__E)
                  00009d10    00000030     ti.targets.arm.rtsarm.aem4f : SysMin.oem4f (.text:xdc_runtime_SysMin_abort__E)
                  00009d40    00000030                                 : System.oem4f (.text:xdc_runtime_System_processAtExit__E)
                  00009d70    0000002e     rtsv7M4_T_le_v4SPD16_eabi.lib : i_tofd_t2.obj (.text)
                  00009d9e    00000002     --HOLE-- [fill = 0]
                  00009da0    0000002c     msp432p4xx_driverlib.lib : gpio.o (.text:GPIO_setAsInputPin)
                  00009dcc    0000002c                              : pcm.o (.text:PCM_getCoreVoltageLevel)
                  00009df8    0000002c     power_tirtos_MSP432P401R.aem4f : PowerMSP432_tirtos.oem4f (.text:PowerMSP432_updateFreqs)
                  00009e24    0000002c     drivers_MSP432P401R.aem4f : PowerMSP432.oem4f (.text:Power_releaseConstraint)
                  00009e50    0000002c                               : PowerMSP432.oem4f (.text:Power_setConstraint)
                  00009e7c    0000002c     Robot_pem4f.oem4f (.text:ti_sysbios_knl_Clock_doTick__I)
                  00009ea8    0000002c     Robot_pem4f.oem4f (.text:ti_sysbios_knl_Queue_construct)
                  00009ed4    00000004     --HOLE-- [fill = 0]
                  00009ed8    0000002c     sysbios.aem4f : BIOS.obj (.text:ti_sysbios_knl_Task_restore__E)
                  00009f04    0000002c     ti.targets.arm.rtsarm.aem4f : Text.oem4f (.text:xdc_runtime_Text_cordText__E)
                  00009f30    0000002a     msp432p4xx_driverlib.lib : pcm.o (.text:PCM_getPowerMode)
                  00009f5a    0000002a     ti.targets.arm.rtsarm.aem4f : System.oem4f (.text:xdc_runtime_System_putchar__I)
                  00009f84    00000028     msp432p4xx_driverlib.lib : flash.o (.text:FlashCtl_setWaitState)
                  00009fac    00000028     drivers_MSP432P401R.aem4f : GPIOMSP432.oem4f (.text:GPIO_enableInt)
                  00009fd4    00000028     msp432p4xx_driverlib.lib : pcm.o (.text:PCM_gotoLPM0)
                  00009ffc    00000004     --HOLE-- [fill = 0]
                  0000a000    00000028     sysbios.aem4f : BIOS.obj (.text:ti_sysbios_knl_Clock_addI__E)
                  0000a028    00000028                   : BIOS.obj (.text:ti_sysbios_knl_Swi_Module_startup__E)
                  0000a050    00000026     drivers_MSP432P401R.aem4f : List.oem4f (.text:List_put)
                  0000a076    00000026     sysbios.aem4f : m3_Hwi_asm.obj (.text:ti_sysbios_family_arm_m3_Hwi_pendSV__I)
                  0000a09c    00000026     ti.targets.arm.rtsarm.aem4f : System.oem4f (.text:xdc_runtime_System_avprintf__E)
                  0000a0c2    00000002     --HOLE-- [fill = 0]
                  0000a0c4    00000024     msp432p4xx_driverlib.lib : cs.o (.text:CS_setDCOCenteredFrequency)
                  0000a0e8    00000024                              : gpio.o (.text:GPIO_setAsOutputPin)
                  0000a10c    00000024                              : i2c.o (.text:I2C_masterSendMultiByteNext)
                  0000a130    00000024                              : rtc_c.o (.text:RTC_C_holdClock)
                  0000a154    00000024                              : rtc_c.o (.text:RTC_C_startClock)
                  0000a178    00000024     Robot_pem4f.oem4f (.text:ti_sysbios_BIOS_errorRaiseHook__I)
                  0000a19c    00000024     Robot_pem4f.oem4f (.text:ti_sysbios_BIOS_registerRTSLock__I)
                  0000a1c0    00000024     Robot_pem4f.oem4f (.text:ti_sysbios_BIOS_removeRTSLock__I)
                  0000a1e4    00000004     --HOLE-- [fill = 0]
                  0000a1e8    00000024     sysbios.aem4f : BIOS.obj (.text:ti_sysbios_family_arm_msp432_ClockFreqs_setFrequency__E)
                  0000a20c    00000024     Robot_pem4f.oem4f (.text:ti_sysbios_gates_GateMutex_Object__delete__S)
                  0000a230    00000024     sysbios.aem4f : BIOS.obj (.text:ti_sysbios_knl_Clock_Module_startup__E)
                  0000a254    00000004     --HOLE-- [fill = 0]
                  0000a258    00000024                   : BIOS.obj (.text:ti_sysbios_knl_Task_restoreHwi__E)
                  0000a27c    00000024     ti.targets.arm.rtsarm.aem4f : System.oem4f (.text:xdc_runtime_System_vprintf__E)
                  0000a2a0    00000022     Robot_pem4f.oem4f (.text:xdc_runtime_SysMin_output__I)
                  0000a2c2    00000002     --HOLE-- [fill = 0]
                  0000a2c4    00000020     msp432p4xx_driverlib.lib : gpio.o (.text:GPIO_interruptEdgeSelect)
                  0000a2e4    00000020     drivers_MSP432P401R.aem4f : PowerMSP432.oem4f (.text:PowerMSP432_getFreqs)
                  0000a304    00000020                               : PowerMSP432.oem4f (.text:Power_unregisterNotify)
                  0000a324    00000020     msp432p4xx_driverlib.lib : spi.o (.text:SPI_transmitData)
                  0000a344    00000020     Robot_pem4f.oem4f (.text:ti_sysbios_BIOS_rtsLock__I)
                  0000a364    00000020     sysbios.aem4f : m3_Hwi_asm.obj (.text:ti_sysbios_family_arm_m3_Hwi_excHandlerAsm__I)
                  0000a384    00000004     --HOLE-- [fill = 0]
                  0000a388    00000020                   : BIOS.obj (.text:ti_sysbios_family_arm_m3_Hwi_excHandler__I)
                  0000a3a8    00000020     Robot_pem4f.oem4f (.text:ti_sysbios_gates_GateHwi_Object__delete__S)
                  0000a3c8    00000020     Robot_pem4f.oem4f (.text:ti_sysbios_heaps_HeapMem_Object__delete__S)
                  0000a3e8    00000020     sysbios.aem4f : BIOS.obj (.text:ti_sysbios_knl_Idle_run__E)
                  0000a408    00000020     Robot_pem4f.oem4f (.text:ti_sysbios_knl_Semaphore_Object__destruct__S)
                  0000a428    00000020     ti.targets.arm.rtsarm.aem4f : Registry.oem4f (.text:xdc_runtime_Registry_findById__E)
                  0000a448    00000020                                 : SysMin.oem4f (.text:xdc_runtime_SysMin_Module_startup__E)
                  0000a468    0000001e     drivers_MSP432P401R.aem4f : PWMTimerMSP432.oem4f (.text:corroboratePeriod)
                  0000a486    0000001e     sysbios.aem4f : m3_Hwi_asm_switch.obj (.text:ti_sysbios_family_xxx_Hwi_switchAndRunFunc)
                  0000a4a4    0000001c     msp432p4xx_driverlib.lib : spi.o (.text:EUSCI_B_SPI_isBusy)
                  0000a4c0    0000001c                              : pcm.o (.text:PCM_enableRudeMode)
                  0000a4dc    0000001c     drivers_MSP432P401R.aem4f : PowerMSP432.oem4f (.text:Power_registerNotify)
                  0000a4f8    0000001c     rtsv7M4_T_le_v4SPD16_eabi.lib : memccpy.obj (.text)
                  0000a514    0000001c     Robot_pem4f.oem4f (.text:ti_sysbios_family_arm_m3_Hwi_Object__destruct__S)
                  0000a530    0000001c     sysbios.aem4f : BIOS.obj (.text:ti_sysbios_gates_GateMutex_Instance_init__E)
                  0000a54c    0000001c     Robot_pem4f.oem4f (.text:ti_sysbios_knl_Queue_Object__destruct__S)
                  0000a568    0000001c     sysbios.aem4f : BIOS.obj (.text:ti_sysbios_knl_Queue_put__E)
                  0000a584    00000004     --HOLE-- [fill = 0]
                  0000a588    0000001c                   : BIOS.obj (.text:ti_sysbios_knl_Task_enter__I)
                  0000a5a4    0000001c     ti.targets.arm.rtsarm.aem4f : Error.oem4f (.text:xdc_runtime_Error_raiseX__E)
                  0000a5c0    0000001c                                 : Memory.oem4f (.text:xdc_runtime_Memory_valloc__E)
                  0000a5dc    0000001c                                 : SysMin.oem4f (.text:xdc_runtime_SysMin_exit__E)
                  0000a5f8    0000001c                                 : System.oem4f (.text:xdc_runtime_System_abort__E)
                  0000a614    0000001a     drivers_MSP432P401R.aem4f : List.oem4f (.text:List_remove)
                  0000a62e    0000001a     msp432p4xx_driverlib.lib : spi.o (.text:SPI_enableModule)
                  0000a648    0000001a     Robot_pem4f.oem4f (.text:ti_sysbios_family_arm_m3_Hwi_Handle__label__S)
                  0000a662    0000001a     Robot_pem4f.oem4f (.text:ti_sysbios_gates_GateHwi_Handle__label__S)
                  0000a67c    0000001a     Robot_pem4f.oem4f (.text:ti_sysbios_gates_GateMutex_Handle__label__S)
                  0000a696    0000001a     Robot_pem4f.oem4f (.text:ti_sysbios_heaps_HeapMem_Handle__label__S)
                  0000a6b0    0000001a     Robot_pem4f.oem4f (.text:ti_sysbios_knl_Swi_Handle__label__S)
                  0000a6ca    0000001a     Robot_pem4f.oem4f (.text:ti_sysbios_knl_Task_Handle__label__S)
                  0000a6e4    0000001a     Robot_pem4f.oem4f (.text:xdc_runtime_System_aprintf__E)
                  0000a6fe    0000001a     Robot_pem4f.oem4f (.text:xdc_runtime_System_printf__E)
                  0000a718    00000018     msp432p4xx_driverlib.lib : gpio.o (.text:GPIO_clearInterruptFlag)
                  0000a730    00000018                              : gpio.o (.text:GPIO_setDriveStrengthLow)
                  0000a748    00000018                              : gpio.o (.text:GPIO_setOutputLowOnPin)
                  0000a760    00000018                              : i2c.o (.text:I2C_masterIsStartSent)
                  0000a778    00000018                              : wdt_a.o (.text:WDT_A_holdTimer)
                  0000a790    00000018     drivers_MSP432P401R.aem4f : PWMTimerMSP432.oem4f (.text:corroborateDuty)
                  0000a7a8    00000018     rtsv7M4_T_le_v4SPD16_eabi.lib : args_main.obj (.text)
                  0000a7c0    00000018     Robot_pem4f.oem4f (.text:ti_sysbios_BIOS_rtsUnlock__I)
                  0000a7d8    00000018     Robot_pem4f.oem4f (.text:ti_sysbios_family_arm_m3_Hwi_Module__startupDone__F)
                  0000a7f0    00000018     sysbios.aem4f : m3_TaskSupport_asm.obj (.text:ti_sysbios_family_arm_m3_TaskSupport_swap__E)
                  0000a808    00000018     Robot_pem4f.oem4f (.text:ti_sysbios_family_arm_msp432_Timer_Module__startupDone__F)
                  0000a820    00000018     sysbios.aem4f : BIOS.obj (.text:ti_sysbios_gates_GateMutex_leave__E)
                  0000a838    00000018                   : BIOS.obj (.text:ti_sysbios_knl_Task_sleepTimeout__I)
                  0000a850    00000018     ti.targets.arm.rtsarm.aem4f : Error.oem4f (.text:xdc_runtime_Error_check__E)
                  0000a868    00000018                                 : System.oem4f (.text:xdc_runtime_System_exit__E)
                  0000a880    00000018                                 : Text.oem4f (.text:xdc_runtime_Text_ropeText__E)
                  0000a898    00000016     tirtosport.aem4f : HwiP_tirtos.oem4f (.text:HwiP_delete)
                  0000a8ae    00000016                      : SemaphoreP_tirtos.oem4f (.text:SemaphoreP_delete)
                  0000a8c4    00000016     rtsv7M4_T_le_v4SPD16_eabi.lib : strchr.obj (.text)
                  0000a8da    00000016     Robot_pem4f.oem4f (.text:ti_sysbios_BIOS_exitFunc__I)
                  0000a8f0    00000016     main.obj (.text:ti_sysbios_knl_Task_Params_init)
                  0000a906    00000002     --HOLE-- [fill = 0]
                  0000a908    00000014     msp432p4xx_driverlib.lib : gpio.o (.text:GPIO_enableInterrupt)
                  0000a91c    00000014                              : gpio.o (.text:GPIO_setDriveStrengthHigh)
                  0000a930    00000014                              : gpio.o (.text:GPIO_setOutputHighOnPin)
                  0000a944    00000014     drivers_MSP432P401R.aem4f : PWM.oem4f (.text:PWM_Params_init)
                  0000a958    00000014                               : PowerMSP432.oem4f (.text:Power_idleFunc)
                  0000a96c    00000014     Sharp96x96.obj (.text:Sharp96x96_ClearBuffer)
                  0000a980    00000014     msp432p4xx_driverlib.lib : wdt_a.o (.text:WDT_A_startTimer)
                  0000a994    00000014     buttons.obj (.text:gpioButtonFxn0)
                  0000a9a8    00000014     buttons.obj (.text:gpioButtonFxn1)
                  0000a9bc    00000014     rtsv7M4_T_le_v4SPD16_eabi.lib : _lock.obj (.text)
                  0000a9d0    00000014                                   : s_copysign.obj (.text)
                  0000a9e4    00000014                                   : strlen.obj (.text)
                  0000a9f8    00000014     Robot_pem4f.oem4f (.text:ti_sysbios_family_arm_m3_Hwi_Object__get__S)
                  0000aa0c    00000004     --HOLE-- [fill = 0]
                  0000aa10    00000014     sysbios.aem4f : BIOS.obj (.text:ti_sysbios_family_arm_m3_Hwi_switchFromBootStack__E)
                  0000aa24    00000014     Robot_pem4f.oem4f (.text:ti_sysbios_heaps_HeapMem_Object__get__S)
                  0000aa38    00000014     Robot_pem4f.oem4f (.text:ti_sysbios_knl_Swi_Object__get__S)
                  0000aa4c    00000012     tirtosport.aem4f : SemaphoreP_tirtos.oem4f (.text:SemaphoreP_pend)
                  0000aa5e    00000012     Sharp96x96.obj (.text:Sharp96x96_ColorTranslate)
                  0000aa70    00000012     sysbios.aem4f : BIOS.obj (.text:ti_sysbios_hal_Hwi_Module_startup__E)
                  0000aa82    00000012     Robot_pem4f.oem4f (.text:xdc_runtime_Startup_exec__I)
                  0000aa94    00000010     msp432p4xx_driverlib.lib : gpio.o (.text:GPIO_getInterruptStatus)
                  0000aaa4    00000010     drivers_MSP432P401R.aem4f : I2C.oem4f (.text:I2C_Params_init)
                  0000aab4    00000010     msp432p4xx_driverlib.lib : i2c.o (.text:I2C_masterReceiveMultiByteStop)
                  0000aac4    00000010                              : i2c.o (.text:I2C_masterReceiveStart)
                  0000aad4    00000010                              : i2c.o (.text:I2C_masterSendStart)
                  0000aae4    00000010     motor.obj (.text:LHMotorChannelAFallingFxn)
                  0000aaf4    00000010     msp432p4xx_driverlib.lib : pcm.o (.text:PCM_gotoLPM4)
                  0000ab04    00000010     motor.obj (.text:RHMotorChannelAFallingFxn)
                  0000ab14    00000004     --HOLE-- [fill = 0]
                  0000ab18    00000010     sysbios.aem4f : BIOS.obj (.text:ti_sysbios_BIOS_setCpuFreq__E)
                  0000ab28    00000010                   : BIOS.obj (.text:ti_sysbios_BIOS_setThreadType__E)
                  0000ab38    00000010                   : BIOS.obj (.text:ti_sysbios_BIOS_start__E)
                  0000ab48    00000010                   : m3_TaskSupport_asm.obj (.text:ti_sysbios_family_arm_m3_TaskSupport_glue)
                  0000ab58    00000010                   : BIOS.obj (.text:ti_sysbios_family_arm_msp432_init_Boot_disableWatchdog)
                  0000ab68    00000010                   : BIOS.obj (.text:ti_sysbios_gates_GateMutex_Instance_finalize__E)
                  0000ab78    00000010                   : BIOS.obj (.text:ti_sysbios_knl_Semaphore_Instance_finalize__E)
                  0000ab88    00000010                   : BIOS.obj (.text:ti_sysbios_knl_Swi_disable__E)
                  0000ab98    00000010     Robot_pem4f.oem4f (.text:ti_sysbios_knl_Task_Object__get__S)
                  0000aba8    00000010     sysbios.aem4f : BIOS.obj (.text:ti_sysbios_knl_Task_disable__E)
                  0000abb8    00000010     ti.targets.arm.rtsarm.aem4f : Gate.oem4f (.text:xdc_runtime_Gate_leaveSystem__E)
                  0000abc8    00000010                                 : Memory.oem4f (.text:xdc_runtime_Memory_free__E)
                  0000abd8    00000010                                 : SysMin.oem4f (.text:xdc_runtime_SysMin_ready__E)
                  0000abe8    00000010                                 : System.oem4f (.text:xdc_runtime_System_vsnprintf__E)
                  0000abf8    00000010     Robot_pem4f.oem4f (.text:xdc_runtime_Text_visitRope__I)
                  0000ac08    0000000e     tirtosport.aem4f : HwiP_tirtos.oem4f (.text:HwiP_Params_init)
                  0000ac16    0000000e     msp432p4xx_driverlib.lib : i2c.o (.text:I2C_clearInterruptFlag)
                  0000ac24    0000000e                              : i2c.o (.text:I2C_disableInterrupt)
                  0000ac32    0000000e                              : i2c.o (.text:I2C_setMode)
                  0000ac40    0000000e                              : timer_a.o (.text:Timer_A_setCompareValue)
                  0000ac4e    0000000e     rtsv7M4_T_le_v4SPD16_eabi.lib : copy_decompress_none.obj (.text:decompress:none)
                  0000ac5c    00000004     --HOLE-- [fill = 0]
                  0000ac60    0000000e     sysbios.aem4f : BIOS.obj (.text:ti_sysbios_knl_Idle_loop__E)
                  0000ac6e    00000002     --HOLE-- [fill = 0]
                  0000ac70    0000000e                   : BIOS.obj (.text:ti_sysbios_knl_Queue_empty__E)
                  0000ac7e    0000000c     Robot_pem4f.oem4f (.text:.bootCodeSection:ti_sysbios_family_arm_msp432_init_Boot_init__I)
                  0000ac8a    0000000c     msp432p4xx_driverlib.lib : cpu.o (.text:CPU_cpsid)
                  0000ac96    0000000c                              : cpu.o (.text:CPU_cpsie)
                  0000aca2    0000000c                              : spi.o (.text:EUSCI_A_SPI_enable)
                  0000acae    0000000c                              : spi.o (.text:EUSCI_B_SPI_enable)
                  0000acba    0000000c                              : i2c.o (.text:I2C_disableModule)
                  0000acc6    0000000c                              : i2c.o (.text:I2C_enableModule)
                  0000acd2    00000002     --HOLE-- [fill = 0]
                  0000acd4    0000000c                              : pcm.o (.text:PCM_getPowerState)
                  0000ace0    0000000c     drivers_MSP432P401R.aem4f : PowerMSP432.oem4f (.text:Power_getConstraintMask)
                  0000acec    0000000c                               : PowerMSP432.oem4f (.text:Power_getPerformanceLevel)
                  0000acf8    0000000c     msp432p4xx_driverlib.lib : timer_a.o (.text:Timer_A_stopTimer)
                  0000ad04    0000000c     rtsv7M4_T_le_v4SPD16_eabi.lib : copy_zero_init.obj (.text:decompress:ZI)
                  0000ad10    0000000c     Robot_pem4f.oem4f (.text:ti_sysbios_family_arm_m3_Hwi_Params__init__S)
                  0000ad1c    00000004     --HOLE-- [fill = 0]
                  0000ad20    0000000c     sysbios.aem4f : BIOS.obj (.text:ti_sysbios_family_arm_m3_Hwi_disableFxn__E)
                  0000ad2c    00000004     --HOLE-- [fill = 0]
                  0000ad30    0000000c                   : BIOS.obj (.text:ti_sysbios_family_arm_m3_TaskSupport_checkStack__E)
                  0000ad3c    00000004     --HOLE-- [fill = 0]
                  0000ad40    0000000c                   : BIOS.obj (.text:ti_sysbios_family_arm_m3_TaskSupport_getStackAlignment__E)
                  0000ad4c    00000004     --HOLE-- [fill = 0]
                  0000ad50    0000000c                   : BIOS.obj (.text:ti_sysbios_family_arm_msp432_Timer_getMaxTicks__E)
                  0000ad5c    00000004     --HOLE-- [fill = 0]
                  0000ad60    0000000c                   : BIOS.obj (.text:ti_sysbios_gates_GateHwi_enter__E)
                  0000ad6c    00000004     --HOLE-- [fill = 0]
                  0000ad70    0000000c                   : BIOS.obj (.text:ti_sysbios_knl_Clock_getTicks__E)
                  0000ad7c    0000000c     Robot_pem4f.oem4f (.text:ti_sysbios_knl_Queue_Object__get__S)
                  0000ad88    0000000c     Robot_pem4f.oem4f (.text:ti_sysbios_knl_Semaphore_Params__init__S)
                  0000ad94    0000000c     Robot_pem4f.oem4f (.text:ti_sysbios_knl_Task_Params__init__S)
                  0000ada0    0000000c     main.obj (.text:ti_sysbios_knl_Task_handle)
                  0000adac    0000000c     ti.targets.arm.rtsarm.aem4f : Error.oem4f (.text:xdc_runtime_Error_init__E)
                  0000adb8    0000000c                                 : Gate.oem4f (.text:xdc_runtime_Gate_enterSystem__E)
                  0000adc4    0000000c                                 : Memory.oem4f (.text:xdc_runtime_Memory_calloc__E)
                  0000add0    0000000c                                 : Memory.oem4f (.text:xdc_runtime_Memory_getMaxDefaultTypeAlign__E)
                  0000addc    0000000c                                 : Startup.oem4f (.text:xdc_runtime_Startup_rtsDone__E)
                  0000ade8    0000000a     drivers_MSP432P401R.aem4f : I2CMSP432.oem4f (.text:I2CMSP432_init)
                  0000adf2    0000000a                               : I2C.oem4f (.text:I2C_transfer)
                  0000adfc    0000000a                               : PWM.oem4f (.text:PWM_setDuty)
                  0000ae06    0000000a                               : PWM.oem4f (.text:PWM_start)
                  0000ae10    0000000a     tirtosport.aem4f : SemaphoreP_tirtos.oem4f (.text:SemaphoreP_post)
                  0000ae1a    0000000a     Robot_pem4f.oem4f (.text:xdc_runtime_IHeap_alloc)
                  0000ae24    0000000a     Robot_pem4f.oem4f (.text:xdc_runtime_IHeap_free)
                  0000ae2e    00000008     msp432p4xx_driverlib.lib : i2c.o (.text:I2C_enableInterrupt)
                  0000ae36    00000008     MSP_EXP432P401R.obj (.text:MSP_EXP432P401R_initGPIO)
                  0000ae3e    00000008     MSP_EXP432P401R.obj (.text:MSP_EXP432P401R_initGeneral)
                  0000ae46    00000008     msp432p4xx_driverlib.lib : pcm.o (.text:PCM_setPowerMode)
                  0000ae4e    00000008                              : pcm.o (.text:PCM_setPowerState)
                  0000ae56    00000008     drivers_MSP432P401R.aem4f : PWMTimerMSP432.oem4f (.text:PWMTimerMSP432_init)
                  0000ae5e    00000008     tirtosport.aem4f : SemaphoreP_tirtos.oem4f (.text:SemaphoreP_Params_init)
                  0000ae66    00000008     msp432p4xx_driverlib.lib : timer_a.o (.text:Timer_A_startCounter)
                  0000ae6e    00000008     drivers_MSP432P401R.aem4f : I2CMSP432.oem4f (.text:blockingTransferCallback)
                  0000ae76    00000002     --HOLE-- [fill = 0]
                  0000ae78    00000008     sysbios.aem4f : BIOS.obj (.text:ti_sysbios_family_arm_m3_Hwi_doSwiRestore__I)
                  0000ae80    00000008                   : BIOS.obj (.text:ti_sysbios_family_arm_m3_Hwi_startup__E)
                  0000ae88    00000006     msp432p4xx_driverlib.lib : i2c.o (.text:I2C_getEnabledInterruptStatus)
                  0000ae8e    00000006                              : i2c.o (.text:I2C_getInterruptStatus)
                  0000ae94    00000006                              : i2c.o (.text:I2C_masterReceiveMultiByteNext)
                  0000ae9a    00000006     drivers_MSP432P401R.aem4f : PWMTimerMSP432.oem4f (.text:PWMTimerMSP432_control)
                  0000aea0    00000006     sysbios.aem4f : BIOS.obj (.text:ti_sysbios_family_arm_m3_Hwi_doTaskRestore__I)
                  0000aea6    00000002     --HOLE-- [fill = 0]
                  0000aea8    00000006                   : BIOS.obj (.text:ti_sysbios_family_arm_m3_Hwi_restoreFxn__E)
                  0000aeae    00000002     --HOLE-- [fill = 0]
                  0000aeb0    00000006                   : BIOS.obj (.text:ti_sysbios_gates_GateHwi_leave__E)
                  0000aeb6    00000002     --HOLE-- [fill = 0]
                  0000aeb8    00000006                   : BIOS.obj (.text:ti_sysbios_heaps_HeapMem_isBlocking__E)
                  0000aebe    00000002     --HOLE-- [fill = 0]
                  0000aec0    00000006                   : BIOS.obj (.text:ti_sysbios_knl_Queue_Instance_init__E)
                  0000aec6    00000002     --HOLE-- [fill = 0]
                  0000aec8    00000006                   : BIOS.obj (.text:ti_sysbios_knl_Swi_startup__E)
                  0000aece    00000006     ti.targets.arm.rtsarm.aem4f : System.oem4f (.text:xdc_runtime_System_Module_startup__E)
                  0000aed4    00000004     --HOLE-- [fill = 0]
                  0000aed8    00000004     sysbios.aem4f : BIOS.obj (.text:ti_sysbios_gates_GateHwi_query__E)
                  0000aedc    00000004     --HOLE-- [fill = 0]
                  0000aee0    00000004                   : BIOS.obj (.text:ti_sysbios_gates_GateMutex_query__E)
                  0000aee4    00000004     --HOLE-- [fill = 0]
                  0000aee8    00000004                   : BIOS.obj (.text:ti_sysbios_knl_Task_startup__E)
                  0000aeec    00000004     --HOLE-- [fill = 0]
                  0000aef0    00000002                   : BIOS.obj (.text:ti_sysbios_BIOS_linkedWithIncorrectBootLibrary__E)
                  0000aef2    00000006     --HOLE-- [fill = 0]
                  0000aef8    00000002                   : BIOS.obj (.text:ti_sysbios_gates_GateHwi_Instance_init__E)
                  0000aefa    00000006     --HOLE-- [fill = 0]
                  0000af00    00000002                   : BIOS.obj (.text:ti_sysbios_knl_Clock_logTick__E)

.const     0    0000af04    00002a59     
                  0000af04    00001830     Robot_pem4f.oem4f (.const:xdc_runtime_Text_charTab__A)
                  0000c734    0000094d     fontcm20b.obj (.const:.string:g_pucCm20bData)
                  0000d081    00000101     rtsv7M4_T_le_v4SPD16_eabi.lib : ctype.obj (.const:.string:_ctypes_)
                  0000d182    00000002     Robot_pem4f.oem4f (.const:ti_sysbios_family_arm_m3_Hwi_Module__id__C)
                  0000d184    000000c8     fontcm20b.obj (.const:g_sFontCm20b)
                  0000d24c    000000b0     Robot_pem4f.oem4f (.const:xdc_runtime_Text_nodeTab__A)
                  0000d2fc    00000048     Robot_pem4f.oem4f (.const:.string)
                  0000d344    0000003c     MSP_EXP432P401R.obj (.const:PWM_config)
                  0000d380    0000003c     Robot_pem4f.oem4f (.const:ti_sysbios_knl_Task_Object__PARAMS__C)
                  0000d3bc    00000030     MSP_EXP432P401R.obj (.const:I2C_config)
                  0000d3ec    00000030     Sharp96x96.obj (.const:g_sharp96x96LCD)
                  0000d41c    00000030     MSP_EXP432P401R.obj (.const:i2cMSP432HWAttrs)
                  0000d44c    00000030     MSP_EXP432P401R.obj (.const:pwmTimerMSP432HWAttrs)
                  0000d47c    00000030     Robot_pem4f.oem4f (.const:ti_sysbios_family_arm_m3_Hwi_Object__PARAMS__C)
                  0000d4ac    00000028     drivers_MSP432P401R.aem4f : PWMTimerMSP432.oem4f (.const)
                  0000d4d4    00000028     Robot_pem4f.oem4f (.const:ti_sysbios_heaps_HeapMem_Module__FXNS__C)
                  0000d4fc    00000024     Robot_pem4f.oem4f (.const:ti_sysbios_gates_GateHwi_Module__FXNS__C)
                  0000d520    00000024     Robot_pem4f.oem4f (.const:ti_sysbios_gates_GateMutex_Module__FXNS__C)
                  0000d544    00000024     Robot_pem4f.oem4f (.const:ti_sysbios_heaps_HeapMem_Object__PARAMS__C)
                  0000d568    00000024     Robot_pem4f.oem4f (.const:ti_sysbios_knl_Semaphore_Object__PARAMS__C)
                  0000d58c    00000020     drivers_MSP432P401R.aem4f : I2CMSP432.oem4f (.const)
                  0000d5ac    00000020     Robot_pem4f.oem4f (.const:ti_sysbios_family_arm_m3_Hwi_Object__DESC__C)
                  0000d5cc    00000020     Robot_pem4f.oem4f (.const:ti_sysbios_gates_GateHwi_Object__DESC__C)
                  0000d5ec    00000020     Robot_pem4f.oem4f (.const:ti_sysbios_gates_GateMutex_Object__DESC__C)
                  0000d60c    00000020     Robot_pem4f.oem4f (.const:ti_sysbios_heaps_HeapMem_Object__DESC__C)
                  0000d62c    00000020     Robot_pem4f.oem4f (.const:ti_sysbios_knl_Queue_Object__DESC__C)
                  0000d64c    00000020     Robot_pem4f.oem4f (.const:ti_sysbios_knl_Semaphore_Object__DESC__C)
                  0000d66c    00000020     Robot_pem4f.oem4f (.const:ti_sysbios_knl_Task_Object__DESC__C)
                  0000d68c    00000020     Robot_pem4f.oem4f (.const:xdc_runtime_Startup_sfxnTab__A)
                  0000d6ac    0000001c     Sharp96x96.obj (.const:$P$T0$1)
                  0000d6c8    00000018     drivers_MSP432P401R.aem4f : PWM.oem4f (.const)
                  0000d6e0    00000018     Robot_pem4f.oem4f (.const:ti_sysbios_gates_GateHwi_Object__PARAMS__C)
                  0000d6f8    00000018     Robot_pem4f.oem4f (.const:ti_sysbios_gates_GateMutex_Object__PARAMS__C)
                  0000d710    00000018     Robot_pem4f.oem4f (.const:ti_sysbios_knl_Queue_Object__PARAMS__C)
                  0000d728    00000014     MSP_EXP432P401R.obj (.const:GPIOMSP432_config)
                  0000d73c    00000010     MSP_EXP432P401R.obj (.const:PowerMSP432_config)
                  0000d74c    00000010     drivers_MSP432P401R.aem4f : I2C.oem4f (.const)
                  0000d75c    00000010     Robot_pem4f.oem4f (.const:xdc_runtime_Startup_sfxnRts__A)
                  0000d76c    0000000c     drivers_MSP432P401R.aem4f : GPIOMSP432.oem4f (.const:.string)
                  0000d778    0000000c     Robot_pem4f.oem4f (.const:xdc_runtime_Startup_firstFxns__A)
                  0000d784    00000008     MSP_EXP432P401R.obj (.const:.string:$P$T0$1)
                  0000d78c    00000008     Robot_pem4f.oem4f (.const:ti_sysbios_family_arm_m3_Hwi_excHookFuncs__A)
                  0000d794    00000008     Robot_pem4f.oem4f (.const:ti_sysbios_knl_Idle_funcList__A)
                  0000d79c    00000008     Robot_pem4f.oem4f (.const:ti_sysbios_knl_Idle_funcList__C)
                  0000d7a4    00000008     Robot_pem4f.oem4f (.const:xdc_runtime_Startup_firstFxns__C)
                  0000d7ac    00000008     Robot_pem4f.oem4f (.const:xdc_runtime_Startup_lastFxns__C)
                  0000d7b4    00000004     Robot_pem4f.oem4f (.const:ti_sysbios_family_arm_m3_Hwi_E_NMI__C)
                  0000d7b8    00000004     Robot_pem4f.oem4f (.const:ti_sysbios_family_arm_m3_Hwi_E_alreadyDefined__C)
                  0000d7bc    00000004     Robot_pem4f.oem4f (.const:ti_sysbios_family_arm_m3_Hwi_E_busFault__C)
                  0000d7c0    00000004     Robot_pem4f.oem4f (.const:ti_sysbios_family_arm_m3_Hwi_E_debugMon__C)
                  0000d7c4    00000004     Robot_pem4f.oem4f (.const:ti_sysbios_family_arm_m3_Hwi_E_hardFault__C)
                  0000d7c8    00000004     Robot_pem4f.oem4f (.const:ti_sysbios_family_arm_m3_Hwi_E_memFault__C)
                  0000d7cc    00000004     Robot_pem4f.oem4f (.const:ti_sysbios_family_arm_m3_Hwi_E_noIsr__C)
                  0000d7d0    00000004     Robot_pem4f.oem4f (.const:ti_sysbios_family_arm_m3_Hwi_E_reserved__C)
                  0000d7d4    00000004     Robot_pem4f.oem4f (.const:ti_sysbios_family_arm_m3_Hwi_E_svCall__C)
                  0000d7d8    00000004     Robot_pem4f.oem4f (.const:ti_sysbios_family_arm_m3_Hwi_E_usageFault__C)
                  0000d7dc    00000004     Robot_pem4f.oem4f (.const:ti_sysbios_family_arm_m3_Hwi_NUM_INTERRUPTS__C)
                  0000d7e0    00000004     Robot_pem4f.oem4f (.const:ti_sysbios_family_arm_m3_Hwi_Object__count__C)
                  0000d7e4    00000004     Robot_pem4f.oem4f (.const:ti_sysbios_family_arm_m3_Hwi_ccr__C)
                  0000d7e8    00000004     Robot_pem4f.oem4f (.const:ti_sysbios_family_arm_m3_Hwi_excHandlerFunc__C)
                  0000d7ec    00000004     Robot_pem4f.oem4f (.const:ti_sysbios_family_arm_m3_Hwi_excHookFuncs__C)
                  0000d7f0    00000004     Robot_pem4f.oem4f (.const:ti_sysbios_family_arm_m3_Hwi_nullIsrFunc__C)
                  0000d7f4    00000004     Robot_pem4f.oem4f (.const:ti_sysbios_family_arm_m3_Hwi_priGroup__C)
                  0000d7f8    00000004     Robot_pem4f.oem4f (.const:ti_sysbios_family_arm_m3_TaskSupport_stackAlignment__C)
                  0000d7fc    00000004     Robot_pem4f.oem4f (.const:ti_sysbios_family_arm_msp432_Timer_numTimerDevices__C)
                  0000d800    00000004     Robot_pem4f.oem4f (.const:ti_sysbios_family_arm_msp432_Timer_startupNeeded__C)
                  0000d804    00000004     Robot_pem4f.oem4f (.const:ti_sysbios_gates_GateMutex_A_badContext__C)
                  0000d808    00000004     Robot_pem4f.oem4f (.const:ti_sysbios_gates_GateMutex_Instance_State_sem__O)
                  0000d80c    00000004     Robot_pem4f.oem4f (.const:ti_sysbios_gates_GateMutex_Module__diagsEnabled__C)
                  0000d810    00000004     Robot_pem4f.oem4f (.const:ti_sysbios_gates_GateMutex_Module__diagsIncluded__C)
                  0000d814    00000004     Robot_pem4f.oem4f (.const:ti_sysbios_gates_GateMutex_Module__diagsMask__C)
                  0000d818    00000004     Robot_pem4f.oem4f (.const:ti_sysbios_hal_Hwi_E_stackOverflow__C)
                  0000d81c    00000004     Robot_pem4f.oem4f (.const:ti_sysbios_heaps_HeapMem_A_align__C)
                  0000d820    00000004     Robot_pem4f.oem4f (.const:ti_sysbios_heaps_HeapMem_A_heapSize__C)
                  0000d824    00000004     Robot_pem4f.oem4f (.const:ti_sysbios_heaps_HeapMem_A_invalidFree__C)
                  0000d828    00000004     Robot_pem4f.oem4f (.const:ti_sysbios_heaps_HeapMem_A_zeroBlock__C)
                  0000d82c    00000004     Robot_pem4f.oem4f (.const:ti_sysbios_heaps_HeapMem_E_memory__C)
                  0000d830    00000004     Robot_pem4f.oem4f (.const:ti_sysbios_heaps_HeapMem_Module__diagsEnabled__C)
                  0000d834    00000004     Robot_pem4f.oem4f (.const:ti_sysbios_heaps_HeapMem_Module__diagsIncluded__C)
                  0000d838    00000004     Robot_pem4f.oem4f (.const:ti_sysbios_heaps_HeapMem_Module__diagsMask__C)
                  0000d83c    00000004     Robot_pem4f.oem4f (.const:ti_sysbios_heaps_HeapMem_Module__gateObj__C)
                  0000d840    00000004     Robot_pem4f.oem4f (.const:ti_sysbios_heaps_HeapMem_Object__count__C)
                  0000d844    00000004     Robot_pem4f.oem4f (.const:ti_sysbios_heaps_HeapMem_reqAlign__C)
                  0000d848    00000004     Robot_pem4f.oem4f (.const:ti_sysbios_knl_Clock_Module_State_clockQ__O)
                  0000d84c    00000004     Robot_pem4f.oem4f (.const:ti_sysbios_knl_Semaphore_A_badContext__C)
                  0000d850    00000004     Robot_pem4f.oem4f (.const:ti_sysbios_knl_Semaphore_A_noEvents__C)
                  0000d854    00000004     Robot_pem4f.oem4f (.const:ti_sysbios_knl_Semaphore_A_overflow__C)
                  0000d858    00000004     Robot_pem4f.oem4f (.const:ti_sysbios_knl_Semaphore_A_pendTaskDisabled__C)
                  0000d85c    00000004     Robot_pem4f.oem4f (.const:ti_sysbios_knl_Semaphore_Instance_State_pendQ__O)
                  0000d860    00000004     Robot_pem4f.oem4f (.const:ti_sysbios_knl_Semaphore_Module__diagsEnabled__C)
                  0000d864    00000004     Robot_pem4f.oem4f (.const:ti_sysbios_knl_Semaphore_Module__diagsIncluded__C)
                  0000d868    00000004     Robot_pem4f.oem4f (.const:ti_sysbios_knl_Semaphore_Module__diagsMask__C)
                  0000d86c    00000004     Robot_pem4f.oem4f (.const:ti_sysbios_knl_Swi_Object__count__C)
                  0000d870    00000004     Robot_pem4f.oem4f (.const:ti_sysbios_knl_Task_A_badPriority__C)
                  0000d874    00000004     Robot_pem4f.oem4f (.const:ti_sysbios_knl_Task_A_badTaskState__C)
                  0000d878    00000004     Robot_pem4f.oem4f (.const:ti_sysbios_knl_Task_A_badThreadType__C)
                  0000d87c    00000004     Robot_pem4f.oem4f (.const:ti_sysbios_knl_Task_A_badTimeout__C)
                  0000d880    00000004     Robot_pem4f.oem4f (.const:ti_sysbios_knl_Task_A_noPendElem__C)
                  0000d884    00000004     Robot_pem4f.oem4f (.const:ti_sysbios_knl_Task_A_sleepTaskDisabled__C)
                  0000d888    00000004     Robot_pem4f.oem4f (.const:ti_sysbios_knl_Task_E_spOutOfBounds__C)
                  0000d88c    00000004     Robot_pem4f.oem4f (.const:ti_sysbios_knl_Task_E_stackOverflow__C)
                  0000d890    00000004     Robot_pem4f.oem4f (.const:ti_sysbios_knl_Task_Module_State_inactiveQ__O)
                  0000d894    00000004     Robot_pem4f.oem4f (.const:ti_sysbios_knl_Task_Module__diagsEnabled__C)
                  0000d898    00000004     Robot_pem4f.oem4f (.const:ti_sysbios_knl_Task_Module__diagsIncluded__C)
                  0000d89c    00000004     Robot_pem4f.oem4f (.const:ti_sysbios_knl_Task_Module__diagsMask__C)
                  0000d8a0    00000004     Robot_pem4f.oem4f (.const:ti_sysbios_knl_Task_Object__count__C)
                  0000d8a4    00000004     Robot_pem4f.oem4f (.const:ti_sysbios_knl_Task_allBlockedFunc__C)
                  0000d8a8    00000004     Robot_pem4f.oem4f (.const:ti_sysbios_knl_Task_defaultStackHeap__C)
                  0000d8ac    00000004     Robot_pem4f.oem4f (.const:ti_sysbios_knl_Task_defaultStackSize__C)
                  0000d8b0    00000004     Robot_pem4f.oem4f (.const:ti_sysbios_knl_Task_numConstructedTasks__C)
                  0000d8b4    00000004     Robot_pem4f.oem4f (.const:xdc_runtime_Assert_E_assertFailed__C)
                  0000d8b8    00000004     Robot_pem4f.oem4f (.const:xdc_runtime_Core_A_initializedParams__C)
                  0000d8bc    00000004     Robot_pem4f.oem4f (.const:xdc_runtime_Core_Module__diagsEnabled__C)
                  0000d8c0    00000004     Robot_pem4f.oem4f (.const:xdc_runtime_Core_Module__diagsIncluded__C)
                  0000d8c4    00000004     Robot_pem4f.oem4f (.const:xdc_runtime_Core_Module__diagsMask__C)
                  0000d8c8    00000004     Robot_pem4f.oem4f (.const:xdc_runtime_Error_E_memory__C)
                  0000d8cc    00000004     Robot_pem4f.oem4f (.const:xdc_runtime_Error_Module__diagsEnabled__C)
                  0000d8d0    00000004     Robot_pem4f.oem4f (.const:xdc_runtime_Error_Module__diagsIncluded__C)
                  0000d8d4    00000004     Robot_pem4f.oem4f (.const:xdc_runtime_Error_Module__diagsMask__C)
                  0000d8d8    00000004     Robot_pem4f.oem4f (.const:xdc_runtime_Error_Module__loggerFxn8__C)
                  0000d8dc    00000004     Robot_pem4f.oem4f (.const:xdc_runtime_Error_Module__loggerObj__C)
                  0000d8e0    00000004     Robot_pem4f.oem4f (.const:xdc_runtime_Error_policyFxn__C)
                  0000d8e4    00000004     Robot_pem4f.oem4f (.const:xdc_runtime_Error_raiseHook__C)
                  0000d8e8    00000004     Robot_pem4f.oem4f (.const:xdc_runtime_IGateProvider_Interface__BASE__C)
                  0000d8ec    00000004     Robot_pem4f.oem4f (.const:xdc_runtime_IHeap_Interface__BASE__C)
                  0000d8f0    00000004     Robot_pem4f.oem4f (.const:xdc_runtime_IModule_Interface__BASE__C)
                  0000d8f4    00000004     Robot_pem4f.oem4f (.const:xdc_runtime_Log_L_error__C)
                  0000d8f8    00000004     Robot_pem4f.oem4f (.const:xdc_runtime_Memory_defaultHeapInstance__C)
                  0000d8fc    00000004     Robot_pem4f.oem4f (.const:xdc_runtime_Startup_execImpl__C)
                  0000d900    00000004     Robot_pem4f.oem4f (.const:xdc_runtime_Startup_maxPasses__C)
                  0000d904    00000004     Robot_pem4f.oem4f (.const:xdc_runtime_Startup_sfxnRts__C)
                  0000d908    00000004     Robot_pem4f.oem4f (.const:xdc_runtime_Startup_sfxnTab__C)
                  0000d90c    00000004     Robot_pem4f.oem4f (.const:xdc_runtime_SysMin_bufSize__C)
                  0000d910    00000004     Robot_pem4f.oem4f (.const:xdc_runtime_SysMin_outputFunc__C)
                  0000d914    00000004     Robot_pem4f.oem4f (.const:xdc_runtime_System_Module__gateObj__C)
                  0000d918    00000004     Robot_pem4f.oem4f (.const:xdc_runtime_System_abortFxn__C)
                  0000d91c    00000004     Robot_pem4f.oem4f (.const:xdc_runtime_System_exitFxn__C)
                  0000d920    00000004     Robot_pem4f.oem4f (.const:xdc_runtime_System_extendFxn__C)
                  0000d924    00000004     Robot_pem4f.oem4f (.const:xdc_runtime_System_maxAtexitHandlers__C)
                  0000d928    00000004     Robot_pem4f.oem4f (.const:xdc_runtime_Text_charTab__C)
                  0000d92c    00000004     Robot_pem4f.oem4f (.const:xdc_runtime_Text_nameEmpty__C)
                  0000d930    00000004     Robot_pem4f.oem4f (.const:xdc_runtime_Text_nameStatic__C)
                  0000d934    00000004     Robot_pem4f.oem4f (.const:xdc_runtime_Text_nameUnknown__C)
                  0000d938    00000004     Robot_pem4f.oem4f (.const:xdc_runtime_Text_nodeTab__C)
                  0000d93c    00000004     Robot_pem4f.oem4f (.const:xdc_runtime_Text_visitRopeFxn__C)
                  0000d940    00000002     Robot_pem4f.oem4f (.const:ti_sysbios_gates_GateMutex_Module__id__C)
                  0000d942    00000002     Robot_pem4f.oem4f (.const:ti_sysbios_hal_Hwi_Module__id__C)
                  0000d944    00000002     Robot_pem4f.oem4f (.const:ti_sysbios_heaps_HeapMem_Module__id__C)
                  0000d946    00000002     Robot_pem4f.oem4f (.const:ti_sysbios_knl_Semaphore_Module__id__C)
                  0000d948    00000002     Robot_pem4f.oem4f (.const:ti_sysbios_knl_Task_Module__id__C)
                  0000d94a    00000002     Robot_pem4f.oem4f (.const:xdc_runtime_Core_Module__id__C)
                  0000d94c    00000002     Robot_pem4f.oem4f (.const:xdc_runtime_Error_Module__loggerDefined__C)
                  0000d94e    00000002     Robot_pem4f.oem4f (.const:xdc_runtime_Error_maxDepth__C)
                  0000d950    00000002     Robot_pem4f.oem4f (.const:xdc_runtime_Memory_Module__id__C)
                  0000d952    00000002     Robot_pem4f.oem4f (.const:xdc_runtime_SysMin_flushAtExit__C)
                  0000d954    00000002     Robot_pem4f.oem4f (.const:xdc_runtime_Text_charCnt__C)
                  0000d956    00000002     Robot_pem4f.oem4f (.const:xdc_runtime_Text_isLoaded__C)
                  0000d958    00000002     Robot_pem4f.oem4f (.const:xdc_runtime_Text_registryModsLastId__C)
                  0000d95a    00000002     Robot_pem4f.oem4f (.const:xdc_runtime_Text_unnamedModsLastId__C)
                  0000d95c    00000001     Robot_pem4f.oem4f (.const:xdc_runtime_Error_policy__C)

.cinit     0    0000d960    00000330     
                  0000d960    000002f8     (.cinit..data.load) [load image, compression = lzss]
                  0000dc58    0000000c     (__TI_handler_table)
                  0000dc64    00000004     --HOLE-- [fill = 0]
                  0000dc68    00000008     (.cinit..bss.load) [load image, compression = zero_init]
                  0000dc70    00000008     (.cinit..vecs.load) [load image, compression = zero_init]
                  0000dc78    00000018     (__TI_cinit_table)

.resetVecs 
*          0    00000000    0000003c     
                  00000000    0000003c     Robot_pem4f.oem4f (.resetVecs)

.vecs      0    20000000    00000140     UNINITIALIZED
                  20000000    00000140     Robot_pem4f.oem4f (.vecs)

.bss       0    20000140    00005659     UNINITIALIZED
                  20000140    00002ee0     (.common:DisplayBuffer)
                  20003020    00000e00     Robot_pem4f.oem4f (.bss:taskStackSection)
                  20003e20    00000800     (.common:task0Stack)
                  20004620    00000800     (.common:task1Stack)
                  20004e20    00000400     (.common:ti_sysbios_heaps_HeapMem_Instance_State_0_buf__A)
                  20005220    00000140     (.common:ti_sysbios_family_arm_m3_Hwi_dispatchTable)
                  20005360    00000120     rtsv7M4_T_le_v4SPD16_eabi.lib : trgmsg.obj (.bss:_CIOBUF_)
                  20005480    000000d8     (.common:i2cMSP432Objects)
                  20005558    00000080     (.common:xdc_runtime_SysMin_Module_State_0_outbuf__A)
                  200055d8    00000050     (.common:task0Struct)
                  20005628    00000050     (.common:task1Struct)
                  20005678    00000030     drivers_MSP432P401R.aem4f : GPIOMSP432.oem4f (.bss:gpioCallbackInfo)
                  200056a8    00000030     (.common:pwmTimerMSP432Objects)
                  200056d8    00000018     (.common:params)
                  200056f0    00000008     (.common:parmbuf)
                  200056f8    00000004     (.common:PID_val)
                  200056fc    00000004     (.common:T)
                  20005700    00000004     (.common:T_minus)
                  20005704    00000004     (.common:currRotatesL)
                  20005708    00000004     (.common:currRotatesR)
                  2000570c    00000004     (.common:currT)
                  20005710    00000004     (.common:dT)
                  20005714    00000004     (.common:deltaT)
                  20005718    00000004     (.common:diff)
                  2000571c    00000004     (.common:diffL)
                  20005720    00000004     (.common:diffR)
                  20005724    00000004     (.common:dutyIncL)
                  20005728    00000004     (.common:dutyIncR)
                  2000572c    00000004     (.common:errL)
                  20005730    00000004     (.common:errR)
                  20005734    00000004     (.common:error)
                  20005738    00000004     (.common:integ)
                  2000573c    00000004     (.common:integR)
                  20005740    00000004     (.common:l_b_side)
                  20005744    00000004     (.common:l_corner)
                  20005748    00000004     (.common:l_f_side)
                  2000574c    00000004     (.common:l_front)
                  20005750    00000004     (.common:last_error)
                  20005754    00000004     (.common:preRotatesL)
                  20005758    00000004     (.common:preRotatesR)
                  2000575c    00000004     (.common:preT)
                  20005760    00000004     (.common:prev_errL)
                  20005764    00000004     (.common:prev_errR)
                  20005768    00000004     (.common:pwm1)
                  2000576c    00000004     (.common:pwm2)
                  20005770    00000004     (.common:pwm3)
                  20005774    00000004     (.common:pwm4)
                  20005778    00000004     (.common:r_b_side)
                  2000577c    00000004     (.common:r_corner)
                  20005780    00000004     (.common:r_f_side)
                  20005784    00000004     (.common:r_front)
                  20005788    00000004     (.common:speedL)
                  2000578c    00000004     (.common:speedR)
                  20005790    00000004     (.common:task)
                  20005794    00000004     (.common:task1)
                  20005798    00000001     (.common:wall)

.data      0    2000579c    0000079c     UNINITIALIZED
                  2000579c    000000e4     Robot_pem4f.oem4f (.data:ti_sysbios_knl_Task_Object__table__V)
                  20005880    0000009c     drivers_MSP432P401R.aem4f : PowerMSP432.oem4f (.data:PowerMSP432_perfLevels)
                  2000591c    00000080                               : PWMTimerMSP432.oem4f (.data:pwmTimerStatus)
                  2000599c    00000080     Robot_pem4f.oem4f (.data:ti_sysbios_knl_Swi_Module_State_0_readyQ__A)
                  20005a1c    00000080     Robot_pem4f.oem4f (.data:ti_sysbios_knl_Task_Module_State_0_readyQ__A)
                  20005a9c    0000006c     MSP_EXP432P401R.obj (.data:gpioCallbackFunctions)
                  20005b08    0000006c     MSP_EXP432P401R.obj (.data:gpioPinConfigs)
                  20005b74    0000004c     Robot_pem4f.oem4f (.data:ti_sysbios_family_arm_msp432_Timer_Object__table__V)
                  20005bc0    00000044     Robot_pem4f.oem4f (.data:ti_sysbios_knl_Task_Module__state__V)
                  20005c04    00000038     motor.obj (.data)
                  20005c3c    00000038     Robot_pem4f.oem4f (.data:ti_sysbios_gates_GateMutex_Object__table__V)
                  20005c74    00000034     Robot_pem4f.oem4f (.data:ti_sysbios_family_arm_m3_Hwi_Module__state__V)
                  20005ca8    00000030     msp432p4xx_driverlib.lib : gpio.o (.data:GPIO_PORT_TO_BASE)
                  20005cd8    00000030     rangeRead.obj (.data:dataL)
                  20005d08    00000030     rangeRead.obj (.data:dataR)
                  20005d38    00000030     Robot_pem4f.oem4f (.data:ti_sysbios_knl_Swi_Object__table__V)
                  20005d68    0000002c     Robot_pem4f.oem4f (.data:ti_sysbios_knl_Clock_Module__state__V)
                  20005d94    00000028     drivers_MSP432P401R.aem4f : PowerMSP432.oem4f (.data:PowerMSP432_module)
                  20005dbc    00000024     Robot_pem4f.oem4f (.data:ti_sysbios_BIOS_Module__state__V)
                  20005de0    00000020     Robot_pem4f.oem4f (.data:ti_sysbios_family_arm_msp432_Timer_Module_State_0_device__A)
                  20005e00    0000001c     Robot_pem4f.oem4f (.data:ti_sysbios_knl_Swi_Module__state__V)
                  20005e1c    00000018     Robot_pem4f.oem4f (.data:ti_sysbios_family_arm_m3_Hwi_Object__table__V)
                  20005e34    00000018     Robot_pem4f.oem4f (.data:ti_sysbios_heaps_HeapMem_Object__table__V)
                  20005e4c    00000018     wallFollower.obj (.data)
                  20005e64    00000010     Robot_pem4f.oem4f (.data:ti_sysbios_family_arm_msp432_Timer_Module_State_0_handles__A)
                  20005e74    0000000c     rtsv7M4_T_le_v4SPD16_eabi.lib : exit.obj (.data:$O1$$)
                  20005e80    0000000c     Robot_pem4f.oem4f (.data:ti_sysbios_family_arm_msp432_ClockFreqs_Module__state__V)
                  20005e8c    0000000c     Robot_pem4f.oem4f (.data:ti_sysbios_family_arm_msp432_Timer_Module__state__V)
                  20005e98    0000000c     Robot_pem4f.oem4f (.data:xdc_runtime_SysMin_Module__state__V)
                  20005ea4    00000008     rtsv7M4_T_le_v4SPD16_eabi.lib : _lock.obj (.data:$O1$$)
                  20005eac    00000008     Robot_pem4f.oem4f (.data:ti_sysbios_family_arm_m3_Hwi_Module__root__V)
                  20005eb4    00000008     Robot_pem4f.oem4f (.data:ti_sysbios_gates_GateHwi_Module__root__V)
                  20005ebc    00000008     Robot_pem4f.oem4f (.data:ti_sysbios_gates_GateMutex_Module__root__V)
                  20005ec4    00000008     Robot_pem4f.oem4f (.data:ti_sysbios_heaps_HeapMem_Module__root__V)
                  20005ecc    00000008     Robot_pem4f.oem4f (.data:ti_sysbios_knl_Queue_Module__root__V)
                  20005ed4    00000008     Robot_pem4f.oem4f (.data:ti_sysbios_knl_Semaphore_Module__root__V)
                  20005edc    00000008     Robot_pem4f.oem4f (.data:ti_sysbios_knl_Task_Module__root__V)
                  20005ee4    00000008     Robot_pem4f.oem4f (.data:xdc_runtime_Registry_Module__state__V)
[...]
0000d62c  ti_sysbios_knl_Queue_Object__DESC__C                        
0000d64c  ti_sysbios_knl_Semaphore_Object__DESC__C                    
0000d66c  ti_sysbios_knl_Task_Object__DESC__C                         
0000d68c  xdc_runtime_Startup_sfxnTab__A                              
0000d6c8  PWM_defaultParams                                           
0000d6e0  ti_sysbios_gates_GateHwi_Object__PARAMS__C                  
0000d6f8  ti_sysbios_gates_GateMutex_Object__PARAMS__C                
0000d710  ti_sysbios_knl_Queue_Object__PARAMS__C                      
0000d728  GPIOMSP432_config                                           
0000d73c  PowerMSP432_config                                          
0000d74c  I2C_defaultParams                                           
0000d75c  xdc_runtime_Startup_sfxnRts__A                              
0000d778  xdc_runtime_Startup_firstFxns__A                            
0000d78c  ti_sysbios_family_arm_m3_Hwi_excHookFuncs__A                
0000d794  ti_sysbios_knl_Idle_funcList__A                             
0000d79c  ti_sysbios_knl_Idle_funcList__C                             
0000d7a4  xdc_runtime_Startup_firstFxns__C                            
0000d7ac  xdc_runtime_Startup_lastFxns__C                             
0000d7b4  ti_sysbios_family_arm_m3_Hwi_E_NMI__C                       
0000d7b8  ti_sysbios_family_arm_m3_Hwi_E_alreadyDefined__C            
0000d7bc  ti_sysbios_family_arm_m3_Hwi_E_busFault__C                  
0000d7c0  ti_sysbios_family_arm_m3_Hwi_E_debugMon__C                  
0000d7c4  ti_sysbios_family_arm_m3_Hwi_E_hardFault__C                 
0000d7c8  ti_sysbios_family_arm_m3_Hwi_E_memFault__C                  
0000d7cc  ti_sysbios_family_arm_m3_Hwi_E_noIsr__C                     
0000d7d0  ti_sysbios_family_arm_m3_Hwi_E_reserved__C                  
0000d7d4  ti_sysbios_family_arm_m3_Hwi_E_svCall__C                    
0000d7d8  ti_sysbios_family_arm_m3_Hwi_E_usageFault__C                
0000d7dc  ti_sysbios_family_arm_m3_Hwi_NUM_INTERRUPTS__C              
0000d7e0  ti_sysbios_family_arm_m3_Hwi_Object__count__C               
0000d7e4  ti_sysbios_family_arm_m3_Hwi_ccr__C                         
0000d7e8  ti_sysbios_family_arm_m3_Hwi_excHandlerFunc__C              
0000d7ec  ti_sysbios_family_arm_m3_Hwi_excHookFuncs__C                
0000d7f0  ti_sysbios_family_arm_m3_Hwi_nullIsrFunc__C                 
0000d7f4  ti_sysbios_family_arm_m3_Hwi_priGroup__C                    
0000d7f8  ti_sysbios_family_arm_m3_TaskSupport_stackAlignment__C      
0000d7fc  ti_sysbios_family_arm_msp432_Timer_numTimerDevices__C       
0000d800  ti_sysbios_family_arm_msp432_Timer_startupNeeded__C         
0000d804  ti_sysbios_gates_GateMutex_A_badContext__C                  
0000d808  ti_sysbios_gates_GateMutex_Instance_State_sem__O            
0000d80c  ti_sysbios_gates_GateMutex_Module__diagsEnabled__C          
0000d810  ti_sysbios_gates_GateMutex_Module__diagsIncluded__C         
0000d814  ti_sysbios_gates_GateMutex_Module__diagsMask__C             
0000d818  ti_sysbios_hal_Hwi_E_stackOverflow__C                       
0000d81c  ti_sysbios_heaps_HeapMem_A_align__C                         
0000d820  ti_sysbios_heaps_HeapMem_A_heapSize__C                      
0000d824  ti_sysbios_heaps_HeapMem_A_invalidFree__C                   
0000d828  ti_sysbios_heaps_HeapMem_A_zeroBlock__C                     
0000d82c  ti_sysbios_heaps_HeapMem_E_memory__C                        
0000d830  ti_sysbios_heaps_HeapMem_Module__diagsEnabled__C            
0000d834  ti_sysbios_heaps_HeapMem_Module__diagsIncluded__C           
0000d838  ti_sysbios_heaps_HeapMem_Module__diagsMask__C               
0000d83c  ti_sysbios_heaps_HeapMem_Module__gateObj__C                 
0000d840  ti_sysbios_heaps_HeapMem_Object__count__C                   
0000d844  ti_sysbios_heaps_HeapMem_reqAlign__C                        
0000d848  ti_sysbios_knl_Clock_Module_State_clockQ__O                 
0000d84c  ti_sysbios_knl_Semaphore_A_badContext__C                    
0000d850  ti_sysbios_knl_Semaphore_A_noEvents__C                      
0000d854  ti_sysbios_knl_Semaphore_A_overflow__C                      
0000d858  ti_sysbios_knl_Semaphore_A_pendTaskDisabled__C              
0000d85c  ti_sysbios_knl_Semaphore_Instance_State_pendQ__O            
0000d860  ti_sysbios_knl_Semaphore_Module__diagsEnabled__C            
0000d864  ti_sysbios_knl_Semaphore_Module__diagsIncluded__C           
0000d868  ti_sysbios_knl_Semaphore_Module__diagsMask__C               
0000d86c  ti_sysbios_knl_Swi_Object__count__C                         
0000d870  ti_sysbios_knl_Task_A_badPriority__C                        
0000d874  ti_sysbios_knl_Task_A_badTaskState__C                       
0000d878  ti_sysbios_knl_Task_A_badThreadType__C                      
0000d87c  ti_sysbios_knl_Task_A_badTimeout__C                         
0000d880  ti_sysbios_knl_Task_A_noPendElem__C                         
0000d884  ti_sysbios_knl_Task_A_sleepTaskDisabled__C                  
0000d888  ti_sysbios_knl_Task_E_spOutOfBounds__C                      
0000d88c  ti_sysbios_knl_Task_E_stackOverflow__C                      
0000d890  ti_sysbios_knl_Task_Module_State_inactiveQ__O               
0000d894  ti_sysbios_knl_Task_Module__diagsEnabled__C                 
0000d898  ti_sysbios_knl_Task_Module__diagsIncluded__C                
0000d89c  ti_sysbios_knl_Task_Module__diagsMask__C                    
0000d8a0  ti_sysbios_knl_Task_Object__count__C                        
0000d8a4  ti_sysbios_knl_Task_allBlockedFunc__C                       
0000d8a8  ti_sysbios_knl_Task_defaultStackHeap__C                     
0000d8ac  ti_sysbios_knl_Task_defaultStackSize__C                     
0000d8b0  ti_sysbios_knl_Task_numConstructedTasks__C                  
0000d8b4  xdc_runtime_Assert_E_assertFailed__C                        
0000d8b8  xdc_runtime_Core_A_initializedParams__C                     
0000d8bc  xdc_runtime_Core_Module__diagsEnabled__C                    
0000d8c0  xdc_runtime_Core_Module__diagsIncluded__C                   
0000d8c4  xdc_runtime_Core_Module__diagsMask__C                       
0000d8c8  xdc_runtime_Error_E_memory__C                               
0000d8cc  xdc_runtime_Error_Module__diagsEnabled__C                   
0000d8d0  xdc_runtime_Error_Module__diagsIncluded__C                  
0000d8d4  xdc_runtime_Error_Module__diagsMask__C                      
0000d8d8  xdc_runtime_Error_Module__loggerFxn8__C                     
0000d8dc  xdc_runtime_Error_Module__loggerObj__C                      
0000d8e0  xdc_runtime_Error_policyFxn__C                              
0000d8e4  xdc_runtime_Error_raiseHook__C                              
0000d8e8  xdc_runtime_IGateProvider_Interface__BASE__C                
0000d8ec  xdc_runtime_IHeap_Interface__BASE__C                        
0000d8f0  xdc_runtime_IModule_Interface__BASE__C                      
0000d8f4  xdc_runtime_Log_L_error__C                                  
0000d8f8  xdc_runtime_Memory_defaultHeapInstance__C                   
0000d8fc  xdc_runtime_Startup_execImpl__C                             
0000d900  xdc_runtime_Startup_maxPasses__C                            
0000d904  xdc_runtime_Startup_sfxnRts__C                              
0000d908  xdc_runtime_Startup_sfxnTab__C                              
0000d90c  xdc_runtime_SysMin_bufSize__C                               
0000d910  xdc_runtime_SysMin_outputFunc__C                            
0000d914  xdc_runtime_System_Module__gateObj__C                       
0000d918  xdc_runtime_System_abortFxn__C                              
0000d91c  xdc_runtime_System_exitFxn__C                               
0000d920  xdc_runtime_System_extendFxn__C                             
0000d924  xdc_runtime_System_maxAtexitHandlers__C                     
0000d928  xdc_runtime_Text_charTab__C                                 
0000d92c  xdc_runtime_Text_nameEmpty__C                               
0000d930  xdc_runtime_Text_nameStatic__C                              
0000d934  xdc_runtime_Text_nameUnknown__C                             
0000d938  xdc_runtime_Text_nodeTab__C                                 
0000d93c  xdc_runtime_Text_visitRopeFxn__C                            
0000d940  ti_sysbios_gates_GateMutex_Module__id__C                    
0000d942  ti_sysbios_hal_Hwi_Module__id__C                            
0000d944  ti_sysbios_heaps_HeapMem_Module__id__C                      
0000d946  ti_sysbios_knl_Semaphore_Module__id__C                      
0000d948  ti_sysbios_knl_Task_Module__id__C                           
0000d94a  xdc_runtime_Core_Module__id__C                              
0000d94c  xdc_runtime_Error_Module__loggerDefined__C                  
0000d94e  xdc_runtime_Error_maxDepth__C                               
0000d950  xdc_runtime_Memory_Module__id__C                            
0000d952  xdc_runtime_SysMin_flushAtExit__C                           
0000d954  xdc_runtime_Text_charCnt__C                                 
0000d956  xdc_runtime_Text_isLoaded__C                                
0000d958  xdc_runtime_Text_registryModsLastId__C                      
0000d95a  xdc_runtime_Text_unnamedModsLastId__C                       
0000d95c  xdc_runtime_Error_policy__C                                 
0000d960  __TI_static_base__                                          
0000dc58  __TI_Handler_Table_Base                                     
0000dc64  __TI_Handler_Table_Limit                                    
0000dc78  __TI_CINIT_Base                                             
0000dc90  __TI_CINIT_Limit                                            
20000000  ti_sysbios_family_arm_m3_Hwi_ramVectors                     
20000140  DisplayBuffer                                               
20003020  ti_sysbios_knl_Task_Instance_State_0_stack__A               
20003420  ti_sysbios_knl_Task_Instance_State_1_stack__A               
20003c20  ti_sysbios_knl_Task_Instance_State_2_stack__A               
20003e20  task0Stack                                                  
20004620  task1Stack                                                  
20004e20  ti_sysbios_heaps_HeapMem_Instance_State_0_buf__A            
20005220  ti_sysbios_family_arm_m3_Hwi_dispatchTable                  
20005360  __CIOBUF_                                                   
20005480  i2cMSP432Objects                                            
20005558  xdc_runtime_SysMin_Module_State_0_outbuf__A                 
200055d8  task0Struct                                                 
20005628  task1Struct                                                 
200056a8  pwmTimerMSP432Objects                                       
200056d8  params                                                      
200056f0  parmbuf                                                     
200056f8  PID_val                                                     
200056fc  T                                                           
20005700  T_minus                                                     
20005704  currRotatesL                                                
20005708  currRotatesR                                                
2000570c  currT                                                       
20005710  dT                                                          
20005714  deltaT                                                      
20005718  diff                                                        
2000571c  diffL                                                       
20005720  diffR                                                       
20005724  dutyIncL                                                    
20005728  dutyIncR                                                    
2000572c  errL                                                        
20005730  errR                                                        
20005734  error                                                       
20005738  integ                                                       
2000573c  integR                                                      
20005740  l_b_side                                                    
20005744  l_corner                                                    
20005748  l_f_side                                                    
2000574c  l_front                                                     
20005750  last_error                                                  
20005754  preRotatesL                                                 
20005758  preRotatesR                                                 
2000575c  preT                                                        
20005760  prev_errL                                                   
20005764  prev_errR                                                   
20005768  pwm1                                                        
2000576c  pwm2                                                        
20005770  pwm3                                                        
20005774  pwm4                                                        
20005778  r_b_side                                                    
2000577c  r_corner                                                    
20005780  r_f_side                                                    
20005784  r_front                                                     
20005788  speedL                                                      
2000578c  speedR                                                      
20005790  task                                                        
20005794  task1                                                       
20005798  wall                                                        
2000579c  ti_sysbios_knl_Task_Object__table__V                        
20005880  PowerMSP432_perfLevels                                      
2000599c  ti_sysbios_knl_Swi_Module_State_0_readyQ__A                 
20005a1c  ti_sysbios_knl_Task_Module_State_0_readyQ__A                
20005a9c  gpioCallbackFunctions                                       
20005b08  gpioPinConfigs                                              
20005b74  ti_sysbios_family_arm_msp432_Timer_Object__table__V         
20005bc0  ti_sysbios_knl_Task_Module__state__V                        
20005c04  pwmPeriod                                                   
20005c08  dutyR                                                       
20005c0c  dutyL                                                       
20005c10  setPointR                                                   
20005c14  setPointL                                                   
20005c18  Rotation_R                                                  
20005c1c  Rotation_L                                                  
20005c20  dirR                                                        
20005c24  dirL                                                        
20005c28  Kp                                                          
20005c2c  Ti                                                          
20005c30  Td                                                          
20005c34  integL                                                      
20005c38  K                                                           
20005c3c  ti_sysbios_gates_GateMutex_Object__table__V                 
20005c74  ti_sysbios_family_arm_m3_Hwi_Module__state__V               
20005cd8  dataL                                                       
20005d08  dataR                                                       
20005d38  ti_sysbios_knl_Swi_Object__table__V                         
20005d68  ti_sysbios_knl_Clock_Module__state__V                       
20005d94  PowerMSP432_module                                          
20005dbc  ti_sysbios_BIOS_Module__state__V                            
20005de0  ti_sysbios_family_arm_msp432_Timer_Module_State_0_device__A 
20005e00  ti_sysbios_knl_Swi_Module__state__V                         
20005e1c  ti_sysbios_family_arm_m3_Hwi_Object__table__V               
20005e34  ti_sysbios_heaps_HeapMem_Object__table__V                   
20005e4c  wallDist                                                    
20005e50  base_speed                                                  
20005e54  wall_dist                                                   
20005e58  P                                                           
20005e5c  I                                                           
20005e60  D                                                           
20005e64  ti_sysbios_family_arm_msp432_Timer_Module_State_0_handles__A
20005e74  __TI_cleanup_ptr                                            
20005e78  __TI_dtors_ptr                                              
20005e7c  __TI_enable_exit_profile_output                             
20005e80  ti_sysbios_family_arm_msp432_ClockFreqs_Module__state__V    
20005e8c  ti_sysbios_family_arm_msp432_Timer_Module__state__V         
20005e98  xdc_runtime_SysMin_Module__state__V                         
20005ea4  _lock                                                       
20005ea8  _unlock                                                     
20005eac  ti_sysbios_family_arm_m3_Hwi_Module__root__V                
20005eb4  ti_sysbios_gates_GateHwi_Module__root__V                    
20005ebc  ti_sysbios_gates_GateMutex_Module__root__V                  
20005ec4  ti_sysbios_heaps_HeapMem_Module__root__V                    
20005ecc  ti_sysbios_knl_Queue_Module__root__V                        
20005ed4  ti_sysbios_knl_Semaphore_Module__root__V                    
20005edc  ti_sysbios_knl_Task_Module__root__V                         
20005ee4  xdc_runtime_Registry_Module__state__V                       
20005eec  xdc_runtime_Startup_Module__state__V                        
20005ef4  xdc_runtime_System_Module_State_0_atexitHandlers__A         
20005efc  xdc_runtime_System_Module__state__V                         
20005f04  distL                                                       
20005f08  distR                                                       
20005f14  errno                                                       
20005f18  main_func_sp                                                
20005f1c  ti_sysbios_family_arm_m3_Hwi_Module_State_0_excContext__A   
20005f20  ti_sysbios_family_arm_m3_Hwi_Module_State_0_excStack__A     
20005f24  ti_sysbios_gates_GateHwi_Object__table__V                   
20005f28  ti_sysbios_knl_Task_Module_State_0_idleTask__A              
20005f2c  xdc_runtime_Memory_Module__state__V                         
20005f30  VCOMbit                                                     
20005f31  flagSendToggleVCOMCommand                                   
20005f32  ti_sysbios_family_arm_m3_Hwi_Module_State_0_excActive__A    
20005f34  xdc_runtime_Error_Module__state__V                          
20005f37  state                                                       
2000fd00  __stack                                                     
20010000  __STACK_END                                                 
4000480c  WDTCTL_SYM                                                  
e000e000  ti_sysbios_family_arm_m3_Hwi_nvic                           
ffffffff  __TI_pprof_out_hndl                                         
ffffffff  __TI_prof_data_size                                         
ffffffff  __TI_prof_data_start                                        
ffffffff  __binit__                                                   
ffffffff  __c_args__                                                  
ffffffff  binit                                                       
UNDEFED   SHT$$INIT_ARRAY$$Base                                       
UNDEFED   SHT$$INIT_ARRAY$$Limit                                      

[799 symbols]
